2026-09-23 20:17:00 pull ok
2026-09-23 20:17:00 dev4 ok
2026-09-23 20:27:03 pull ok
2026-09-23 20:27:03 dev4 ok
2026-09-23 20:37:14 pull ok
2026-09-23 20:37:14 dev4 ok
2026-09-23 20:47:16 pull ok
2026-09-23 20:47:16 dev4 ok
2026-09-23 20:57:19 pull ok
2026-09-23 20:57:19 dev4 ok
2026-09-23 21:07:21 pull ok
2026-09-23 21:07:21 dev4 ok
2026-09-23 21:17:26 pull ok
2026-09-23 21:17:26 dev4 ok
2026-09-23 21:27:34 pull ok
2026-09-23 21:27:34 dev4 ok
2026-09-23 21:37:42 pull ok
2026-09-23 21:37:42 dev4 ok
2026-09-23 21:47:49 pull ok
2026-09-23 21:47:49 dev4 ok
2026-09-23 21:57:57 pull ok
2026-09-23 21:57:57 dev4 ok
2026-09-23 22:08:05 pull ok
2026-09-23 22:08:05 dev4 ok
2026-09-23 22:18:13 pull ok
2026-09-23 22:18:13 dev4 ok
2026-09-23 22:28:22 pull ok
2026-09-23 22:28:22 dev4 ok
2026-09-23 22:38:28 pull ok
2026-09-23 22:38:28 dev4 ok
2026-09-23 22:48:35 pull ok
2026-09-23 22:48:35 dev4 ok
2026-09-23 22:58:44 pull ok
2026-09-23 22:58:44 dev4 ok
2026-09-23 23:08:50 pull ok
2026-09-23 23:08:50 dev4 ok
2026-09-23 23:19:06 pull ok
2026-09-23 23:19:06 dev4 ok
2026-09-23 23:29:19 pull ok
2026-09-23 23:29:19 dev4 ok
2026-09-23 23:39:34 pull ok
2026-09-23 23:39:34 dev4 ok
2026-09-23 23:49:44 pull ok
2026-09-23 23:49:44 dev4 ok
2026-09-23 23:59:54 pull ok
2026-09-23 23:59:54 dev4 ok
2026-09-24 00:10:05 pull ok
2026-09-24 00:10:05 dev4 ok
2026-09-24 00:20:23 pull ok
2026-09-24 00:20:23 dev4 ok
2026-09-24 00:30:25 pull ok
2026-09-24 00:30:25 dev4 ok
2026-09-24 00:40:27 pull ok
2026-09-24 00:40:27 dev4 ok
2026-09-24 00:50:35 pull ok
2026-09-24 00:50:35 dev4 ok
2026-09-24 01:00:48 pull ok
2026-09-24 01:00:48 dev4 ok
2026-09-24 01:11:06 pull ok
2026-09-24 01:11:06 dev4 ok
2026-09-24 01:21:08 pull ok
2026-09-24 01:21:08 dev4 ok
2026-09-24 01:31:18 pull ok
2026-09-24 01:31:18 dev4 ok
2026-09-24 01:41:34 pull ok
2026-09-24 01:41:34 dev4 ok
2026-09-24 01:51:43 pull ok
2026-09-24 01:51:43 dev4 ok
2026-09-24 02:01:58 pull ok
2026-09-24 02:01:58 dev4 ok
2026-09-24 02:12:13 pull ok
2026-09-24 02:12:13 dev4 ok
2026-09-24 02:22:29 pull ok
2026-09-24 02:22:29 dev4 ok
2026-09-24 02:32:44 pull ok
2026-09-24 02:32:44 dev4 ok
2026-09-24 02:42:46 pull ok
2026-09-24 02:42:46 dev4 ok
2026-09-24 02:52:48 pull ok
2026-09-24 02:52:48 dev4 ok
2026-09-24 03:02:51 pull ok
2026-09-24 03:02:51 dev4 ok
2026-09-24 03:12:53 pull ok
2026-09-24 03:12:53 dev4 ok
2026-09-24 03:23:00 pull ok
2026-09-24 03:23:00 dev4 ok
2026-09-24 03:33:13 pull ok
2026-09-24 03:33:13 dev4 ok
2026-09-24 03:43:22 pull ok
2026-09-24 03:43:22 dev4 ok
2026-09-24 03:53:36 pull ok
2026-09-24 03:53:36 dev4 ok
2026-09-24 04:03:51 pull ok
2026-09-24 04:03:51 dev4 ok
2026-09-24 04:13:55 pull ok
2026-09-24 04:13:55 dev4 ok
2026-09-24 04:23:57 pull ok
2026-09-24 04:23:57 dev4 ok
2026-09-24 04:33:59 pull ok
2026-09-24 04:33:59 dev4 ok
2026-09-24 04:44:01 pull ok
2026-09-24 04:44:01 dev4 ok
2026-09-24 05:52:43 pull failed
2026-09-24 05:52:43 dev4 ok
2026-09-24 07:52:22 pull ok
2026-09-24 07:52:22 dev4 ok
2026-09-24 08:54:28 pull ok
2026-09-24 08:54:28 dev4 ok
2026-09-24 10:09:06 pull failed
2026-09-24 10:09:06 dev4 ok
2026-09-24 10:19:08 pull failed
2026-09-24 10:19:08 dev4 ok
2026-09-24 10:29:11 pull failed
2026-09-24 10:29:11 dev4 ok
2026-09-24 10:39:14 pull failed
2026-09-24 10:39:14 dev4 ok
2026-09-24 10:49:17 pull failed
2026-09-24 10:49:17 dev4 ok
2026-09-24 10:59:20 pull failed
2026-09-24 10:59:20 dev4 ok
2026-09-24 11:09:23 pull failed
2026-09-24 11:09:23 dev4 ok
2026-09-24 11:19:26 pull failed
2026-09-24 11:19:26 dev4 ok
2026-09-24 11:29:29 pull failed
2026-09-24 11:29:29 dev4 ok
2026-09-24 11:39:32 pull failed
2026-09-24 11:39:32 dev4 ok
2026-09-24 11:49:35 pull failed
2026-09-24 11:49:35 dev4 ok
2026-09-24 11:59:37 pull failed
2026-09-24 11:59:37 dev4 ok
2026-09-24 12:09:41 pull failed
2026-09-24 12:09:41 dev4 ok
2026-09-24 12:19:44 pull failed
2026-09-24 12:19:44 dev4 ok
2026-09-24 12:29:47 pull failed
2026-09-24 12:29:47 dev4 ok
2026-09-24 12:39:50 pull failed
2026-09-24 12:39:50 dev4 ok
2026-09-24 12:49:53 pull failed
2026-09-24 12:49:53 dev4 ok
2026-09-24 12:59:56 pull failed
2026-09-24 12:59:56 dev4 ok
2026-09-24 13:09:59 pull failed
2026-09-24 13:09:59 dev4 ok
2026-09-24 13:20:02 pull failed
2026-09-24 13:20:02 dev4 ok
2026-09-24 13:30:05 pull failed
2026-09-24 13:30:05 dev4 ok
2026-09-24 13:40:08 pull failed
2026-09-24 13:40:08 dev4 ok
2026-09-24 13:50:11 pull failed
2026-09-24 13:50:11 dev4 ok
2026-09-24 14:00:13 pull failed
2026-09-24 14:00:13 dev4 ok
2026-09-24 14:10:16 pull failed
2026-09-24 14:10:16 dev4 ok
2026-09-24 14:20:19 pull failed
2026-09-24 14:20:19 dev4 ok
2026-09-24 14:30:22 pull failed
2026-09-24 14:30:22 dev4 ok
2026-09-24 14:40:25 pull failed
2026-09-24 14:40:25 dev4 ok
2026-09-24 14:50:28 pull failed
2026-09-24 14:50:28 dev4 ok
2026-09-24 15:00:31 pull failed
2026-09-24 15:00:31 dev4 ok
2026-09-24 15:10:34 pull failed
2026-09-24 15:10:34 dev4 ok
2026-09-24 15:20:37 pull failed
2026-09-24 15:20:37 dev4 ok
2026-09-24 15:30:40 pull failed
2026-09-24 15:30:40 dev4 ok
2026-09-24 15:40:43 pull failed
2026-09-24 15:40:43 dev4 ok
2026-09-24 15:50:46 pull failed
2026-09-24 15:50:46 dev4 ok
2026-09-24 16:00:49 pull failed
2026-09-24 16:00:49 dev4 ok
2026-09-24 16:10:52 pull failed
2026-09-24 16:10:52 dev4 ok
2026-09-24 16:20:55 pull failed
2026-09-24 16:20:55 dev4 ok
2026-09-24 16:30:58 pull failed
2026-09-24 16:30:58 dev4 ok
2026-09-24 16:41:01 pull failed
2026-09-24 16:41:01 dev4 ok
2026-09-24 16:51:04 pull failed
2026-09-24 16:51:04 dev4 ok
2026-09-24 17:01:07 pull failed
2026-09-24 17:01:07 dev4 ok
2026-09-24 17:11:10 pull failed
2026-09-24 17:11:10 dev4 ok
2026-09-24 17:21:13 pull failed
2026-09-24 17:21:13 dev4 ok
2026-09-24 17:31:17 pull failed
2026-09-24 17:31:17 dev4 ok
2026-09-24 17:41:19 pull failed
2026-09-24 17:41:19 dev4 ok
2026-09-24 17:51:22 pull failed
2026-09-24 17:51:22 dev4 ok
2026-09-24 18:01:26 pull failed
2026-09-24 18:01:26 dev4 ok
2026-09-24 18:11:28 pull failed
2026-09-24 18:11:28 dev4 ok
2026-09-24 18:21:31 pull failed
2026-09-24 18:21:31 dev4 ok
2026-09-24 18:31:34 pull failed
2026-09-24 18:31:34 dev4 ok
2026-09-24 18:41:37 pull failed
2026-09-24 18:41:37 dev4 ok
2026-09-24 18:51:40 pull failed
2026-09-24 18:51:40 dev4 ok
2026-09-24 19:01:43 pull failed
2026-09-24 19:01:43 dev4 ok
2026-09-24 19:11:46 pull failed
2026-09-24 19:11:46 dev4 ok
2026-09-24 19:21:49 pull failed
2026-09-24 19:21:49 dev4 ok
2026-09-24 19:31:52 pull failed
2026-09-24 19:31:52 dev4 ok
2026-09-25 03:32:48 pull failed
2026-09-25 03:32:48 dev4 ok
2026-09-25 20:16:54 pull failed
2026-09-25 20:16:54 dev4 ok
2026-09-26 08:28:53 pull failed
2026-09-26 08:28:53 dev4 ok
2026-09-26 20:56:00 pull failed
2026-09-26 20:56:00 dev4 ok
2026-09-27 09:01:52 pull failed
2026-09-27 09:01:52 dev4 ok
2026-09-28 00:17:55 pull failed
2026-09-28 00:17:55 dev4 ok
2026-09-28 10:37:05 pull failed
2026-09-28 10:37:05 dev4 ok
2026-09-28 10:47:09 pull failed
2026-09-28 10:47:09 dev4 ok
2026-09-28 10:57:12 pull failed
2026-09-28 10:57:12 dev4 ok
2026-09-28 11:07:14 pull failed
2026-09-28 11:07:14 dev4 ok
Mon Sep 28 11:08:59 CST 2026 synced
2026-09-28 11:17:19 pull failed
2026-09-28 11:17:19 dev4 ok
Mon Sep 28 11:19:02 CST 2026 synced
2026-09-28 11:27:22 pull failed
2026-09-28 11:27:22 dev4 ok
Mon Sep 28 11:29:05 CST 2026 synced
Mon Sep 28 11:29:09 CST 2026 git rc=0
2026-09-28 11:37:25 pull failed
2026-09-28 11:37:25 dev4 ok
Mon Sep 28 11:39:12 CST 2026 synced
2026-09-28 11:47:28 pull failed
2026-09-28 11:47:28 dev4 ok
Mon Sep 28 11:49:15 CST 2026 synced
2026-09-28 11:57:31 pull failed
2026-09-28 11:57:31 dev4 ok
Mon Sep 28 11:59:17 CST 2026 synced
Mon Sep 28 11:59:21 CST 2026 git rc=0
2026-09-28 12:07:33 pull failed
2026-09-28 12:07:33 dev4 ok
Mon Sep 28 12:09:27 CST 2026 synced
2026-09-28 12:17:36 pull failed
2026-09-28 12:17:36 dev4 ok
Mon Sep 28 12:19:45 CST 2026 synced
2026-09-28 12:27:41 pull failed
2026-09-28 12:27:41 dev4 ok
Mon Sep 28 12:30:01 CST 2026 synced
Mon Sep 28 12:30:05 CST 2026 git rc=0
2026-09-28 12:37:49 pull failed
2026-09-28 12:37:49 dev4 ok
Mon Sep 28 12:40:23 CST 2026 synced
Mon Sep 28 12:50:42 CST 2026 synced
Mon Sep 28 13:00:57 CST 2026 synced
Mon Sep 28 13:01:00 CST 2026 git rc=0
Mon Sep 28 13:11:14 CST 2026 synced
Mon Sep 28 13:21:30 CST 2026 synced
Mon Sep 28 13:31:58 CST 2026 synced
Mon Sep 28 13:32:01 CST 2026 git rc=0
Mon Sep 28 13:42:16 CST 2026 synced
Mon Sep 28 13:52:32 CST 2026 synced
Mon Sep 28 14:02:56 CST 2026 synced
Mon Sep 28 14:02:59 CST 2026 git rc=0
Mon Sep 28 14:13:15 CST 2026 synced
Mon Sep 28 14:23:31 CST 2026 synced
Mon Sep 28 14:33:47 CST 2026 synced
Mon Sep 28 14:33:50 CST 2026 git rc=0
Mon Sep 28 14:44:10 CST 2026 synced
Mon Sep 28 14:54:26 CST 2026 synced
Mon Sep 28 15:04:50 CST 2026 synced
Mon Sep 28 15:04:53 CST 2026 git rc=0
Mon Sep 28 15:15:15 CST 2026 synced
Mon Sep 28 15:25:38 CST 2026 synced
Mon Sep 28 15:35:57 CST 2026 synced
Mon Sep 28 15:36:01 CST 2026 git rc=0
Mon Sep 28 15:46:19 CST 2026 synced
Mon Sep 28 15:56:45 CST 2026 synced
Mon Sep 28 16:07:13 CST 2026 synced
Mon Sep 28 16:07:17 CST 2026 git rc=0
Mon Sep 28 16:17:42 CST 2026 synced
Mon Sep 28 16:28:02 CST 2026 synced
Mon Sep 28 16:38:18 CST 2026 synced
Mon Sep 28 16:38:22 CST 2026 git rc=0
Mon Sep 28 16:48:40 CST 2026 synced
Mon Sep 28 17:00:02 CST 2026 synced
Mon Sep 28 17:28:45 CST 2026 synced
Mon Sep 28 17:39:06 CST 2026 synced
Mon Sep 28 17:49:28 CST 2026 synced
Mon Sep 28 17:49:31 CST 2026 git rc=0
Mon Sep 28 17:59:55 CST 2026 synced
Mon Sep 28 18:10:15 CST 2026 synced
Mon Sep 28 18:20:33 CST 2026 synced
Mon Sep 28 18:20:36 CST 2026 git rc=0
Mon Sep 28 18:30:58 CST 2026 synced
Mon Sep 28 18:41:31 CST 2026 synced
Mon Sep 28 18:52:16 CST 2026 synced
Mon Sep 28 18:52:20 CST 2026 git rc=0
Mon Sep 28 19:02:54 CST 2026 synced
Mon Sep 28 19:12:53 CST 2026 synced
Mon Sep 28 19:23:28 CST 2026 synced
Mon Sep 28 19:34:05 CST 2026 synced
Mon Sep 28 19:34:10 CST 2026 git rc=0
Mon Sep 28 19:45:11 CST 2026 synced
Mon Sep 28 19:55:45 CST 2026 synced
Mon Sep 28 20:07:15 CST 2026 synced
Mon Sep 28 20:07:19 CST 2026 git rc=0
Mon Sep 28 20:18:36 CST 2026 synced
Mon Sep 28 21:15:55 CST 2026 synced
Mon Sep 28 22:45:59 CST 2026 synced
Mon Sep 28 22:46:03 CST 2026 git rc=0
Tue Sep 29 00:17:42 CST 2026 synced
Tue Sep 29 02:37:51 CST 2026 synced
Tue Sep 29 03:53:12 CST 2026 synced
Tue Sep 29 03:53:12 CST 2026 git rc=0
Tue Sep 29 05:01:42 CST 2026 synced
Tue Sep 29 06:07:13 CST 2026 synced
Tue Sep 29 07:07:15 CST 2026 synced
Tue Sep 29 07:07:15 CST 2026 git rc=0
