Loading checkpoint shards:   0%|          | 0/2 [00:00<?, ?it/s]Loading checkpoint shards:  50%|█████     | 1/2 [00:00<00:00,  2.56it/s]Loading checkpoint shards: 100%|██████████| 2/2 [00:00<00:00,  2.58it/s]Loading checkpoint shards: 100%|██████████| 2/2 [00:00<00:00,  2.58it/s]
embeddings 17
{"phase": "solvercache", "prompt": 4, "seed": 3000, "method": "full", "latent_mse_to_full": 0.0, "seconds": 72.71754102001432, "kinds": {"F": 50, "C": 0, "G": 0, "O": 0}, "full": 3000, "reuse": 0, "attn_only": 0, "ffn_only": 0}
{"phase": "solvercache", "prompt": 4, "seed": 3000, "method": "unipc25", "latent_mse_to_full": 0.432996541261673, "seconds": 36.44754537194967, "kinds": {"F": 25, "C": 0, "G": 0, "O": 0}, "full": 1500, "reuse": 0, "attn_only": 0, "ffn_only": 0}
{"phase": "solvercache", "prompt": 4, "seed": 3000, "method": "unipc25+L4", "latent_mse_to_full": 0.4607478380203247, "seconds": 20.910083292983472, "kinds": {"F": 18, "C": 0, "G": 0, "O": 7}, "full": 840, "reuse": 240, "attn_only": 0, "ffn_only": 0}
{"phase": "solvercache", "prompt": 4, "seed": 3000, "method": "unipc25+Oonly2", "latent_mse_to_full": 0.4355727732181549, "seconds": 26.19289513397962, "kinds": {"F": 18, "C": 0, "G": 0, "O": 7}, "full": 1080, "reuse": 0, "attn_only": 0, "ffn_only": 0}
{"phase": "solvercache", "prompt": 4, "seed": 3000, "method": "unipc25+B2", "latent_mse_to_full": 0.43980661034584045, "seconds": 27.161517399945296, "kinds": {"F": 25, "C": 0, "G": 0, "O": 0}, "full": 1080, "reuse": 420, "attn_only": 0, "ffn_only": 0}
{"phase": "solvercache", "prompt": 4, "seed": 3000, "method": "unipc30", "latent_mse_to_full": 0.43648892641067505, "seconds": 43.65398849896155, "kinds": {"F": 30, "C": 0, "G": 0, "O": 0}, "full": 1800, "reuse": 0, "attn_only": 0, "ffn_only": 0}
{"phase": "solvercache", "prompt": 4, "seed": 3000, "method": "unipc30+L4", "latent_mse_to_full": 0.44106921553611755, "seconds": 25.326949266018346, "kinds": {"F": 21, "C": 0, "G": 0, "O": 9}, "full": 1020, "reuse": 240, "attn_only": 0, "ffn_only": 0}
{"phase": "solvercache", "prompt": 4, "seed": 3000, "method": "unipc30+Oonly2", "latent_mse_to_full": 0.4391195774078369, "seconds": 30.563085742061958, "kinds": {"F": 21, "C": 0, "G": 0, "O": 9}, "full": 1260, "reuse": 0, "attn_only": 0, "ffn_only": 0}
{"phase": "solvercache", "prompt": 4, "seed": 3000, "method": "unipc30+B2", "latent_mse_to_full": 0.44967910647392273, "seconds": 31.879689485998824, "kinds": {"F": 30, "C": 0, "G": 0, "O": 0}, "full": 1260, "reuse": 540, "attn_only": 0, "ffn_only": 0}
{"phase": "solvercache", "prompt": 4, "seed": 3000, "method": "unipc20", "latent_mse_to_full": 0.4006076455116272, "seconds": 29.117816896992736, "kinds": {"F": 20, "C": 0, "G": 0, "O": 0}, "full": 1200, "reuse": 0, "attn_only": 0, "ffn_only": 0}
{"phase": "solvercache", "prompt": 4, "seed": 3000, "method": "unipc15", "latent_mse_to_full": 0.279995858669281, "seconds": 21.85342555399984, "kinds": {"F": 15, "C": 0, "G": 0, "O": 0}, "full": 900, "reuse": 0, "attn_only": 0, "ffn_only": 0}
{"phase": "solvercache", "prompt": 4, "seed": 3000, "method": "OURS_Ow20_L4", "latent_mse_to_full": 0.00433112308382988, "seconds": 41.76696163404267, "kinds": {"F": 35, "C": 0, "G": 0, "O": 15}, "full": 1680, "reuse": 420, "attn_only": 0, "ffn_only": 0}
{"phase": "solvercache", "prompt": 4, "seed": 3000, "method": "OURS_Ow17_L4_GI", "latent_mse_to_full": 0.010295512154698372, "seconds": 36.431601557997055, "kinds": {"F": 27, "C": 0, "G": 7, "O": 16}, "full": 1440, "reuse": 390, "attn_only": 0, "ffn_only": 0}
{"phase": "solvercache", "prompt": 5, "seed": 3000, "method": "full", "latent_mse_to_full": 0.0, "seconds": 73.06244969903491, "kinds": {"F": 50, "C": 0, "G": 0, "O": 0}, "full": 3000, "reuse": 0, "attn_only": 0, "ffn_only": 0}
{"phase": "solvercache", "prompt": 5, "seed": 3000, "method": "unipc25", "latent_mse_to_full": 0.21424882113933563, "seconds": 36.59914355701767, "kinds": {"F": 25, "C": 0, "G": 0, "O": 0}, "full": 1500, "reuse": 0, "attn_only": 0, "ffn_only": 0}
{"phase": "solvercache", "prompt": 5, "seed": 3000, "method": "unipc25+L4", "latent_mse_to_full": 0.22470645606517792, "seconds": 21.084987930953503, "kinds": {"F": 18, "C": 0, "G": 0, "O": 7}, "full": 840, "reuse": 240, "attn_only": 0, "ffn_only": 0}
{"phase": "solvercache", "prompt": 5, "seed": 3000, "method": "unipc25+Oonly2", "latent_mse_to_full": 0.21332573890686035, "seconds": 26.35161537793465, "kinds": {"F": 18, "C": 0, "G": 0, "O": 7}, "full": 1080, "reuse": 0, "attn_only": 0, "ffn_only": 0}
{"phase": "solvercache", "prompt": 5, "seed": 3000, "method": "unipc25+B2", "latent_mse_to_full": 0.21628175675868988, "seconds": 27.363596932031214, "kinds": {"F": 25, "C": 0, "G": 0, "O": 0}, "full": 1080, "reuse": 420, "attn_only": 0, "ffn_only": 0}
{"phase": "solvercache", "prompt": 5, "seed": 3000, "method": "unipc30", "latent_mse_to_full": 0.20366071164608002, "seconds": 43.937080919975415, "kinds": {"F": 30, "C": 0, "G": 0, "O": 0}, "full": 1800, "reuse": 0, "attn_only": 0, "ffn_only": 0}
{"phase": "solvercache", "prompt": 5, "seed": 3000, "method": "unipc30+L4", "latent_mse_to_full": 0.20574341714382172, "seconds": 25.49962348106783, "kinds": {"F": 21, "C": 0, "G": 0, "O": 9}, "full": 1020, "reuse": 240, "attn_only": 0, "ffn_only": 0}
{"phase": "solvercache", "prompt": 5, "seed": 3000, "method": "unipc30+Oonly2", "latent_mse_to_full": 0.2052888572216034, "seconds": 30.796531080966815, "kinds": {"F": 21, "C": 0, "G": 0, "O": 9}, "full": 1260, "reuse": 0, "attn_only": 0, "ffn_only": 0}
{"phase": "solvercache", "prompt": 5, "seed": 3000, "method": "unipc30+B2", "latent_mse_to_full": 0.2088942527770996, "seconds": 31.974605603027157, "kinds": {"F": 30, "C": 0, "G": 0, "O": 0}, "full": 1260, "reuse": 540, "attn_only": 0, "ffn_only": 0}
{"phase": "solvercache", "prompt": 5, "seed": 3000, "method": "unipc20", "latent_mse_to_full": 0.3558295965194702, "seconds": 29.314278665930033, "kinds": {"F": 20, "C": 0, "G": 0, "O": 0}, "full": 1200, "reuse": 0, "attn_only": 0, "ffn_only": 0}
{"phase": "solvercache", "prompt": 5, "seed": 3000, "method": "unipc15", "latent_mse_to_full": 0.4634183943271637, "seconds": 21.99330622307025, "kinds": {"F": 15, "C": 0, "G": 0, "O": 0}, "full": 900, "reuse": 0, "attn_only": 0, "ffn_only": 0}
{"phase": "solvercache", "prompt": 5, "seed": 3000, "method": "OURS_Ow20_L4", "latent_mse_to_full": 0.007054726127535105, "seconds": 42.01239504700061, "kinds": {"F": 35, "C": 0, "G": 0, "O": 15}, "full": 1680, "reuse": 420, "attn_only": 0, "ffn_only": 0}
{"phase": "solvercache", "prompt": 5, "seed": 3000, "method": "OURS_Ow17_L4_GI", "latent_mse_to_full": 0.014087889343500137, "seconds": 36.50314015208278, "kinds": {"F": 27, "C": 0, "G": 7, "O": 16}, "full": 1440, "reuse": 390, "attn_only": 0, "ffn_only": 0}
{"phase": "solvercache", "prompt": 6, "seed": 3000, "method": "full", "latent_mse_to_full": 0.0, "seconds": 73.26501870690845, "kinds": {"F": 50, "C": 0, "G": 0, "O": 0}, "full": 3000, "reuse": 0, "attn_only": 0, "ffn_only": 0}
{"phase": "solvercache", "prompt": 6, "seed": 3000, "method": "unipc25", "latent_mse_to_full": 0.22644415497779846, "seconds": 36.69388489599805, "kinds": {"F": 25, "C": 0, "G": 0, "O": 0}, "full": 1500, "reuse": 0, "attn_only": 0, "ffn_only": 0}
{"phase": "solvercache", "prompt": 6, "seed": 3000, "method": "unipc25+L4", "latent_mse_to_full": 0.239076167345047, "seconds": 21.100974089000374, "kinds": {"F": 18, "C": 0, "G": 0, "O": 7}, "full": 840, "reuse": 240, "attn_only": 0, "ffn_only": 0}
{"phase": "solvercache", "prompt": 6, "seed": 3000, "method": "unipc25+Oonly2", "latent_mse_to_full": 0.23031240701675415, "seconds": 26.34344191895798, "kinds": {"F": 18, "C": 0, "G": 0, "O": 7}, "full": 1080, "reuse": 0, "attn_only": 0, "ffn_only": 0}
{"phase": "solvercache", "prompt": 6, "seed": 3000, "method": "unipc25+B2", "latent_mse_to_full": 0.2280053347349167, "seconds": 27.236688353004865, "kinds": {"F": 25, "C": 0, "G": 0, "O": 0}, "full": 1080, "reuse": 420, "attn_only": 0, "ffn_only": 0}
{"phase": "solvercache", "prompt": 6, "seed": 3000, "method": "unipc30", "latent_mse_to_full": 0.10143949091434479, "seconds": 43.862048281007446, "kinds": {"F": 30, "C": 0, "G": 0, "O": 0}, "full": 1800, "reuse": 0, "attn_only": 0, "ffn_only": 0}
{"phase": "solvercache", "prompt": 6, "seed": 3000, "method": "unipc30+L4", "latent_mse_to_full": 0.09907542914152145, "seconds": 25.42875354003627, "kinds": {"F": 21, "C": 0, "G": 0, "O": 9}, "full": 1020, "reuse": 240, "attn_only": 0, "ffn_only": 0}
{"phase": "solvercache", "prompt": 6, "seed": 3000, "method": "unipc30+Oonly2", "latent_mse_to_full": 0.10372807830572128, "seconds": 30.747708888025954, "kinds": {"F": 21, "C": 0, "G": 0, "O": 9}, "full": 1260, "reuse": 0, "attn_only": 0, "ffn_only": 0}
{"phase": "solvercache", "prompt": 6, "seed": 3000, "method": "unipc30+B2", "latent_mse_to_full": 0.10138840973377228, "seconds": 31.98805863002781, "kinds": {"F": 30, "C": 0, "G": 0, "O": 0}, "full": 1260, "reuse": 540, "attn_only": 0, "ffn_only": 0}
{"phase": "solvercache", "prompt": 6, "seed": 3000, "method": "unipc20", "latent_mse_to_full": 0.29893264174461365, "seconds": 29.333140668924898, "kinds": {"F": 20, "C": 0, "G": 0, "O": 0}, "full": 1200, "reuse": 0, "attn_only": 0, "ffn_only": 0}
{"phase": "solvercache", "prompt": 6, "seed": 3000, "method": "unipc15", "latent_mse_to_full": 0.3936290144920349, "seconds": 21.963464412023313, "kinds": {"F": 15, "C": 0, "G": 0, "O": 0}, "full": 900, "reuse": 0, "attn_only": 0, "ffn_only": 0}
{"phase": "solvercache", "prompt": 6, "seed": 3000, "method": "OURS_Ow20_L4", "latent_mse_to_full": 0.001748846028931439, "seconds": 42.023495698929764, "kinds": {"F": 35, "C": 0, "G": 0, "O": 15}, "full": 1680, "reuse": 420, "attn_only": 0, "ffn_only": 0}
{"phase": "solvercache", "prompt": 6, "seed": 3000, "method": "OURS_Ow17_L4_GI", "latent_mse_to_full": 0.008294308558106422, "seconds": 36.55233746301383, "kinds": {"F": 27, "C": 0, "G": 7, "O": 16}, "full": 1440, "reuse": 390, "attn_only": 0, "ffn_only": 0}
{"phase": "solvercache", "prompt": 7, "seed": 3000, "method": "full", "latent_mse_to_full": 0.0, "seconds": 73.34380681801122, "kinds": {"F": 50, "C": 0, "G": 0, "O": 0}, "full": 3000, "reuse": 0, "attn_only": 0, "ffn_only": 0}
{"phase": "solvercache", "prompt": 7, "seed": 3000, "method": "unipc25", "latent_mse_to_full": 0.2560456395149231, "seconds": 36.65919853805099, "kinds": {"F": 25, "C": 0, "G": 0, "O": 0}, "full": 1500, "reuse": 0, "attn_only": 0, "ffn_only": 0}
