WARNING: Running pip install with root privileges is generally not a good idea. Try `python3 -m pip install --user` instead.
Looking in indexes: https://mirrors.tencent.com/pypi/simple/
Collecting diffusers==0.31.0
  Downloading https://mirrors.tencent.com/yun/pypi/packages/07/7f/53828ff41b86c3274099327627ff5cb7581a2cc9db3bcb39e5212c4140b7/diffusers-0.31.0-py3-none-any.whl (2.9 MB)
Collecting transformers==4.45.2
  Downloading https://mirrors.tencent.com/yun/pypi/packages/f9/9d/030cc1b3e88172967e22ee1d012e0d5e0384eb70d2a098d1669d549aea29/transformers-4.45.2-py3-none-any.whl (9.9 MB)
Requirement already satisfied: accelerate in /usr/local/lib/python3.9/site-packages (0.26.1)
Requirement already satisfied: sentencepiece in /usr/local/lib64/python3.9/site-packages (0.1.99)
Requirement already satisfied: protobuf in /usr/local/lib64/python3.9/site-packages (3.20.1)
Collecting imageio
  Downloading https://mirrors.tencent.com/yun/pypi/packages/fb/fe/301e0936b79bcab4cacc7548bf2853fc28dced0a578bab1f7ef53c9aa75b/imageio-2.37.2-py3-none-any.whl (317 kB)
Collecting imageio-ffmpeg
  Downloading https://mirrors.tencent.com/yun/pypi/packages/a0/2d/43c8522a2038e9d0e7dbdf3a61195ecc31ca576fb1527a528c877e87d973/imageio_ffmpeg-0.6.0-py3-none-manylinux2014_x86_64.whl (29.5 MB)
Collecting lpips
  Downloading https://mirrors.tencent.com/yun/pypi/packages/9b/13/1df50c7925d9d2746702719f40e864f51ed66f307b20ad32392f1ad2bb87/lpips-0.1.4-py3-none-any.whl (53 kB)
Collecting scikit-image
  Downloading https://mirrors.tencent.com/yun/pypi/packages/f0/cc/1a58efefb9b17c60d15626b33416728003028d5d51f0521482151a222560/scikit_image-0.24.0-cp39-cp39-manylinux_2_17_x86_64.manylinux2014_x86_64.whl (14.9 MB)
Collecting huggingface_hub==0.25.2
  Downloading https://mirrors.tencent.com/yun/pypi/packages/64/09/a535946bf2dc88e61341f39dc507530411bb3ea4eac493e5ec833e8f35bd/huggingface_hub-0.25.2-py3-none-any.whl (436 kB)
Requirement already satisfied: safetensors in /usr/local/lib64/python3.9/site-packages (0.4.2)
Collecting einops
  Downloading https://mirrors.tencent.com/yun/pypi/packages/2a/09/f8d8f8f31e4483c10a906437b4ce31bdf3d6d417b73fe33f1a8b59e34228/einops-0.8.2-py3-none-any.whl (65 kB)
Collecting ftfy
  Downloading https://mirrors.tencent.com/yun/pypi/packages/ab/6e/81d47999aebc1b155f81eca4477a616a70f238a2549848c38983f3c22a82/ftfy-6.3.1-py3-none-any.whl (44 kB)
Requirement already satisfied: Pillow in /usr/local/lib64/python3.9/site-packages (from diffusers==0.31.0) (10.2.0)
Requirement already satisfied: regex!=2019.12.17 in /usr/local/lib64/python3.9/site-packages (from diffusers==0.31.0) (2023.12.25)
Requirement already satisfied: numpy in /usr/local/lib64/python3.9/site-packages (from diffusers==0.31.0) (1.26.3)
Requirement already satisfied: filelock in /usr/local/lib/python3.9/site-packages (from diffusers==0.31.0) (3.9.0)
Requirement already satisfied: requests in /usr/local/lib/python3.9/site-packages (from diffusers==0.31.0) (2.31.0)
Requirement already satisfied: importlib-metadata in /usr/local/lib/python3.9/site-packages (from diffusers==0.31.0) (7.0.1)
Collecting tokenizers<0.21,>=0.20
  Downloading https://mirrors.tencent.com/yun/pypi/packages/29/9e/c95f8821d6bc93eba7c5db95e6299c009db523d1c646da8563b42ad892c4/tokenizers-0.20.3-cp39-cp39-manylinux_2_17_x86_64.manylinux2014_x86_64.whl (3.0 MB)
Requirement already satisfied: tqdm>=4.27 in /usr/local/lib/python3.9/site-packages (from transformers==4.45.2) (4.66.1)
Requirement already satisfied: pyyaml>=5.1 in /usr/local/lib64/python3.9/site-packages (from transformers==4.45.2) (6.0.1)
Requirement already satisfied: packaging>=20.0 in /usr/local/lib/python3.9/site-packages (from transformers==4.45.2) (23.2)
Requirement already satisfied: torch>=1.10.0 in /usr/local/lib64/python3.9/site-packages (from accelerate) (2.1.2+cu121)
Requirement already satisfied: psutil in /usr/local/lib64/python3.9/site-packages (from accelerate) (5.9.8)
Requirement already satisfied: torchvision>=0.2.1 in /usr/local/lib64/python3.9/site-packages (from lpips) (0.16.2+cu121)
Requirement already satisfied: scipy>=1.0.1 in /usr/local/lib64/python3.9/site-packages (from lpips) (1.12.0)
Collecting tifffile>=2022.8.12
  Downloading https://mirrors.tencent.com/yun/pypi/packages/3a/4f/73714b1c1d339b1545cac28764e39f88c69468b5e10e51f327f9aa9d55b9/tifffile-2024.8.30-py3-none-any.whl (227 kB)
Requirement already satisfied: networkx>=2.8 in /usr/local/lib/python3.9/site-packages (from scikit-image) (3.2.1)
Collecting lazy-loader>=0.4
  Downloading https://mirrors.tencent.com/yun/pypi/packages/23/93/4e45e37f26c820216704b36b8e67cc55c490a7abd287a78a26a2c0e21386/lazy_loader-0.6-py3-none-any.whl (8.8 kB)
Requirement already satisfied: typing-extensions>=3.7.4.3 in /usr/local/lib/python3.9/site-packages (from huggingface_hub==0.25.2) (4.9.0)
Requirement already satisfied: fsspec>=2023.5.0 in /usr/local/lib/python3.9/site-packages (from huggingface_hub==0.25.2) (2023.10.0)
Requirement already satisfied: wcwidth in /usr/local/lib/python3.9/site-packages (from ftfy) (0.2.13)
Requirement already satisfied: idna<4,>=2.5 in /usr/local/lib/python3.9/site-packages (from requests->diffusers==0.31.0) (3.6)
Requirement already satisfied: urllib3<3,>=1.21.1 in /usr/local/lib/python3.9/site-packages (from requests->diffusers==0.31.0) (2.2.0)
Requirement already satisfied: certifi>=2017.4.17 in /usr/local/lib/python3.9/site-packages (from requests->diffusers==0.31.0) (2024.2.2)
Requirement already satisfied: charset-normalizer<4,>=2 in /usr/local/lib64/python3.9/site-packages (from requests->diffusers==0.31.0) (3.3.2)
Requirement already satisfied: zipp>=0.5 in /usr/local/lib/python3.9/site-packages (from importlib-metadata->diffusers==0.31.0) (3.17.0)
Requirement already satisfied: sympy in /usr/local/lib/python3.9/site-packages (from torch>=1.10.0->accelerate) (1.12)
Requirement already satisfied: jinja2 in /usr/local/lib/python3.9/site-packages (from torch>=1.10.0->accelerate) (3.1.2)
Requirement already satisfied: triton==2.1.0; platform_system == "Linux" and platform_machine == "x86_64" in /usr/local/lib64/python3.9/site-packages (from torch>=1.10.0->accelerate) (2.1.0)
Requirement already satisfied: mpmath>=0.19 in /usr/local/lib/python3.9/site-packages (from sympy->torch>=1.10.0->accelerate) (1.3.0)
Requirement already satisfied: MarkupSafe>=2.0 in /usr/local/lib64/python3.9/site-packages (from jinja2->torch>=1.10.0->accelerate) (2.1.3)
Installing collected packages: huggingface-hub, diffusers, tokenizers, transformers, imageio, imageio-ffmpeg, lpips, tifffile, lazy-loader, scikit-image, einops, ftfy
  Attempting uninstall: huggingface-hub
    Found existing installation: huggingface-hub 0.20.3
    Uninstalling huggingface-hub-0.20.3:
      Successfully uninstalled huggingface-hub-0.20.3
  Attempting uninstall: diffusers
    Found existing installation: diffusers 0.26.0
    Uninstalling diffusers-0.26.0:
      Successfully uninstalled diffusers-0.26.0
  Attempting uninstall: tokenizers
    Found existing installation: tokenizers 0.15.1
    Uninstalling tokenizers-0.15.1:
      Successfully uninstalled tokenizers-0.15.1
  Attempting uninstall: transformers
    Found existing installation: transformers 4.37.2
    Uninstalling transformers-4.37.2:
      Successfully uninstalled transformers-4.37.2
Successfully installed diffusers-0.31.0 einops-0.8.2 ftfy-6.3.1 huggingface-hub-0.25.2 imageio-2.37.2 imageio-ffmpeg-0.6.0 lazy-loader-0.6 lpips-0.1.4 scikit-image-0.24.0 tifffile-2024.8.30 tokenizers-0.20.3 transformers-4.45.2
PIP_DONE
