The config attributes {'invert_scale_latents': False} were passed to AutoencoderKLCogVideoX, but are not expected and will be ignored. Please verify your config.json configuration file.
{"phase": "bench", "prompt": 0, "seed": 3000, "method": "FC_v2", "aesthetic": 5.390100479125977, "clip_text": 28.06200408935547, "subj_cons": 0.9928731322288513, "imaging": 0.003178155981004238, "motion": 0.025344204157590866, "flicker": 0.03597520291805267}
{"phase": "bench", "prompt": 0, "seed": 3000, "method": "FORA_n2", "aesthetic": 5.401048183441162, "clip_text": 28.33037757873535, "subj_cons": 0.9905263185501099, "imaging": 0.00239915051497519, "motion": 0.022927720099687576, "flicker": 0.03468320146203041}
{"phase": "bench", "prompt": 0, "seed": 3000, "method": "OURS_O3w10_B3", "aesthetic": 5.374483585357666, "clip_text": 27.497499465942383, "subj_cons": 0.9927135705947876, "imaging": 0.00349532812833786, "motion": 0.02530643902719021, "flicker": 0.03508686274290085}
{"phase": "bench", "prompt": 0, "seed": 3000, "method": "OURS_O3w13_B2", "aesthetic": 5.3437113761901855, "clip_text": 27.792369842529297, "subj_cons": 0.992699384689331, "imaging": 0.0035425364039838314, "motion": 0.026405449956655502, "flicker": 0.03728986158967018}
{"phase": "bench", "prompt": 0, "seed": 3000, "method": "OURS_O3w17_B2", "aesthetic": 5.347867965698242, "clip_text": 27.807830810546875, "subj_cons": 0.9921053051948547, "imaging": 0.003473471151664853, "motion": 0.026370819658041, "flicker": 0.037071797996759415}
{"phase": "bench", "prompt": 0, "seed": 3000, "method": "OURS_O4w10_B2", "aesthetic": 5.409446716308594, "clip_text": 27.52208137512207, "subj_cons": 0.993327260017395, "imaging": 0.003956965636461973, "motion": 0.02688329666852951, "flicker": 0.03767771273851395}
{"phase": "bench", "prompt": 0, "seed": 3000, "method": "OURS_O4w13_B2", "aesthetic": 5.351423740386963, "clip_text": 27.956968307495117, "subj_cons": 0.9927305579185486, "imaging": 0.003603352000936866, "motion": 0.02662072516977787, "flicker": 0.03739744797348976}
{"phase": "bench", "prompt": 0, "seed": 3000, "method": "OURS_O4w13_B2_GI", "aesthetic": 5.387303352355957, "clip_text": 27.975173950195312, "subj_cons": 0.9922916889190674, "imaging": 0.0035693778190761805, "motion": 0.02640039287507534, "flicker": 0.03719523549079895}
{"phase": "bench", "prompt": 0, "seed": 3000, "method": "OURS_Ow17_L4_GI", "aesthetic": 5.425158977508545, "clip_text": 27.94142723083496, "subj_cons": 0.992769718170166, "imaging": 0.003475868608802557, "motion": 0.026479145511984825, "flicker": 0.037481438368558884}
{"phase": "bench", "prompt": 0, "seed": 3000, "method": "OURS_Ow20_L4", "aesthetic": 5.404939651489258, "clip_text": 27.925304412841797, "subj_cons": 0.9916049838066101, "imaging": 0.0034307818859815598, "motion": 0.026329010725021362, "flicker": 0.03721453621983528}
{"phase": "bench", "prompt": 0, "seed": 3000, "method": "PAB_k2", "aesthetic": 5.3759002685546875, "clip_text": 28.05276870727539, "subj_cons": 0.9925565719604492, "imaging": 0.0031880419701337814, "motion": 0.025403784587979317, "flicker": 0.036036863923072815}
{"phase": "bench", "prompt": 0, "seed": 3000, "method": "PAB_k3", "aesthetic": 5.36252498626709, "clip_text": 28.03586196899414, "subj_cons": 0.9921171069145203, "imaging": 0.0031099470797926188, "motion": 0.02487577125430107, "flicker": 0.035341426730155945}
{"phase": "bench", "prompt": 0, "seed": 3000, "method": "TEA_0.1", "aesthetic": 5.372798442840576, "clip_text": 28.069358825683594, "subj_cons": 0.9918971061706543, "imaging": 0.0033441109117120504, "motion": 0.025890981778502464, "flicker": 0.03697821870446205}
{"phase": "bench", "prompt": 0, "seed": 3000, "method": "TEA_0.15", "aesthetic": 5.427404403686523, "clip_text": 27.837291717529297, "subj_cons": 0.9921443462371826, "imaging": 0.0032538031227886677, "motion": 0.02443743124604225, "flicker": 0.03496435284614563}
{"phase": "bench", "prompt": 0, "seed": 3000, "method": "TEA_0.2", "aesthetic": 5.459074974060059, "clip_text": 27.852699279785156, "subj_cons": 0.9912251234054565, "imaging": 0.0033169263042509556, "motion": 0.023723416030406952, "flicker": 0.03394058719277382}
{"phase": "bench", "prompt": 0, "seed": 3000, "method": "TEA_0.3", "aesthetic": 5.426390171051025, "clip_text": 28.14885902404785, "subj_cons": 0.9870954155921936, "imaging": 0.0023207669146358967, "motion": 0.022794121876358986, "flicker": 0.03468235209584236}
{"phase": "bench", "prompt": 0, "seed": 3000, "method": "TS_n3", "aesthetic": 5.493575096130371, "clip_text": 28.594249725341797, "subj_cons": 0.9916067123413086, "imaging": 0.004100388381630182, "motion": 0.02789246290922165, "flicker": 0.03970451280474663}
{"phase": "bench", "prompt": 0, "seed": 3000, "method": "full", "aesthetic": 5.385535717010498, "clip_text": 28.077316284179688, "subj_cons": 0.9926392436027527, "imaging": 0.0032480538357049227, "motion": 0.025861386209726334, "flicker": 0.03664172440767288}
{"phase": "bench", "prompt": 0, "seed": 3000, "method": "full_perturb1e-2", "aesthetic": 5.443534851074219, "clip_text": 28.037616729736328, "subj_cons": 0.9925960898399353, "imaging": 0.003232786199077964, "motion": 0.025835521519184113, "flicker": 0.03665288910269737}
{"phase": "bench", "prompt": 0, "seed": 3000, "method": "steps20", "aesthetic": 5.709922790527344, "clip_text": 31.119436264038086, "subj_cons": 0.9864007234573364, "imaging": 0.001110480516217649, "motion": 0.01446591317653656, "flicker": 0.023539384827017784}
{"phase": "bench", "prompt": 0, "seed": 3000, "method": "steps25", "aesthetic": 5.810856342315674, "clip_text": 30.39185333251953, "subj_cons": 0.9906067848205566, "imaging": 0.0015010600909590721, "motion": 0.016100384294986725, "flicker": 0.024840300902724266}
{"phase": "bench", "prompt": 4, "seed": 3000, "method": "FC_v2", "aesthetic": 6.168603897094727, "clip_text": 24.18583869934082, "subj_cons": 0.9582403898239136, "imaging": 0.0018980423919856548, "motion": 0.01642913930118084, "flicker": 0.01888689585030079}
{"phase": "bench", "prompt": 4, "seed": 3000, "method": "FORA_n2", "aesthetic": 6.339573383331299, "clip_text": 23.495956420898438, "subj_cons": 0.965664803981781, "imaging": 0.0019989425782114267, "motion": 0.01265733316540718, "flicker": 0.01426003873348236}
{"phase": "bench", "prompt": 4, "seed": 3000, "method": "OURS_O3w10_B3", "aesthetic": 6.011716365814209, "clip_text": 24.220033645629883, "subj_cons": 0.9656515121459961, "imaging": 0.002076225122436881, "motion": 0.017936857417225838, "flicker": 0.021455874666571617}
{"phase": "bench", "prompt": 4, "seed": 3000, "method": "OURS_O3w13_B2", "aesthetic": 6.161647319793701, "clip_text": 24.057180404663086, "subj_cons": 0.948512613773346, "imaging": 0.001983063295483589, "motion": 0.01723477616906166, "flicker": 0.020348722115159035}
{"phase": "bench", "prompt": 4, "seed": 3000, "method": "OURS_O3w17_B2", "aesthetic": 6.191831588745117, "clip_text": 24.20852279663086, "subj_cons": 0.9549396634101868, "imaging": 0.0019868218805640936, "motion": 0.016955146566033363, "flicker": 0.019787579774856567}
{"phase": "bench", "prompt": 4, "seed": 3000, "method": "OURS_O4w10_B2", "aesthetic": 6.131618976593018, "clip_text": 24.27607536315918, "subj_cons": 0.970288872718811, "imaging": 0.002433301880955696, "motion": 0.018624022603034973, "flicker": 0.02244228683412075}
{"phase": "bench", "prompt": 4, "seed": 3000, "method": "OURS_O4w13_B2", "aesthetic": 6.1955952644348145, "clip_text": 23.81475067138672, "subj_cons": 0.9565930366516113, "imaging": 0.0019073751755058765, "motion": 0.017293432727456093, "flicker": 0.020489826798439026}
{"phase": "bench", "prompt": 4, "seed": 3000, "method": "OURS_O4w13_B2_GI", "aesthetic": 6.174123287200928, "clip_text": 23.952375411987305, "subj_cons": 0.937020480632782, "imaging": 0.0018635401502251625, "motion": 0.017118534073233604, "flicker": 0.020153582096099854}
{"phase": "bench", "prompt": 4, "seed": 3000, "method": "OURS_Ow17_L4_GI", "aesthetic": 6.180404186248779, "clip_text": 24.44584083557129, "subj_cons": 0.9500609636306763, "imaging": 0.0019854011479765177, "motion": 0.016834592446684837, "flicker": 0.019543124362826347}
{"phase": "bench", "prompt": 4, "seed": 3000, "method": "OURS_Ow20_L4", "aesthetic": 6.146044731140137, "clip_text": 24.260210037231445, "subj_cons": 0.9571977853775024, "imaging": 0.0020103594288229942, "motion": 0.016844170168042183, "flicker": 0.01959836110472679}
{"phase": "bench", "prompt": 4, "seed": 3000, "method": "PAB_k2", "aesthetic": 6.14890718460083, "clip_text": 24.32274627685547, "subj_cons": 0.9585180282592773, "imaging": 0.0018884098390117288, "motion": 0.01644342765212059, "flicker": 0.018910348415374756}
{"phase": "bench", "prompt": 4, "seed": 3000, "method": "PAB_k3", "aesthetic": 6.125140190124512, "clip_text": 24.413928985595703, "subj_cons": 0.9591410160064697, "imaging": 0.0018368433229625225, "motion": 0.016446616500616074, "flicker": 0.01892700232565403}
{"phase": "bench", "prompt": 4, "seed": 3000, "method": "TEA_0.1", "aesthetic": 6.041209697723389, "clip_text": 24.419748306274414, "subj_cons": 0.9568573236465454, "imaging": 0.001894450862891972, "motion": 0.01665414310991764, "flicker": 0.01952950283885002}
{"phase": "bench", "prompt": 4, "seed": 3000, "method": "TEA_0.15", "aesthetic": 6.099180221557617, "clip_text": 23.875202178955078, "subj_cons": 0.9635702967643738, "imaging": 0.00189790443982929, "motion": 0.01680302806198597, "flicker": 0.01931542530655861}
{"phase": "bench", "prompt": 4, "seed": 3000, "method": "TEA_0.2", "aesthetic": 5.938894748687744, "clip_text": 23.98583221435547, "subj_cons": 0.9478164315223694, "imaging": 0.0018167747184634209, "motion": 0.01706819422543049, "flicker": 0.01977420039474964}
{"phase": "bench", "prompt": 4, "seed": 3000, "method": "TEA_0.3", "aesthetic": 5.920449256896973, "clip_text": 23.841941833496094, "subj_cons": 0.958909273147583, "imaging": 0.0018259258940815926, "motion": 0.011599739082157612, "flicker": 0.013400332070887089}
{"phase": "bench", "prompt": 4, "seed": 3000, "method": "TS_n3", "aesthetic": 5.994816780090332, "clip_text": 26.112619400024414, "subj_cons": 0.9539849758148193, "imaging": 0.0018907033372670412, "motion": 0.015174521133303642, "flicker": 0.019150424748659134}
{"phase": "bench", "prompt": 4, "seed": 3000, "method": "full", "aesthetic": 6.18867301940918, "clip_text": 24.224468231201172, "subj_cons": 0.9604957699775696, "imaging": 0.0019246458541601896, "motion": 0.016438383609056473, "flicker": 0.018920153379440308}
{"phase": "bench", "prompt": 4, "seed": 3000, "method": "full_perturb1e-2", "aesthetic": 6.143807411193848, "clip_text": 24.59088897705078, "subj_cons": 0.960352897644043, "imaging": 0.001906802412122488, "motion": 0.016303759068250656, "flicker": 0.018748193979263306}
{"phase": "bench", "prompt": 4, "seed": 3000, "method": "steps20", "aesthetic": 5.582019805908203, "clip_text": 26.00727653503418, "subj_cons": 0.955797553062439, "imaging": 0.0008306897943839431, "motion": 0.005050900392234325, "flicker": 0.00557273905724287}
{"phase": "bench", "prompt": 4, "seed": 3000, "method": "steps25", "aesthetic": 5.927927494049072, "clip_text": 25.29998207092285, "subj_cons": 0.960812509059906, "imaging": 0.0011500796535983682, "motion": 0.006796599831432104, "flicker": 0.007451753597706556}
{"phase": "bench", "prompt": 8, "seed": 3000, "method": "FC_v2", "aesthetic": 5.704441547393799, "clip_text": 26.741262435913086, "subj_cons": 0.9759456515312195, "imaging": 0.00031506014056503773, "motion": 0.012532910332083702, "flicker": 0.019453268498182297}
{"phase": "bench", "prompt": 8, "seed": 3000, "method": "FORA_n2", "aesthetic": 5.4684062004089355, "clip_text": 26.21041488647461, "subj_cons": 0.9645508527755737, "imaging": 0.00026725136558525264, "motion": 0.013551072217524052, "flicker": 0.021464340388774872}
{"phase": "bench", "prompt": 8, "seed": 3000, "method": "OURS_O3w10_B3", "aesthetic": 5.683211803436279, "clip_text": 27.123016357421875, "subj_cons": 0.9711719751358032, "imaging": 0.0003121381450910121, "motion": 0.013381872326135635, "flicker": 0.02083413116633892}
{"phase": "bench", "prompt": 8, "seed": 3000, "method": "OURS_O3w13_B2", "aesthetic": 5.701709747314453, "clip_text": 26.678319931030273, "subj_cons": 0.9777350425720215, "imaging": 0.0003270978631917387, "motion": 0.013817927800118923, "flicker": 0.02183280885219574}
{"phase": "bench", "prompt": 8, "seed": 3000, "method": "OURS_O3w17_B2", "aesthetic": 5.607605934143066, "clip_text": 26.6977481842041, "subj_cons": 0.9733438491821289, "imaging": 0.00032465928234159946, "motion": 0.013733919709920883, "flicker": 0.021562818437814713}
{"phase": "bench", "prompt": 8, "seed": 3000, "method": "OURS_O4w10_B2", "aesthetic": 5.69168758392334, "clip_text": 26.875675201416016, "subj_cons": 0.9749097228050232, "imaging": 0.0003468723443802446, "motion": 0.014019368216395378, "flicker": 0.021872498095035553}
{"phase": "bench", "prompt": 8, "seed": 3000, "method": "OURS_O4w13_B2", "aesthetic": 5.64626932144165, "clip_text": 26.63671112060547, "subj_cons": 0.9727033972740173, "imaging": 0.00032653819653205574, "motion": 0.014070701785385609, "flicker": 0.02219376713037491}
{"phase": "bench", "prompt": 8, "seed": 3000, "method": "OURS_O4w13_B2_GI", "aesthetic": 5.6681976318359375, "clip_text": 26.6234188079834, "subj_cons": 0.9746159911155701, "imaging": 0.0003361479612067342, "motion": 0.013925774022936821, "flicker": 0.022044317796826363}
{"phase": "bench", "prompt": 8, "seed": 3000, "method": "OURS_Ow17_L4_GI", "aesthetic": 5.686795711517334, "clip_text": 26.809402465820312, "subj_cons": 0.9748284816741943, "imaging": 0.000337284873239696, "motion": 0.013402223587036133, "flicker": 0.0210863146930933}
{"phase": "bench", "prompt": 8, "seed": 3000, "method": "OURS_Ow20_L4", "aesthetic": 5.6643290519714355, "clip_text": 26.802480697631836, "subj_cons": 0.977451741695404, "imaging": 0.00032025505788624287, "motion": 0.013537679798901081, "flicker": 0.0212127435952425}
{"phase": "bench", "prompt": 8, "seed": 3000, "method": "PAB_k2", "aesthetic": 5.734983921051025, "clip_text": 26.749691009521484, "subj_cons": 0.9772122502326965, "imaging": 0.0003137271851301193, "motion": 0.012563362717628479, "flicker": 0.01951703242957592}
{"phase": "bench", "prompt": 8, "seed": 3000, "method": "PAB_k3", "aesthetic": 5.699512481689453, "clip_text": 26.76449203491211, "subj_cons": 0.9784838557243347, "imaging": 0.0003080290916841477, "motion": 0.012386311776936054, "flicker": 0.019257692620158195}
{"phase": "bench", "prompt": 8, "seed": 3000, "method": "TEA_0.1", "aesthetic": 5.6628618240356445, "clip_text": 26.628503799438477, "subj_cons": 0.9704956412315369, "imaging": 0.00030041157151572406, "motion": 0.012885358184576035, "flicker": 0.020134786143898964}
{"phase": "bench", "prompt": 8, "seed": 3000, "method": "TEA_0.15", "aesthetic": 5.721325397491455, "clip_text": 27.325183868408203, "subj_cons": 0.9816542267799377, "imaging": 0.00033837129012681544, "motion": 0.013140940107405186, "flicker": 0.020574109628796577}
{"phase": "bench", "prompt": 8, "seed": 3000, "method": "TEA_0.2", "aesthetic": 5.616137504577637, "clip_text": 27.298498153686523, "subj_cons": 0.9802770614624023, "imaging": 0.000328654918121174, "motion": 0.013118922710418701, "flicker": 0.02050081267952919}
{"phase": "bench", "prompt": 8, "seed": 3000, "method": "TEA_0.3", "aesthetic": 5.567232131958008, "clip_text": 26.27187728881836, "subj_cons": 0.9721271395683289, "imaging": 0.00024459444102831185, "motion": 0.013758452609181404, "flicker": 0.021729080006480217}
{"phase": "bench", "prompt": 8, "seed": 3000, "method": "TS_n3", "aesthetic": 5.58538293838501, "clip_text": 26.790597915649414, "subj_cons": 0.9752585291862488, "imaging": 0.0002958302793558687, "motion": 0.013669556006789207, "flicker": 0.021362708881497383}
{"phase": "bench", "prompt": 8, "seed": 3000, "method": "full", "aesthetic": 5.686254501342773, "clip_text": 26.779253005981445, "subj_cons": 0.9764932990074158, "imaging": 0.0003179334744345397, "motion": 0.012866312637925148, "flicker": 0.020035987719893456}
{"phase": "bench", "prompt": 8, "seed": 3000, "method": "full_perturb1e-2", "aesthetic": 5.669045448303223, "clip_text": 26.687040328979492, "subj_cons": 0.970935583114624, "imaging": 0.0003114852006547153, "motion": 0.012631755322217941, "flicker": 0.019551023840904236}
{"phase": "bench", "prompt": 8, "seed": 3000, "method": "steps20", "aesthetic": 5.150923728942871, "clip_text": 26.85416603088379, "subj_cons": 0.9797857999801636, "imaging": 6.614831363549456e-05, "motion": 0.004210247192531824, "flicker": 0.005927794612944126}
{"phase": "bench", "prompt": 8, "seed": 3000, "method": "steps25", "aesthetic": 5.4312825202941895, "clip_text": 27.332935333251953, "subj_cons": 0.9724000692367554, "imaging": 0.00010410147660877556, "motion": 0.006793608423322439, "flicker": 0.009628769010305405}
{"phase": "bench", "prompt": 10, "seed": 3000, "method": "FC_v2", "aesthetic": 6.132486820220947, "clip_text": 29.24595832824707, "subj_cons": 0.9841095209121704, "imaging": 0.00012871074432041496, "motion": 0.02112315595149994, "flicker": 0.033062588423490524}
{"phase": "bench", "prompt": 10, "seed": 3000, "method": "FORA_n2", "aesthetic": 5.971584796905518, "clip_text": 29.02696418762207, "subj_cons": 0.9801756143569946, "imaging": 9.753503400133923e-05, "motion": 0.021513450890779495, "flicker": 0.03424860164523125}
{"phase": "bench", "prompt": 10, "seed": 3000, "method": "OURS_O3w10_B3", "aesthetic": 5.716121673583984, "clip_text": 29.0772762298584, "subj_cons": 0.9674112796783447, "imaging": 0.0001191861811093986, "motion": 0.022531498223543167, "flicker": 0.035406578332185745}
{"phase": "bench", "prompt": 10, "seed": 3000, "method": "OURS_O3w13_B2", "aesthetic": 5.904596328735352, "clip_text": 28.944448471069336, "subj_cons": 0.9804052710533142, "imaging": 0.000128501356812194, "motion": 0.02239185944199562, "flicker": 0.03522109612822533}
{"phase": "bench", "prompt": 10, "seed": 3000, "method": "OURS_O3w17_B2", "aesthetic": 6.012815952301025, "clip_text": 28.96597671508789, "subj_cons": 0.9800340533256531, "imaging": 0.00013298790145199746, "motion": 0.021817220374941826, "flicker": 0.034136977046728134}
{"phase": "bench", "prompt": 10, "seed": 3000, "method": "OURS_O4w10_B2", "aesthetic": 5.901366233825684, "clip_text": 29.16466522216797, "subj_cons": 0.9767975807189941, "imaging": 0.00012296249042265117, "motion": 0.024683870375156403, "flicker": 0.039073701947927475}
{"phase": "bench", "prompt": 10, "seed": 3000, "method": "OURS_O4w13_B2", "aesthetic": 5.892392635345459, "clip_text": 29.327001571655273, "subj_cons": 0.9804859161376953, "imaging": 0.0001288884086534381, "motion": 0.02288098633289337, "flicker": 0.036013152450323105}
{"phase": "bench", "prompt": 10, "seed": 3000, "method": "OURS_O4w13_B2_GI", "aesthetic": 5.8947248458862305, "clip_text": 29.31668472290039, "subj_cons": 0.978814959526062, "imaging": 0.00012925892951898277, "motion": 0.022465771064162254, "flicker": 0.03527700901031494}
{"phase": "bench", "prompt": 10, "seed": 3000, "method": "OURS_Ow17_L4_GI", "aesthetic": 6.031315326690674, "clip_text": 28.845401763916016, "subj_cons": 0.9810518622398376, "imaging": 0.0001333995460299775, "motion": 0.021573275327682495, "flicker": 0.033805906772613525}
{"phase": "bench", "prompt": 10, "seed": 3000, "method": "OURS_Ow20_L4", "aesthetic": 6.099722385406494, "clip_text": 28.950777053833008, "subj_cons": 0.9826979637145996, "imaging": 0.00013333522656466812, "motion": 0.021680328994989395, "flicker": 0.033863529562950134}
{"phase": "bench", "prompt": 10, "seed": 3000, "method": "PAB_k2", "aesthetic": 6.120828151702881, "clip_text": 29.303020477294922, "subj_cons": 0.9847497940063477, "imaging": 0.00012810326006729156, "motion": 0.020992770791053772, "flicker": 0.03283683955669403}
{"phase": "bench", "prompt": 10, "seed": 3000, "method": "PAB_k3", "aesthetic": 6.108903884887695, "clip_text": 29.419099807739258, "subj_cons": 0.9827744364738464, "imaging": 0.00012583924399223179, "motion": 0.020602406933903694, "flicker": 0.032087862491607666}
{"phase": "bench", "prompt": 10, "seed": 3000, "method": "TEA_0.1", "aesthetic": 6.241473197937012, "clip_text": 28.42884063720703, "subj_cons": 0.9801405668258667, "imaging": 0.00012063485337421298, "motion": 0.02079383283853531, "flicker": 0.032344751060009}
{"phase": "bench", "prompt": 10, "seed": 3000, "method": "TEA_0.15", "aesthetic": 6.179222583770752, "clip_text": 28.392070770263672, "subj_cons": 0.9835882186889648, "imaging": 0.00012777028314303607, "motion": 0.020372947677969933, "flicker": 0.031873561441898346}
{"phase": "bench", "prompt": 10, "seed": 3000, "method": "TEA_0.2", "aesthetic": 6.415192604064941, "clip_text": 28.59613037109375, "subj_cons": 0.9802255630493164, "imaging": 0.00013475219020619988, "motion": 0.019504666328430176, "flicker": 0.030334243550896645}
{"phase": "bench", "prompt": 10, "seed": 3000, "method": "TEA_0.3", "aesthetic": 5.947312831878662, "clip_text": 27.86595916748047, "subj_cons": 0.97568678855896, "imaging": 0.00010978934005834162, "motion": 0.020116474479436874, "flicker": 0.03162304311990738}
{"phase": "bench", "prompt": 10, "seed": 3000, "method": "TS_n3", "aesthetic": 6.357285499572754, "clip_text": 27.995304107666016, "subj_cons": 0.9779680967330933, "imaging": 0.00012082083412678912, "motion": 0.021652672439813614, "flicker": 0.033711206167936325}
{"phase": "bench", "prompt": 10, "seed": 3000, "method": "full", "aesthetic": 6.1014509201049805, "clip_text": 29.013023376464844, "subj_cons": 0.980817973613739, "imaging": 0.00013034895528107882, "motion": 0.02097448520362377, "flicker": 0.03273522108793259}
{"phase": "bench", "prompt": 10, "seed": 3000, "method": "full_perturb1e-2", "aesthetic": 6.258225917816162, "clip_text": 29.18470001220703, "subj_cons": 0.976599931716919, "imaging": 0.00012447375047486275, "motion": 0.021997345611453056, "flicker": 0.03472409024834633}
{"phase": "bench", "prompt": 10, "seed": 3000, "method": "steps20", "aesthetic": 2.4321866035461426, "clip_text": 21.090974807739258, "subj_cons": 0.9227005243301392, "imaging": 1.3369171028898563e-05, "motion": 0.001653115963563323, "flicker": 0.0026105018332600594}
{"phase": "bench", "prompt": 10, "seed": 3000, "method": "steps25", "aesthetic": 2.546130657196045, "clip_text": 21.79844856262207, "subj_cons": 0.928486704826355, "imaging": 1.3887264685763512e-05, "motion": 0.0022999169304966927, "flicker": 0.003672591410577297}
{"phase": "bench", "prompt": 12, "seed": 3000, "method": "FC_v2", "aesthetic": 5.708998680114746, "clip_text": 25.883281707763672, "subj_cons": 0.9800465106964111, "imaging": 0.0003631552099250257, "motion": 0.02667168527841568, "flicker": 0.03876464441418648}
{"phase": "bench", "prompt": 12, "seed": 3000, "method": "FORA_n2", "aesthetic": 5.594033718109131, "clip_text": 27.427932739257812, "subj_cons": 0.9772745966911316, "imaging": 0.0003573212889023125, "motion": 0.024223657324910164, "flicker": 0.035590969026088715}
{"phase": "bench", "prompt": 12, "seed": 3000, "method": "OURS_O3w10_B3", "aesthetic": 5.454477787017822, "clip_text": 26.09197998046875, "subj_cons": 0.9812923669815063, "imaging": 0.0003614117740653455, "motion": 0.029530268162488937, "flicker": 0.04151906818151474}
{"phase": "bench", "prompt": 12, "seed": 3000, "method": "OURS_O3w13_B2", "aesthetic": 5.654959201812744, "clip_text": 25.882335662841797, "subj_cons": 0.976019561290741, "imaging": 0.0003739179519470781, "motion": 0.028775205835700035, "flicker": 0.042000044137239456}
{"phase": "bench", "prompt": 12, "seed": 3000, "method": "OURS_O3w17_B2", "aesthetic": 5.666514873504639, "clip_text": 25.927309036254883, "subj_cons": 0.9785999655723572, "imaging": 0.0003805297310464084, "motion": 0.02838248945772648, "flicker": 0.04145200923085213}
{"phase": "bench", "prompt": 12, "seed": 3000, "method": "OURS_O4w10_B2", "aesthetic": 5.502203941345215, "clip_text": 26.52951431274414, "subj_cons": 0.9796980619430542, "imaging": 0.00042646663496270776, "motion": 0.03140700235962868, "flicker": 0.04414653405547142}
{"phase": "bench", "prompt": 12, "seed": 3000, "method": "OURS_O4w13_B2", "aesthetic": 5.684814453125, "clip_text": 25.940353393554688, "subj_cons": 0.9772847294807434, "imaging": 0.00038121745456010103, "motion": 0.029331035912036896, "flicker": 0.042745690792798996}
{"phase": "bench", "prompt": 12, "seed": 3000, "method": "OURS_O4w13_B2_GI", "aesthetic": 5.643921852111816, "clip_text": 26.119422912597656, "subj_cons": 0.9736472964286804, "imaging": 0.000380684738047421, "motion": 0.028710369020700455, "flicker": 0.041799597442150116}
{"phase": "bench", "prompt": 12, "seed": 3000, "method": "OURS_Ow17_L4_GI", "aesthetic": 5.690412521362305, "clip_text": 25.931140899658203, "subj_cons": 0.9755475521087646, "imaging": 0.0003842816222459078, "motion": 0.027841119095683098, "flicker": 0.04058492183685303}
{"phase": "bench", "prompt": 12, "seed": 3000, "method": "OURS_Ow20_L4", "aesthetic": 5.660307884216309, "clip_text": 25.99974822998047, "subj_cons": 0.9806934595108032, "imaging": 0.0003796859527938068, "motion": 0.028353996574878693, "flicker": 0.04149661213159561}
{"phase": "bench", "prompt": 12, "seed": 3000, "method": "PAB_k2", "aesthetic": 5.698375225067139, "clip_text": 25.914514541625977, "subj_cons": 0.979510486125946, "imaging": 0.0003662382368929684, "motion": 0.026654597371816635, "flicker": 0.03867906332015991}
{"phase": "bench", "prompt": 12, "seed": 3000, "method": "PAB_k3", "aesthetic": 5.674099445343018, "clip_text": 26.118436813354492, "subj_cons": 0.9785031676292419, "imaging": 0.0003576973103918135, "motion": 0.026168156415224075, "flicker": 0.03782211244106293}
{"phase": "bench", "prompt": 12, "seed": 3000, "method": "TEA_0.1", "aesthetic": 5.777724266052246, "clip_text": 26.488948822021484, "subj_cons": 0.979062020778656, "imaging": 0.00039016036316752434, "motion": 0.025737188756465912, "flicker": 0.03789571672677994}
{"phase": "bench", "prompt": 12, "seed": 3000, "method": "TEA_0.15", "aesthetic": 5.692513465881348, "clip_text": 26.410951614379883, "subj_cons": 0.980520486831665, "imaging": 0.00032548425951972604, "motion": 0.024610046297311783, "flicker": 0.03576051443815231}
{"phase": "bench", "prompt": 12, "seed": 3000, "method": "TEA_0.2", "aesthetic": 5.749725341796875, "clip_text": 26.410844802856445, "subj_cons": 0.9836505651473999, "imaging": 0.00034548615803942084, "motion": 0.022785725072026253, "flicker": 0.03321311995387077}
{"phase": "bench", "prompt": 12, "seed": 3000, "method": "TEA_0.3", "aesthetic": 5.5466084480285645, "clip_text": 27.261226654052734, "subj_cons": 0.9808156490325928, "imaging": 0.0003446258488111198, "motion": 0.023686526343226433, "flicker": 0.03497806563973427}
{"phase": "bench", "prompt": 12, "seed": 3000, "method": "TS_n3", "aesthetic": 5.677682399749756, "clip_text": 26.658370971679688, "subj_cons": 0.9845895171165466, "imaging": 0.000358736258931458, "motion": 0.021586135029792786, "flicker": 0.030689403414726257}
{"phase": "bench", "prompt": 12, "seed": 3000, "method": "full", "aesthetic": 5.683277130126953, "clip_text": 25.952117919921875, "subj_cons": 0.9797101020812988, "imaging": 0.00036977269337512553, "motion": 0.027586596086621284, "flicker": 0.040277183055877686}
{"phase": "bench", "prompt": 12, "seed": 3000, "method": "full_perturb1e-2", "aesthetic": 5.709719181060791, "clip_text": 25.762479782104492, "subj_cons": 0.9784544110298157, "imaging": 0.00039755148463882506, "motion": 0.02760501392185688, "flicker": 0.040442921221256256}
{"phase": "bench", "prompt": 12, "seed": 3000, "method": "steps20", "aesthetic": 5.56981086730957, "clip_text": 26.260494232177734, "subj_cons": 0.972539484500885, "imaging": 0.0002271674748044461, "motion": 0.021978745236992836, "flicker": 0.03375157713890076}
{"phase": "bench", "prompt": 12, "seed": 3000, "method": "steps25", "aesthetic": 5.660921573638916, "clip_text": 25.897716522216797, "subj_cons": 0.9739067554473877, "imaging": 0.0002696999872568995, "motion": 0.023371635004878044, "flicker": 0.03557446971535683}
