The config attributes {'invert_scale_latents': False} were passed to AutoencoderKLCogVideoX, but are not expected and will be ignored. Please verify your config.json configuration file.
{"phase": "bench", "prompt": 4, "seed": 3000, "method": "FC_v2", "aesthetic": 5.769687652587891, "clip_text": 26.577966690063477, "subj_cons": 0.965996265411377, "imaging": 0.010754406452178955, "motion": 0.015372526831924915, "flicker": 0.023615874350070953}
{"phase": "bench", "prompt": 4, "seed": 3000, "method": "FC_v2_k3", "aesthetic": 5.758450031280518, "clip_text": 26.664819717407227, "subj_cons": 0.9669407606124878, "imaging": 0.010408012196421623, "motion": 0.01515075471252203, "flicker": 0.023125499486923218}
{"phase": "bench", "prompt": 4, "seed": 3000, "method": "FORA_n2", "aesthetic": 6.143483638763428, "clip_text": 26.969650268554688, "subj_cons": 0.9498304724693298, "imaging": 0.011131597682833672, "motion": 0.017004620283842087, "flicker": 0.026779765263199806}
{"phase": "bench", "prompt": 4, "seed": 3000, "method": "FORA_n3", "aesthetic": 6.0935893058776855, "clip_text": 26.748191833496094, "subj_cons": 0.9663724899291992, "imaging": 0.011169198900461197, "motion": 0.013469366356730461, "flicker": 0.02112097479403019}
{"phase": "bench", "prompt": 4, "seed": 3000, "method": "OURS_O3w10_B3", "aesthetic": 5.763393402099609, "clip_text": 26.947795867919922, "subj_cons": 0.9679715037345886, "imaging": 0.009875436313450336, "motion": 0.014355278573930264, "flicker": 0.0217296052724123}
{"phase": "bench", "prompt": 4, "seed": 3000, "method": "OURS_O3w13_B2", "aesthetic": 5.639378547668457, "clip_text": 27.053482055664062, "subj_cons": 0.965444028377533, "imaging": 0.0110799390822649, "motion": 0.015336550772190094, "flicker": 0.023689324036240578}
{"phase": "bench", "prompt": 4, "seed": 3000, "method": "OURS_O3w17_B2", "aesthetic": 5.786628246307373, "clip_text": 26.90274429321289, "subj_cons": 0.9657765626907349, "imaging": 0.010862759314477444, "motion": 0.015694646164774895, "flicker": 0.02414354495704174}
{"phase": "bench", "prompt": 4, "seed": 3000, "method": "OURS_O3w17_B2_GI", "aesthetic": 5.661947727203369, "clip_text": 27.092552185058594, "subj_cons": 0.9684773087501526, "imaging": 0.011024496518075466, "motion": 0.015406223013997078, "flicker": 0.02372346818447113}
{"phase": "bench", "prompt": 4, "seed": 3000, "method": "OURS_O4w10_B2", "aesthetic": 5.664278984069824, "clip_text": 26.847347259521484, "subj_cons": 0.9609951972961426, "imaging": 0.01129249669611454, "motion": 0.014839811250567436, "flicker": 0.022904083132743835}
{"phase": "bench", "prompt": 4, "seed": 3000, "method": "OURS_O4w13_B2", "aesthetic": 5.677435398101807, "clip_text": 27.02168846130371, "subj_cons": 0.9649960994720459, "imaging": 0.011423698626458645, "motion": 0.015467152930796146, "flicker": 0.02400609478354454}
{"phase": "bench", "prompt": 4, "seed": 3000, "method": "OURS_O4w13_B2_GI", "aesthetic": 5.693996429443359, "clip_text": 27.37537956237793, "subj_cons": 0.9683963656425476, "imaging": 0.011668956838548183, "motion": 0.015199164859950542, "flicker": 0.023642703890800476}
{"phase": "bench", "prompt": 4, "seed": 3000, "method": "OURS_O5w13_B2", "aesthetic": 5.709071636199951, "clip_text": 27.372390747070312, "subj_cons": 0.9685440063476562, "imaging": 0.011494616977870464, "motion": 0.015755904838442802, "flicker": 0.024706734344363213}
{"phase": "bench", "prompt": 4, "seed": 3000, "method": "OURS_Ow17_L4", "aesthetic": 5.706109523773193, "clip_text": 26.828792572021484, "subj_cons": 0.9660831689834595, "imaging": 0.011325673200190067, "motion": 0.01566651090979576, "flicker": 0.02426793985068798}
{"phase": "bench", "prompt": 4, "seed": 3000, "method": "OURS_Ow17_L4_GI", "aesthetic": 5.632376194000244, "clip_text": 27.092588424682617, "subj_cons": 0.9681937098503113, "imaging": 0.011437700130045414, "motion": 0.015474877320230007, "flicker": 0.023951973766088486}
{"phase": "bench", "prompt": 4, "seed": 3000, "method": "OURS_Ow20_L4", "aesthetic": 5.771449565887451, "clip_text": 26.798564910888672, "subj_cons": 0.9656733274459839, "imaging": 0.01117408461868763, "motion": 0.015752645209431648, "flicker": 0.02442968264222145}
{"phase": "bench", "prompt": 4, "seed": 3000, "method": "OURS_Ow7_L6_GI", "aesthetic": 5.962417125701904, "clip_text": 27.875980377197266, "subj_cons": 0.9658990502357483, "imaging": 0.009905749000608921, "motion": 0.014422324486076832, "flicker": 0.022110776975750923}
{"phase": "bench", "prompt": 4, "seed": 3000, "method": "PAB_k2", "aesthetic": 5.768326759338379, "clip_text": 26.566558837890625, "subj_cons": 0.9657441973686218, "imaging": 0.010786856524646282, "motion": 0.015397477895021439, "flicker": 0.023664075881242752}
{"phase": "bench", "prompt": 4, "seed": 3000, "method": "PAB_k3", "aesthetic": 5.782242774963379, "clip_text": 26.668346405029297, "subj_cons": 0.9665006995201111, "imaging": 0.010470852255821228, "motion": 0.015220829285681248, "flicker": 0.023246945813298225}
{"phase": "bench", "prompt": 4, "seed": 3000, "method": "TEA_0.1", "aesthetic": 5.8015971183776855, "clip_text": 27.005231857299805, "subj_cons": 0.9653090238571167, "imaging": 0.01103016547858715, "motion": 0.0156562440097332, "flicker": 0.024254480376839638}
{"phase": "bench", "prompt": 4, "seed": 3000, "method": "TEA_0.15", "aesthetic": 5.764302730560303, "clip_text": 26.65198516845703, "subj_cons": 0.963318943977356, "imaging": 0.00990902166813612, "motion": 0.01524035818874836, "flicker": 0.023411637172102928}
{"phase": "bench", "prompt": 4, "seed": 3000, "method": "TEA_0.2", "aesthetic": 5.747622013092041, "clip_text": 27.092864990234375, "subj_cons": 0.9647865295410156, "imaging": 0.010325536131858826, "motion": 0.013456527143716812, "flicker": 0.020818697288632393}
{"phase": "bench", "prompt": 4, "seed": 3000, "method": "TEA_0.3", "aesthetic": 5.8920817375183105, "clip_text": 26.51250648498535, "subj_cons": 0.9494002461433411, "imaging": 0.010418161749839783, "motion": 0.01657142862677574, "flicker": 0.025824686512351036}
{"phase": "bench", "prompt": 4, "seed": 3000, "method": "TS_n3", "aesthetic": 6.141173362731934, "clip_text": 26.96724510192871, "subj_cons": 0.9714731574058533, "imaging": 0.013236476108431816, "motion": 0.01712544448673725, "flicker": 0.02802068181335926}
{"phase": "bench", "prompt": 4, "seed": 3000, "method": "TS_n4", "aesthetic": 5.3620429039001465, "clip_text": 26.226911544799805, "subj_cons": 0.92414790391922, "imaging": 0.011630174703896046, "motion": 0.02596266195178032, "flicker": 0.046633895486593246}
{"phase": "bench", "prompt": 4, "seed": 3000, "method": "full", "aesthetic": 5.8268046379089355, "clip_text": 26.606103897094727, "subj_cons": 0.9660699367523193, "imaging": 0.011039447039365768, "motion": 0.015968576073646545, "flicker": 0.024784764274954796}
{"phase": "bench", "prompt": 4, "seed": 3000, "method": "full_perturb1e-2", "aesthetic": 5.765651702880859, "clip_text": 26.6230411529541, "subj_cons": 0.967049241065979, "imaging": 0.011007372289896011, "motion": 0.01598774641752243, "flicker": 0.0247854795306921}
{"phase": "bench", "prompt": 4, "seed": 3000, "method": "steps17", "aesthetic": 3.3389687538146973, "clip_text": 23.07137107849121, "subj_cons": 0.9540366530418396, "imaging": 0.00013002584455534816, "motion": 0.0007039312622509897, "flicker": 0.0012200651690363884}
{"phase": "bench", "prompt": 4, "seed": 3000, "method": "steps20", "aesthetic": 3.7281274795532227, "clip_text": 22.96311378479004, "subj_cons": 0.9283912181854248, "imaging": 0.00022746561444364488, "motion": 0.0015342333354055882, "flicker": 0.0028401913587003946}
{"phase": "bench", "prompt": 4, "seed": 3000, "method": "steps25", "aesthetic": 4.727235794067383, "clip_text": 22.388845443725586, "subj_cons": 0.9618791341781616, "imaging": 0.00293541606515646, "motion": 0.006704661995172501, "flicker": 0.012411224655807018}
{"phase": "bench", "prompt": 5, "seed": 3000, "method": "FC_v2", "aesthetic": 4.087134838104248, "clip_text": 24.061513900756836, "subj_cons": 0.9649903774261475, "imaging": 0.0025132372975349426, "motion": 0.013825494796037674, "flicker": 0.02192608080804348}
{"phase": "bench", "prompt": 5, "seed": 3000, "method": "FC_v2_k3", "aesthetic": 3.9708077907562256, "clip_text": 24.257667541503906, "subj_cons": 0.965285062789917, "imaging": 0.0022278481628745794, "motion": 0.013609817251563072, "flicker": 0.02151484414935112}
{"phase": "bench", "prompt": 5, "seed": 3000, "method": "FORA_n2", "aesthetic": 4.224466800689697, "clip_text": 22.3850154876709, "subj_cons": 0.9547945261001587, "imaging": 0.0007668137550354004, "motion": 0.01692056469619274, "flicker": 0.026637407019734383}
{"phase": "bench", "prompt": 5, "seed": 3000, "method": "FORA_n3", "aesthetic": 4.286706447601318, "clip_text": 23.16022300720215, "subj_cons": 0.939978837966919, "imaging": 0.0007044995436444879, "motion": 0.017528962343931198, "flicker": 0.027078699320554733}
{"phase": "bench", "prompt": 5, "seed": 3000, "method": "OURS_O3w10_B3", "aesthetic": 4.228265285491943, "clip_text": 22.9133243560791, "subj_cons": 0.942054033279419, "imaging": 0.0023169899359345436, "motion": 0.013964459300041199, "flicker": 0.021943913772702217}
{"phase": "bench", "prompt": 5, "seed": 3000, "method": "OURS_O3w13_B2", "aesthetic": 3.8115320205688477, "clip_text": 21.86005973815918, "subj_cons": 0.9337000846862793, "imaging": 0.002538827480748296, "motion": 0.014491045847535133, "flicker": 0.023161623626947403}
{"phase": "bench", "prompt": 5, "seed": 3000, "method": "OURS_O3w17_B2", "aesthetic": 3.9891409873962402, "clip_text": 24.128164291381836, "subj_cons": 0.9658007621765137, "imaging": 0.0024530640803277493, "motion": 0.014094608835875988, "flicker": 0.022188881412148476}
{"phase": "bench", "prompt": 5, "seed": 3000, "method": "OURS_O3w17_B2_GI", "aesthetic": 3.9447357654571533, "clip_text": 24.421005249023438, "subj_cons": 0.9626978635787964, "imaging": 0.0025097860489040613, "motion": 0.013919802382588387, "flicker": 0.02194559946656227}
{"phase": "bench", "prompt": 5, "seed": 3000, "method": "OURS_O4w10_B2", "aesthetic": 4.173745155334473, "clip_text": 23.146570205688477, "subj_cons": 0.9525112509727478, "imaging": 0.002450375584885478, "motion": 0.015216678380966187, "flicker": 0.02387710101902485}
{"phase": "bench", "prompt": 5, "seed": 3000, "method": "OURS_O4w13_B2", "aesthetic": 4.152057647705078, "clip_text": 22.049293518066406, "subj_cons": 0.9231604337692261, "imaging": 0.002553151221945882, "motion": 0.014570750296115875, "flicker": 0.023197205737233162}
{"phase": "bench", "prompt": 5, "seed": 3000, "method": "OURS_O4w13_B2_GI", "aesthetic": 4.134387969970703, "clip_text": 22.167940139770508, "subj_cons": 0.923658549785614, "imaging": 0.0025260448455810547, "motion": 0.014358418993651867, "flicker": 0.022778024896979332}
{"phase": "bench", "prompt": 5, "seed": 3000, "method": "OURS_O5w13_B2", "aesthetic": 3.907740592956543, "clip_text": 22.12120819091797, "subj_cons": 0.9312810897827148, "imaging": 0.00266625196672976, "motion": 0.014994473196566105, "flicker": 0.02370215207338333}
{"phase": "bench", "prompt": 5, "seed": 3000, "method": "OURS_Ow17_L4", "aesthetic": 4.064355373382568, "clip_text": 24.278854370117188, "subj_cons": 0.9648052453994751, "imaging": 0.0027818800881505013, "motion": 0.014277885667979717, "flicker": 0.022625820711255074}
{"phase": "bench", "prompt": 5, "seed": 3000, "method": "OURS_Ow17_L4_GI", "aesthetic": 4.040853500366211, "clip_text": 24.385364532470703, "subj_cons": 0.9609935879707336, "imaging": 0.0027940929867327213, "motion": 0.014157906174659729, "flicker": 0.022412870079278946}
{"phase": "bench", "prompt": 5, "seed": 3000, "method": "OURS_Ow20_L4", "aesthetic": 4.171152591705322, "clip_text": 23.99968147277832, "subj_cons": 0.9639233350753784, "imaging": 0.002809008816257119, "motion": 0.014280897565186024, "flicker": 0.022688552737236023}
{"phase": "bench", "prompt": 5, "seed": 3000, "method": "OURS_Ow7_L6_GI", "aesthetic": 3.942742347717285, "clip_text": 23.03264617919922, "subj_cons": 0.942327618598938, "imaging": 0.002262069145217538, "motion": 0.012979785911738873, "flicker": 0.020500848069787025}
{"phase": "bench", "prompt": 5, "seed": 3000, "method": "PAB_k2", "aesthetic": 4.083815097808838, "clip_text": 24.04865837097168, "subj_cons": 0.9650473594665527, "imaging": 0.0025216161739081144, "motion": 0.013853967189788818, "flicker": 0.021972261369228363}
{"phase": "bench", "prompt": 5, "seed": 3000, "method": "PAB_k3", "aesthetic": 3.9506852626800537, "clip_text": 24.165496826171875, "subj_cons": 0.9635012149810791, "imaging": 0.0022459705360233784, "motion": 0.013673902489244938, "flicker": 0.02162916213274002}
{"phase": "bench", "prompt": 5, "seed": 3000, "method": "TEA_0.1", "aesthetic": 3.7269482612609863, "clip_text": 23.528413772583008, "subj_cons": 0.9500492811203003, "imaging": 0.00266881100833416, "motion": 0.01406426914036274, "flicker": 0.022440388798713684}
{"phase": "bench", "prompt": 5, "seed": 3000, "method": "TEA_0.15", "aesthetic": 4.173715591430664, "clip_text": 23.004648208618164, "subj_cons": 0.961050808429718, "imaging": 0.0021826964803040028, "motion": 0.014153174124658108, "flicker": 0.022518714889883995}
{"phase": "bench", "prompt": 5, "seed": 3000, "method": "TEA_0.2", "aesthetic": 4.327661991119385, "clip_text": 22.879180908203125, "subj_cons": 0.9607612490653992, "imaging": 0.0022949902340769768, "motion": 0.013633718714118004, "flicker": 0.021664315834641457}
{"phase": "bench", "prompt": 5, "seed": 3000, "method": "TEA_0.3", "aesthetic": 3.534245729446411, "clip_text": 21.263669967651367, "subj_cons": 0.931224524974823, "imaging": 0.0006296676583588123, "motion": 0.01740393415093422, "flicker": 0.026496360078454018}
{"phase": "bench", "prompt": 5, "seed": 3000, "method": "TS_n3", "aesthetic": 3.6490182876586914, "clip_text": 24.41669464111328, "subj_cons": 0.9498116970062256, "imaging": 0.0022319869603961706, "motion": 0.016894357278943062, "flicker": 0.026864968240261078}
{"phase": "bench", "prompt": 5, "seed": 3000, "method": "TS_n4", "aesthetic": 4.076330661773682, "clip_text": 24.097915649414062, "subj_cons": 0.9532729983329773, "imaging": 0.0020625856705009937, "motion": 0.019750799983739853, "flicker": 0.03002687729895115}
{"phase": "bench", "prompt": 5, "seed": 3000, "method": "full", "aesthetic": 4.136165142059326, "clip_text": 24.013912200927734, "subj_cons": 0.9624619483947754, "imaging": 0.0026456895284354687, "motion": 0.014154997654259205, "flicker": 0.022456414997577667}
{"phase": "bench", "prompt": 5, "seed": 3000, "method": "full_perturb1e-2", "aesthetic": 3.954597234725952, "clip_text": 23.746929168701172, "subj_cons": 0.955944299697876, "imaging": 0.0027900487184524536, "motion": 0.01406458206474781, "flicker": 0.022305915132164955}
{"phase": "bench", "prompt": 5, "seed": 3000, "method": "steps17", "aesthetic": 4.778952121734619, "clip_text": 28.291284561157227, "subj_cons": 0.9344341158866882, "imaging": 0.0002020960091613233, "motion": 0.007378376089036465, "flicker": 0.011594436131417751}
{"phase": "bench", "prompt": 5, "seed": 3000, "method": "steps20", "aesthetic": 4.560774326324463, "clip_text": 28.51017951965332, "subj_cons": 0.9470358490943909, "imaging": 0.0005923100979998708, "motion": 0.010119735263288021, "flicker": 0.01589680276811123}
{"phase": "bench", "prompt": 5, "seed": 3000, "method": "steps25", "aesthetic": 4.375004768371582, "clip_text": 25.455307006835938, "subj_cons": 0.9666286706924438, "imaging": 0.0008441052050329745, "motion": 0.015710292384028435, "flicker": 0.024409949779510498}
{"phase": "bench", "prompt": 6, "seed": 3000, "method": "FC_v2", "aesthetic": 6.081085205078125, "clip_text": 28.09869384765625, "subj_cons": 0.9674702882766724, "imaging": 0.0026406790129840374, "motion": 0.035919804126024246, "flicker": 0.05636022984981537}
{"phase": "bench", "prompt": 6, "seed": 3000, "method": "FC_v2_k3", "aesthetic": 6.067616939544678, "clip_text": 28.013696670532227, "subj_cons": 0.9648205637931824, "imaging": 0.002534035826101899, "motion": 0.034984566271305084, "flicker": 0.0547143928706646}
{"phase": "bench", "prompt": 6, "seed": 3000, "method": "FORA_n2", "aesthetic": 6.045674800872803, "clip_text": 27.69256019592285, "subj_cons": 0.9499562978744507, "imaging": 0.0022224332205951214, "motion": 0.032635174691677094, "flicker": 0.05042480677366257}
{"phase": "bench", "prompt": 6, "seed": 3000, "method": "FORA_n3", "aesthetic": 6.306522846221924, "clip_text": 28.72553825378418, "subj_cons": 0.9674268960952759, "imaging": 0.0020342678762972355, "motion": 0.029948877170681953, "flicker": 0.04543077200651169}
{"phase": "bench", "prompt": 6, "seed": 3000, "method": "OURS_O3w10_B3", "aesthetic": 5.92069149017334, "clip_text": 27.873559951782227, "subj_cons": 0.96455317735672, "imaging": 0.0025115429889410734, "motion": 0.034340716898441315, "flicker": 0.05360281839966774}
{"phase": "bench", "prompt": 6, "seed": 3000, "method": "OURS_O3w13_B2", "aesthetic": 6.1608567237854, "clip_text": 27.816661834716797, "subj_cons": 0.9610550403594971, "imaging": 0.0028623780235648155, "motion": 0.03613947331905365, "flicker": 0.05699259042739868}
{"phase": "bench", "prompt": 6, "seed": 3000, "method": "OURS_O3w17_B2", "aesthetic": 6.145740509033203, "clip_text": 28.004127502441406, "subj_cons": 0.9673943519592285, "imaging": 0.0026950014289468527, "motion": 0.036547981202602386, "flicker": 0.05726823955774307}
{"phase": "bench", "prompt": 6, "seed": 3000, "method": "OURS_O3w17_B2_GI", "aesthetic": 5.9712982177734375, "clip_text": 27.947595596313477, "subj_cons": 0.9687707424163818, "imaging": 0.002761771669611335, "motion": 0.03640301153063774, "flicker": 0.05719839781522751}
{"phase": "bench", "prompt": 6, "seed": 3000, "method": "OURS_O4w10_B2", "aesthetic": 6.083341598510742, "clip_text": 27.937061309814453, "subj_cons": 0.962463915348053, "imaging": 0.0028168768621981144, "motion": 0.03703123331069946, "flicker": 0.058343611657619476}
{"phase": "bench", "prompt": 6, "seed": 3000, "method": "OURS_O4w13_B2", "aesthetic": 6.125429153442383, "clip_text": 28.035036087036133, "subj_cons": 0.9570832252502441, "imaging": 0.002889845287427306, "motion": 0.035755179822444916, "flicker": 0.05642811581492424}
{"phase": "bench", "prompt": 6, "seed": 3000, "method": "OURS_O4w13_B2_GI", "aesthetic": 6.063178539276123, "clip_text": 27.997129440307617, "subj_cons": 0.9637793302536011, "imaging": 0.0029384924564510584, "motion": 0.035458214581012726, "flicker": 0.05605076998472214}
{"phase": "bench", "prompt": 6, "seed": 3000, "method": "OURS_O5w13_B2", "aesthetic": 6.058498859405518, "clip_text": 27.7454891204834, "subj_cons": 0.9672319889068604, "imaging": 0.002979335142299533, "motion": 0.03568091243505478, "flicker": 0.05622508004307747}
{"phase": "bench", "prompt": 6, "seed": 3000, "method": "OURS_Ow17_L4", "aesthetic": 6.114663600921631, "clip_text": 28.067180633544922, "subj_cons": 0.9671131372451782, "imaging": 0.0028056027367711067, "motion": 0.037325114011764526, "flicker": 0.05877881124615669}
{"phase": "bench", "prompt": 6, "seed": 3000, "method": "OURS_Ow17_L4_GI", "aesthetic": 5.983179569244385, "clip_text": 27.997150421142578, "subj_cons": 0.968434751033783, "imaging": 0.0028321873396635056, "motion": 0.03729976713657379, "flicker": 0.05888677015900612}
{"phase": "bench", "prompt": 6, "seed": 3000, "method": "OURS_Ow20_L4", "aesthetic": 6.142560005187988, "clip_text": 28.218433380126953, "subj_cons": 0.9662339091300964, "imaging": 0.0027417223900556564, "motion": 0.03714646399021149, "flicker": 0.05835622176527977}
{"phase": "bench", "prompt": 6, "seed": 3000, "method": "OURS_Ow7_L6_GI", "aesthetic": 5.845773220062256, "clip_text": 27.805397033691406, "subj_cons": 0.9674656391143799, "imaging": 0.0021697580814361572, "motion": 0.03516373038291931, "flicker": 0.05512705445289612}
{"phase": "bench", "prompt": 6, "seed": 3000, "method": "PAB_k2", "aesthetic": 6.085315704345703, "clip_text": 28.080726623535156, "subj_cons": 0.967499852180481, "imaging": 0.002641382860019803, "motion": 0.03594498708844185, "flicker": 0.05640144646167755}
{"phase": "bench", "prompt": 6, "seed": 3000, "method": "PAB_k3", "aesthetic": 6.074735641479492, "clip_text": 28.041521072387695, "subj_cons": 0.9665448665618896, "imaging": 0.0025318555999547243, "motion": 0.035041436553001404, "flicker": 0.05481024831533432}
{"phase": "bench", "prompt": 6, "seed": 3000, "method": "TEA_0.1", "aesthetic": 6.091945648193359, "clip_text": 28.14617156982422, "subj_cons": 0.9684491157531738, "imaging": 0.002634817734360695, "motion": 0.03676774725317955, "flicker": 0.0576535128057003}
{"phase": "bench", "prompt": 6, "seed": 3000, "method": "TEA_0.15", "aesthetic": 6.3173651695251465, "clip_text": 27.652135848999023, "subj_cons": 0.9621340036392212, "imaging": 0.0027604978531599045, "motion": 0.038635578006505966, "flicker": 0.06100232154130936}
{"phase": "bench", "prompt": 6, "seed": 3000, "method": "TEA_0.2", "aesthetic": 6.21305513381958, "clip_text": 28.228891372680664, "subj_cons": 0.9660611152648926, "imaging": 0.0022616712376475334, "motion": 0.034192994236946106, "flicker": 0.053015246987342834}
{"phase": "bench", "prompt": 6, "seed": 3000, "method": "TEA_0.3", "aesthetic": 5.806016445159912, "clip_text": 27.39240264892578, "subj_cons": 0.9663969874382019, "imaging": 0.002090913476422429, "motion": 0.031232504174113274, "flicker": 0.04831988736987114}
{"phase": "bench", "prompt": 6, "seed": 3000, "method": "TS_n3", "aesthetic": 6.06308650970459, "clip_text": 26.83240509033203, "subj_cons": 0.9608334302902222, "imaging": 0.005611355882138014, "motion": 0.05090297758579254, "flicker": 0.08491905778646469}
{"phase": "bench", "prompt": 6, "seed": 3000, "method": "TS_n4", "aesthetic": 5.8155341148376465, "clip_text": 27.84182357788086, "subj_cons": 0.9559507369995117, "imaging": 0.01066041924059391, "motion": 0.054160866886377335, "flicker": 0.0930863469839096}
{"phase": "bench", "prompt": 6, "seed": 3000, "method": "full", "aesthetic": 6.151165962219238, "clip_text": 28.355268478393555, "subj_cons": 0.9668537378311157, "imaging": 0.002769999671727419, "motion": 0.03717305511236191, "flicker": 0.058420613408088684}
{"phase": "bench", "prompt": 6, "seed": 3000, "method": "full_perturb1e-2", "aesthetic": 6.178544998168945, "clip_text": 28.36384391784668, "subj_cons": 0.966863751411438, "imaging": 0.0028009419329464436, "motion": 0.037583932280540466, "flicker": 0.059335775673389435}
{"phase": "bench", "prompt": 6, "seed": 3000, "method": "steps17", "aesthetic": 6.2382965087890625, "clip_text": 26.92106056213379, "subj_cons": 0.9781252145767212, "imaging": 0.0005691699334420264, "motion": 0.015333504416048527, "flicker": 0.024094348773360252}
{"phase": "bench", "prompt": 6, "seed": 3000, "method": "steps20", "aesthetic": 6.370899200439453, "clip_text": 23.74311065673828, "subj_cons": 0.9908613562583923, "imaging": 0.0007506388938054442, "motion": 0.017038090154528618, "flicker": 0.027350932359695435}
{"phase": "bench", "prompt": 6, "seed": 3000, "method": "steps25", "aesthetic": 6.4414753913879395, "clip_text": 27.647701263427734, "subj_cons": 0.9558224678039551, "imaging": 0.0009655742323957384, "motion": 0.022054044529795647, "flicker": 0.03584117442369461}
{"phase": "bench", "prompt": 7, "seed": 3000, "method": "FC_v2", "aesthetic": 6.80540657043457, "clip_text": 29.527040481567383, "subj_cons": 0.9969081878662109, "imaging": 0.004260632209479809, "motion": 0.010680104605853558, "flicker": 0.01730799674987793}
{"phase": "bench", "prompt": 7, "seed": 3000, "method": "FC_v2_k3", "aesthetic": 6.793199062347412, "clip_text": 29.639867782592773, "subj_cons": 0.9968395829200745, "imaging": 0.004185863304883242, "motion": 0.010212084278464317, "flicker": 0.016493046656250954}
{"phase": "bench", "prompt": 7, "seed": 3000, "method": "FORA_n2", "aesthetic": 6.868562698364258, "clip_text": 28.785423278808594, "subj_cons": 0.9975111484527588, "imaging": 0.003354822052642703, "motion": 0.010039226152002811, "flicker": 0.016245001927018166}
{"phase": "bench", "prompt": 7, "seed": 3000, "method": "FORA_n3", "aesthetic": 6.934357643127441, "clip_text": 28.799026489257812, "subj_cons": 0.996623158454895, "imaging": 0.0029821887146681547, "motion": 0.009605789557099342, "flicker": 0.015458323061466217}
{"phase": "bench", "prompt": 7, "seed": 3000, "method": "OURS_O3w10_B3", "aesthetic": 6.76346492767334, "clip_text": 29.809682846069336, "subj_cons": 0.9954566955566406, "imaging": 0.0049421233125030994, "motion": 0.011494706384837627, "flicker": 0.017709504812955856}
{"phase": "bench", "prompt": 7, "seed": 3000, "method": "OURS_O3w13_B2", "aesthetic": 6.72305154800415, "clip_text": 29.854928970336914, "subj_cons": 0.9958512187004089, "imaging": 0.004449754953384399, "motion": 0.010902798734605312, "flicker": 0.0174273569136858}
{"phase": "bench", "prompt": 7, "seed": 3000, "method": "OURS_O3w17_B2", "aesthetic": 6.708775997161865, "clip_text": 29.726686477661133, "subj_cons": 0.9959216117858887, "imaging": 0.004322442226111889, "motion": 0.011110000312328339, "flicker": 0.01793535053730011}
{"phase": "bench", "prompt": 7, "seed": 3000, "method": "OURS_O3w17_B2_GI", "aesthetic": 6.70350980758667, "clip_text": 29.98162269592285, "subj_cons": 0.9956204891204834, "imaging": 0.004404005128890276, "motion": 0.010910235345363617, "flicker": 0.017635056748986244}
{"phase": "bench", "prompt": 7, "seed": 3000, "method": "OURS_O4w10_B2", "aesthetic": 6.62114143371582, "clip_text": 30.461702346801758, "subj_cons": 0.9962389469146729, "imaging": 0.006249999161809683, "motion": 0.013324552215635777, "flicker": 0.020385045558214188}
{"phase": "bench", "prompt": 7, "seed": 3000, "method": "OURS_O4w13_B2", "aesthetic": 6.770098686218262, "clip_text": 29.722318649291992, "subj_cons": 0.9961286783218384, "imaging": 0.0046017784625291824, "motion": 0.010952754877507687, "flicker": 0.017423206940293312}
{"phase": "bench", "prompt": 7, "seed": 3000, "method": "OURS_O4w13_B2_GI", "aesthetic": 6.677097797393799, "clip_text": 29.957862854003906, "subj_cons": 0.9961507320404053, "imaging": 0.004576920531690121, "motion": 0.010774142108857632, "flicker": 0.0171291995793581}
{"phase": "bench", "prompt": 7, "seed": 3000, "method": "OURS_O5w13_B2", "aesthetic": 6.65687894821167, "clip_text": 29.860157012939453, "subj_cons": 0.9956574440002441, "imaging": 0.004722849931567907, "motion": 0.011424143798649311, "flicker": 0.017912309616804123}
{"phase": "bench", "prompt": 7, "seed": 3000, "method": "OURS_Ow17_L4", "aesthetic": 6.77351713180542, "clip_text": 29.62124252319336, "subj_cons": 0.9966239929199219, "imaging": 0.004699102137237787, "motion": 0.01118985004723072, "flicker": 0.018132541328668594}
{"phase": "bench", "prompt": 7, "seed": 3000, "method": "OURS_Ow17_L4_GI", "aesthetic": 6.776057720184326, "clip_text": 29.76423454284668, "subj_cons": 0.9955554604530334, "imaging": 0.004735962953418493, "motion": 0.011060711927711964, "flicker": 0.017891928553581238}
{"phase": "bench", "prompt": 7, "seed": 3000, "method": "OURS_Ow20_L4", "aesthetic": 6.827050685882568, "clip_text": 29.45547103881836, "subj_cons": 0.997002363204956, "imaging": 0.00455169752240181, "motion": 0.011091643944382668, "flicker": 0.017924780026078224}
{"phase": "bench", "prompt": 7, "seed": 3000, "method": "OURS_Ow7_L6_GI", "aesthetic": 6.750507354736328, "clip_text": 29.70639991760254, "subj_cons": 0.9946311116218567, "imaging": 0.007643343880772591, "motion": 0.008616248145699501, "flicker": 0.013254798017442226}
{"phase": "bench", "prompt": 7, "seed": 3000, "method": "PAB_k2", "aesthetic": 6.804623603820801, "clip_text": 29.52330780029297, "subj_cons": 0.9968835115432739, "imaging": 0.00426551653072238, "motion": 0.010690480470657349, "flicker": 0.017326291650533676}
{"phase": "bench", "prompt": 7, "seed": 3000, "method": "PAB_k3", "aesthetic": 6.778280735015869, "clip_text": 29.636669158935547, "subj_cons": 0.9966906309127808, "imaging": 0.004208475351333618, "motion": 0.010244203731417656, "flicker": 0.016547461971640587}
{"phase": "bench", "prompt": 7, "seed": 3000, "method": "TEA_0.1", "aesthetic": 6.778357982635498, "clip_text": 29.502037048339844, "subj_cons": 0.9960076808929443, "imaging": 0.0043856119737029076, "motion": 0.01083376444876194, "flicker": 0.01749047450721264}
{"phase": "bench", "prompt": 7, "seed": 3000, "method": "TEA_0.15", "aesthetic": 6.759912967681885, "clip_text": 29.866275787353516, "subj_cons": 0.9959847927093506, "imaging": 0.00380526902154088, "motion": 0.01030063908547163, "flicker": 0.016702035441994667}
{"phase": "bench", "prompt": 7, "seed": 3000, "method": "TEA_0.2", "aesthetic": 6.726709365844727, "clip_text": 29.66257095336914, "subj_cons": 0.9955048561096191, "imaging": 0.004344249609857798, "motion": 0.009136807173490524, "flicker": 0.014526338316500187}
{"phase": "bench", "prompt": 7, "seed": 3000, "method": "TEA_0.3", "aesthetic": 6.6353983879089355, "clip_text": 29.232540130615234, "subj_cons": 0.9965265989303589, "imaging": 0.0034198169596493244, "motion": 0.009686699137091637, "flicker": 0.015204602852463722}
{"phase": "bench", "prompt": 7, "seed": 3000, "method": "TS_n3", "aesthetic": 6.716845512390137, "clip_text": 29.264995574951172, "subj_cons": 0.9980189800262451, "imaging": 0.006931680720299482, "motion": 0.010028849355876446, "flicker": 0.016526682302355766}
{"phase": "bench", "prompt": 7, "seed": 3000, "method": "TS_n4", "aesthetic": 6.786777496337891, "clip_text": 29.95944595336914, "subj_cons": 0.99798583984375, "imaging": 0.010910714976489544, "motion": 0.009054137393832207, "flicker": 0.014781798236072063}
{"phase": "bench", "prompt": 7, "seed": 3000, "method": "full", "aesthetic": 6.791800022125244, "clip_text": 29.528770446777344, "subj_cons": 0.9971205592155457, "imaging": 0.0044935657642781734, "motion": 0.011030247434973717, "flicker": 0.01792440004646778}
{"phase": "bench", "prompt": 7, "seed": 3000, "method": "full_perturb1e-2", "aesthetic": 6.769759178161621, "clip_text": 29.161067962646484, "subj_cons": 0.9964626431465149, "imaging": 0.004345743916928768, "motion": 0.011135898530483246, "flicker": 0.01800443045794964}
{"phase": "bench", "prompt": 7, "seed": 3000, "method": "steps17", "aesthetic": 6.49920129776001, "clip_text": 27.326831817626953, "subj_cons": 0.9963419437408447, "imaging": 0.00044511654414236546, "motion": 0.0055777532979846, "flicker": 0.008218182250857353}
{"phase": "bench", "prompt": 7, "seed": 3000, "method": "steps20", "aesthetic": 7.083284378051758, "clip_text": 26.899782180786133, "subj_cons": 0.9972352981567383, "imaging": 0.0008275011787191033, "motion": 0.005804015323519707, "flicker": 0.009222599677741528}
{"phase": "bench", "prompt": 7, "seed": 3000, "method": "steps25", "aesthetic": 6.914647579193115, "clip_text": 26.965049743652344, "subj_cons": 0.9968646764755249, "imaging": 0.0015138293383643031, "motion": 0.007030312903225422, "flicker": 0.011229547671973705}
{"phase": "bench", "prompt": 8, "seed": 3000, "method": "FC_v2", "aesthetic": 5.700757026672363, "clip_text": 29.677654266357422, "subj_cons": 0.984935998916626, "imaging": 0.0009742714464664459, "motion": 0.026555592194199562, "flicker": 0.0451667495071888}
{"phase": "bench", "prompt": 8, "seed": 3000, "method": "FC_v2_k3", "aesthetic": 5.655442714691162, "clip_text": 29.847488403320312, "subj_cons": 0.985216498374939, "imaging": 0.0009394452790729702, "motion": 0.026259945705533028, "flicker": 0.04454287141561508}
{"phase": "bench", "prompt": 8, "seed": 3000, "method": "FORA_n2", "aesthetic": 5.624203205108643, "clip_text": 29.1256046295166, "subj_cons": 0.9828329682350159, "imaging": 0.0012435730313882232, "motion": 0.027836306020617485, "flicker": 0.04835835099220276}
{"phase": "bench", "prompt": 8, "seed": 3000, "method": "FORA_n3", "aesthetic": 5.957493305206299, "clip_text": 28.360509872436523, "subj_cons": 0.9823727607727051, "imaging": 0.0007263575680553913, "motion": 0.024049071595072746, "flicker": 0.041345614939928055}
{"phase": "bench", "prompt": 8, "seed": 3000, "method": "OURS_O3w10_B3", "aesthetic": 5.501864433288574, "clip_text": 29.946569442749023, "subj_cons": 0.9856626987457275, "imaging": 0.00102277344558388, "motion": 0.02699431963264942, "flicker": 0.04637099429965019}
{"phase": "bench", "prompt": 8, "seed": 3000, "method": "OURS_O3w13_B2", "aesthetic": 5.560376167297363, "clip_text": 29.80434799194336, "subj_cons": 0.9855360984802246, "imaging": 0.00105158775113523, "motion": 0.027280203998088837, "flicker": 0.04663918912410736}
{"phase": "bench", "prompt": 8, "seed": 3000, "method": "OURS_O3w17_B2", "aesthetic": 5.638310432434082, "clip_text": 29.74445152282715, "subj_cons": 0.98524409532547, "imaging": 0.0009489108924753964, "motion": 0.027059273794293404, "flicker": 0.046010423451662064}
{"phase": "bench", "prompt": 8, "seed": 3000, "method": "OURS_O3w17_B2_GI", "aesthetic": 5.571517467498779, "clip_text": 29.731229782104492, "subj_cons": 0.9840059280395508, "imaging": 0.0010056773899123073, "motion": 0.026834381744265556, "flicker": 0.04579440876841545}
{"phase": "bench", "prompt": 8, "seed": 3000, "method": "OURS_O4w10_B2", "aesthetic": 5.305532455444336, "clip_text": 30.074310302734375, "subj_cons": 0.9845373630523682, "imaging": 0.0011990322964265943, "motion": 0.02850964106619358, "flicker": 0.049324553459882736}
{"phase": "bench", "prompt": 8, "seed": 3000, "method": "OURS_O4w13_B2", "aesthetic": 5.584132671356201, "clip_text": 29.820758819580078, "subj_cons": 0.9863411784172058, "imaging": 0.0010948901763185859, "motion": 0.02715473249554634, "flicker": 0.04630303755402565}
{"phase": "bench", "prompt": 8, "seed": 3000, "method": "OURS_O4w13_B2_GI", "aesthetic": 5.49551248550415, "clip_text": 29.787662506103516, "subj_cons": 0.9871337413787842, "imaging": 0.0011648227227851748, "motion": 0.026949143037199974, "flicker": 0.04616658017039299}
{"phase": "bench", "prompt": 8, "seed": 3000, "method": "OURS_O5w13_B2", "aesthetic": 5.451406955718994, "clip_text": 29.799970626831055, "subj_cons": 0.9865751266479492, "imaging": 0.001134909805841744, "motion": 0.027969051152467728, "flicker": 0.04764670878648758}
{"phase": "bench", "prompt": 8, "seed": 3000, "method": "OURS_Ow17_L4", "aesthetic": 5.662115573883057, "clip_text": 29.773935317993164, "subj_cons": 0.9861782789230347, "imaging": 0.001015298068523407, "motion": 0.027069726958870888, "flicker": 0.0461454764008522}
{"phase": "bench", "prompt": 8, "seed": 3000, "method": "OURS_Ow17_L4_GI", "aesthetic": 5.616411209106445, "clip_text": 29.741069793701172, "subj_cons": 0.9842429161071777, "imaging": 0.0010628791060298681, "motion": 0.026976358145475388, "flicker": 0.04612242057919502}
{"phase": "bench", "prompt": 8, "seed": 3000, "method": "OURS_Ow20_L4", "aesthetic": 5.665300369262695, "clip_text": 29.726404190063477, "subj_cons": 0.9842040538787842, "imaging": 0.0010261312127113342, "motion": 0.02701486460864544, "flicker": 0.046041399240493774}
{"phase": "bench", "prompt": 8, "seed": 3000, "method": "OURS_Ow7_L6_GI", "aesthetic": 5.641899585723877, "clip_text": 29.539737701416016, "subj_cons": 0.9868660569190979, "imaging": 0.0010702584404498339, "motion": 0.025279207155108452, "flicker": 0.04331096261739731}
{"phase": "bench", "prompt": 8, "seed": 3000, "method": "PAB_k2", "aesthetic": 5.703577518463135, "clip_text": 29.663646697998047, "subj_cons": 0.9847538471221924, "imaging": 0.0009764431160874665, "motion": 0.026570413261651993, "flicker": 0.04519098624587059}
{"phase": "bench", "prompt": 8, "seed": 3000, "method": "PAB_k3", "aesthetic": 5.658936500549316, "clip_text": 29.81079864501953, "subj_cons": 0.9852982759475708, "imaging": 0.0009469439974054694, "motion": 0.026312002912163734, "flicker": 0.044632043689489365}
{"phase": "bench", "prompt": 8, "seed": 3000, "method": "TEA_0.1", "aesthetic": 5.660256862640381, "clip_text": 29.57539176940918, "subj_cons": 0.985302209854126, "imaging": 0.0010058608604595065, "motion": 0.02671683579683304, "flicker": 0.04557390138506889}
{"phase": "bench", "prompt": 8, "seed": 3000, "method": "TEA_0.15", "aesthetic": 5.5999579429626465, "clip_text": 29.449251174926758, "subj_cons": 0.9865126609802246, "imaging": 0.0010764807229861617, "motion": 0.023987099528312683, "flicker": 0.040715206414461136}
{"phase": "bench", "prompt": 8, "seed": 3000, "method": "TEA_0.2", "aesthetic": 5.938907623291016, "clip_text": 29.088279724121094, "subj_cons": 0.9869520664215088, "imaging": 0.0011600377038121223, "motion": 0.023530911654233932, "flicker": 0.04041178524494171}
{"phase": "bench", "prompt": 8, "seed": 3000, "method": "TEA_0.3", "aesthetic": 5.510643482208252, "clip_text": 28.823488235473633, "subj_cons": 0.9764987230300903, "imaging": 0.0009247184498235583, "motion": 0.026891548186540604, "flicker": 0.04639401286840439}
{"phase": "bench", "prompt": 8, "seed": 3000, "method": "TS_n3", "aesthetic": 5.7075090408325195, "clip_text": 29.057279586791992, "subj_cons": 0.9874869585037231, "imaging": 0.0011735252337530255, "motion": 0.02185586467385292, "flicker": 0.03784320503473282}
{"phase": "bench", "prompt": 8, "seed": 3000, "method": "TS_n4", "aesthetic": 5.4573163986206055, "clip_text": 29.925403594970703, "subj_cons": 0.9883002042770386, "imaging": 0.0016059165354818106, "motion": 0.02427804470062256, "flicker": 0.04201092943549156}
{"phase": "bench", "prompt": 8, "seed": 3000, "method": "full", "aesthetic": 5.719600677490234, "clip_text": 29.687580108642578, "subj_cons": 0.9852268695831299, "imaging": 0.0010020706104114652, "motion": 0.026936842128634453, "flicker": 0.04577700048685074}
{"phase": "bench", "prompt": 8, "seed": 3000, "method": "full_perturb1e-2", "aesthetic": 5.681414604187012, "clip_text": 29.698875427246094, "subj_cons": 0.9844404458999634, "imaging": 0.00107228581327945, "motion": 0.026524068787693977, "flicker": 0.04507182165980339}
{"phase": "bench", "prompt": 8, "seed": 3000, "method": "steps17", "aesthetic": 5.68027400970459, "clip_text": 30.088754653930664, "subj_cons": 0.9781485795974731, "imaging": 0.0003689737350214273, "motion": 0.015127710066735744, "flicker": 0.025015467777848244}
{"phase": "bench", "prompt": 8, "seed": 3000, "method": "steps20", "aesthetic": 5.762585639953613, "clip_text": 30.19695281982422, "subj_cons": 0.9856677055358887, "imaging": 0.0005892041372135282, "motion": 0.018419703468680382, "flicker": 0.031161518767476082}
{"phase": "bench", "prompt": 8, "seed": 3000, "method": "steps25", "aesthetic": 5.910214900970459, "clip_text": 30.439847946166992, "subj_cons": 0.9867295622825623, "imaging": 0.0007042920915409923, "motion": 0.018107665702700615, "flicker": 0.03080298937857151}
{"phase": "bench", "prompt": 9, "seed": 3000, "method": "FC_v2", "aesthetic": 5.145714282989502, "clip_text": 29.309677124023438, "subj_cons": 0.9914717674255371, "imaging": 0.004601057153195143, "motion": 0.021295979619026184, "flicker": 0.029475321993231773}
{"phase": "bench", "prompt": 9, "seed": 3000, "method": "FC_v2_k3", "aesthetic": 5.139103889465332, "clip_text": 29.104259490966797, "subj_cons": 0.992163896560669, "imaging": 0.004470925312489271, "motion": 0.020793359726667404, "flicker": 0.028583286330103874}
{"phase": "bench", "prompt": 9, "seed": 3000, "method": "FORA_n2", "aesthetic": 5.205665111541748, "clip_text": 28.774885177612305, "subj_cons": 0.9944638609886169, "imaging": 0.004642606247216463, "motion": 0.020348943769931793, "flicker": 0.02867400459945202}
{"phase": "bench", "prompt": 9, "seed": 3000, "method": "FORA_n3", "aesthetic": 5.241990089416504, "clip_text": 28.303375244140625, "subj_cons": 0.9937804937362671, "imaging": 0.004224711563438177, "motion": 0.019513774663209915, "flicker": 0.027849571779370308}
{"phase": "bench", "prompt": 9, "seed": 3000, "method": "OURS_O3w10_B3", "aesthetic": 5.2310404777526855, "clip_text": 28.67152976989746, "subj_cons": 0.9917600154876709, "imaging": 0.004564190283417702, "motion": 0.020653679966926575, "flicker": 0.027945809066295624}
{"phase": "bench", "prompt": 9, "seed": 3000, "method": "OURS_O3w13_B2", "aesthetic": 5.313910007476807, "clip_text": 29.016998291015625, "subj_cons": 0.9920719861984253, "imaging": 0.004834239836782217, "motion": 0.021985620260238647, "flicker": 0.030349764972925186}
{"phase": "bench", "prompt": 9, "seed": 3000, "method": "OURS_O3w17_B2", "aesthetic": 5.130631446838379, "clip_text": 29.266592025756836, "subj_cons": 0.9905527830123901, "imaging": 0.004622181877493858, "motion": 0.02173602767288685, "flicker": 0.029951956123113632}
{"phase": "bench", "prompt": 9, "seed": 3000, "method": "OURS_O3w17_B2_GI", "aesthetic": 5.25597620010376, "clip_text": 28.948623657226562, "subj_cons": 0.9925300478935242, "imaging": 0.004610477946698666, "motion": 0.021353043615818024, "flicker": 0.029269328340888023}
{"phase": "bench", "prompt": 9, "seed": 3000, "method": "OURS_O4w10_B2", "aesthetic": 5.437929153442383, "clip_text": 29.018985748291016, "subj_cons": 0.9904444217681885, "imaging": 0.005252812523394823, "motion": 0.022440997883677483, "flicker": 0.030898990109562874}
{"phase": "bench", "prompt": 9, "seed": 3000, "method": "OURS_O4w13_B2", "aesthetic": 5.287508010864258, "clip_text": 28.65767478942871, "subj_cons": 0.9925839900970459, "imaging": 0.004714911803603172, "motion": 0.021870123222470284, "flicker": 0.030051598325371742}
{"phase": "bench", "prompt": 9, "seed": 3000, "method": "OURS_O4w13_B2_GI", "aesthetic": 5.3241167068481445, "clip_text": 28.652381896972656, "subj_cons": 0.9936995506286621, "imaging": 0.0046480693854391575, "motion": 0.021420631557703018, "flicker": 0.029223617166280746}
{"phase": "bench", "prompt": 9, "seed": 3000, "method": "OURS_O5w13_B2", "aesthetic": 5.401700973510742, "clip_text": 28.727901458740234, "subj_cons": 0.9924588203430176, "imaging": 0.004781870171427727, "motion": 0.022450769320130348, "flicker": 0.03080011159181595}
{"phase": "bench", "prompt": 9, "seed": 3000, "method": "OURS_Ow17_L4", "aesthetic": 5.1924262046813965, "clip_text": 29.17877197265625, "subj_cons": 0.9917095303535461, "imaging": 0.00488325348123908, "motion": 0.022095898166298866, "flicker": 0.030640704557299614}
{"phase": "bench", "prompt": 9, "seed": 3000, "method": "OURS_Ow17_L4_GI", "aesthetic": 5.28361701965332, "clip_text": 28.99542999267578, "subj_cons": 0.9928871989250183, "imaging": 0.00485777435824275, "motion": 0.021727878600358963, "flicker": 0.029957743361592293}
{"phase": "bench", "prompt": 9, "seed": 3000, "method": "OURS_Ow20_L4", "aesthetic": 5.21580171585083, "clip_text": 29.406463623046875, "subj_cons": 0.9906425476074219, "imaging": 0.004719211254268885, "motion": 0.021962633356451988, "flicker": 0.030451491475105286}
{"phase": "bench", "prompt": 9, "seed": 3000, "method": "OURS_Ow7_L6_GI", "aesthetic": 5.212746620178223, "clip_text": 29.4278564453125, "subj_cons": 0.9923068284988403, "imaging": 0.0045510875061154366, "motion": 0.020755670964717865, "flicker": 0.028318656608462334}
{"phase": "bench", "prompt": 9, "seed": 3000, "method": "PAB_k2", "aesthetic": 5.146866321563721, "clip_text": 29.300064086914062, "subj_cons": 0.9915252923965454, "imaging": 0.0046115415170788765, "motion": 0.021315807476639748, "flicker": 0.0295146144926548}
{"phase": "bench", "prompt": 9, "seed": 3000, "method": "PAB_k3", "aesthetic": 5.14904260635376, "clip_text": 29.118268966674805, "subj_cons": 0.9922806620597839, "imaging": 0.004487297963351011, "motion": 0.020829835906624794, "flicker": 0.02865396812558174}
{"phase": "bench", "prompt": 9, "seed": 3000, "method": "TEA_0.1", "aesthetic": 5.172018051147461, "clip_text": 29.310253143310547, "subj_cons": 0.9915720224380493, "imaging": 0.0047179171815514565, "motion": 0.021751997992396355, "flicker": 0.03013588674366474}
{"phase": "bench", "prompt": 9, "seed": 3000, "method": "TEA_0.15", "aesthetic": 5.15652322769165, "clip_text": 29.460248947143555, "subj_cons": 0.9912739992141724, "imaging": 0.004687302280217409, "motion": 0.021096624433994293, "flicker": 0.02920570597052574}
{"phase": "bench", "prompt": 9, "seed": 3000, "method": "TEA_0.2", "aesthetic": 5.216906547546387, "clip_text": 28.94412612915039, "subj_cons": 0.9915421009063721, "imaging": 0.00464191660284996, "motion": 0.020830858498811722, "flicker": 0.028926797211170197}
{"phase": "bench", "prompt": 9, "seed": 3000, "method": "TEA_0.3", "aesthetic": 5.376497268676758, "clip_text": 28.918176651000977, "subj_cons": 0.9927014112472534, "imaging": 0.004335964564234018, "motion": 0.019575726240873337, "flicker": 0.027129702270030975}
{"phase": "bench", "prompt": 9, "seed": 3000, "method": "TS_n3", "aesthetic": 5.316030025482178, "clip_text": 29.146745681762695, "subj_cons": 0.9932198524475098, "imaging": 0.005272200796753168, "motion": 0.022234929725527763, "flicker": 0.030220195651054382}
{"phase": "bench", "prompt": 9, "seed": 3000, "method": "TS_n4", "aesthetic": 5.074620246887207, "clip_text": 29.52915382385254, "subj_cons": 0.9933183193206787, "imaging": 0.00579286040738225, "motion": 0.022671587765216827, "flicker": 0.03015458770096302}
{"phase": "bench", "prompt": 9, "seed": 3000, "method": "full", "aesthetic": 5.144291877746582, "clip_text": 29.422231674194336, "subj_cons": 0.9915431141853333, "imaging": 0.00473092682659626, "motion": 0.021860256791114807, "flicker": 0.03045888990163803}
{"phase": "bench", "prompt": 9, "seed": 3000, "method": "full_perturb1e-2", "aesthetic": 5.1394572257995605, "clip_text": 29.42864227294922, "subj_cons": 0.9919294118881226, "imaging": 0.004721908830106258, "motion": 0.021949846297502518, "flicker": 0.030566608533263206}
{"phase": "bench", "prompt": 9, "seed": 3000, "method": "steps17", "aesthetic": 2.3478474617004395, "clip_text": 22.259218215942383, "subj_cons": 0.992496132850647, "imaging": 0.00176303181797266, "motion": 0.0019330158829689026, "flicker": 0.002426411025226116}
{"phase": "bench", "prompt": 9, "seed": 3000, "method": "steps20", "aesthetic": 5.2681427001953125, "clip_text": 27.111980438232422, "subj_cons": 0.9963986873626709, "imaging": 0.002625836292281747, "motion": 0.00261102756485343, "flicker": 0.002987193875014782}
{"phase": "bench", "prompt": 9, "seed": 3000, "method": "steps25", "aesthetic": 4.967989444732666, "clip_text": 27.658172607421875, "subj_cons": 0.9900319576263428, "imaging": 0.0034257483202964067, "motion": 0.008697673678398132, "flicker": 0.012059865519404411}
{"phase": "bench", "prompt": 10, "seed": 3000, "method": "FC_v2", "aesthetic": 6.6544599533081055, "clip_text": 30.08605194091797, "subj_cons": 0.9668656587600708, "imaging": 0.0007645675214007497, "motion": 0.06718222051858902, "flicker": 0.11420080065727234}
{"phase": "bench", "prompt": 10, "seed": 3000, "method": "FC_v2_k3", "aesthetic": 6.590342044830322, "clip_text": 29.63150405883789, "subj_cons": 0.9579207301139832, "imaging": 0.0007398081361316144, "motion": 0.06596381962299347, "flicker": 0.11224287748336792}
{"phase": "bench", "prompt": 10, "seed": 3000, "method": "FORA_n2", "aesthetic": 6.544144630432129, "clip_text": 29.824438095092773, "subj_cons": 0.9525452852249146, "imaging": 0.0013944710372015834, "motion": 0.06841307133436203, "flicker": 0.11694923043251038}
{"phase": "bench", "prompt": 10, "seed": 3000, "method": "FORA_n3", "aesthetic": 6.535874843597412, "clip_text": 28.502897262573242, "subj_cons": 0.9106453061103821, "imaging": 0.0007465797243639827, "motion": 0.060613010078668594, "flicker": 0.10329654812812805}
{"phase": "bench", "prompt": 10, "seed": 3000, "method": "OURS_O3w10_B3", "aesthetic": 6.209550857543945, "clip_text": 28.63987922668457, "subj_cons": 0.9446499347686768, "imaging": 0.0007022743811830878, "motion": 0.0643024668097496, "flicker": 0.10920927673578262}
{"phase": "bench", "prompt": 10, "seed": 3000, "method": "OURS_O3w13_B2", "aesthetic": 6.549831867218018, "clip_text": 29.24698829650879, "subj_cons": 0.9402438402175903, "imaging": 0.000748988299164921, "motion": 0.07047280669212341, "flicker": 0.11995823681354523}
{"phase": "bench", "prompt": 10, "seed": 3000, "method": "OURS_O3w17_B2", "aesthetic": 6.608583450317383, "clip_text": 29.43634605407715, "subj_cons": 0.9659498929977417, "imaging": 0.0007739069988019764, "motion": 0.07028860598802567, "flicker": 0.1192362830042839}
{"phase": "bench", "prompt": 10, "seed": 3000, "method": "OURS_O3w17_B2_GI", "aesthetic": 6.562711715698242, "clip_text": 29.204971313476562, "subj_cons": 0.9646033644676208, "imaging": 0.0007676228997297585, "motion": 0.07012706249952316, "flicker": 0.11896925419569016}
{"phase": "bench", "prompt": 10, "seed": 3000, "method": "OURS_O4w10_B2", "aesthetic": 6.214111328125, "clip_text": 28.68780517578125, "subj_cons": 0.951797366142273, "imaging": 0.0008719715406186879, "motion": 0.07197463512420654, "flicker": 0.12282673269510269}
{"phase": "bench", "prompt": 10, "seed": 3000, "method": "OURS_O4w13_B2", "aesthetic": 6.461212635040283, "clip_text": 28.90194320678711, "subj_cons": 0.922911524772644, "imaging": 0.0007528842543251812, "motion": 0.07156378030776978, "flicker": 0.12227214872837067}
{"phase": "bench", "prompt": 10, "seed": 3000, "method": "OURS_O4w13_B2_GI", "aesthetic": 6.387303352355957, "clip_text": 28.553956985473633, "subj_cons": 0.9262967109680176, "imaging": 0.0007192949997261167, "motion": 0.0714687928557396, "flicker": 0.12216188758611679}
{"phase": "bench", "prompt": 10, "seed": 3000, "method": "OURS_O5w13_B2", "aesthetic": 6.43574333190918, "clip_text": 28.52890396118164, "subj_cons": 0.9176751375198364, "imaging": 0.0007515565375797451, "motion": 0.07351398468017578, "flicker": 0.12564142048358917}
{"phase": "bench", "prompt": 10, "seed": 3000, "method": "OURS_Ow17_L4", "aesthetic": 6.576249122619629, "clip_text": 29.837890625, "subj_cons": 0.9699920415878296, "imaging": 0.0008273452403955162, "motion": 0.07165388762950897, "flicker": 0.12176590412855148}
{"phase": "bench", "prompt": 10, "seed": 3000, "method": "OURS_Ow17_L4_GI", "aesthetic": 6.575252532958984, "clip_text": 29.446670532226562, "subj_cons": 0.9694269895553589, "imaging": 0.0008235209388658404, "motion": 0.0716487467288971, "flicker": 0.12173885852098465}
{"phase": "bench", "prompt": 10, "seed": 3000, "method": "OURS_Ow20_L4", "aesthetic": 6.636239051818848, "clip_text": 29.653629302978516, "subj_cons": 0.9705983400344849, "imaging": 0.0008101239800453186, "motion": 0.07002699375152588, "flicker": 0.1187053769826889}
{"phase": "bench", "prompt": 10, "seed": 3000, "method": "OURS_Ow7_L6_GI", "aesthetic": 6.46028470993042, "clip_text": 27.46422576904297, "subj_cons": 0.9536246061325073, "imaging": 0.0007469080155715346, "motion": 0.05981723219156265, "flicker": 0.10084996372461319}
{"phase": "bench", "prompt": 10, "seed": 3000, "method": "PAB_k2", "aesthetic": 6.669516086578369, "clip_text": 30.106887817382812, "subj_cons": 0.9659055471420288, "imaging": 0.0007685935124754906, "motion": 0.06712468713521957, "flicker": 0.11408203840255737}
{"phase": "bench", "prompt": 10, "seed": 3000, "method": "PAB_k3", "aesthetic": 6.5911383628845215, "clip_text": 29.689233779907227, "subj_cons": 0.9571293592453003, "imaging": 0.000737110385671258, "motion": 0.06611091643571854, "flicker": 0.1125626415014267}
{"phase": "bench", "prompt": 10, "seed": 3000, "method": "TEA_0.1", "aesthetic": 6.660892486572266, "clip_text": 29.71730613708496, "subj_cons": 0.9667088389396667, "imaging": 0.0008073186036199331, "motion": 0.06796086579561234, "flicker": 0.11548870801925659}
{"phase": "bench", "prompt": 10, "seed": 3000, "method": "TEA_0.15", "aesthetic": 6.384862422943115, "clip_text": 29.16359519958496, "subj_cons": 0.9198002815246582, "imaging": 0.0009752987534739077, "motion": 0.06661257147789001, "flicker": 0.11334750056266785}
{"phase": "bench", "prompt": 10, "seed": 3000, "method": "TEA_0.2", "aesthetic": 6.6650004386901855, "clip_text": 28.373708724975586, "subj_cons": 0.9720185995101929, "imaging": 0.0006103168125264347, "motion": 0.06386955082416534, "flicker": 0.10784785449504852}
{"phase": "bench", "prompt": 10, "seed": 3000, "method": "TEA_0.3", "aesthetic": 6.276360988616943, "clip_text": 27.974775314331055, "subj_cons": 0.9284036159515381, "imaging": 0.0008663921034894884, "motion": 0.06465023010969162, "flicker": 0.11015518754720688}
{"phase": "bench", "prompt": 10, "seed": 3000, "method": "TS_n3", "aesthetic": 6.440086841583252, "clip_text": 29.054224014282227, "subj_cons": 0.944157063961029, "imaging": 0.0010020213667303324, "motion": 0.06680744141340256, "flicker": 0.11493478715419769}
{"phase": "bench", "prompt": 10, "seed": 3000, "method": "TS_n4", "aesthetic": 6.096158504486084, "clip_text": 29.392826080322266, "subj_cons": 0.954756498336792, "imaging": 0.0008699779864400625, "motion": 0.07447575777769089, "flicker": 0.1294613778591156}
{"phase": "bench", "prompt": 10, "seed": 3000, "method": "full", "aesthetic": 6.6391682624816895, "clip_text": 29.68648338317871, "subj_cons": 0.9689292907714844, "imaging": 0.0008366831461898983, "motion": 0.06939346343278885, "flicker": 0.11775021255016327}
{"phase": "bench", "prompt": 10, "seed": 3000, "method": "full_perturb1e-2", "aesthetic": 6.573741436004639, "clip_text": 29.924070358276367, "subj_cons": 0.9616801738739014, "imaging": 0.0008152392692863941, "motion": 0.06948444247245789, "flicker": 0.11818422377109528}
{"phase": "bench", "prompt": 10, "seed": 3000, "method": "steps17", "aesthetic": 5.351526260375977, "clip_text": 30.047365188598633, "subj_cons": 0.9621659517288208, "imaging": 8.83155589690432e-05, "motion": 0.04049939662218094, "flicker": 0.0665222555398941}
{"phase": "bench", "prompt": 10, "seed": 3000, "method": "steps20", "aesthetic": 5.5898590087890625, "clip_text": 30.5297908782959, "subj_cons": 0.9559035301208496, "imaging": 0.00011364358215359971, "motion": 0.05635184422135353, "flicker": 0.0966043621301651}
{"phase": "bench", "prompt": 10, "seed": 3000, "method": "steps25", "aesthetic": 5.269928455352783, "clip_text": 28.987279891967773, "subj_cons": 0.9173349738121033, "imaging": 0.0001079879148164764, "motion": 0.0683298334479332, "flicker": 0.12033084034919739}
{"phase": "bench", "prompt": 11, "seed": 3000, "method": "FC_v2", "aesthetic": 7.192056179046631, "clip_text": 26.596694946289062, "subj_cons": 0.9829524755477905, "imaging": 0.0038396313320845366, "motion": 0.015578978694975376, "flicker": 0.018910475075244904}
{"phase": "bench", "prompt": 11, "seed": 3000, "method": "FC_v2_k3", "aesthetic": 7.26344108581543, "clip_text": 26.506694793701172, "subj_cons": 0.9847092032432556, "imaging": 0.0037315799854695797, "motion": 0.015140308067202568, "flicker": 0.018343009054660797}
{"phase": "bench", "prompt": 11, "seed": 3000, "method": "FORA_n2", "aesthetic": 7.544444561004639, "clip_text": 27.56013298034668, "subj_cons": 0.9872786402702332, "imaging": 0.003429724834859371, "motion": 0.01525048352777958, "flicker": 0.018723083660006523}
{"phase": "bench", "prompt": 11, "seed": 3000, "method": "FORA_n3", "aesthetic": 7.265851974487305, "clip_text": 26.206626892089844, "subj_cons": 0.9808558225631714, "imaging": 0.0032677450217306614, "motion": 0.015034031122922897, "flicker": 0.018679387867450714}
{"phase": "bench", "prompt": 11, "seed": 3000, "method": "OURS_O3w10_B3", "aesthetic": 6.965548038482666, "clip_text": 26.249752044677734, "subj_cons": 0.9775441884994507, "imaging": 0.003930294420570135, "motion": 0.014415313489735126, "flicker": 0.017556415870785713}
{"phase": "bench", "prompt": 11, "seed": 3000, "method": "OURS_O3w13_B2", "aesthetic": 7.209102630615234, "clip_text": 27.1701602935791, "subj_cons": 0.9826545715332031, "imaging": 0.004092213697731495, "motion": 0.016062218695878983, "flicker": 0.019841330125927925}
{"phase": "bench", "prompt": 11, "seed": 3000, "method": "OURS_O3w17_B2", "aesthetic": 7.248257160186768, "clip_text": 26.161340713500977, "subj_cons": 0.9823503494262695, "imaging": 0.003954513929784298, "motion": 0.016201484948396683, "flicker": 0.0196542851626873}
{"phase": "bench", "prompt": 11, "seed": 3000, "method": "OURS_O3w17_B2_GI", "aesthetic": 7.204150199890137, "clip_text": 26.269065856933594, "subj_cons": 0.9830855131149292, "imaging": 0.003928766585886478, "motion": 0.015968527644872665, "flicker": 0.01940310187637806}
{"phase": "bench", "prompt": 11, "seed": 3000, "method": "OURS_O4w10_B2", "aesthetic": 7.04121208190918, "clip_text": 27.10903549194336, "subj_cons": 0.9791349768638611, "imaging": 0.004514975473284721, "motion": 0.015336409211158752, "flicker": 0.018643226474523544}
{"phase": "bench", "prompt": 11, "seed": 3000, "method": "OURS_O4w13_B2", "aesthetic": 7.143922805786133, "clip_text": 26.979806900024414, "subj_cons": 0.9800888299942017, "imaging": 0.004166679456830025, "motion": 0.015703480690717697, "flicker": 0.019377855584025383}
{"phase": "bench", "prompt": 11, "seed": 3000, "method": "OURS_O4w13_B2_GI", "aesthetic": 7.081541538238525, "clip_text": 27.211389541625977, "subj_cons": 0.98211669921875, "imaging": 0.004080291371792555, "motion": 0.015621859580278397, "flicker": 0.01930764876306057}
{"phase": "bench", "prompt": 11, "seed": 3000, "method": "OURS_O5w13_B2", "aesthetic": 7.051414966583252, "clip_text": 27.298498153686523, "subj_cons": 0.9837664365768433, "imaging": 0.004263795912265778, "motion": 0.016333546489477158, "flicker": 0.020488807931542397}
{"phase": "bench", "prompt": 11, "seed": 3000, "method": "OURS_Ow17_L4", "aesthetic": 7.285089015960693, "clip_text": 26.666730880737305, "subj_cons": 0.9850097894668579, "imaging": 0.004091864917427301, "motion": 0.01624971814453602, "flicker": 0.019734006375074387}
{"phase": "bench", "prompt": 11, "seed": 3000, "method": "OURS_Ow17_L4_GI", "aesthetic": 7.22580623626709, "clip_text": 26.652511596679688, "subj_cons": 0.9840576648712158, "imaging": 0.004094388801604509, "motion": 0.016088729724287987, "flicker": 0.019518425688147545}
{"phase": "bench", "prompt": 11, "seed": 3000, "method": "OURS_Ow20_L4", "aesthetic": 7.334307670593262, "clip_text": 26.54174041748047, "subj_cons": 0.9845943450927734, "imaging": 0.004007941111922264, "motion": 0.016091113910079002, "flicker": 0.01942872814834118}
{"phase": "bench", "prompt": 11, "seed": 3000, "method": "OURS_Ow7_L6_GI", "aesthetic": 7.068558692932129, "clip_text": 26.573976516723633, "subj_cons": 0.9825799465179443, "imaging": 0.0036128233186900616, "motion": 0.015113802626729012, "flicker": 0.018287748098373413}
{"phase": "bench", "prompt": 11, "seed": 3000, "method": "PAB_k2", "aesthetic": 7.19353723526001, "clip_text": 26.618200302124023, "subj_cons": 0.9828182458877563, "imaging": 0.0038459759671241045, "motion": 0.015590623021125793, "flicker": 0.018921179696917534}
{"phase": "bench", "prompt": 11, "seed": 3000, "method": "PAB_k3", "aesthetic": 7.279092311859131, "clip_text": 26.533889770507812, "subj_cons": 0.9836373925209045, "imaging": 0.0037400166038423777, "motion": 0.015173687599599361, "flicker": 0.018381798639893532}
{"phase": "bench", "prompt": 11, "seed": 3000, "method": "TEA_0.1", "aesthetic": 7.219448566436768, "clip_text": 26.138111114501953, "subj_cons": 0.9816635847091675, "imaging": 0.00386685854755342, "motion": 0.015946337953209877, "flicker": 0.019375208765268326}
{"phase": "bench", "prompt": 11, "seed": 3000, "method": "TEA_0.15", "aesthetic": 7.360175609588623, "clip_text": 26.621829986572266, "subj_cons": 0.9846950173377991, "imaging": 0.0035575430374592543, "motion": 0.015865810215473175, "flicker": 0.019344693049788475}
{"phase": "bench", "prompt": 11, "seed": 3000, "method": "TEA_0.2", "aesthetic": 7.3962225914001465, "clip_text": 26.37406349182129, "subj_cons": 0.9829829931259155, "imaging": 0.0035818438045680523, "motion": 0.015666216611862183, "flicker": 0.019034918397665024}
{"phase": "bench", "prompt": 11, "seed": 3000, "method": "TEA_0.3", "aesthetic": 7.227695941925049, "clip_text": 26.65146255493164, "subj_cons": 0.9826715588569641, "imaging": 0.0033550539519637823, "motion": 0.014871584251523018, "flicker": 0.01814945600926876}
{"phase": "bench", "prompt": 11, "seed": 3000, "method": "TS_n3", "aesthetic": 7.013944625854492, "clip_text": 27.164039611816406, "subj_cons": 0.9797576665878296, "imaging": 0.004226424731314182, "motion": 0.01699667051434517, "flicker": 0.02095418982207775}
{"phase": "bench", "prompt": 11, "seed": 3000, "method": "TS_n4", "aesthetic": 6.81971549987793, "clip_text": 26.971960067749023, "subj_cons": 0.964795708656311, "imaging": 0.005155887920409441, "motion": 0.017603768035769463, "flicker": 0.023763220757246017}
{"phase": "bench", "prompt": 11, "seed": 3000, "method": "full", "aesthetic": 7.399841785430908, "clip_text": 26.35902214050293, "subj_cons": 0.9859902262687683, "imaging": 0.003945547621697187, "motion": 0.01605246774852276, "flicker": 0.01941409334540367}
{"phase": "bench", "prompt": 11, "seed": 3000, "method": "full_perturb1e-2", "aesthetic": 7.271632671356201, "clip_text": 26.939769744873047, "subj_cons": 0.9811128973960876, "imaging": 0.004033728037029505, "motion": 0.015930699184536934, "flicker": 0.01918313279747963}
{"phase": "bench", "prompt": 11, "seed": 3000, "method": "steps17", "aesthetic": 7.5156331062316895, "clip_text": 30.016407012939453, "subj_cons": 0.9875479936599731, "imaging": 0.005495092365890741, "motion": 0.016908513382077217, "flicker": 0.021364277228713036}
{"phase": "bench", "prompt": 11, "seed": 3000, "method": "steps20", "aesthetic": 7.572919845581055, "clip_text": 30.35324478149414, "subj_cons": 0.9820734858512878, "imaging": 0.006381676532328129, "motion": 0.01800045371055603, "flicker": 0.023234130814671516}
{"phase": "bench", "prompt": 11, "seed": 3000, "method": "steps25", "aesthetic": 7.778843402862549, "clip_text": 29.373397827148438, "subj_cons": 0.9921237826347351, "imaging": 0.0055333711206912994, "motion": 0.01716981641948223, "flicker": 0.02162453532218933}
{"phase": "bench", "prompt": 12, "seed": 3000, "method": "FC_v2", "aesthetic": 6.06278133392334, "clip_text": 26.350297927856445, "subj_cons": 0.9842427968978882, "imaging": 0.00418024742975831, "motion": 0.05681946873664856, "flicker": 0.09468116611242294}
{"phase": "bench", "prompt": 12, "seed": 3000, "method": "FC_v2_k3", "aesthetic": 6.032898902893066, "clip_text": 26.188505172729492, "subj_cons": 0.9833817481994629, "imaging": 0.0038389419205486774, "motion": 0.05389877036213875, "flicker": 0.08920751512050629}
{"phase": "bench", "prompt": 12, "seed": 3000, "method": "FORA_n2", "aesthetic": 5.998804092407227, "clip_text": 26.634761810302734, "subj_cons": 0.9153828620910645, "imaging": 0.004920058883726597, "motion": 0.0553128682076931, "flicker": 0.0923730731010437}
{"phase": "bench", "prompt": 12, "seed": 3000, "method": "FORA_n3", "aesthetic": 5.870463848114014, "clip_text": 26.881977081298828, "subj_cons": 0.9858459234237671, "imaging": 0.003981972113251686, "motion": 0.0498226024210453, "flicker": 0.08127672970294952}
{"phase": "bench", "prompt": 12, "seed": 3000, "method": "OURS_O3w10_B3", "aesthetic": 5.863302230834961, "clip_text": 26.990779876708984, "subj_cons": 0.9746929407119751, "imaging": 0.0036148917861282825, "motion": 0.05140006169676781, "flicker": 0.08412560820579529}
{"phase": "bench", "prompt": 12, "seed": 3000, "method": "OURS_O3w13_B2", "aesthetic": 5.8919596672058105, "clip_text": 26.358922958374023, "subj_cons": 0.9818984270095825, "imaging": 0.004488302860409021, "motion": 0.05693601071834564, "flicker": 0.09430716931819916}
{"phase": "bench", "prompt": 12, "seed": 3000, "method": "OURS_O3w17_B2", "aesthetic": 5.930654048919678, "clip_text": 25.916797637939453, "subj_cons": 0.9822303652763367, "imaging": 0.0042235939763486385, "motion": 0.0561743900179863, "flicker": 0.09261614084243774}
{"phase": "bench", "prompt": 12, "seed": 3000, "method": "OURS_O3w17_B2_GI", "aesthetic": 5.8712663650512695, "clip_text": 25.90745735168457, "subj_cons": 0.9843862652778625, "imaging": 0.004208320751786232, "motion": 0.055059581995010376, "flicker": 0.09058613330125809}
{"phase": "bench", "prompt": 12, "seed": 3000, "method": "OURS_O4w10_B2", "aesthetic": 5.88416862487793, "clip_text": 27.424638748168945, "subj_cons": 0.9761189222335815, "imaging": 0.004651055671274662, "motion": 0.05578470975160599, "flicker": 0.09174761921167374}
{"phase": "bench", "prompt": 12, "seed": 3000, "method": "OURS_O4w13_B2", "aesthetic": 5.80171537399292, "clip_text": 27.007600784301758, "subj_cons": 0.9837111234664917, "imaging": 0.004334456752985716, "motion": 0.05622726306319237, "flicker": 0.09318331629037857}
{"phase": "bench", "prompt": 12, "seed": 3000, "method": "OURS_O4w13_B2_GI", "aesthetic": 5.7146196365356445, "clip_text": 26.950597763061523, "subj_cons": 0.979663610458374, "imaging": 0.004176120739430189, "motion": 0.05446283891797066, "flicker": 0.08979599177837372}
{"phase": "bench", "prompt": 12, "seed": 3000, "method": "OURS_O5w13_B2", "aesthetic": 5.80716609954834, "clip_text": 27.043813705444336, "subj_cons": 0.9856156706809998, "imaging": 0.004323707427829504, "motion": 0.05726173147559166, "flicker": 0.09469527751207352}
{"phase": "bench", "prompt": 12, "seed": 3000, "method": "OURS_Ow17_L4", "aesthetic": 5.903634071350098, "clip_text": 25.922542572021484, "subj_cons": 0.9801448583602905, "imaging": 0.004357231315225363, "motion": 0.05784308537840843, "flicker": 0.09576597809791565}
{"phase": "bench", "prompt": 12, "seed": 3000, "method": "OURS_Ow17_L4_GI", "aesthetic": 5.868896484375, "clip_text": 25.94227409362793, "subj_cons": 0.9847395420074463, "imaging": 0.004364598076790571, "motion": 0.0567530021071434, "flicker": 0.09375825524330139}
{"phase": "bench", "prompt": 12, "seed": 3000, "method": "OURS_Ow20_L4", "aesthetic": 5.956779479980469, "clip_text": 26.4549617767334, "subj_cons": 0.982333779335022, "imaging": 0.004228454548865557, "motion": 0.05851065739989281, "flicker": 0.09690985828638077}
{"phase": "bench", "prompt": 12, "seed": 3000, "method": "OURS_Ow7_L6_GI", "aesthetic": 5.587687969207764, "clip_text": 27.006717681884766, "subj_cons": 0.9768868684768677, "imaging": 0.003657259978353977, "motion": 0.05203062295913696, "flicker": 0.0864928662776947}
{"phase": "bench", "prompt": 12, "seed": 3000, "method": "PAB_k2", "aesthetic": 6.070589065551758, "clip_text": 26.302961349487305, "subj_cons": 0.9849436283111572, "imaging": 0.004170773085206747, "motion": 0.05687623843550682, "flicker": 0.09478376805782318}
{"phase": "bench", "prompt": 12, "seed": 3000, "method": "PAB_k3", "aesthetic": 6.038196563720703, "clip_text": 26.18832015991211, "subj_cons": 0.9837201833724976, "imaging": 0.0038782814517617226, "motion": 0.05409741401672363, "flicker": 0.0895710289478302}
{"phase": "bench", "prompt": 12, "seed": 3000, "method": "TEA_0.1", "aesthetic": 6.06066370010376, "clip_text": 26.154088973999023, "subj_cons": 0.9829662442207336, "imaging": 0.003965300507843494, "motion": 0.05654475465416908, "flicker": 0.09416050463914871}
{"phase": "bench", "prompt": 12, "seed": 3000, "method": "TEA_0.15", "aesthetic": 6.098657131195068, "clip_text": 26.3055419921875, "subj_cons": 0.9751064777374268, "imaging": 0.0036530080251395702, "motion": 0.05383786931633949, "flicker": 0.08927188068628311}
{"phase": "bench", "prompt": 12, "seed": 3000, "method": "TEA_0.2", "aesthetic": 5.97410249710083, "clip_text": 26.49370765686035, "subj_cons": 0.9782472848892212, "imaging": 0.003489217022433877, "motion": 0.05056784674525261, "flicker": 0.08310280740261078}
{"phase": "bench", "prompt": 12, "seed": 3000, "method": "TEA_0.3", "aesthetic": 5.828921318054199, "clip_text": 26.276430130004883, "subj_cons": 0.9810045957565308, "imaging": 0.0038039409555494785, "motion": 0.047514185309410095, "flicker": 0.07687532156705856}
{"phase": "bench", "prompt": 12, "seed": 3000, "method": "TS_n3", "aesthetic": 5.386974811553955, "clip_text": 27.138879776000977, "subj_cons": 0.9726215600967407, "imaging": 0.0028794389218091965, "motion": 0.057277530431747437, "flicker": 0.09580928087234497}
{"phase": "bench", "prompt": 12, "seed": 3000, "method": "TS_n4", "aesthetic": 5.493565082550049, "clip_text": 27.058324813842773, "subj_cons": 0.9730930924415588, "imaging": 0.0017611182993277907, "motion": 0.054916754364967346, "flicker": 0.09283322840929031}
{"phase": "bench", "prompt": 12, "seed": 3000, "method": "full", "aesthetic": 6.009678363800049, "clip_text": 26.189708709716797, "subj_cons": 0.984110951423645, "imaging": 0.0042015742510557175, "motion": 0.058922018855810165, "flicker": 0.09826913475990295}
{"phase": "bench", "prompt": 12, "seed": 3000, "method": "full_perturb1e-2", "aesthetic": 5.94535493850708, "clip_text": 26.236629486083984, "subj_cons": 0.9837344884872437, "imaging": 0.004243984818458557, "motion": 0.06125294789671898, "flicker": 0.10208157449960709}
{"phase": "bench", "prompt": 12, "seed": 3000, "method": "steps17", "aesthetic": 4.500145435333252, "clip_text": 26.42371368408203, "subj_cons": 0.9072977900505066, "imaging": 0.0006288449512794614, "motion": 0.15963198244571686, "flicker": 0.2824189066886902}
{"phase": "bench", "prompt": 12, "seed": 3000, "method": "steps20", "aesthetic": 4.335902214050293, "clip_text": 27.335060119628906, "subj_cons": 0.9032992124557495, "imaging": 0.00042976229451596737, "motion": 0.13696856796741486, "flicker": 0.23832111060619354}
{"phase": "bench", "prompt": 12, "seed": 3000, "method": "steps25", "aesthetic": 5.124403953552246, "clip_text": 28.277301788330078, "subj_cons": 0.9528437256813049, "imaging": 0.0011246054200455546, "motion": 0.11256422102451324, "flicker": 0.19462595880031586}
{"phase": "bench", "prompt": 13, "seed": 3000, "method": "FC_v2", "aesthetic": 4.78129768371582, "clip_text": 24.597068786621094, "subj_cons": 0.9390219449996948, "imaging": 0.00014367903349921107, "motion": 0.006894320249557495, "flicker": 0.012551986612379551}
{"phase": "bench", "prompt": 13, "seed": 3000, "method": "FC_v2_k3", "aesthetic": 4.769054889678955, "clip_text": 24.594093322753906, "subj_cons": 0.9452418088912964, "imaging": 0.0001426761009497568, "motion": 0.00666333781555295, "flicker": 0.012100821360945702}
{"phase": "bench", "prompt": 13, "seed": 3000, "method": "FORA_n2", "aesthetic": 4.6593852043151855, "clip_text": 25.03949737548828, "subj_cons": 0.9380212426185608, "imaging": 0.00015616844757460058, "motion": 0.008243225514888763, "flicker": 0.015217920765280724}
{"phase": "bench", "prompt": 13, "seed": 3000, "method": "FORA_n3", "aesthetic": 4.593890190124512, "clip_text": 24.19402503967285, "subj_cons": 0.9164063334465027, "imaging": 0.00016021438932511955, "motion": 0.00866757333278656, "flicker": 0.015907740220427513}
{"phase": "bench", "prompt": 13, "seed": 3000, "method": "OURS_O3w10_B3", "aesthetic": 4.648779392242432, "clip_text": 25.547016143798828, "subj_cons": 0.9512022733688354, "imaging": 0.000129445776110515, "motion": 0.005720644257962704, "flicker": 0.010339553467929363}
{"phase": "bench", "prompt": 13, "seed": 3000, "method": "OURS_O3w13_B2", "aesthetic": 4.6963090896606445, "clip_text": 24.74957275390625, "subj_cons": 0.9349917769432068, "imaging": 0.0001420461485395208, "motion": 0.006751617416739464, "flicker": 0.012343761511147022}
{"phase": "bench", "prompt": 13, "seed": 3000, "method": "OURS_O3w17_B2", "aesthetic": 4.712581634521484, "clip_text": 24.681772232055664, "subj_cons": 0.9412252902984619, "imaging": 0.0001410902914358303, "motion": 0.007048594765365124, "flicker": 0.012860644608736038}
{"phase": "bench", "prompt": 13, "seed": 3000, "method": "OURS_O3w17_B2_GI", "aesthetic": 4.706507205963135, "clip_text": 24.610679626464844, "subj_cons": 0.9468618631362915, "imaging": 0.00013218788080848753, "motion": 0.007028535008430481, "flicker": 0.012830306775867939}
{"phase": "bench", "prompt": 13, "seed": 3000, "method": "OURS_O4w10_B2", "aesthetic": 4.663293361663818, "clip_text": 25.948205947875977, "subj_cons": 0.9525799751281738, "imaging": 0.00013784048496745527, "motion": 0.00597169017419219, "flicker": 0.010867832228541374}
{"phase": "bench", "prompt": 13, "seed": 3000, "method": "OURS_O4w13_B2", "aesthetic": 4.756274700164795, "clip_text": 25.077503204345703, "subj_cons": 0.9370990991592407, "imaging": 0.0001495527831139043, "motion": 0.006857445929199457, "flicker": 0.012550904415547848}
{"phase": "bench", "prompt": 13, "seed": 3000, "method": "OURS_O4w13_B2_GI", "aesthetic": 4.613321304321289, "clip_text": 25.240463256835938, "subj_cons": 0.9381239414215088, "imaging": 0.00013705348828807473, "motion": 0.006861080415546894, "flicker": 0.01254336629062891}
{"phase": "bench", "prompt": 13, "seed": 3000, "method": "OURS_O5w13_B2", "aesthetic": 4.687474250793457, "clip_text": 25.398391723632812, "subj_cons": 0.928291380405426, "imaging": 0.00014866834681015462, "motion": 0.006929531693458557, "flicker": 0.012655291706323624}
{"phase": "bench", "prompt": 13, "seed": 3000, "method": "OURS_Ow17_L4", "aesthetic": 4.776895523071289, "clip_text": 24.942312240600586, "subj_cons": 0.946606457233429, "imaging": 0.0001459037302993238, "motion": 0.007015978451818228, "flicker": 0.012843160890042782}
{"phase": "bench", "prompt": 13, "seed": 3000, "method": "OURS_Ow17_L4_GI", "aesthetic": 4.733659267425537, "clip_text": 25.18070411682129, "subj_cons": 0.9487647414207458, "imaging": 0.0001401389017701149, "motion": 0.007019084878265858, "flicker": 0.012854143977165222}
{"phase": "bench", "prompt": 13, "seed": 3000, "method": "OURS_Ow20_L4", "aesthetic": 4.843794822692871, "clip_text": 24.705657958984375, "subj_cons": 0.94708651304245, "imaging": 0.00016019196482375264, "motion": 0.007287229411303997, "flicker": 0.013316660188138485}
{"phase": "bench", "prompt": 13, "seed": 3000, "method": "OURS_Ow7_L6_GI", "aesthetic": 4.3126630783081055, "clip_text": 25.518569946289062, "subj_cons": 0.9373809099197388, "imaging": 9.072697866940871e-05, "motion": 0.00569528853520751, "flicker": 0.010280398651957512}
{"phase": "bench", "prompt": 13, "seed": 3000, "method": "PAB_k2", "aesthetic": 4.774684429168701, "clip_text": 24.612443923950195, "subj_cons": 0.9392150640487671, "imaging": 0.00014285581710282713, "motion": 0.006914675701409578, "flicker": 0.012589575722813606}
{"phase": "bench", "prompt": 13, "seed": 3000, "method": "PAB_k3", "aesthetic": 4.783936023712158, "clip_text": 24.642337799072266, "subj_cons": 0.9452065229415894, "imaging": 0.00014660958549939096, "motion": 0.006703520193696022, "flicker": 0.012176466174423695}
{"phase": "bench", "prompt": 13, "seed": 3000, "method": "TEA_0.1", "aesthetic": 4.736199855804443, "clip_text": 24.54066276550293, "subj_cons": 0.9419135451316833, "imaging": 0.00014600265421904624, "motion": 0.006849314551800489, "flicker": 0.012496977113187313}
{"phase": "bench", "prompt": 13, "seed": 3000, "method": "TEA_0.15", "aesthetic": 4.816526889801025, "clip_text": 25.1652774810791, "subj_cons": 0.9447103142738342, "imaging": 0.00015052441449370235, "motion": 0.007509669754654169, "flicker": 0.013811502605676651}
{"phase": "bench", "prompt": 13, "seed": 3000, "method": "TEA_0.2", "aesthetic": 4.654886722564697, "clip_text": 24.657852172851562, "subj_cons": 0.9243237972259521, "imaging": 0.00015545336646027863, "motion": 0.006264999974519014, "flicker": 0.011452265083789825}
{"phase": "bench", "prompt": 13, "seed": 3000, "method": "TEA_0.3", "aesthetic": 4.3031511306762695, "clip_text": 24.25771141052246, "subj_cons": 0.9331866502761841, "imaging": 0.0001042326694005169, "motion": 0.007072734646499157, "flicker": 0.01295165903866291}
{"phase": "bench", "prompt": 13, "seed": 3000, "method": "TS_n3", "aesthetic": 4.555885314941406, "clip_text": 25.169342041015625, "subj_cons": 0.9289028644561768, "imaging": 0.00012370111653581262, "motion": 0.008378066122531891, "flicker": 0.015538517385721207}
{"phase": "bench", "prompt": 13, "seed": 3000, "method": "TS_n4", "aesthetic": 4.625858783721924, "clip_text": 25.411096572875977, "subj_cons": 0.9269358515739441, "imaging": 0.00015786159201525152, "motion": 0.010108708404004574, "flicker": 0.0188735481351614}
{"phase": "bench", "prompt": 13, "seed": 3000, "method": "full", "aesthetic": 4.8514628410339355, "clip_text": 24.743629455566406, "subj_cons": 0.9420776963233948, "imaging": 0.0001571195898577571, "motion": 0.007295667659491301, "flicker": 0.013334914110600948}
{"phase": "bench", "prompt": 13, "seed": 3000, "method": "full_perturb1e-2", "aesthetic": 4.8630266189575195, "clip_text": 24.674497604370117, "subj_cons": 0.93880695104599, "imaging": 0.00015623697254341096, "motion": 0.007355058565735817, "flicker": 0.013452473096549511}
{"phase": "bench", "prompt": 13, "seed": 3000, "method": "steps17", "aesthetic": 3.35772967338562, "clip_text": 19.026491165161133, "subj_cons": 1.000000238418579, "imaging": 7.208288826943132e-11, "motion": 3.4776736157482446e-08, "flicker": 5.6418841154481925e-08}
{"phase": "bench", "prompt": 13, "seed": 3000, "method": "steps20", "aesthetic": 3.35772967338562, "clip_text": 19.026491165161133, "subj_cons": 1.000000238418579, "imaging": 1.0372962905291772e-11, "motion": 1.3078682137290798e-08, "flicker": 2.2455308723579037e-08}
{"phase": "bench", "prompt": 13, "seed": 3000, "method": "steps25", "aesthetic": 3.6954593658447266, "clip_text": 25.669288635253906, "subj_cons": 0.935906171798706, "imaging": 3.6003872082801536e-05, "motion": 0.0013854947173967957, "flicker": 0.002472010673955083}
{"phase": "bench", "prompt": 14, "seed": 3000, "method": "FC_v2", "aesthetic": 5.481369972229004, "clip_text": 31.302183151245117, "subj_cons": 0.9449986219406128, "imaging": 0.01475237775593996, "motion": 0.10518398135900497, "flicker": 0.18121232092380524}
{"phase": "bench", "prompt": 14, "seed": 3000, "method": "FC_v2_k3", "aesthetic": 5.462504863739014, "clip_text": 31.284868240356445, "subj_cons": 0.9424763917922974, "imaging": 0.0142238549888134, "motion": 0.1031389981508255, "flicker": 0.17719466984272003}
{"phase": "bench", "prompt": 14, "seed": 3000, "method": "FORA_n2", "aesthetic": 5.3571367263793945, "clip_text": 31.001911163330078, "subj_cons": 0.944958508014679, "imaging": 0.01460010651499033, "motion": 0.10241594910621643, "flicker": 0.17652100324630737}
{"phase": "bench", "prompt": 14, "seed": 3000, "method": "FORA_n3", "aesthetic": 5.232080459594727, "clip_text": 29.82054901123047, "subj_cons": 0.9381566047668457, "imaging": 0.014941273257136345, "motion": 0.09517787396907806, "flicker": 0.16396629810333252}
{"phase": "bench", "prompt": 14, "seed": 3000, "method": "OURS_O3w10_B3", "aesthetic": 5.588915824890137, "clip_text": 31.458961486816406, "subj_cons": 0.9533225893974304, "imaging": 0.01251512486487627, "motion": 0.10463602840900421, "flicker": 0.1781865954399109}
{"phase": "bench", "prompt": 14, "seed": 3000, "method": "OURS_O3w13_B2", "aesthetic": 5.366852283477783, "clip_text": 31.30483627319336, "subj_cons": 0.9440110921859741, "imaging": 0.014983974397182465, "motion": 0.10597138106822968, "flicker": 0.1816694438457489}
{"phase": "bench", "prompt": 14, "seed": 3000, "method": "OURS_O3w17_B2", "aesthetic": 5.454282760620117, "clip_text": 31.695995330810547, "subj_cons": 0.9453551769256592, "imaging": 0.015376667492091656, "motion": 0.10589417070150375, "flicker": 0.18206904828548431}
{"phase": "bench", "prompt": 14, "seed": 3000, "method": "OURS_O3w17_B2_GI", "aesthetic": 5.1709489822387695, "clip_text": 30.899492263793945, "subj_cons": 0.9320908784866333, "imaging": 0.015144778415560722, "motion": 0.10568247735500336, "flicker": 0.1817963719367981}
{"phase": "bench", "prompt": 14, "seed": 3000, "method": "OURS_O4w10_B2", "aesthetic": 5.314303398132324, "clip_text": 31.528982162475586, "subj_cons": 0.9415370225906372, "imaging": 0.014500078745186329, "motion": 0.11030563712120056, "flicker": 0.18874050676822662}
{"phase": "bench", "prompt": 14, "seed": 3000, "method": "OURS_O4w13_B2", "aesthetic": 5.380978107452393, "clip_text": 30.86599349975586, "subj_cons": 0.9425040483474731, "imaging": 0.015087195672094822, "motion": 0.10501197725534439, "flicker": 0.18020233511924744}
{"phase": "bench", "prompt": 14, "seed": 3000, "method": "OURS_O4w13_B2_GI", "aesthetic": 5.089905261993408, "clip_text": 29.6512393951416, "subj_cons": 0.9339237809181213, "imaging": 0.014973590150475502, "motion": 0.10488100349903107, "flicker": 0.18007813394069672}
{"phase": "bench", "prompt": 14, "seed": 3000, "method": "OURS_O5w13_B2", "aesthetic": 5.225656986236572, "clip_text": 30.549442291259766, "subj_cons": 0.9306325912475586, "imaging": 0.01556196715682745, "motion": 0.10505426675081253, "flicker": 0.18025119602680206}
{"phase": "bench", "prompt": 14, "seed": 3000, "method": "OURS_Ow17_L4", "aesthetic": 5.302073001861572, "clip_text": 31.586441040039062, "subj_cons": 0.9371930956840515, "imaging": 0.01588568091392517, "motion": 0.10744741559028625, "flicker": 0.184980571269989}
{"phase": "bench", "prompt": 14, "seed": 3000, "method": "OURS_Ow17_L4_GI", "aesthetic": 5.109454154968262, "clip_text": 30.60273551940918, "subj_cons": 0.9284683465957642, "imaging": 0.015778683125972748, "motion": 0.10728027671575546, "flicker": 0.18464568257331848}
{"phase": "bench", "prompt": 14, "seed": 3000, "method": "OURS_Ow20_L4", "aesthetic": 5.360477447509766, "clip_text": 31.481536865234375, "subj_cons": 0.9407453536987305, "imaging": 0.015683697536587715, "motion": 0.10762801766395569, "flicker": 0.18536913394927979}
{"phase": "bench", "prompt": 14, "seed": 3000, "method": "OURS_Ow7_L6_GI", "aesthetic": 5.604849338531494, "clip_text": 30.672815322875977, "subj_cons": 0.955098569393158, "imaging": 0.012797757051885128, "motion": 0.10075190663337708, "flicker": 0.17259331047534943}
{"phase": "bench", "prompt": 14, "seed": 3000, "method": "PAB_k2", "aesthetic": 5.483851909637451, "clip_text": 31.30571174621582, "subj_cons": 0.9447527527809143, "imaging": 0.014763467013835907, "motion": 0.10523134469985962, "flicker": 0.18132051825523376}
{"phase": "bench", "prompt": 14, "seed": 3000, "method": "PAB_k3", "aesthetic": 5.467680931091309, "clip_text": 31.32857894897461, "subj_cons": 0.9429129362106323, "imaging": 0.0142893111333251, "motion": 0.10316291451454163, "flicker": 0.1772725135087967}
{"phase": "bench", "prompt": 14, "seed": 3000, "method": "TEA_0.1", "aesthetic": 5.416223049163818, "clip_text": 31.521738052368164, "subj_cons": 0.9465080499649048, "imaging": 0.014788830652832985, "motion": 0.10602051764726639, "flicker": 0.18236827850341797}
{"phase": "bench", "prompt": 14, "seed": 3000, "method": "TEA_0.15", "aesthetic": 5.5137152671813965, "clip_text": 31.469642639160156, "subj_cons": 0.9534369111061096, "imaging": 0.013483240269124508, "motion": 0.1047949492931366, "flicker": 0.1798982471227646}
{"phase": "bench", "prompt": 14, "seed": 3000, "method": "TEA_0.2", "aesthetic": 5.449589729309082, "clip_text": 31.4356746673584, "subj_cons": 0.959986686706543, "imaging": 0.015047146007418633, "motion": 0.1034431904554367, "flicker": 0.1765674203634262}
{"phase": "bench", "prompt": 14, "seed": 3000, "method": "TEA_0.3", "aesthetic": 5.403810501098633, "clip_text": 31.01677894592285, "subj_cons": 0.9532037973403931, "imaging": 0.013735069893300533, "motion": 0.09746930748224258, "flicker": 0.16640405356884003}
{"phase": "bench", "prompt": 14, "seed": 3000, "method": "TS_n3", "aesthetic": 5.467810153961182, "clip_text": 31.95498275756836, "subj_cons": 0.9408953189849854, "imaging": 0.012826567515730858, "motion": 0.10528852045536041, "flicker": 0.1837988793849945}
{"phase": "bench", "prompt": 14, "seed": 3000, "method": "TS_n4", "aesthetic": 5.706374645233154, "clip_text": 30.84733772277832, "subj_cons": 0.9493716955184937, "imaging": 0.014866447076201439, "motion": 0.0915926992893219, "flicker": 0.15978002548217773}
{"phase": "bench", "prompt": 14, "seed": 3000, "method": "full", "aesthetic": 5.413896083831787, "clip_text": 31.60698127746582, "subj_cons": 0.9470499753952026, "imaging": 0.015543988905847073, "motion": 0.10767287760972977, "flicker": 0.18587376177310944}
{"phase": "bench", "prompt": 14, "seed": 3000, "method": "full_perturb1e-2", "aesthetic": 5.410394191741943, "clip_text": 31.58048439025879, "subj_cons": 0.9459657073020935, "imaging": 0.015574893914163113, "motion": 0.10761398077011108, "flicker": 0.18581335246562958}
{"phase": "bench", "prompt": 14, "seed": 3000, "method": "steps17", "aesthetic": 5.59434700012207, "clip_text": 25.393077850341797, "subj_cons": 0.9651837348937988, "imaging": 0.005002602003514767, "motion": 0.11730192601680756, "flicker": 0.20002785325050354}
{"phase": "bench", "prompt": 14, "seed": 3000, "method": "steps20", "aesthetic": 5.570868015289307, "clip_text": 25.70529556274414, "subj_cons": 0.9591872692108154, "imaging": 0.006032764911651611, "motion": 0.11764253675937653, "flicker": 0.20196786522865295}
{"phase": "bench", "prompt": 14, "seed": 3000, "method": "steps25", "aesthetic": 5.6589789390563965, "clip_text": 26.984500885009766, "subj_cons": 0.9471126794815063, "imaging": 0.005934144835919142, "motion": 0.11733892560005188, "flicker": 0.2020447850227356}
{"phase": "bench", "prompt": 15, "seed": 3000, "method": "FC_v2", "aesthetic": 4.0274152755737305, "clip_text": 25.724834442138672, "subj_cons": 0.9828314781188965, "imaging": 0.0032240941654890776, "motion": 0.03022993914783001, "flicker": 0.051881156861782074}
{"phase": "bench", "prompt": 15, "seed": 3000, "method": "FC_v2_k3", "aesthetic": 4.053184509277344, "clip_text": 25.775894165039062, "subj_cons": 0.9840681552886963, "imaging": 0.0029805460944771767, "motion": 0.02955569140613079, "flicker": 0.05064641684293747}
{"phase": "bench", "prompt": 15, "seed": 3000, "method": "FORA_n2", "aesthetic": 4.196835041046143, "clip_text": 25.695219039916992, "subj_cons": 0.9845091104507446, "imaging": 0.0032285572960972786, "motion": 0.030192406848073006, "flicker": 0.05104239657521248}
{"phase": "bench", "prompt": 15, "seed": 3000, "method": "FORA_n3", "aesthetic": 4.138311386108398, "clip_text": 24.249725341796875, "subj_cons": 0.9862332344055176, "imaging": 0.002324526896700263, "motion": 0.027668796479701996, "flicker": 0.04592479392886162}
{"phase": "bench", "prompt": 15, "seed": 3000, "method": "OURS_O3w10_B3", "aesthetic": 3.8069419860839844, "clip_text": 25.812774658203125, "subj_cons": 0.9793921113014221, "imaging": 0.0029310269746929407, "motion": 0.030124010518193245, "flicker": 0.05123615264892578}
{"phase": "bench", "prompt": 15, "seed": 3000, "method": "OURS_O3w13_B2", "aesthetic": 3.863193988800049, "clip_text": 25.561466217041016, "subj_cons": 0.9811198115348816, "imaging": 0.0033855668734759092, "motion": 0.03208013251423836, "flicker": 0.054873645305633545}
{"phase": "bench", "prompt": 15, "seed": 3000, "method": "OURS_O3w17_B2", "aesthetic": 3.9867939949035645, "clip_text": 25.40232276916504, "subj_cons": 0.981201708316803, "imaging": 0.003370892023667693, "motion": 0.030747421085834503, "flicker": 0.05265819653868675}
{"phase": "bench", "prompt": 15, "seed": 3000, "method": "OURS_O3w17_B2_GI", "aesthetic": 3.8762290477752686, "clip_text": 25.0245418548584, "subj_cons": 0.9828710556030273, "imaging": 0.003273281967267394, "motion": 0.030398540198802948, "flicker": 0.05218883976340294}
{"phase": "bench", "prompt": 15, "seed": 3000, "method": "OURS_O4w10_B2", "aesthetic": 3.961801767349243, "clip_text": 25.7180118560791, "subj_cons": 0.9794371128082275, "imaging": 0.003537052311003208, "motion": 0.03275134414434433, "flicker": 0.05580957978963852}
{"phase": "bench", "prompt": 15, "seed": 3000, "method": "OURS_O4w13_B2", "aesthetic": 3.8977041244506836, "clip_text": 25.283601760864258, "subj_cons": 0.980786144733429, "imaging": 0.0033132045064121485, "motion": 0.03210783004760742, "flicker": 0.05474638193845749}
{"phase": "bench", "prompt": 15, "seed": 3000, "method": "OURS_O4w13_B2_GI", "aesthetic": 3.7364089488983154, "clip_text": 25.171428680419922, "subj_cons": 0.9786774516105652, "imaging": 0.003237257245928049, "motion": 0.031803250312805176, "flicker": 0.05429108813405037}
{"phase": "bench", "prompt": 15, "seed": 3000, "method": "OURS_O5w13_B2", "aesthetic": 3.8095285892486572, "clip_text": 25.1127872467041, "subj_cons": 0.9813726544380188, "imaging": 0.0035021284129470587, "motion": 0.033539511263370514, "flicker": 0.05698659271001816}
{"phase": "bench", "prompt": 15, "seed": 3000, "method": "OURS_Ow17_L4", "aesthetic": 3.9947595596313477, "clip_text": 25.604551315307617, "subj_cons": 0.9824225902557373, "imaging": 0.0035408830735832453, "motion": 0.03134599328041077, "flicker": 0.05385957658290863}
{"phase": "bench", "prompt": 15, "seed": 3000, "method": "OURS_Ow17_L4_GI", "aesthetic": 3.873546838760376, "clip_text": 25.297788619995117, "subj_cons": 0.9825071692466736, "imaging": 0.0034862160682678223, "motion": 0.03113270178437233, "flicker": 0.05354014411568642}
{"phase": "bench", "prompt": 15, "seed": 3000, "method": "OURS_Ow20_L4", "aesthetic": 4.063411235809326, "clip_text": 25.508371353149414, "subj_cons": 0.9832536578178406, "imaging": 0.00349640054628253, "motion": 0.03129611164331436, "flicker": 0.05374397337436676}
{"phase": "bench", "prompt": 15, "seed": 3000, "method": "OURS_Ow7_L6_GI", "aesthetic": 3.5330653190612793, "clip_text": 25.378284454345703, "subj_cons": 0.9800615310668945, "imaging": 0.0025022998452186584, "motion": 0.0305887870490551, "flicker": 0.0515897236764431}
{"phase": "bench", "prompt": 15, "seed": 3000, "method": "PAB_k2", "aesthetic": 4.031851768493652, "clip_text": 25.738933563232422, "subj_cons": 0.9823400974273682, "imaging": 0.0032234254758805037, "motion": 0.030260296538472176, "flicker": 0.05193621292710304}
{"phase": "bench", "prompt": 15, "seed": 3000, "method": "PAB_k3", "aesthetic": 4.073955059051514, "clip_text": 25.780105590820312, "subj_cons": 0.9838787317276001, "imaging": 0.0029809416737407446, "motion": 0.029612204059958458, "flicker": 0.050750311464071274}
{"phase": "bench", "prompt": 15, "seed": 3000, "method": "TEA_0.1", "aesthetic": 4.063579082489014, "clip_text": 25.666109085083008, "subj_cons": 0.9855289459228516, "imaging": 0.0033221018966287374, "motion": 0.031257372349500656, "flicker": 0.05351221561431885}
{"phase": "bench", "prompt": 15, "seed": 3000, "method": "TEA_0.15", "aesthetic": 4.223140716552734, "clip_text": 25.31989860534668, "subj_cons": 0.9821751117706299, "imaging": 0.0034045581705868244, "motion": 0.030338602140545845, "flicker": 0.051080163568258286}
{"phase": "bench", "prompt": 15, "seed": 3000, "method": "TEA_0.2", "aesthetic": 4.124148368835449, "clip_text": 25.519588470458984, "subj_cons": 0.9832560420036316, "imaging": 0.003120603272691369, "motion": 0.027452576905488968, "flicker": 0.04643765464425087}
{"phase": "bench", "prompt": 15, "seed": 3000, "method": "TEA_0.3", "aesthetic": 3.9710490703582764, "clip_text": 24.86696434020996, "subj_cons": 0.9768610596656799, "imaging": 0.0028156135231256485, "motion": 0.02859603427350521, "flicker": 0.04724223166704178}
{"phase": "bench", "prompt": 15, "seed": 3000, "method": "TS_n3", "aesthetic": 4.126455783843994, "clip_text": 25.872865676879883, "subj_cons": 0.9860130548477173, "imaging": 0.003128419630229473, "motion": 0.03017297387123108, "flicker": 0.050462957471609116}
{"phase": "bench", "prompt": 15, "seed": 3000, "method": "TS_n4", "aesthetic": 4.387533187866211, "clip_text": 24.90461540222168, "subj_cons": 0.9868659377098083, "imaging": 0.0036212983541190624, "motion": 0.02985348179936409, "flicker": 0.05034980550408363}
{"phase": "bench", "prompt": 15, "seed": 3000, "method": "full", "aesthetic": 4.070048809051514, "clip_text": 25.65211296081543, "subj_cons": 0.983025074005127, "imaging": 0.0035075137857347727, "motion": 0.031087223440408707, "flicker": 0.05349837616086006}
{"phase": "bench", "prompt": 15, "seed": 3000, "method": "full_perturb1e-2", "aesthetic": 4.178800106048584, "clip_text": 25.743059158325195, "subj_cons": 0.9839538931846619, "imaging": 0.003364264965057373, "motion": 0.030953526496887207, "flicker": 0.052996087819337845}
{"phase": "bench", "prompt": 15, "seed": 3000, "method": "steps17", "aesthetic": 3.910580635070801, "clip_text": 24.355302810668945, "subj_cons": 0.9861996173858643, "imaging": 0.0007693924708291888, "motion": 0.011942366138100624, "flicker": 0.018978938460350037}
{"phase": "bench", "prompt": 15, "seed": 3000, "method": "steps20", "aesthetic": 4.0200724601745605, "clip_text": 23.432817459106445, "subj_cons": 0.979408860206604, "imaging": 0.0010450031841173768, "motion": 0.01575462706387043, "flicker": 0.026123708114027977}
{"phase": "bench", "prompt": 15, "seed": 3000, "method": "steps25", "aesthetic": 4.132688522338867, "clip_text": 22.53154754638672, "subj_cons": 0.9877293109893799, "imaging": 0.0014742439379915595, "motion": 0.01695571094751358, "flicker": 0.028436776250600815}
