/usr/local/lib64/python3.9/site-packages/torch/_utils.py:831: UserWarning: TypedStorage is deprecated. It will be removed in the future and UntypedStorage will be the only storage class. This should only matter to you if you are using storages directly.  To access UntypedStorage directly, use tensor.untyped_storage() instead of tensor.storage()
  return self.fget.__get__(instance, owner)()
{"phase": "fairbench", "prompt": 4, "seed": 4000, "method": "full", "latent_mse_to_full": 0.0, "seconds": 166.70628067525104, "kinds": {"F": 50, "C": 0, "G": 0, "O": 0}, "full": 3000, "reuse": 0, "attn_only": 0, "ffn_only": 0}
{"phase": "fairbench", "prompt": 4, "seed": 4000, "method": "full_perturb1e-2", "latent_mse_to_full": 0.021875882521271706, "seconds": 166.18811541981995, "kinds": {"F": 50, "C": 0, "G": 0, "O": 0}, "full": 3000, "reuse": 0, "attn_only": 0, "ffn_only": 0}
{"phase": "fairbench", "prompt": 4, "seed": 4000, "method": "OURS_Ow20_L4", "latent_mse_to_full": 0.0015386085724458098, "seconds": 93.17419376177713, "kinds": {"F": 35, "C": 0, "G": 0, "O": 15}, "full": 1680, "reuse": 420, "attn_only": 0, "ffn_only": 0}
{"phase": "fairbench", "prompt": 4, "seed": 4000, "method": "OURS_Ow17_L4_GI", "latent_mse_to_full": 0.007001144345849752, "seconds": 80.2496739900671, "kinds": {"F": 27, "C": 0, "G": 7, "O": 16}, "full": 1440, "reuse": 390, "attn_only": 0, "ffn_only": 0}
{"phase": "fairbench", "prompt": 4, "seed": 4000, "method": "OURS_O3w17_B2", "latent_mse_to_full": 0.008781024254858494, "seconds": 76.06909340806305, "kinds": {"F": 28, "C": 0, "G": 0, "O": 22}, "full": 1380, "reuse": 300, "attn_only": 0, "ffn_only": 0}
{"phase": "fairbench", "prompt": 4, "seed": 4000, "method": "OURS_O3w17_B2_GI", "latent_mse_to_full": 0.01002284325659275, "seconds": 72.9466186449863, "kinds": {"F": 24, "C": 0, "G": 4, "O": 22}, "full": 1320, "reuse": 240, "attn_only": 0, "ffn_only": 0}
{"phase": "fairbench", "prompt": 4, "seed": 4000, "method": "OURS_O3w13_B2", "latent_mse_to_full": 0.022007986903190613, "seconds": 66.17170665087178, "kinds": {"F": 26, "C": 0, "G": 0, "O": 24}, "full": 1200, "reuse": 360, "attn_only": 0, "ffn_only": 0}
{"phase": "fairbench", "prompt": 4, "seed": 4000, "method": "OURS_O4w13_B2_GI", "latent_mse_to_full": 0.02938447706401348, "seconds": 56.427927491255105, "kinds": {"F": 19, "C": 0, "G": 4, "O": 27}, "full": 1020, "reuse": 240, "attn_only": 0, "ffn_only": 0}
{"phase": "fairbench", "prompt": 4, "seed": 4000, "method": "OURS_O3w10_B3", "latent_mse_to_full": 0.057961396872997284, "seconds": 49.69411113206297, "kinds": {"F": 24, "C": 0, "G": 0, "O": 26}, "full": 900, "reuse": 540, "attn_only": 0, "ffn_only": 0}
{"phase": "fairbench", "prompt": 4, "seed": 4000, "method": "TEAw17_0.1", "latent_mse_to_full": 0.0016318514244630933, "seconds": 99.80808224994689, "kinds": {"F": 50, "C": 0, "G": 0, "O": 0}, "full": 1800, "reuse": 1200, "attn_only": 0, "ffn_only": 0}
{"phase": "fairbench", "prompt": 4, "seed": 4000, "method": "TEAw17_0.2", "latent_mse_to_full": 0.005377252120524645, "seconds": 83.45810261461884, "kinds": {"F": 50, "C": 0, "G": 0, "O": 0}, "full": 1500, "reuse": 1500, "attn_only": 0, "ffn_only": 0}
{"phase": "fairbench", "prompt": 4, "seed": 4000, "method": "TEAw17_0.2_GI", "latent_mse_to_full": 0.00865872111171484, "seconds": 77.15148057509214, "kinds": {"F": 37, "C": 0, "G": 13, "O": 0}, "full": 1380, "reuse": 1230, "attn_only": 0, "ffn_only": 0}
{"phase": "fairbench", "prompt": 4, "seed": 4000, "method": "TEAw17_0.3", "latent_mse_to_full": 0.011502322740852833, "seconds": 76.83573053497821, "kinds": {"F": 50, "C": 0, "G": 0, "O": 0}, "full": 1380, "reuse": 1620, "attn_only": 0, "ffn_only": 0}
{"phase": "fairbench", "prompt": 4, "seed": 4000, "method": "TEAw17_0.3_GI", "latent_mse_to_full": 0.015064766630530357, "seconds": 72.0798967545852, "kinds": {"F": 37, "C": 0, "G": 13, "O": 0}, "full": 1290, "reuse": 1320, "attn_only": 0, "ffn_only": 0}
{"phase": "fairbench", "prompt": 4, "seed": 4000, "method": "TEAw13_0.2", "latent_mse_to_full": 0.015892380848526955, "seconds": 73.53075253311545, "kinds": {"F": 50, "C": 0, "G": 0, "O": 0}, "full": 1320, "reuse": 1680, "attn_only": 0, "ffn_only": 0}
{"phase": "fairbench", "prompt": 4, "seed": 4000, "method": "TEAw13_0.2_GI", "latent_mse_to_full": 0.017653226852416992, "seconds": 67.22230288106948, "kinds": {"F": 37, "C": 0, "G": 13, "O": 0}, "full": 1200, "reuse": 1410, "attn_only": 0, "ffn_only": 0}
{"phase": "fairbench", "prompt": 4, "seed": 4000, "method": "TEAw13_0.3", "latent_mse_to_full": 0.023673269897699356, "seconds": 66.90899333311245, "kinds": {"F": 50, "C": 0, "G": 0, "O": 0}, "full": 1200, "reuse": 1800, "attn_only": 0, "ffn_only": 0}
{"phase": "fairbench", "prompt": 4, "seed": 4000, "method": "TEAw13_0.3_GI", "latent_mse_to_full": 0.02577894739806652, "seconds": 62.15371277369559, "kinds": {"F": 37, "C": 0, "G": 13, "O": 0}, "full": 1110, "reuse": 1500, "attn_only": 0, "ffn_only": 0}
{"phase": "fairbench", "prompt": 4, "seed": 4000, "method": "TEAw10_0.2", "latent_mse_to_full": 0.03660280257463455, "seconds": 66.91055352194235, "kinds": {"F": 50, "C": 0, "G": 0, "O": 0}, "full": 1200, "reuse": 1800, "attn_only": 0, "ffn_only": 0}
{"phase": "fairbench", "prompt": 4, "seed": 4000, "method": "TEAw10_0.2_GI", "latent_mse_to_full": 0.03662897273898125, "seconds": 60.5961303957738, "kinds": {"F": 37, "C": 0, "G": 13, "O": 0}, "full": 1080, "reuse": 1530, "attn_only": 0, "ffn_only": 0}
{"phase": "fairbench", "prompt": 4, "seed": 4000, "method": "TEAw10_0.3", "latent_mse_to_full": 0.046953484416007996, "seconds": 56.97342643328011, "kinds": {"F": 50, "C": 0, "G": 0, "O": 0}, "full": 1020, "reuse": 1980, "attn_only": 0, "ffn_only": 0}
{"phase": "fairbench", "prompt": 4, "seed": 4000, "method": "TEAw10_0.5", "latent_mse_to_full": 0.07322119921445847, "seconds": 50.35502858599648, "kinds": {"F": 50, "C": 0, "G": 0, "O": 0}, "full": 900, "reuse": 2100, "attn_only": 0, "ffn_only": 0}
{"phase": "fairbench", "prompt": 4, "seed": 4000, "method": "TSw17_n3", "latent_mse_to_full": 0.0042470237240195274, "seconds": 93.89929227996618, "kinds": {"F": 50, "C": 0, "G": 0, "O": 0}, "full": 1680, "reuse": 1320, "attn_only": 0, "ffn_only": 0}
{"phase": "fairbench", "prompt": 4, "seed": 4000, "method": "FORAw17_n3", "latent_mse_to_full": 0.0040530371479690075, "seconds": 93.36730887601152, "kinds": {"F": 50, "C": 0, "G": 0, "O": 0}, "full": 1680, "reuse": 1320, "attn_only": 0, "ffn_only": 0}
{"phase": "fairbench", "prompt": 4, "seed": 4000, "method": "FORAw17_n4", "latent_mse_to_full": 0.005376163870096207, "seconds": 86.7471185401082, "kinds": {"F": 50, "C": 0, "G": 0, "O": 0}, "full": 1560, "reuse": 1440, "attn_only": 0, "ffn_only": 0}
{"phase": "fairbench", "prompt": 4, "seed": 4000, "method": "FORAw13_n3_GI", "latent_mse_to_full": 0.009182043373584747, "seconds": 78.89907287387177, "kinds": {"F": 37, "C": 0, "G": 13, "O": 0}, "full": 1410, "reuse": 1200, "attn_only": 0, "ffn_only": 0}
{"phase": "fairbench", "prompt": 4, "seed": 4000, "method": "Oonly_O2w17", "latent_mse_to_full": 0.0014617402339354157, "seconds": 113.00480479979888, "kinds": {"F": 34, "C": 0, "G": 0, "O": 16}, "full": 2040, "reuse": 0, "attn_only": 0, "ffn_only": 0}
{"phase": "fairbench", "prompt": 4, "seed": 4000, "method": "Oonly_O3w17", "latent_mse_to_full": 0.006035571917891502, "seconds": 93.06243376573548, "kinds": {"F": 28, "C": 0, "G": 0, "O": 22}, "full": 1680, "reuse": 0, "attn_only": 0, "ffn_only": 0}
{"phase": "fairbench", "prompt": 4, "seed": 4000, "method": "Oonly_O3w13", "latent_mse_to_full": 0.015509587712585926, "seconds": 86.41947374073789, "kinds": {"F": 26, "C": 0, "G": 0, "O": 24}, "full": 1560, "reuse": 0, "attn_only": 0, "ffn_only": 0}
{"phase": "fairbench", "prompt": 4, "seed": 4000, "method": "unipc20", "latent_mse_to_full": 0.18492870032787323, "seconds": 66.50441402802244, "kinds": {"F": 20, "C": 0, "G": 0, "O": 0}, "full": 1200, "reuse": 0, "attn_only": 0, "ffn_only": 0}
{"phase": "fairbench", "prompt": 4, "seed": 4000, "method": "unipc25", "latent_mse_to_full": 0.14830484986305237, "seconds": 83.10327891120687, "kinds": {"F": 25, "C": 0, "G": 0, "O": 0}, "full": 1500, "reuse": 0, "attn_only": 0, "ffn_only": 0}
{"phase": "fairbench", "prompt": 4, "seed": 4000, "method": "dpm20", "latent_mse_to_full": 0.2142040729522705, "seconds": 66.46682821726426, "kinds": {"F": 20, "C": 0, "G": 0, "O": 0}, "full": 1200, "reuse": 0, "attn_only": 0, "ffn_only": 0}
{"phase": "fairbench", "prompt": 4, "seed": 4000, "method": "full_retime", "latent_mse_to_full": 0.0, "seconds": 166.1716230288148, "kinds": {"F": 50, "C": 0, "G": 0, "O": 0}, "full": 3000, "reuse": 0, "attn_only": 0, "ffn_only": 0}
{"phase": "fairbench", "prompt": 8, "seed": 4000, "method": "full", "latent_mse_to_full": 0.0, "seconds": 166.19049637718126, "kinds": {"F": 50, "C": 0, "G": 0, "O": 0}, "full": 3000, "reuse": 0, "attn_only": 0, "ffn_only": 0}
{"phase": "fairbench", "prompt": 8, "seed": 4000, "method": "full_perturb1e-2", "latent_mse_to_full": 0.0008465212886221707, "seconds": 166.17635368090123, "kinds": {"F": 50, "C": 0, "G": 0, "O": 0}, "full": 3000, "reuse": 0, "attn_only": 0, "ffn_only": 0}
{"phase": "fairbench", "prompt": 8, "seed": 4000, "method": "OURS_Ow20_L4", "latent_mse_to_full": 0.002066452521830797, "seconds": 93.15231449808925, "kinds": {"F": 35, "C": 0, "G": 0, "O": 15}, "full": 1680, "reuse": 420, "attn_only": 0, "ffn_only": 0}
{"phase": "fairbench", "prompt": 8, "seed": 4000, "method": "OURS_Ow17_L4_GI", "latent_mse_to_full": 0.006109898444265127, "seconds": 80.26432099193335, "kinds": {"F": 27, "C": 0, "G": 7, "O": 16}, "full": 1440, "reuse": 390, "attn_only": 0, "ffn_only": 0}
{"phase": "fairbench", "prompt": 8, "seed": 4000, "method": "OURS_O3w17_B2", "latent_mse_to_full": 0.00837649405002594, "seconds": 76.51604577479884, "kinds": {"F": 28, "C": 0, "G": 0, "O": 22}, "full": 1380, "reuse": 300, "attn_only": 0, "ffn_only": 0}
{"phase": "fairbench", "prompt": 8, "seed": 4000, "method": "OURS_O3w17_B2_GI", "latent_mse_to_full": 0.009998847730457783, "seconds": 73.36929991096258, "kinds": {"F": 24, "C": 0, "G": 4, "O": 22}, "full": 1320, "reuse": 240, "attn_only": 0, "ffn_only": 0}
{"phase": "fairbench", "prompt": 8, "seed": 4000, "method": "OURS_O3w13_B2", "latent_mse_to_full": 0.022708984091877937, "seconds": 66.56234123324975, "kinds": {"F": 26, "C": 0, "G": 0, "O": 24}, "full": 1200, "reuse": 360, "attn_only": 0, "ffn_only": 0}
{"phase": "fairbench", "prompt": 8, "seed": 4000, "method": "OURS_O4w13_B2_GI", "latent_mse_to_full": 0.02906855195760727, "seconds": 56.77629613317549, "kinds": {"F": 19, "C": 0, "G": 4, "O": 27}, "full": 1020, "reuse": 240, "attn_only": 0, "ffn_only": 0}
{"phase": "fairbench", "prompt": 8, "seed": 4000, "method": "OURS_O3w10_B3", "latent_mse_to_full": 0.07215170562267303, "seconds": 49.99818346230313, "kinds": {"F": 24, "C": 0, "G": 0, "O": 26}, "full": 900, "reuse": 540, "attn_only": 0, "ffn_only": 0}
{"phase": "fairbench", "prompt": 8, "seed": 4000, "method": "TEAw17_0.1", "latent_mse_to_full": 0.0031147191766649485, "seconds": 100.0062160231173, "kinds": {"F": 50, "C": 0, "G": 0, "O": 0}, "full": 1800, "reuse": 1200, "attn_only": 0, "ffn_only": 0}
{"phase": "fairbench", "prompt": 8, "seed": 4000, "method": "TEAw17_0.2", "latent_mse_to_full": 0.011051361449062824, "seconds": 83.46062593022361, "kinds": {"F": 50, "C": 0, "G": 0, "O": 0}, "full": 1500, "reuse": 1500, "attn_only": 0, "ffn_only": 0}
{"phase": "fairbench", "prompt": 8, "seed": 4000, "method": "TEAw17_0.2_GI", "latent_mse_to_full": 0.013109852559864521, "seconds": 77.14934980776161, "kinds": {"F": 37, "C": 0, "G": 13, "O": 0}, "full": 1380, "reuse": 1230, "attn_only": 0, "ffn_only": 0}
{"phase": "fairbench", "prompt": 8, "seed": 4000, "method": "TEAw17_0.3", "latent_mse_to_full": 0.019015738740563393, "seconds": 76.82577466685325, "kinds": {"F": 50, "C": 0, "G": 0, "O": 0}, "full": 1380, "reuse": 1620, "attn_only": 0, "ffn_only": 0}
{"phase": "fairbench", "prompt": 8, "seed": 4000, "method": "TEAw17_0.3_GI", "latent_mse_to_full": 0.02092314511537552, "seconds": 72.08578759385273, "kinds": {"F": 37, "C": 0, "G": 13, "O": 0}, "full": 1290, "reuse": 1320, "attn_only": 0, "ffn_only": 0}
{"phase": "fairbench", "prompt": 8, "seed": 4000, "method": "TEAw13_0.2", "latent_mse_to_full": 0.019217144697904587, "seconds": 73.53026335593313, "kinds": {"F": 50, "C": 0, "G": 0, "O": 0}, "full": 1320, "reuse": 1680, "attn_only": 0, "ffn_only": 0}
{"phase": "fairbench", "prompt": 8, "seed": 4000, "method": "TEAw13_0.2_GI", "latent_mse_to_full": 0.02095487155020237, "seconds": 67.22220812179148, "kinds": {"F": 37, "C": 0, "G": 13, "O": 0}, "full": 1200, "reuse": 1410, "attn_only": 0, "ffn_only": 0}
{"phase": "fairbench", "prompt": 8, "seed": 4000, "method": "TEAw13_0.3", "latent_mse_to_full": 0.029606614261865616, "seconds": 66.91221792111173, "kinds": {"F": 50, "C": 0, "G": 0, "O": 0}, "full": 1200, "reuse": 1800, "attn_only": 0, "ffn_only": 0}
{"phase": "fairbench", "prompt": 8, "seed": 4000, "method": "TEAw13_0.3_GI", "latent_mse_to_full": 0.031278178095817566, "seconds": 62.15207185409963, "kinds": {"F": 37, "C": 0, "G": 13, "O": 0}, "full": 1110, "reuse": 1500, "attn_only": 0, "ffn_only": 0}
{"phase": "fairbench", "prompt": 8, "seed": 4000, "method": "TEAw10_0.2", "latent_mse_to_full": 0.03570903092622757, "seconds": 66.90932954568416, "kinds": {"F": 50, "C": 0, "G": 0, "O": 0}, "full": 1200, "reuse": 1800, "attn_only": 0, "ffn_only": 0}
{"phase": "fairbench", "prompt": 8, "seed": 4000, "method": "TEAw10_0.2_GI", "latent_mse_to_full": 0.036499425768852234, "seconds": 60.60375323519111, "kinds": {"F": 37, "C": 0, "G": 13, "O": 0}, "full": 1080, "reuse": 1530, "attn_only": 0, "ffn_only": 0}
{"phase": "fairbench", "prompt": 8, "seed": 4000, "method": "TEAw10_0.3", "latent_mse_to_full": 0.04975203797221184, "seconds": 56.98342316504568, "kinds": {"F": 50, "C": 0, "G": 0, "O": 0}, "full": 1020, "reuse": 1980, "attn_only": 0, "ffn_only": 0}
{"phase": "fairbench", "prompt": 8, "seed": 4000, "method": "TEAw10_0.5", "latent_mse_to_full": 0.08885432779788971, "seconds": 50.36400257702917, "kinds": {"F": 50, "C": 0, "G": 0, "O": 0}, "full": 900, "reuse": 2100, "attn_only": 0, "ffn_only": 0}
{"phase": "fairbench", "prompt": 8, "seed": 4000, "method": "TSw17_n3", "latent_mse_to_full": 0.0026194737292826176, "seconds": 93.9188801497221, "kinds": {"F": 50, "C": 0, "G": 0, "O": 0}, "full": 1680, "reuse": 1320, "attn_only": 0, "ffn_only": 0}
{"phase": "fairbench", "prompt": 8, "seed": 4000, "method": "FORAw17_n3", "latent_mse_to_full": 0.0037535890005528927, "seconds": 93.39107730193064, "kinds": {"F": 50, "C": 0, "G": 0, "O": 0}, "full": 1680, "reuse": 1320, "attn_only": 0, "ffn_only": 0}
{"phase": "fairbench", "prompt": 8, "seed": 4000, "method": "FORAw17_n4", "latent_mse_to_full": 0.0053117540664970875, "seconds": 86.77027585124597, "kinds": {"F": 50, "C": 0, "G": 0, "O": 0}, "full": 1560, "reuse": 1440, "attn_only": 0, "ffn_only": 0}
{"phase": "fairbench", "prompt": 8, "seed": 4000, "method": "FORAw13_n3_GI", "latent_mse_to_full": 0.013072830624878407, "seconds": 78.90710615040734, "kinds": {"F": 37, "C": 0, "G": 13, "O": 0}, "full": 1410, "reuse": 1200, "attn_only": 0, "ffn_only": 0}
{"phase": "fairbench", "prompt": 8, "seed": 4000, "method": "Oonly_O2w17", "latent_mse_to_full": 0.0007958176429383457, "seconds": 113.00496900314465, "kinds": {"F": 34, "C": 0, "G": 0, "O": 16}, "full": 2040, "reuse": 0, "attn_only": 0, "ffn_only": 0}
{"phase": "fairbench", "prompt": 8, "seed": 4000, "method": "Oonly_O3w17", "latent_mse_to_full": 0.004898931365460157, "seconds": 93.0750161120668, "kinds": {"F": 28, "C": 0, "G": 0, "O": 22}, "full": 1680, "reuse": 0, "attn_only": 0, "ffn_only": 0}
{"phase": "fairbench", "prompt": 8, "seed": 4000, "method": "Oonly_O3w13", "latent_mse_to_full": 0.01057440135627985, "seconds": 86.42941199289635, "kinds": {"F": 26, "C": 0, "G": 0, "O": 24}, "full": 1560, "reuse": 0, "attn_only": 0, "ffn_only": 0}
{"phase": "fairbench", "prompt": 8, "seed": 4000, "method": "unipc20", "latent_mse_to_full": 0.30422064661979675, "seconds": 66.49554084474221, "kinds": {"F": 20, "C": 0, "G": 0, "O": 0}, "full": 1200, "reuse": 0, "attn_only": 0, "ffn_only": 0}
{"phase": "fairbench", "prompt": 8, "seed": 4000, "method": "unipc25", "latent_mse_to_full": 0.26204875111579895, "seconds": 83.11576378205791, "kinds": {"F": 25, "C": 0, "G": 0, "O": 0}, "full": 1500, "reuse": 0, "attn_only": 0, "ffn_only": 0}
{"phase": "fairbench", "prompt": 8, "seed": 4000, "method": "dpm20", "latent_mse_to_full": 0.3443516790866852, "seconds": 66.47356185037643, "kinds": {"F": 20, "C": 0, "G": 0, "O": 0}, "full": 1200, "reuse": 0, "attn_only": 0, "ffn_only": 0}
{"phase": "fairbench", "prompt": 8, "seed": 4000, "method": "full_retime", "latent_mse_to_full": 0.0, "seconds": 166.19638313772157, "kinds": {"F": 50, "C": 0, "G": 0, "O": 0}, "full": 3000, "reuse": 0, "attn_only": 0, "ffn_only": 0}
sh: line 1: 34661 Terminated              python3 h20_cog_bench.py gen --phase fairbench --plist 4 8 12 --seeds 4000
The config attributes {'invert_scale_latents': False} were passed to AutoencoderKLCogVideoX, but are not expected and will be ignored. Please verify your config.json configuration file.
/usr/local/lib64/python3.9/site-packages/torchvision/models/_utils.py:208: UserWarning: The parameter 'pretrained' is deprecated since 0.13 and may be removed in the future, please use 'weights' instead.
  warnings.warn(
/usr/local/lib64/python3.9/site-packages/torchvision/models/_utils.py:223: UserWarning: Arguments other than a weight enum or `None` for 'weights' are deprecated since 0.13 and may be removed in the future. The current behavior is equivalent to passing `weights=AlexNet_Weights.IMAGENET1K_V1`. You can also use `weights=AlexNet_Weights.DEFAULT` to get the most up-to-date weights.
  warnings.warn(msg)
/usr/local/lib64/python3.9/site-packages/torch/_utils.py:831: UserWarning: TypedStorage is deprecated. It will be removed in the future and UntypedStorage will be the only storage class. This should only matter to you if you are using storages directly.  To access UntypedStorage directly, use tensor.untyped_storage() instead of tensor.storage()
  return self.fget.__get__(instance, owner)()
{"phase": "fairbench", "prompt": 4, "seed": 4000, "method": "full", "clip_score": 24.140625, "frame_consistency": 0.96337890625, "motion": 0.009805926121771336, "sharpness": 0.004175555892288685, "psnr_to_full": null, "ssim_to_full": 1.0, "lpips_to_full": 0.0, "temporal_delta_error": 0.0}
{"phase": "fairbench", "prompt": 4, "seed": 4000, "method": "FORAw13_n3_GI", "clip_score": 24.125, "frame_consistency": 0.96923828125, "motion": 0.009080644696950912, "sharpness": 0.0037858649156987667, "psnr_to_full": 33.444411302324, "ssim_to_full": 0.9701331853866577, "lpips_to_full": 0.036238670349121094, "temporal_delta_error": 0.0007954671746119857}
{"phase": "fairbench", "prompt": 4, "seed": 4000, "method": "FORAw17_n3", "clip_score": 24.3125, "frame_consistency": 0.9697265625, "motion": 0.009656781330704689, "sharpness": 0.0042456709779798985, "psnr_to_full": 35.422081716024955, "ssim_to_full": 0.9824450612068176, "lpips_to_full": 0.017158884555101395, "temporal_delta_error": 0.0004407938686199486}
{"phase": "fairbench", "prompt": 4, "seed": 4000, "method": "FORAw17_n4", "clip_score": 24.375, "frame_consistency": 0.9677734375, "motion": 0.009695966728031635, "sharpness": 0.004124737344682217, "psnr_to_full": 33.90879432178905, "ssim_to_full": 0.9807397127151489, "lpips_to_full": 0.023278363049030304, "temporal_delta_error": 0.0006404557498171926}
{"phase": "fairbench", "prompt": 4, "seed": 4000, "method": "OURS_O3w10_B3", "clip_score": 25.359375, "frame_consistency": 0.96240234375, "motion": 0.007821440696716309, "sharpness": 0.0024480149149894714, "psnr_to_full": 26.66773762311314, "ssim_to_full": 0.9031234979629517, "lpips_to_full": 0.13892951607704163, "temporal_delta_error": 0.003052724292501807}
{"phase": "fairbench", "prompt": 4, "seed": 4000, "method": "OURS_O3w13_B2", "clip_score": 24.078125, "frame_consistency": 0.96337890625, "motion": 0.009060755372047424, "sharpness": 0.0036200566682964563, "psnr_to_full": 29.98679378117702, "ssim_to_full": 0.9434326887130737, "lpips_to_full": 0.06743432581424713, "temporal_delta_error": 0.0017170646460726857}
{"phase": "fairbench", "prompt": 4, "seed": 4000, "method": "OURS_O3w17_B2", "clip_score": 24.59375, "frame_consistency": 0.96826171875, "motion": 0.009850424714386463, "sharpness": 0.0039774347096681595, "psnr_to_full": 32.5210557094718, "ssim_to_full": 0.9742918610572815, "lpips_to_full": 0.03513525053858757, "temporal_delta_error": 0.0009122146875597537}
{"phase": "fairbench", "prompt": 4, "seed": 4000, "method": "OURS_O3w17_B2_GI", "clip_score": 24.640625, "frame_consistency": 0.9677734375, "motion": 0.009572801180183887, "sharpness": 0.003971986938267946, "psnr_to_full": 32.04683498950219, "ssim_to_full": 0.9704126715660095, "lpips_to_full": 0.041600197553634644, "temporal_delta_error": 0.0010089169954881072}
{"phase": "fairbench", "prompt": 4, "seed": 4000, "method": "OURS_O4w13_B2_GI", "clip_score": 24.734375, "frame_consistency": 0.96044921875, "motion": 0.008659272454679012, "sharpness": 0.003477247431874275, "psnr_to_full": 28.5467020155546, "ssim_to_full": 0.9294731020927429, "lpips_to_full": 0.0924237072467804, "temporal_delta_error": 0.002241802169010043}
{"phase": "fairbench", "prompt": 4, "seed": 4000, "method": "OURS_Ow17_L4_GI", "clip_score": 24.609375, "frame_consistency": 0.97021484375, "motion": 0.00946470070630312, "sharpness": 0.004132616333663464, "psnr_to_full": 32.98813240742649, "ssim_to_full": 0.9754314422607422, "lpips_to_full": 0.029705163091421127, "temporal_delta_error": 0.0007869740948081017}
{"phase": "fairbench", "prompt": 4, "seed": 4000, "method": "OURS_Ow20_L4", "clip_score": 24.09375, "frame_consistency": 0.96484375, "motion": 0.00981137529015541, "sharpness": 0.004170612432062626, "psnr_to_full": 39.22870936794395, "ssim_to_full": 0.9938172698020935, "lpips_to_full": 0.008030660450458527, "temporal_delta_error": 0.0002017154183704406}
{"phase": "fairbench", "prompt": 4, "seed": 4000, "method": "Oonly_O2w17", "clip_score": 24.578125, "frame_consistency": 0.9658203125, "motion": 0.009873339906334877, "sharpness": 0.0041921320371329784, "psnr_to_full": 38.470213282957566, "ssim_to_full": 0.9945824146270752, "lpips_to_full": 0.0077250865288078785, "temporal_delta_error": 0.0001988338481169194}
{"phase": "fairbench", "prompt": 4, "seed": 4000, "method": "Oonly_O3w13", "clip_score": 24.015625, "frame_consistency": 0.96484375, "motion": 0.009887858293950558, "sharpness": 0.00415220158174634, "psnr_to_full": 30.424476047434005, "ssim_to_full": 0.9628797173500061, "lpips_to_full": 0.04258941113948822, "temporal_delta_error": 0.0015834345249459147}
{"phase": "fairbench", "prompt": 4, "seed": 4000, "method": "Oonly_O3w17", "clip_score": 24.765625, "frame_consistency": 0.9638671875, "motion": 0.00996492151170969, "sharpness": 0.004234963562339544, "psnr_to_full": 33.40732734588458, "ssim_to_full": 0.9814625382423401, "lpips_to_full": 0.02326275035738945, "temporal_delta_error": 0.0006939093000255525}
{"phase": "fairbench", "prompt": 4, "seed": 4000, "method": "TEAw10_0.2", "clip_score": 24.8125, "frame_consistency": 0.96484375, "motion": 0.0092658381909132, "sharpness": 0.004060325678437948, "psnr_to_full": 27.84084177918476, "ssim_to_full": 0.9242875576019287, "lpips_to_full": 0.08484752476215363, "temporal_delta_error": 0.002563031855970621}
{"phase": "fairbench", "prompt": 4, "seed": 4000, "method": "TEAw10_0.2_GI", "clip_score": 25.078125, "frame_consistency": 0.96435546875, "motion": 0.0091242091730237, "sharpness": 0.004035918973386288, "psnr_to_full": 27.835436724214965, "ssim_to_full": 0.9238573908805847, "lpips_to_full": 0.08619853109121323, "temporal_delta_error": 0.002555007813498378}
{"phase": "fairbench", "prompt": 4, "seed": 4000, "method": "TEAw10_0.3", "clip_score": 24.921875, "frame_consistency": 0.96728515625, "motion": 0.008787945844233036, "sharpness": 0.0035678567364811897, "psnr_to_full": 27.57842143242521, "ssim_to_full": 0.9131140112876892, "lpips_to_full": 0.10173328965902328, "temporal_delta_error": 0.002826114883646369}
{"phase": "fairbench", "prompt": 4, "seed": 4000, "method": "TEAw10_0.5", "clip_score": 25.4375, "frame_consistency": 0.9677734375, "motion": 0.008280225098133087, "sharpness": 0.0031671912875026464, "psnr_to_full": 26.7063102057126, "ssim_to_full": 0.8979838490486145, "lpips_to_full": 0.1343453973531723, "temporal_delta_error": 0.003204324981197715}
{"phase": "fairbench", "prompt": 4, "seed": 4000, "method": "TEAw13_0.2", "clip_score": 24.1875, "frame_consistency": 0.9658203125, "motion": 0.009290145710110664, "sharpness": 0.003803187981247902, "psnr_to_full": 31.23939733834652, "ssim_to_full": 0.9568359851837158, "lpips_to_full": 0.05130491405725479, "temporal_delta_error": 0.0012757303193211555}
{"phase": "fairbench", "prompt": 4, "seed": 4000, "method": "TEAw13_0.2_GI", "clip_score": 24.578125, "frame_consistency": 0.96875, "motion": 0.00911120604723692, "sharpness": 0.0037489100359380245, "psnr_to_full": 30.79449632572178, "ssim_to_full": 0.9528829455375671, "lpips_to_full": 0.05733197554945946, "temporal_delta_error": 0.00141392822843045}
{"phase": "fairbench", "prompt": 4, "seed": 4000, "method": "TEAw13_0.3", "clip_score": 24.171875, "frame_consistency": 0.9609375, "motion": 0.009052376262843609, "sharpness": 0.0034542963840067387, "psnr_to_full": 29.809953227157393, "ssim_to_full": 0.9431878328323364, "lpips_to_full": 0.06977516412734985, "temporal_delta_error": 0.0017006045673042536}
{"phase": "fairbench", "prompt": 4, "seed": 4000, "method": "TEAw13_0.3_GI", "clip_score": 24.625, "frame_consistency": 0.96826171875, "motion": 0.008911035023629665, "sharpness": 0.0033790036104619503, "psnr_to_full": 29.56054870233164, "ssim_to_full": 0.939470112323761, "lpips_to_full": 0.07679356634616852, "temporal_delta_error": 0.0018126468639820814}
{"phase": "fairbench", "prompt": 4, "seed": 4000, "method": "TEAw17_0.1", "clip_score": 23.984375, "frame_consistency": 0.96728515625, "motion": 0.00965961441397667, "sharpness": 0.00419499771669507, "psnr_to_full": 40.40848016845163, "ssim_to_full": 0.9924600720405579, "lpips_to_full": 0.008541879244148731, "temporal_delta_error": 0.0001631455379538238}
{"phase": "fairbench", "prompt": 4, "seed": 4000, "method": "TEAw17_0.2", "clip_score": 23.984375, "frame_consistency": 0.97021484375, "motion": 0.009541727602481842, "sharpness": 0.004059213679283857, "psnr_to_full": 35.91738756298848, "ssim_to_full": 0.9809821844100952, "lpips_to_full": 0.02178875543177128, "temporal_delta_error": 0.000450875231763348}
{"phase": "fairbench", "prompt": 4, "seed": 4000, "method": "TEAw17_0.2_GI", "clip_score": 24.3125, "frame_consistency": 0.97119140625, "motion": 0.009330912493169308, "sharpness": 0.004044119734317064, "psnr_to_full": 33.70235880643809, "ssim_to_full": 0.9716042876243591, "lpips_to_full": 0.032579123973846436, "temporal_delta_error": 0.0007387935183942318}
{"phase": "fairbench", "prompt": 4, "seed": 4000, "method": "TEAw17_0.3", "clip_score": 24.296875, "frame_consistency": 0.96630859375, "motion": 0.009371872060000896, "sharpness": 0.004047764930874109, "psnr_to_full": 32.358241720010284, "ssim_to_full": 0.9665573835372925, "lpips_to_full": 0.03768986836075783, "temporal_delta_error": 0.0010014133295044303}
{"phase": "fairbench", "prompt": 4, "seed": 4000, "method": "TEAw17_0.3_GI", "clip_score": 24.609375, "frame_consistency": 0.96533203125, "motion": 0.009277178905904293, "sharpness": 0.003966066986322403, "psnr_to_full": 31.47423333127348, "ssim_to_full": 0.9586025476455688, "lpips_to_full": 0.04770894721150398, "temporal_delta_error": 0.0012097633443772793}
{"phase": "fairbench", "prompt": 4, "seed": 4000, "method": "TSw17_n3", "clip_score": 24.453125, "frame_consistency": 0.9677734375, "motion": 0.009766923263669014, "sharpness": 0.004253062419593334, "psnr_to_full": 34.710148180703044, "ssim_to_full": 0.9832630753517151, "lpips_to_full": 0.017971443012356758, "temporal_delta_error": 0.0005057801608927548}
{"phase": "fairbench", "prompt": 4, "seed": 4000, "method": "dpm20", "clip_score": 22.5625, "frame_consistency": 0.94921875, "motion": 0.0024507399648427963, "sharpness": 0.0006722385878674686, "psnr_to_full": 24.250892674538683, "ssim_to_full": 0.8746405243873596, "lpips_to_full": 0.339715838432312, "temporal_delta_error": 0.003857852891087532}
{"phase": "fairbench", "prompt": 4, "seed": 4000, "method": "full_perturb1e-2", "clip_score": 24.328125, "frame_consistency": 0.96435546875, "motion": 0.009515744633972645, "sharpness": 0.0036867777816951275, "psnr_to_full": 30.039026321532425, "ssim_to_full": 0.9450264573097229, "lpips_to_full": 0.06307791918516159, "temporal_delta_error": 0.0016755268443375826}
{"phase": "fairbench", "prompt": 4, "seed": 4000, "method": "full_retime", "clip_score": 24.140625, "frame_consistency": 0.96337890625, "motion": 0.009805926121771336, "sharpness": 0.004175555892288685, "psnr_to_full": null, "ssim_to_full": 1.0, "lpips_to_full": 0.0, "temporal_delta_error": 0.0}
{"phase": "fairbench", "prompt": 4, "seed": 4000, "method": "unipc20", "clip_score": 21.6875, "frame_consistency": 0.97119140625, "motion": 0.002192150801420212, "sharpness": 0.0004661045968532562, "psnr_to_full": 24.547635620163728, "ssim_to_full": 0.8790765404701233, "lpips_to_full": 0.3321867883205414, "temporal_delta_error": 0.003524329513311386}
{"phase": "fairbench", "prompt": 4, "seed": 4000, "method": "unipc25", "clip_score": 24.296875, "frame_consistency": 0.958984375, "motion": 0.005002582911401987, "sharpness": 0.0018120756139978766, "psnr_to_full": 24.83503614634293, "ssim_to_full": 0.8807497024536133, "lpips_to_full": 0.25311532616615295, "temporal_delta_error": 0.003996429964900017}
{"phase": "fairbench", "prompt": 8, "seed": 4000, "method": "full", "clip_score": 28.71875, "frame_consistency": 0.99462890625, "motion": 0.022258484736084938, "sharpness": 0.0008516727248206735, "psnr_to_full": null, "ssim_to_full": 1.0, "lpips_to_full": 0.0, "temporal_delta_error": 0.0}
{"phase": "fairbench", "prompt": 8, "seed": 4000, "method": "FORAw13_n3_GI", "clip_score": 28.765625, "frame_consistency": 0.9951171875, "motion": 0.022023169323801994, "sharpness": 0.0008732778369449079, "psnr_to_full": 31.219451556007055, "ssim_to_full": 0.9791004657745361, "lpips_to_full": 0.022326741367578506, "temporal_delta_error": 0.0010189235908910632}
{"phase": "fairbench", "prompt": 8, "seed": 4000, "method": "FORAw17_n3", "clip_score": 28.8125, "frame_consistency": 0.99462890625, "motion": 0.022690849378705025, "sharpness": 0.0008754232549108565, "psnr_to_full": 36.71647591754189, "ssim_to_full": 0.9877105355262756, "lpips_to_full": 0.008320271037518978, "temporal_delta_error": 0.00029937896761111915}
{"phase": "fairbench", "prompt": 8, "seed": 4000, "method": "FORAw17_n4", "clip_score": 28.71875, "frame_consistency": 0.99462890625, "motion": 0.022655349224805832, "sharpness": 0.0008542391587980092, "psnr_to_full": 35.77694753656182, "ssim_to_full": 0.9891597032546997, "lpips_to_full": 0.01019419077783823, "temporal_delta_error": 0.0003903964243363589}
{"phase": "fairbench", "prompt": 8, "seed": 4000, "method": "OURS_O3w10_B3", "clip_score": 28.515625, "frame_consistency": 0.994140625, "motion": 0.020480776205658913, "sharpness": 0.0008316427702084184, "psnr_to_full": 24.629633224925954, "ssim_to_full": 0.9110299944877625, "lpips_to_full": 0.11349744349718094, "temporal_delta_error": 0.00402219919487834}
{"phase": "fairbench", "prompt": 8, "seed": 4000, "method": "OURS_O3w13_B2", "clip_score": 28.59375, "frame_consistency": 0.99462890625, "motion": 0.022383056581020355, "sharpness": 0.000888369046151638, "psnr_to_full": 29.024392097436603, "ssim_to_full": 0.9658369421958923, "lpips_to_full": 0.03861061483621597, "temporal_delta_error": 0.0016956862527877092}
{"phase": "fairbench", "prompt": 8, "seed": 4000, "method": "OURS_O3w17_B2", "clip_score": 28.5625, "frame_consistency": 0.99462890625, "motion": 0.02211225964128971, "sharpness": 0.0008172987727448344, "psnr_to_full": 32.92167855273934, "ssim_to_full": 0.9854283928871155, "lpips_to_full": 0.016746999695897102, "temporal_delta_error": 0.0007025054655969143}
{"phase": "fairbench", "prompt": 8, "seed": 4000, "method": "OURS_O3w17_B2_GI", "clip_score": 28.734375, "frame_consistency": 0.9951171875, "motion": 0.021871602162718773, "sharpness": 0.0008314431179314852, "psnr_to_full": 32.329968074431925, "ssim_to_full": 0.9824519157409668, "lpips_to_full": 0.02090647630393505, "temporal_delta_error": 0.0008149293134920299}
{"phase": "fairbench", "prompt": 8, "seed": 4000, "method": "OURS_O4w13_B2_GI", "clip_score": 28.65625, "frame_consistency": 0.9951171875, "motion": 0.02194707840681076, "sharpness": 0.0009628550615161657, "psnr_to_full": 27.780682205838744, "ssim_to_full": 0.956036388874054, "lpips_to_full": 0.052622802555561066, "temporal_delta_error": 0.0021442051511257887}
{"phase": "fairbench", "prompt": 8, "seed": 4000, "method": "OURS_Ow17_L4_GI", "clip_score": 28.8125, "frame_consistency": 0.994140625, "motion": 0.022344788536429405, "sharpness": 0.0008629325311630964, "psnr_to_full": 35.015052911355234, "ssim_to_full": 0.9874780178070068, "lpips_to_full": 0.013078526593744755, "temporal_delta_error": 0.0004657501704059541}
{"phase": "fairbench", "prompt": 8, "seed": 4000, "method": "OURS_Ow20_L4", "clip_score": 28.609375, "frame_consistency": 0.99462890625, "motion": 0.022301286458969116, "sharpness": 0.0008551129722036421, "psnr_to_full": 40.41032186504829, "ssim_to_full": 0.9958497285842896, "lpips_to_full": 0.004424200393259525, "temporal_delta_error": 0.00014160813589114696}
{"phase": "fairbench", "prompt": 8, "seed": 4000, "method": "Oonly_O2w17", "clip_score": 28.734375, "frame_consistency": 0.99462890625, "motion": 0.022193940356373787, "sharpness": 0.0008525958983227611, "psnr_to_full": 42.86106733658387, "ssim_to_full": 0.997962236404419, "lpips_to_full": 0.0021784286946058273, "temporal_delta_error": 7.560724770883098e-05}
{"phase": "fairbench", "prompt": 8, "seed": 4000, "method": "Oonly_O3w13", "clip_score": 28.59375, "frame_consistency": 0.99462890625, "motion": 0.02245604246854782, "sharpness": 0.0008145106839947402, "psnr_to_full": 31.465910594226642, "ssim_to_full": 0.9821781516075134, "lpips_to_full": 0.01934930495917797, "temporal_delta_error": 0.0009476056438870728}
{"phase": "fairbench", "prompt": 8, "seed": 4000, "method": "Oonly_O3w17", "clip_score": 28.734375, "frame_consistency": 0.994140625, "motion": 0.02220827527344227, "sharpness": 0.0008463459671474993, "psnr_to_full": 36.20210874748608, "ssim_to_full": 0.9910449981689453, "lpips_to_full": 0.009835588745772839, "temporal_delta_error": 0.0002979420532938093}
{"phase": "fairbench", "prompt": 8, "seed": 4000, "method": "TEAw10_0.2", "clip_score": 28.6875, "frame_consistency": 0.994140625, "motion": 0.022094635292887688, "sharpness": 0.0008261032053269446, "psnr_to_full": 27.669497909819544, "ssim_to_full": 0.9530154466629028, "lpips_to_full": 0.05223898962140083, "temporal_delta_error": 0.002151383552700281}
{"phase": "fairbench", "prompt": 8, "seed": 4000, "method": "TEAw10_0.2_GI", "clip_score": 28.765625, "frame_consistency": 0.99462890625, "motion": 0.021882282570004463, "sharpness": 0.0008223526529036462, "psnr_to_full": 27.605760078763574, "ssim_to_full": 0.9516342282295227, "lpips_to_full": 0.05445154756307602, "temporal_delta_error": 0.002171204425394535}
{"phase": "fairbench", "prompt": 8, "seed": 4000, "method": "TEAw10_0.3", "clip_score": 28.59375, "frame_consistency": 0.994140625, "motion": 0.021843114867806435, "sharpness": 0.0008133275550790131, "psnr_to_full": 26.727445982247705, "ssim_to_full": 0.9400146007537842, "lpips_to_full": 0.07200878113508224, "temporal_delta_error": 0.0026242805179208517}
{"phase": "fairbench", "prompt": 8, "seed": 4000, "method": "TEAw10_0.5", "clip_score": 28.78125, "frame_consistency": 0.9921875, "motion": 0.022400308400392532, "sharpness": 0.0007320735603570938, "psnr_to_full": 24.480963646872556, "ssim_to_full": 0.9042055010795593, "lpips_to_full": 0.12065558135509491, "temporal_delta_error": 0.004109409637749195}
{"phase": "fairbench", "prompt": 8, "seed": 4000, "method": "TEAw13_0.2", "clip_score": 28.546875, "frame_consistency": 0.994140625, "motion": 0.02221662737429142, "sharpness": 0.0008732707356102765, "psnr_to_full": 30.604779344207063, "ssim_to_full": 0.9726904034614563, "lpips_to_full": 0.030070751905441284, "temporal_delta_error": 0.0011770818382501602}
{"phase": "fairbench", "prompt": 8, "seed": 4000, "method": "TEAw13_0.2_GI", "clip_score": 28.71875, "frame_consistency": 0.99462890625, "motion": 0.02204255945980549, "sharpness": 0.0008774161688052118, "psnr_to_full": 30.28695511992297, "ssim_to_full": 0.9696860313415527, "lpips_to_full": 0.03372982516884804, "temporal_delta_error": 0.0012561993207782507}
{"phase": "fairbench", "prompt": 8, "seed": 4000, "method": "TEAw13_0.3", "clip_score": 28.484375, "frame_consistency": 0.99462890625, "motion": 0.02252439595758915, "sharpness": 0.000874782504979521, "psnr_to_full": 29.00080807308557, "ssim_to_full": 0.9612868428230286, "lpips_to_full": 0.0423966646194458, "temporal_delta_error": 0.0016845149220898747}
{"phase": "fairbench", "prompt": 8, "seed": 4000, "method": "TEAw13_0.3_GI", "clip_score": 28.59375, "frame_consistency": 0.99462890625, "motion": 0.022361846640706062, "sharpness": 0.0008772877627052367, "psnr_to_full": 28.81344463283197, "ssim_to_full": 0.9585099816322327, "lpips_to_full": 0.04596177861094475, "temporal_delta_error": 0.0017378618940711021}
{"phase": "fairbench", "prompt": 8, "seed": 4000, "method": "TEAw17_0.1", "clip_score": 28.6875, "frame_consistency": 0.99462890625, "motion": 0.022480854764580727, "sharpness": 0.0008618598221801221, "psnr_to_full": 37.85255245058189, "ssim_to_full": 0.9938405156135559, "lpips_to_full": 0.006773687433451414, "temporal_delta_error": 0.0002467086014803499}
{"phase": "fairbench", "prompt": 8, "seed": 4000, "method": "TEAw17_0.2", "clip_score": 28.546875, "frame_consistency": 0.99462890625, "motion": 0.022722823545336723, "sharpness": 0.0008850570884533226, "psnr_to_full": 32.61972304677508, "ssim_to_full": 0.98325514793396, "lpips_to_full": 0.01894811913371086, "temporal_delta_error": 0.0007914318703114986}
{"phase": "fairbench", "prompt": 8, "seed": 4000, "method": "TEAw17_0.2_GI", "clip_score": 28.71875, "frame_consistency": 0.99462890625, "motion": 0.02252267673611641, "sharpness": 0.0008832444436848164, "psnr_to_full": 32.02164348937926, "ssim_to_full": 0.9800729751586914, "lpips_to_full": 0.022886764258146286, "temporal_delta_error": 0.0009017170523293316}
{"phase": "fairbench", "prompt": 8, "seed": 4000, "method": "TEAw17_0.3", "clip_score": 28.515625, "frame_consistency": 0.994140625, "motion": 0.023055722936987877, "sharpness": 0.000859992578625679, "psnr_to_full": 30.77403479572466, "ssim_to_full": 0.9734804630279541, "lpips_to_full": 0.029880555346608162, "temporal_delta_error": 0.0011570010101422668}
{"phase": "fairbench", "prompt": 8, "seed": 4000, "method": "TEAw17_0.3_GI", "clip_score": 28.6875, "frame_consistency": 0.994140625, "motion": 0.022851822897791862, "sharpness": 0.0008608232019469142, "psnr_to_full": 30.43124821595509, "ssim_to_full": 0.9705447554588318, "lpips_to_full": 0.03389280289411545, "temporal_delta_error": 0.0012428791960701346}
{"phase": "fairbench", "prompt": 8, "seed": 4000, "method": "TSw17_n3", "clip_score": 28.859375, "frame_consistency": 0.99462890625, "motion": 0.022473597899079323, "sharpness": 0.0008724270737729967, "psnr_to_full": 38.721734034922356, "ssim_to_full": 0.991327166557312, "lpips_to_full": 0.006071087438613176, "temporal_delta_error": 0.00017421014490537345}
{"phase": "fairbench", "prompt": 8, "seed": 4000, "method": "dpm20", "clip_score": 28.265625, "frame_consistency": 0.99169921875, "motion": 0.012950843200087547, "sharpness": 0.0004044407687615603, "psnr_to_full": 13.212874602905615, "ssim_to_full": 0.6289765238761902, "lpips_to_full": 0.41904476284980774, "temporal_delta_error": 0.007519496139138937}
{"phase": "fairbench", "prompt": 8, "seed": 4000, "method": "full_perturb1e-2", "clip_score": 28.765625, "frame_consistency": 0.99462890625, "motion": 0.022321227937936783, "sharpness": 0.0008490483742207289, "psnr_to_full": 42.383344098383645, "ssim_to_full": 0.9978757500648499, "lpips_to_full": 0.0022365807089954615, "temporal_delta_error": 9.032998787006363e-05}
{"phase": "fairbench", "prompt": 8, "seed": 4000, "method": "full_retime", "clip_score": 28.71875, "frame_consistency": 0.99462890625, "motion": 0.022258484736084938, "sharpness": 0.0008516727248206735, "psnr_to_full": null, "ssim_to_full": 1.0, "lpips_to_full": 0.0, "temporal_delta_error": 0.0}
{"phase": "fairbench", "prompt": 8, "seed": 4000, "method": "unipc20", "clip_score": 28.90625, "frame_consistency": 0.99365234375, "motion": 0.01462840847671032, "sharpness": 0.0006320810643956065, "psnr_to_full": 13.97453796232204, "ssim_to_full": 0.6785905957221985, "lpips_to_full": 0.4090777337551117, "temporal_delta_error": 0.007984017953276634}
{"phase": "fairbench", "prompt": 8, "seed": 4000, "method": "unipc25", "clip_score": 28.78125, "frame_consistency": 0.9921875, "motion": 0.017737209796905518, "sharpness": 0.0009959143353626132, "psnr_to_full": 15.553724728473156, "ssim_to_full": 0.7087178230285645, "lpips_to_full": 0.3711385726928711, "temporal_delta_error": 0.007575060706585646}
The config attributes {'invert_scale_latents': False} were passed to AutoencoderKLCogVideoX, but are not expected and will be ignored. Please verify your config.json configuration file.
/usr/local/lib64/python3.9/site-packages/torch/_utils.py:831: UserWarning: TypedStorage is deprecated. It will be removed in the future and UntypedStorage will be the only storage class. This should only matter to you if you are using storages directly.  To access UntypedStorage directly, use tensor.untyped_storage() instead of tensor.storage()
  return self.fget.__get__(instance, owner)()
{"phase": "fairbench", "prompt": 4, "seed": 4000, "method": "FORAw13_n3_GI", "aesthetic": 4.846153259277344, "clip_text": 24.120563507080078, "subj_cons": 0.9238146543502808, "imaging": 0.0037858649156987667, "motion": 0.009080644696950912, "flicker": 0.01538899913430214}
{"phase": "fairbench", "prompt": 4, "seed": 4000, "method": "OURS_O3w13_B2", "aesthetic": 4.792531490325928, "clip_text": 24.06985855102539, "subj_cons": 0.928107738494873, "imaging": 0.0036200566682964563, "motion": 0.009060755372047424, "flicker": 0.015352585352957249}
{"phase": "fairbench", "prompt": 4, "seed": 4000, "method": "OURS_Ow17_L4_GI", "aesthetic": 4.791680812835693, "clip_text": 24.611318588256836, "subj_cons": 0.928418755531311, "imaging": 0.004132616333663464, "motion": 0.00946470070630312, "flicker": 0.016132809221744537}
{"phase": "fairbench", "prompt": 4, "seed": 4000, "method": "Oonly_O3w17", "aesthetic": 4.828218460083008, "clip_text": 24.764928817749023, "subj_cons": 0.9206873178482056, "imaging": 0.004234963562339544, "motion": 0.00996492151170969, "flicker": 0.017016788944602013}
{"phase": "fairbench", "prompt": 4, "seed": 4000, "method": "TEAw10_0.5", "aesthetic": 4.983427047729492, "clip_text": 25.438169479370117, "subj_cons": 0.9308263063430786, "imaging": 0.0031671912875026464, "motion": 0.008280225098133087, "flicker": 0.014072628691792488}
{"phase": "fairbench", "prompt": 4, "seed": 4000, "method": "TEAw13_0.3_GI", "aesthetic": 4.799139499664307, "clip_text": 24.6221866607666, "subj_cons": 0.9304404258728027, "imaging": 0.0033790036104619503, "motion": 0.008911035023629665, "flicker": 0.014964236877858639}
{"phase": "fairbench", "prompt": 4, "seed": 4000, "method": "TEAw17_0.3", "aesthetic": 4.968709468841553, "clip_text": 24.301021575927734, "subj_cons": 0.9252569079399109, "imaging": 0.004047764930874109, "motion": 0.009371872060000896, "flicker": 0.016018934547901154}
{"phase": "fairbench", "prompt": 4, "seed": 4000, "method": "full", "aesthetic": 4.892322540283203, "clip_text": 24.143863677978516, "subj_cons": 0.918388843536377, "imaging": 0.004175555892288685, "motion": 0.009805926121771336, "flicker": 0.01673584058880806}
{"phase": "fairbench", "prompt": 4, "seed": 4000, "method": "unipc25", "aesthetic": 4.448498249053955, "clip_text": 24.290245056152344, "subj_cons": 0.9325088858604431, "imaging": 0.0018120756139978766, "motion": 0.005002582911401987, "flicker": 0.008441220037639141}
{"phase": "fairbench", "prompt": 5, "seed": 4000, "method": "OURS_O3w10_B3", "aesthetic": 4.636288166046143, "clip_text": 27.731184005737305, "subj_cons": 0.9849541783332825, "imaging": 0.0031540265772491693, "motion": 0.025910992175340652, "flicker": 0.03813724219799042}
{"phase": "fairbench", "prompt": 5, "seed": 4000, "method": "OURS_O4w13_B2_GI", "aesthetic": 4.900393486022949, "clip_text": 27.91826629638672, "subj_cons": 0.989525318145752, "imaging": 0.0039764526300132275, "motion": 0.02653290517628193, "flicker": 0.040354978293180466}
{"phase": "fairbench", "prompt": 5, "seed": 4000, "method": "Oonly_O3w13", "aesthetic": 4.833920478820801, "clip_text": 27.638126373291016, "subj_cons": 0.9893367290496826, "imaging": 0.002974411007016897, "motion": 0.025613095611333847, "flicker": 0.03944149613380432}
{"phase": "fairbench", "prompt": 5, "seed": 4000, "method": "TEAw10_0.3", "aesthetic": 4.774056911468506, "clip_text": 27.47101402282715, "subj_cons": 0.9836153388023376, "imaging": 0.002610503463074565, "motion": 0.025511329993605614, "flicker": 0.03851933404803276}
{"phase": "fairbench", "prompt": 5, "seed": 4000, "method": "TEAw13_0.3", "aesthetic": 4.858870983123779, "clip_text": 27.465557098388672, "subj_cons": 0.9889146089553833, "imaging": 0.0026649972423911095, "motion": 0.026059821248054504, "flicker": 0.03956855088472366}
{"phase": "fairbench", "prompt": 5, "seed": 4000, "method": "TEAw17_0.2_GI", "aesthetic": 4.974667072296143, "clip_text": 27.634504318237305, "subj_cons": 0.989768385887146, "imaging": 0.0029394470620900393, "motion": 0.025700721889734268, "flicker": 0.039394523948431015}
{"phase": "fairbench", "prompt": 5, "seed": 4000, "method": "dpm20", "aesthetic": 4.450718879699707, "clip_text": 25.3576602935791, "subj_cons": 0.9769178628921509, "imaging": 2.0969135221093893e-05, "motion": 0.002102957572788, "flicker": 0.003007307881489396}
{"phase": "fairbench", "prompt": 5, "seed": 4000, "method": "unipc20", "aesthetic": 4.885016441345215, "clip_text": 26.59670639038086, "subj_cons": 0.9551171064376831, "imaging": 0.00017852989549282938, "motion": 0.004120585974305868, "flicker": 0.0059226639568805695}
{"phase": "fairbench", "prompt": 6, "seed": 4000, "method": "FORAw17_n4", "aesthetic": 5.970747947692871, "clip_text": 25.961013793945312, "subj_cons": 0.9431093335151672, "imaging": 0.0014893397456035018, "motion": 0.028909478336572647, "flicker": 0.04352757707238197}
{"phase": "fairbench", "prompt": 6, "seed": 4000, "method": "OURS_O3w17_B2_GI", "aesthetic": 5.869820594787598, "clip_text": 25.479537963867188, "subj_cons": 0.9400923848152161, "imaging": 0.0014347019605338573, "motion": 0.02836761251091957, "flicker": 0.042657092213630676}
{"phase": "fairbench", "prompt": 6, "seed": 4000, "method": "Oonly_O2w17", "aesthetic": 5.937045097351074, "clip_text": 25.39143180847168, "subj_cons": 0.940003514289856, "imaging": 0.0014882400864735246, "motion": 0.029202323406934738, "flicker": 0.04381668567657471}
{"phase": "fairbench", "prompt": 6, "seed": 4000, "method": "TEAw10_0.2_GI", "aesthetic": 5.926504611968994, "clip_text": 26.332324981689453, "subj_cons": 0.9390156269073486, "imaging": 0.0013903970830142498, "motion": 0.028389135375618935, "flicker": 0.04270264506340027}
{"phase": "fairbench", "prompt": 6, "seed": 4000, "method": "TEAw13_0.2_GI", "aesthetic": 5.857766628265381, "clip_text": 26.06106948852539, "subj_cons": 0.9388683438301086, "imaging": 0.0014027669094502926, "motion": 0.028525864705443382, "flicker": 0.04307538643479347}
{"phase": "fairbench", "prompt": 6, "seed": 4000, "method": "TEAw17_0.2", "aesthetic": 5.9463324546813965, "clip_text": 26.14873695373535, "subj_cons": 0.9437433481216431, "imaging": 0.0014439662918448448, "motion": 0.028837425634264946, "flicker": 0.043429188430309296}
{"phase": "fairbench", "prompt": 6, "seed": 4000, "method": "TSw17_n3", "aesthetic": 5.946671962738037, "clip_text": 25.47745132446289, "subj_cons": 0.941222071647644, "imaging": 0.001544603263027966, "motion": 0.0292976014316082, "flicker": 0.04407723620533943}
{"phase": "fairbench", "prompt": 6, "seed": 4000, "method": "full_retime", "aesthetic": 5.940273284912109, "clip_text": 25.299591064453125, "subj_cons": 0.9394040703773499, "imaging": 0.0014894951600581408, "motion": 0.029256395995616913, "flicker": 0.043917447328567505}
{"phase": "fairbench", "prompt": 7, "seed": 4000, "method": "FORAw17_n3", "aesthetic": 7.152989864349365, "clip_text": 28.976940155029297, "subj_cons": 0.998207688331604, "imaging": 0.0036526613403111696, "motion": 0.008100347593426704, "flicker": 0.012830272316932678}
{"phase": "fairbench", "prompt": 7, "seed": 4000, "method": "OURS_O3w17_B2", "aesthetic": 7.173224925994873, "clip_text": 28.933921813964844, "subj_cons": 0.9979692697525024, "imaging": 0.0032356861047446728, "motion": 0.008131135255098343, "flicker": 0.012875632382929325}
{"phase": "fairbench", "prompt": 7, "seed": 4000, "method": "OURS_Ow20_L4", "aesthetic": 7.111008644104004, "clip_text": 29.038679122924805, "subj_cons": 0.9982067346572876, "imaging": 0.003362848423421383, "motion": 0.008105841465294361, "flicker": 0.012873769737780094}
{"phase": "fairbench", "prompt": 7, "seed": 4000, "method": "TEAw10_0.2", "aesthetic": 7.1980133056640625, "clip_text": 29.067928314208984, "subj_cons": 0.9970084428787231, "imaging": 0.0033561070449650288, "motion": 0.008217131718993187, "flicker": 0.013127577491104603}
{"phase": "fairbench", "prompt": 7, "seed": 4000, "method": "TEAw13_0.2", "aesthetic": 7.176426410675049, "clip_text": 29.01131820678711, "subj_cons": 0.9977484941482544, "imaging": 0.003341576550155878, "motion": 0.008130651898682117, "flicker": 0.01286407746374607}
{"phase": "fairbench", "prompt": 7, "seed": 4000, "method": "TEAw17_0.1", "aesthetic": 7.142483234405518, "clip_text": 29.016551971435547, "subj_cons": 0.9980270266532898, "imaging": 0.003375333035364747, "motion": 0.008125373162329197, "flicker": 0.012923024594783783}
{"phase": "fairbench", "prompt": 7, "seed": 4000, "method": "TEAw17_0.3_GI", "aesthetic": 7.162768363952637, "clip_text": 29.767059326171875, "subj_cons": 0.9966919422149658, "imaging": 0.003287440864369273, "motion": 0.00810437835752964, "flicker": 0.012414373457431793}
{"phase": "fairbench", "prompt": 7, "seed": 4000, "method": "full_perturb1e-2", "aesthetic": 7.113527297973633, "clip_text": 29.110342025756836, "subj_cons": 0.9981005191802979, "imaging": 0.003421838628128171, "motion": 0.00803837738931179, "flicker": 0.012715792283415794}
{"phase": "fairbench", "prompt": 8, "seed": 4000, "method": "FORAw13_n3_GI", "aesthetic": 6.33770751953125, "clip_text": 28.762880325317383, "subj_cons": 0.9920799136161804, "imaging": 0.0008732778369449079, "motion": 0.022023169323801994, "flicker": 0.03568397834897041}
{"phase": "fairbench", "prompt": 8, "seed": 4000, "method": "OURS_O3w13_B2", "aesthetic": 6.362874984741211, "clip_text": 28.59521484375, "subj_cons": 0.9915955066680908, "imaging": 0.000888369046151638, "motion": 0.022383056581020355, "flicker": 0.03636482357978821}
{"phase": "fairbench", "prompt": 8, "seed": 4000, "method": "OURS_Ow17_L4_GI", "aesthetic": 6.387294769287109, "clip_text": 28.8209228515625, "subj_cons": 0.9906684160232544, "imaging": 0.0008629325311630964, "motion": 0.022344788536429405, "flicker": 0.036203980445861816}
{"phase": "fairbench", "prompt": 8, "seed": 4000, "method": "Oonly_O3w17", "aesthetic": 6.396228313446045, "clip_text": 28.734102249145508, "subj_cons": 0.9898830652236938, "imaging": 0.0008463459671474993, "motion": 0.02220827527344227, "flicker": 0.035903967916965485}
{"phase": "fairbench", "prompt": 8, "seed": 4000, "method": "TEAw10_0.5", "aesthetic": 6.1271185874938965, "clip_text": 28.798856735229492, "subj_cons": 0.9900096654891968, "imaging": 0.0007320735603570938, "motion": 0.022400308400392532, "flicker": 0.03602822124958038}
{"phase": "fairbench", "prompt": 8, "seed": 4000, "method": "TEAw13_0.3_GI", "aesthetic": 6.300924777984619, "clip_text": 28.584999084472656, "subj_cons": 0.9925383925437927, "imaging": 0.0008772877627052367, "motion": 0.022361846640706062, "flicker": 0.036203064024448395}
{"phase": "fairbench", "prompt": 8, "seed": 4000, "method": "TEAw17_0.3", "aesthetic": 6.386136531829834, "clip_text": 28.50715446472168, "subj_cons": 0.9877655506134033, "imaging": 0.000859992578625679, "motion": 0.023055722936987877, "flicker": 0.03730621188879013}
{"phase": "fairbench", "prompt": 8, "seed": 4000, "method": "full", "aesthetic": 6.417236328125, "clip_text": 28.70729637145996, "subj_cons": 0.9906762838363647, "imaging": 0.0008516727248206735, "motion": 0.022258484736084938, "flicker": 0.03592928126454353}
{"phase": "fairbench", "prompt": 8, "seed": 4000, "method": "unipc25", "aesthetic": 6.297901153564453, "clip_text": 28.790321350097656, "subj_cons": 0.9887170791625977, "imaging": 0.0009959143353626132, "motion": 0.017737209796905518, "flicker": 0.02932249940931797}
{"phase": "fairbench", "prompt": 9, "seed": 4000, "method": "OURS_O3w10_B3", "aesthetic": 5.658024787902832, "clip_text": 29.093690872192383, "subj_cons": 0.9862487316131592, "imaging": 0.00909174419939518, "motion": 0.008163318037986755, "flicker": 0.010966812260448933}
{"phase": "fairbench", "prompt": 9, "seed": 4000, "method": "OURS_O4w13_B2_GI", "aesthetic": 5.5680155754089355, "clip_text": 28.85373306274414, "subj_cons": 0.9892821311950684, "imaging": 0.010163540951907635, "motion": 0.008733094669878483, "flicker": 0.011152966879308224}
{"phase": "fairbench", "prompt": 9, "seed": 4000, "method": "Oonly_O3w13", "aesthetic": 5.632461071014404, "clip_text": 29.009775161743164, "subj_cons": 0.9885197281837463, "imaging": 0.010652842000126839, "motion": 0.009398074820637703, "flicker": 0.01251860149204731}
{"phase": "fairbench", "prompt": 9, "seed": 4000, "method": "TEAw10_0.3", "aesthetic": 5.688253879547119, "clip_text": 30.902114868164062, "subj_cons": 0.9799131155014038, "imaging": 0.009399120695888996, "motion": 0.009037379175424576, "flicker": 0.01191607303917408}
{"phase": "fairbench", "prompt": 9, "seed": 4000, "method": "TEAw13_0.3", "aesthetic": 5.609220504760742, "clip_text": 30.495452880859375, "subj_cons": 0.9773845076560974, "imaging": 0.009901707991957664, "motion": 0.009456166997551918, "flicker": 0.012481470592319965}
{"phase": "fairbench", "prompt": 9, "seed": 4000, "method": "TEAw17_0.2_GI", "aesthetic": 5.643587112426758, "clip_text": 29.414840698242188, "subj_cons": 0.9863276481628418, "imaging": 0.01057354174554348, "motion": 0.009133138693869114, "flicker": 0.01203069556504488}
{"phase": "fairbench", "prompt": 9, "seed": 4000, "method": "dpm20", "aesthetic": 5.728349685668945, "clip_text": 26.18095588684082, "subj_cons": 0.9956775903701782, "imaging": 0.003327365266159177, "motion": 0.003170343581587076, "flicker": 0.003244732739403844}
{"phase": "fairbench", "prompt": 9, "seed": 4000, "method": "unipc20", "aesthetic": 5.207040309906006, "clip_text": 27.27123260498047, "subj_cons": 0.9964781999588013, "imaging": 0.004951326176524162, "motion": 0.0032070796005427837, "flicker": 0.0035046169068664312}
{"phase": "fairbench", "prompt": 10, "seed": 4000, "method": "FORAw17_n4", "aesthetic": 6.644354820251465, "clip_text": 29.682767868041992, "subj_cons": 0.9576432704925537, "imaging": 0.0003180819912813604, "motion": 0.04179396107792854, "flicker": 0.06193283200263977}
{"phase": "fairbench", "prompt": 10, "seed": 4000, "method": "OURS_O3w17_B2_GI", "aesthetic": 6.658390045166016, "clip_text": 29.59641456604004, "subj_cons": 0.9537779092788696, "imaging": 0.0003144835354760289, "motion": 0.041151776909828186, "flicker": 0.06069265678524971}
{"phase": "fairbench", "prompt": 10, "seed": 4000, "method": "Oonly_O2w17", "aesthetic": 6.622933387756348, "clip_text": 30.009790420532227, "subj_cons": 0.9588401913642883, "imaging": 0.00030990474624559283, "motion": 0.04073529317975044, "flicker": 0.060093268752098083}
{"phase": "fairbench", "prompt": 10, "seed": 4000, "method": "TEAw10_0.2_GI", "aesthetic": 6.526388645172119, "clip_text": 29.64997673034668, "subj_cons": 0.9537850618362427, "imaging": 0.0003164971130900085, "motion": 0.04036141186952591, "flicker": 0.06016523018479347}
{"phase": "fairbench", "prompt": 10, "seed": 4000, "method": "TEAw13_0.2_GI", "aesthetic": 6.517687797546387, "clip_text": 29.059803009033203, "subj_cons": 0.9453935027122498, "imaging": 0.0003080695169046521, "motion": 0.041043613106012344, "flicker": 0.060696788132190704}
{"phase": "fairbench", "prompt": 10, "seed": 4000, "method": "TEAw17_0.2", "aesthetic": 6.608347415924072, "clip_text": 29.362640380859375, "subj_cons": 0.9552724361419678, "imaging": 0.00031278800452128053, "motion": 0.04156484082341194, "flicker": 0.06150386855006218}
{"phase": "fairbench", "prompt": 10, "seed": 4000, "method": "TSw17_n3", "aesthetic": 6.678711891174316, "clip_text": 30.037689208984375, "subj_cons": 0.9584227800369263, "imaging": 0.00032133335480466485, "motion": 0.04189362749457359, "flicker": 0.06217450648546219}
{"phase": "fairbench", "prompt": 10, "seed": 4000, "method": "full_retime", "aesthetic": 6.634476661682129, "clip_text": 29.962125778198242, "subj_cons": 0.961754322052002, "imaging": 0.00031213933834806085, "motion": 0.040501587092876434, "flicker": 0.05968661978840828}
{"phase": "fairbench", "prompt": 11, "seed": 4000, "method": "FORAw17_n3", "aesthetic": 6.914180278778076, "clip_text": 27.47657012939453, "subj_cons": 0.9852591753005981, "imaging": 0.0023974801879376173, "motion": 0.022498900070786476, "flicker": 0.03326909989118576}
{"phase": "fairbench", "prompt": 11, "seed": 4000, "method": "OURS_O3w17_B2", "aesthetic": 6.918229103088379, "clip_text": 27.150306701660156, "subj_cons": 0.9839801788330078, "imaging": 0.0022201924584805965, "motion": 0.022126873955130577, "flicker": 0.03253834322094917}
{"phase": "fairbench", "prompt": 11, "seed": 4000, "method": "OURS_Ow20_L4", "aesthetic": 6.816896438598633, "clip_text": 27.801851272583008, "subj_cons": 0.9829375743865967, "imaging": 0.0022997353225946426, "motion": 0.022043365985155106, "flicker": 0.032559413462877274}
{"phase": "fairbench", "prompt": 11, "seed": 4000, "method": "TEAw10_0.2", "aesthetic": 6.840901851654053, "clip_text": 28.000699996948242, "subj_cons": 0.9823702573776245, "imaging": 0.0021026195026934147, "motion": 0.021275043487548828, "flicker": 0.0313667394220829}
{"phase": "fairbench", "prompt": 11, "seed": 4000, "method": "TEAw13_0.2", "aesthetic": 6.829010486602783, "clip_text": 27.56124496459961, "subj_cons": 0.9834113121032715, "imaging": 0.002121299970895052, "motion": 0.021729053929448128, "flicker": 0.03217161446809769}
{"phase": "fairbench", "prompt": 11, "seed": 4000, "method": "TEAw17_0.1", "aesthetic": 6.8280463218688965, "clip_text": 27.645280838012695, "subj_cons": 0.9851131439208984, "imaging": 0.0023263872135430574, "motion": 0.022161714732646942, "flicker": 0.032803136855363846}
{"phase": "fairbench", "prompt": 11, "seed": 4000, "method": "TEAw17_0.3_GI", "aesthetic": 6.814400672912598, "clip_text": 27.43365478515625, "subj_cons": 0.976582407951355, "imaging": 0.0021478570997714996, "motion": 0.022525019943714142, "flicker": 0.033267173916101456}
{"phase": "fairbench", "prompt": 11, "seed": 4000, "method": "full_perturb1e-2", "aesthetic": 6.872061252593994, "clip_text": 27.454608917236328, "subj_cons": 0.9810441136360168, "imaging": 0.0023177186958491802, "motion": 0.02198791690170765, "flicker": 0.03249587491154671}
