/usr/local/lib64/python3.9/site-packages/torch/_utils.py:831: UserWarning: TypedStorage is deprecated. It will be removed in the future and UntypedStorage will be the only storage class. This should only matter to you if you are using storages directly.  To access UntypedStorage directly, use tensor.untyped_storage() instead of tensor.storage()
  return self.fget.__get__(instance, owner)()
{"phase": "fairbench", "prompt": 5, "seed": 4000, "method": "full", "latent_mse_to_full": 0.0, "seconds": 166.58215606585145, "kinds": {"F": 50, "C": 0, "G": 0, "O": 0}, "full": 3000, "reuse": 0, "attn_only": 0, "ffn_only": 0}
{"phase": "fairbench", "prompt": 5, "seed": 4000, "method": "full_perturb1e-2", "latent_mse_to_full": 0.03809491544961929, "seconds": 166.06661967001855, "kinds": {"F": 50, "C": 0, "G": 0, "O": 0}, "full": 3000, "reuse": 0, "attn_only": 0, "ffn_only": 0}
{"phase": "fairbench", "prompt": 5, "seed": 4000, "method": "OURS_Ow20_L4", "latent_mse_to_full": 0.0029870530124753714, "seconds": 93.10209669312462, "kinds": {"F": 35, "C": 0, "G": 0, "O": 15}, "full": 1680, "reuse": 420, "attn_only": 0, "ffn_only": 0}
{"phase": "fairbench", "prompt": 5, "seed": 4000, "method": "OURS_Ow17_L4_GI", "latent_mse_to_full": 0.008163252845406532, "seconds": 80.21831474872306, "kinds": {"F": 27, "C": 0, "G": 7, "O": 16}, "full": 1440, "reuse": 390, "attn_only": 0, "ffn_only": 0}
{"phase": "fairbench", "prompt": 5, "seed": 4000, "method": "OURS_O3w17_B2", "latent_mse_to_full": 0.011063916608691216, "seconds": 76.54412469174713, "kinds": {"F": 28, "C": 0, "G": 0, "O": 22}, "full": 1380, "reuse": 300, "attn_only": 0, "ffn_only": 0}
{"phase": "fairbench", "prompt": 5, "seed": 4000, "method": "OURS_O3w17_B2_GI", "latent_mse_to_full": 0.01266222819685936, "seconds": 73.4011211968027, "kinds": {"F": 24, "C": 0, "G": 4, "O": 22}, "full": 1320, "reuse": 240, "attn_only": 0, "ffn_only": 0}
{"phase": "fairbench", "prompt": 5, "seed": 4000, "method": "OURS_O3w13_B2", "latent_mse_to_full": 0.036233577877283096, "seconds": 66.5804424029775, "kinds": {"F": 26, "C": 0, "G": 0, "O": 24}, "full": 1200, "reuse": 360, "attn_only": 0, "ffn_only": 0}
{"phase": "fairbench", "prompt": 5, "seed": 4000, "method": "OURS_O4w13_B2_GI", "latent_mse_to_full": 0.04446857422590256, "seconds": 56.77903639199212, "kinds": {"F": 19, "C": 0, "G": 4, "O": 27}, "full": 1020, "reuse": 240, "attn_only": 0, "ffn_only": 0}
{"phase": "fairbench", "prompt": 5, "seed": 4000, "method": "OURS_O3w10_B3", "latent_mse_to_full": 0.07207946479320526, "seconds": 50.00086751114577, "kinds": {"F": 24, "C": 0, "G": 0, "O": 26}, "full": 900, "reuse": 540, "attn_only": 0, "ffn_only": 0}
{"phase": "fairbench", "prompt": 5, "seed": 4000, "method": "TEAw17_0.1", "latent_mse_to_full": 0.0027574656996876, "seconds": 100.02111662412062, "kinds": {"F": 50, "C": 0, "G": 0, "O": 0}, "full": 1800, "reuse": 1200, "attn_only": 0, "ffn_only": 0}
{"phase": "fairbench", "prompt": 5, "seed": 4000, "method": "TEAw17_0.2", "latent_mse_to_full": 0.009509081952273846, "seconds": 83.47368342196569, "kinds": {"F": 50, "C": 0, "G": 0, "O": 0}, "full": 1500, "reuse": 1500, "attn_only": 0, "ffn_only": 0}
{"phase": "fairbench", "prompt": 5, "seed": 4000, "method": "TEAw17_0.2_GI", "latent_mse_to_full": 0.012856968678534031, "seconds": 77.15506382472813, "kinds": {"F": 37, "C": 0, "G": 13, "O": 0}, "full": 1380, "reuse": 1230, "attn_only": 0, "ffn_only": 0}
{"phase": "fairbench", "prompt": 5, "seed": 4000, "method": "TEAw17_0.3", "latent_mse_to_full": 0.018307767808437347, "seconds": 76.85568636795506, "kinds": {"F": 50, "C": 0, "G": 0, "O": 0}, "full": 1380, "reuse": 1620, "attn_only": 0, "ffn_only": 0}
{"phase": "fairbench", "prompt": 5, "seed": 4000, "method": "TEAw17_0.3_GI", "latent_mse_to_full": 0.021468253806233406, "seconds": 72.09056691778824, "kinds": {"F": 37, "C": 0, "G": 13, "O": 0}, "full": 1290, "reuse": 1320, "attn_only": 0, "ffn_only": 0}
{"phase": "fairbench", "prompt": 5, "seed": 4000, "method": "TEAw13_0.2", "latent_mse_to_full": 0.02240917459130287, "seconds": 73.53117007482797, "kinds": {"F": 50, "C": 0, "G": 0, "O": 0}, "full": 1320, "reuse": 1680, "attn_only": 0, "ffn_only": 0}
{"phase": "fairbench", "prompt": 5, "seed": 4000, "method": "TEAw13_0.2_GI", "latent_mse_to_full": 0.023572977632284164, "seconds": 67.22294434998184, "kinds": {"F": 37, "C": 0, "G": 13, "O": 0}, "full": 1200, "reuse": 1410, "attn_only": 0, "ffn_only": 0}
{"phase": "fairbench", "prompt": 5, "seed": 4000, "method": "TEAw13_0.3", "latent_mse_to_full": 0.032350800931453705, "seconds": 66.92010493716225, "kinds": {"F": 50, "C": 0, "G": 0, "O": 0}, "full": 1200, "reuse": 1800, "attn_only": 0, "ffn_only": 0}
{"phase": "fairbench", "prompt": 5, "seed": 4000, "method": "TEAw13_0.3_GI", "latent_mse_to_full": 0.03391072899103165, "seconds": 62.15609935764223, "kinds": {"F": 37, "C": 0, "G": 13, "O": 0}, "full": 1110, "reuse": 1500, "attn_only": 0, "ffn_only": 0}
{"phase": "fairbench", "prompt": 5, "seed": 4000, "method": "TEAw10_0.2", "latent_mse_to_full": 0.04636058583855629, "seconds": 66.91903787804767, "kinds": {"F": 50, "C": 0, "G": 0, "O": 0}, "full": 1200, "reuse": 1800, "attn_only": 0, "ffn_only": 0}
{"phase": "fairbench", "prompt": 5, "seed": 4000, "method": "TEAw10_0.2_GI", "latent_mse_to_full": 0.045711807906627655, "seconds": 60.59965544799343, "kinds": {"F": 37, "C": 0, "G": 13, "O": 0}, "full": 1080, "reuse": 1530, "attn_only": 0, "ffn_only": 0}
{"phase": "fairbench", "prompt": 5, "seed": 4000, "method": "TEAw10_0.3", "latent_mse_to_full": 0.054491546005010605, "seconds": 56.987609217874706, "kinds": {"F": 50, "C": 0, "G": 0, "O": 0}, "full": 1020, "reuse": 1980, "attn_only": 0, "ffn_only": 0}
{"phase": "fairbench", "prompt": 5, "seed": 4000, "method": "TEAw10_0.5", "latent_mse_to_full": 0.08530296385288239, "seconds": 50.367765619419515, "kinds": {"F": 50, "C": 0, "G": 0, "O": 0}, "full": 900, "reuse": 2100, "attn_only": 0, "ffn_only": 0}
{"phase": "fairbench", "prompt": 5, "seed": 4000, "method": "TSw17_n3", "latent_mse_to_full": 0.003416909370571375, "seconds": 93.92296260595322, "kinds": {"F": 50, "C": 0, "G": 0, "O": 0}, "full": 1680, "reuse": 1320, "attn_only": 0, "ffn_only": 0}
{"phase": "fairbench", "prompt": 5, "seed": 4000, "method": "FORAw17_n3", "latent_mse_to_full": 0.004388843197375536, "seconds": 93.39932119520381, "kinds": {"F": 50, "C": 0, "G": 0, "O": 0}, "full": 1680, "reuse": 1320, "attn_only": 0, "ffn_only": 0}
{"phase": "fairbench", "prompt": 5, "seed": 4000, "method": "FORAw17_n4", "latent_mse_to_full": 0.006766459438949823, "seconds": 86.77599809132516, "kinds": {"F": 50, "C": 0, "G": 0, "O": 0}, "full": 1560, "reuse": 1440, "attn_only": 0, "ffn_only": 0}
{"phase": "fairbench", "prompt": 5, "seed": 4000, "method": "FORAw13_n3_GI", "latent_mse_to_full": 0.018306445330381393, "seconds": 78.91065627895296, "kinds": {"F": 37, "C": 0, "G": 13, "O": 0}, "full": 1410, "reuse": 1200, "attn_only": 0, "ffn_only": 0}
{"phase": "fairbench", "prompt": 5, "seed": 4000, "method": "Oonly_O2w17", "latent_mse_to_full": 0.0008352569420821965, "seconds": 113.03172854799777, "kinds": {"F": 34, "C": 0, "G": 0, "O": 16}, "full": 2040, "reuse": 0, "attn_only": 0, "ffn_only": 0}
{"phase": "fairbench", "prompt": 5, "seed": 4000, "method": "Oonly_O3w17", "latent_mse_to_full": 0.004945907276123762, "seconds": 93.0848145019263, "kinds": {"F": 28, "C": 0, "G": 0, "O": 22}, "full": 1680, "reuse": 0, "attn_only": 0, "ffn_only": 0}
{"phase": "fairbench", "prompt": 5, "seed": 4000, "method": "Oonly_O3w13", "latent_mse_to_full": 0.02250153198838234, "seconds": 86.44383070804179, "kinds": {"F": 26, "C": 0, "G": 0, "O": 24}, "full": 1560, "reuse": 0, "attn_only": 0, "ffn_only": 0}
{"phase": "fairbench", "prompt": 5, "seed": 4000, "method": "unipc20", "latent_mse_to_full": 0.5438018441200256, "seconds": 66.52224781317636, "kinds": {"F": 20, "C": 0, "G": 0, "O": 0}, "full": 1200, "reuse": 0, "attn_only": 0, "ffn_only": 0}
{"phase": "fairbench", "prompt": 5, "seed": 4000, "method": "unipc25", "latent_mse_to_full": 0.2999781370162964, "seconds": 83.12828034674749, "kinds": {"F": 25, "C": 0, "G": 0, "O": 0}, "full": 1500, "reuse": 0, "attn_only": 0, "ffn_only": 0}
{"phase": "fairbench", "prompt": 5, "seed": 4000, "method": "dpm20", "latent_mse_to_full": 0.5861909985542297, "seconds": 66.48465453088284, "kinds": {"F": 20, "C": 0, "G": 0, "O": 0}, "full": 1200, "reuse": 0, "attn_only": 0, "ffn_only": 0}
{"phase": "fairbench", "prompt": 5, "seed": 4000, "method": "full_retime", "latent_mse_to_full": 0.0, "seconds": 166.22248307382688, "kinds": {"F": 50, "C": 0, "G": 0, "O": 0}, "full": 3000, "reuse": 0, "attn_only": 0, "ffn_only": 0}
{"phase": "fairbench", "prompt": 9, "seed": 4000, "method": "full", "latent_mse_to_full": 0.0, "seconds": 166.2210164819844, "kinds": {"F": 50, "C": 0, "G": 0, "O": 0}, "full": 3000, "reuse": 0, "attn_only": 0, "ffn_only": 0}
{"phase": "fairbench", "prompt": 9, "seed": 4000, "method": "full_perturb1e-2", "latent_mse_to_full": 0.0009512586402706802, "seconds": 166.21520796371624, "kinds": {"F": 50, "C": 0, "G": 0, "O": 0}, "full": 3000, "reuse": 0, "attn_only": 0, "ffn_only": 0}
{"phase": "fairbench", "prompt": 9, "seed": 4000, "method": "OURS_Ow20_L4", "latent_mse_to_full": 0.0014654272235929966, "seconds": 93.18422609614208, "kinds": {"F": 35, "C": 0, "G": 0, "O": 15}, "full": 1680, "reuse": 420, "attn_only": 0, "ffn_only": 0}
{"phase": "fairbench", "prompt": 9, "seed": 4000, "method": "OURS_Ow17_L4_GI", "latent_mse_to_full": 0.0042353603057563305, "seconds": 80.28209035517648, "kinds": {"F": 27, "C": 0, "G": 7, "O": 16}, "full": 1440, "reuse": 390, "attn_only": 0, "ffn_only": 0}
{"phase": "fairbench", "prompt": 9, "seed": 4000, "method": "OURS_O3w17_B2", "latent_mse_to_full": 0.0032053375616669655, "seconds": 76.53962844470516, "kinds": {"F": 28, "C": 0, "G": 0, "O": 22}, "full": 1380, "reuse": 300, "attn_only": 0, "ffn_only": 0}
{"phase": "fairbench", "prompt": 9, "seed": 4000, "method": "OURS_O3w17_B2_GI", "latent_mse_to_full": 0.005350710824131966, "seconds": 73.39497287012637, "kinds": {"F": 24, "C": 0, "G": 4, "O": 22}, "full": 1320, "reuse": 240, "attn_only": 0, "ffn_only": 0}
{"phase": "fairbench", "prompt": 9, "seed": 4000, "method": "OURS_O3w13_B2", "latent_mse_to_full": 0.0060145859606564045, "seconds": 66.5781146348454, "kinds": {"F": 26, "C": 0, "G": 0, "O": 24}, "full": 1200, "reuse": 360, "attn_only": 0, "ffn_only": 0}
{"phase": "fairbench", "prompt": 9, "seed": 4000, "method": "OURS_O4w13_B2_GI", "latent_mse_to_full": 0.009134795516729355, "seconds": 56.78019122593105, "kinds": {"F": 19, "C": 0, "G": 4, "O": 27}, "full": 1020, "reuse": 240, "attn_only": 0, "ffn_only": 0}
{"phase": "fairbench", "prompt": 9, "seed": 4000, "method": "OURS_O3w10_B3", "latent_mse_to_full": 0.018412791192531586, "seconds": 50.002608325798064, "kinds": {"F": 24, "C": 0, "G": 0, "O": 26}, "full": 900, "reuse": 540, "attn_only": 0, "ffn_only": 0}
{"phase": "fairbench", "prompt": 9, "seed": 4000, "method": "TEAw17_0.1", "latent_mse_to_full": 0.0010066678514704108, "seconds": 100.0071836039424, "kinds": {"F": 50, "C": 0, "G": 0, "O": 0}, "full": 1800, "reuse": 1200, "attn_only": 0, "ffn_only": 0}
{"phase": "fairbench", "prompt": 9, "seed": 4000, "method": "TEAw17_0.2", "latent_mse_to_full": 0.004606181755661964, "seconds": 83.46283235633746, "kinds": {"F": 50, "C": 0, "G": 0, "O": 0}, "full": 1500, "reuse": 1500, "attn_only": 0, "ffn_only": 0}
{"phase": "fairbench", "prompt": 9, "seed": 4000, "method": "TEAw17_0.2_GI", "latent_mse_to_full": 0.007888278923928738, "seconds": 77.15223534218967, "kinds": {"F": 37, "C": 0, "G": 13, "O": 0}, "full": 1380, "reuse": 1230, "attn_only": 0, "ffn_only": 0}
{"phase": "fairbench", "prompt": 9, "seed": 4000, "method": "TEAw17_0.3", "latent_mse_to_full": 0.009655334055423737, "seconds": 76.84822990512475, "kinds": {"F": 50, "C": 0, "G": 0, "O": 0}, "full": 1380, "reuse": 1620, "attn_only": 0, "ffn_only": 0}
{"phase": "fairbench", "prompt": 9, "seed": 4000, "method": "TEAw17_0.3_GI", "latent_mse_to_full": 0.013242918066680431, "seconds": 72.08065175265074, "kinds": {"F": 37, "C": 0, "G": 13, "O": 0}, "full": 1290, "reuse": 1320, "attn_only": 0, "ffn_only": 0}
{"phase": "fairbench", "prompt": 9, "seed": 4000, "method": "TEAw13_0.2", "latent_mse_to_full": 0.005797001998871565, "seconds": 73.53404153278098, "kinds": {"F": 50, "C": 0, "G": 0, "O": 0}, "full": 1320, "reuse": 1680, "attn_only": 0, "ffn_only": 0}
{"phase": "fairbench", "prompt": 9, "seed": 4000, "method": "TEAw13_0.2_GI", "latent_mse_to_full": 0.008917734958231449, "seconds": 67.21583411609754, "kinds": {"F": 37, "C": 0, "G": 13, "O": 0}, "full": 1200, "reuse": 1410, "attn_only": 0, "ffn_only": 0}
{"phase": "fairbench", "prompt": 9, "seed": 4000, "method": "TEAw13_0.3", "latent_mse_to_full": 0.012349377386271954, "seconds": 66.9087474681437, "kinds": {"F": 50, "C": 0, "G": 0, "O": 0}, "full": 1200, "reuse": 1800, "attn_only": 0, "ffn_only": 0}
{"phase": "fairbench", "prompt": 9, "seed": 4000, "method": "TEAw13_0.3_GI", "latent_mse_to_full": 0.015362879261374474, "seconds": 62.15052906470373, "kinds": {"F": 37, "C": 0, "G": 13, "O": 0}, "full": 1110, "reuse": 1500, "attn_only": 0, "ffn_only": 0}
{"phase": "fairbench", "prompt": 9, "seed": 4000, "method": "TEAw10_0.2", "latent_mse_to_full": 0.008709676563739777, "seconds": 66.91826346237212, "kinds": {"F": 50, "C": 0, "G": 0, "O": 0}, "full": 1200, "reuse": 1800, "attn_only": 0, "ffn_only": 0}
{"phase": "fairbench", "prompt": 9, "seed": 4000, "method": "TEAw10_0.2_GI", "latent_mse_to_full": 0.011386568658053875, "seconds": 60.60370970470831, "kinds": {"F": 37, "C": 0, "G": 13, "O": 0}, "full": 1080, "reuse": 1530, "attn_only": 0, "ffn_only": 0}
{"phase": "fairbench", "prompt": 9, "seed": 4000, "method": "TEAw10_0.3", "latent_mse_to_full": 0.018028024584054947, "seconds": 56.98663996299729, "kinds": {"F": 50, "C": 0, "G": 0, "O": 0}, "full": 1020, "reuse": 1980, "attn_only": 0, "ffn_only": 0}
{"phase": "fairbench", "prompt": 9, "seed": 4000, "method": "TEAw10_0.5", "latent_mse_to_full": 0.03805151954293251, "seconds": 50.365716634783894, "kinds": {"F": 50, "C": 0, "G": 0, "O": 0}, "full": 900, "reuse": 2100, "attn_only": 0, "ffn_only": 0}
{"phase": "fairbench", "prompt": 9, "seed": 4000, "method": "TSw17_n3", "latent_mse_to_full": 0.0011076043592765927, "seconds": 93.92320358613506, "kinds": {"F": 50, "C": 0, "G": 0, "O": 0}, "full": 1680, "reuse": 1320, "attn_only": 0, "ffn_only": 0}
{"phase": "fairbench", "prompt": 9, "seed": 4000, "method": "FORAw17_n3", "latent_mse_to_full": 0.0016521314391866326, "seconds": 93.39120868965983, "kinds": {"F": 50, "C": 0, "G": 0, "O": 0}, "full": 1680, "reuse": 1320, "attn_only": 0, "ffn_only": 0}
{"phase": "fairbench", "prompt": 9, "seed": 4000, "method": "FORAw17_n4", "latent_mse_to_full": 0.0027187992818653584, "seconds": 86.77835663408041, "kinds": {"F": 50, "C": 0, "G": 0, "O": 0}, "full": 1560, "reuse": 1440, "attn_only": 0, "ffn_only": 0}
{"phase": "fairbench", "prompt": 9, "seed": 4000, "method": "FORAw13_n3_GI", "latent_mse_to_full": 0.005292779300361872, "seconds": 78.90706707024947, "kinds": {"F": 37, "C": 0, "G": 13, "O": 0}, "full": 1410, "reuse": 1200, "attn_only": 0, "ffn_only": 0}
{"phase": "fairbench", "prompt": 9, "seed": 4000, "method": "Oonly_O2w17", "latent_mse_to_full": 8.677045843796805e-05, "seconds": 113.03299633320421, "kinds": {"F": 34, "C": 0, "G": 0, "O": 16}, "full": 2040, "reuse": 0, "attn_only": 0, "ffn_only": 0}
{"phase": "fairbench", "prompt": 9, "seed": 4000, "method": "Oonly_O3w17", "latent_mse_to_full": 0.0014902290422469378, "seconds": 93.083747650031, "kinds": {"F": 28, "C": 0, "G": 0, "O": 22}, "full": 1680, "reuse": 0, "attn_only": 0, "ffn_only": 0}
{"phase": "fairbench", "prompt": 9, "seed": 4000, "method": "Oonly_O3w13", "latent_mse_to_full": 0.0012855837121605873, "seconds": 86.43830498680472, "kinds": {"F": 26, "C": 0, "G": 0, "O": 24}, "full": 1560, "reuse": 0, "attn_only": 0, "ffn_only": 0}
{"phase": "fairbench", "prompt": 9, "seed": 4000, "method": "unipc20", "latent_mse_to_full": 0.20268326997756958, "seconds": 66.50328022334725, "kinds": {"F": 20, "C": 0, "G": 0, "O": 0}, "full": 1200, "reuse": 0, "attn_only": 0, "ffn_only": 0}
{"phase": "fairbench", "prompt": 9, "seed": 4000, "method": "unipc25", "latent_mse_to_full": 0.10039640963077545, "seconds": 83.12820921605453, "kinds": {"F": 25, "C": 0, "G": 0, "O": 0}, "full": 1500, "reuse": 0, "attn_only": 0, "ffn_only": 0}
{"phase": "fairbench", "prompt": 9, "seed": 4000, "method": "dpm20", "latent_mse_to_full": 0.2091919481754303, "seconds": 66.483773117885, "kinds": {"F": 20, "C": 0, "G": 0, "O": 0}, "full": 1200, "reuse": 0, "attn_only": 0, "ffn_only": 0}
{"phase": "fairbench", "prompt": 9, "seed": 4000, "method": "full_retime", "latent_mse_to_full": 0.0, "seconds": 166.21071071503684, "kinds": {"F": 50, "C": 0, "G": 0, "O": 0}, "full": 3000, "reuse": 0, "attn_only": 0, "ffn_only": 0}
sh: line 1: 34660 Terminated              python3 h20_cog_bench.py gen --phase fairbench --plist 5 9 13 --seeds 4000
The config attributes {'invert_scale_latents': False} were passed to AutoencoderKLCogVideoX, but are not expected and will be ignored. Please verify your config.json configuration file.
/usr/local/lib64/python3.9/site-packages/torchvision/models/_utils.py:208: UserWarning: The parameter 'pretrained' is deprecated since 0.13 and may be removed in the future, please use 'weights' instead.
  warnings.warn(
/usr/local/lib64/python3.9/site-packages/torchvision/models/_utils.py:223: UserWarning: Arguments other than a weight enum or `None` for 'weights' are deprecated since 0.13 and may be removed in the future. The current behavior is equivalent to passing `weights=AlexNet_Weights.IMAGENET1K_V1`. You can also use `weights=AlexNet_Weights.DEFAULT` to get the most up-to-date weights.
  warnings.warn(msg)
/usr/local/lib64/python3.9/site-packages/torch/_utils.py:831: UserWarning: TypedStorage is deprecated. It will be removed in the future and UntypedStorage will be the only storage class. This should only matter to you if you are using storages directly.  To access UntypedStorage directly, use tensor.untyped_storage() instead of tensor.storage()
  return self.fget.__get__(instance, owner)()
{"phase": "fairbench", "prompt": 5, "seed": 4000, "method": "full", "clip_score": 27.484375, "frame_consistency": 0.9951171875, "motion": 0.025558652356266975, "sharpness": 0.0027620275504887104, "psnr_to_full": null, "ssim_to_full": 1.0, "lpips_to_full": 0.0, "temporal_delta_error": 0.0}
{"phase": "fairbench", "prompt": 5, "seed": 4000, "method": "FORAw13_n3_GI", "clip_score": 27.78125, "frame_consistency": 0.99560546875, "motion": 0.02538863942027092, "sharpness": 0.0028305253945291042, "psnr_to_full": 30.139180800502125, "ssim_to_full": 0.9670737981796265, "lpips_to_full": 0.028619570657610893, "temporal_delta_error": 0.0011183882597833872}
{"phase": "fairbench", "prompt": 5, "seed": 4000, "method": "FORAw17_n3", "clip_score": 27.53125, "frame_consistency": 0.9951171875, "motion": 0.026314184069633484, "sharpness": 0.0029706263449043036, "psnr_to_full": 36.400710875003355, "ssim_to_full": 0.9911900162696838, "lpips_to_full": 0.008572496473789215, "temporal_delta_error": 0.0002579879655968398}
{"phase": "fairbench", "prompt": 5, "seed": 4000, "method": "FORAw17_n4", "clip_score": 27.53125, "frame_consistency": 0.99462890625, "motion": 0.026011869311332703, "sharpness": 0.002900142455473542, "psnr_to_full": 34.73157501382817, "ssim_to_full": 0.9869232177734375, "lpips_to_full": 0.012379324994981289, "temporal_delta_error": 0.0003692024911288172}
{"phase": "fairbench", "prompt": 5, "seed": 4000, "method": "OURS_O3w10_B3", "clip_score": 27.734375, "frame_consistency": 0.9921875, "motion": 0.025910992175340652, "sharpness": 0.0031540265772491693, "psnr_to_full": 22.795863471522434, "ssim_to_full": 0.8952119946479797, "lpips_to_full": 0.12042732536792755, "temporal_delta_error": 0.0042335279285907745}
{"phase": "fairbench", "prompt": 5, "seed": 4000, "method": "OURS_O3w13_B2", "clip_score": 27.65625, "frame_consistency": 0.994140625, "motion": 0.026385577395558357, "sharpness": 0.00333605008199811, "psnr_to_full": 26.284986327629568, "ssim_to_full": 0.9420834183692932, "lpips_to_full": 0.05096230283379555, "temporal_delta_error": 0.0024469848722219467}
{"phase": "fairbench", "prompt": 5, "seed": 4000, "method": "OURS_O3w17_B2", "clip_score": 27.484375, "frame_consistency": 0.99462890625, "motion": 0.025396481156349182, "sharpness": 0.0028252331539988518, "psnr_to_full": 32.41519254264933, "ssim_to_full": 0.9786785840988159, "lpips_to_full": 0.019342787563800812, "temporal_delta_error": 0.0006085505010560155}
{"phase": "fairbench", "prompt": 5, "seed": 4000, "method": "OURS_O3w17_B2_GI", "clip_score": 27.875, "frame_consistency": 0.9951171875, "motion": 0.02514486387372017, "sharpness": 0.002840271918103099, "psnr_to_full": 31.94370683959958, "ssim_to_full": 0.9752858877182007, "lpips_to_full": 0.02411944791674614, "temporal_delta_error": 0.000669049215503037}
{"phase": "fairbench", "prompt": 5, "seed": 4000, "method": "OURS_O4w13_B2_GI", "clip_score": 27.90625, "frame_consistency": 0.99560546875, "motion": 0.02653290517628193, "sharpness": 0.0039764526300132275, "psnr_to_full": 25.02218079830302, "ssim_to_full": 0.9281916618347168, "lpips_to_full": 0.06976529210805893, "temporal_delta_error": 0.002975491574034095}
{"phase": "fairbench", "prompt": 5, "seed": 4000, "method": "OURS_Ow17_L4_GI", "clip_score": 27.90625, "frame_consistency": 0.9951171875, "motion": 0.025683028623461723, "sharpness": 0.002929363865405321, "psnr_to_full": 34.189247454592255, "ssim_to_full": 0.9840563535690308, "lpips_to_full": 0.015827355906367302, "temporal_delta_error": 0.0004267148324288428}
{"phase": "fairbench", "prompt": 5, "seed": 4000, "method": "OURS_Ow20_L4", "clip_score": 27.59375, "frame_consistency": 0.9951171875, "motion": 0.025687048211693764, "sharpness": 0.002811761572957039, "psnr_to_full": 38.29159790114326, "ssim_to_full": 0.9932337403297424, "lpips_to_full": 0.0056234486401081085, "temporal_delta_error": 0.00016405159840360284}
{"phase": "fairbench", "prompt": 5, "seed": 4000, "method": "Oonly_O2w17", "clip_score": 27.46875, "frame_consistency": 0.9951171875, "motion": 0.02547825127840042, "sharpness": 0.002770934719592333, "psnr_to_full": 43.21996128175434, "ssim_to_full": 0.998125433921814, "lpips_to_full": 0.0018376787193119526, "temporal_delta_error": 5.972006329102442e-05}
{"phase": "fairbench", "prompt": 5, "seed": 4000, "method": "Oonly_O3w13", "clip_score": 27.640625, "frame_consistency": 0.99560546875, "motion": 0.025613095611333847, "sharpness": 0.002974411007016897, "psnr_to_full": 28.374893855493074, "ssim_to_full": 0.9606747031211853, "lpips_to_full": 0.03114735707640648, "temporal_delta_error": 0.0014722932828590274}
{"phase": "fairbench", "prompt": 5, "seed": 4000, "method": "Oonly_O3w17", "clip_score": 27.515625, "frame_consistency": 0.9951171875, "motion": 0.025553081184625626, "sharpness": 0.0027745713014155626, "psnr_to_full": 35.996920575403735, "ssim_to_full": 0.990637481212616, "lpips_to_full": 0.008617173880338669, "temporal_delta_error": 0.0002977557887788862}
{"phase": "fairbench", "prompt": 5, "seed": 4000, "method": "TEAw10_0.2", "clip_score": 27.390625, "frame_consistency": 0.9921875, "motion": 0.025106457993388176, "sharpness": 0.0026568048633635044, "psnr_to_full": 25.52208117910448, "ssim_to_full": 0.9276584386825562, "lpips_to_full": 0.05948495864868164, "temporal_delta_error": 0.0025757811963558197}
{"phase": "fairbench", "prompt": 5, "seed": 4000, "method": "TEAw10_0.2_GI", "clip_score": 27.90625, "frame_consistency": 0.99267578125, "motion": 0.024968065321445465, "sharpness": 0.0026400217320770025, "psnr_to_full": 25.536586940986975, "ssim_to_full": 0.927390992641449, "lpips_to_full": 0.06240982934832573, "temporal_delta_error": 0.0025367261841893196}
{"phase": "fairbench", "prompt": 5, "seed": 4000, "method": "TEAw10_0.3", "clip_score": 27.46875, "frame_consistency": 0.99169921875, "motion": 0.025511329993605614, "sharpness": 0.002610503463074565, "psnr_to_full": 25.05766462882483, "ssim_to_full": 0.9201768636703491, "lpips_to_full": 0.07231633365154266, "temporal_delta_error": 0.0027703712694346905}
{"phase": "fairbench", "prompt": 5, "seed": 4000, "method": "TEAw10_0.5", "clip_score": 27.125, "frame_consistency": 0.98779296875, "motion": 0.025645719841122627, "sharpness": 0.003141151275485754, "psnr_to_full": 23.321755285806944, "ssim_to_full": 0.8964253664016724, "lpips_to_full": 0.11035455018281937, "temporal_delta_error": 0.0037486781366169453}
{"phase": "fairbench", "prompt": 5, "seed": 4000, "method": "TEAw13_0.2", "clip_score": 27.46875, "frame_consistency": 0.9951171875, "motion": 0.025870082899928093, "sharpness": 0.0027581239119172096, "psnr_to_full": 29.22938551024249, "ssim_to_full": 0.9626224637031555, "lpips_to_full": 0.03048648126423359, "temporal_delta_error": 0.001330022350884974}
{"phase": "fairbench", "prompt": 5, "seed": 4000, "method": "TEAw13_0.2_GI", "clip_score": 27.6875, "frame_consistency": 0.99560546875, "motion": 0.025707125663757324, "sharpness": 0.002770732156932354, "psnr_to_full": 29.0801405627869, "ssim_to_full": 0.9608286619186401, "lpips_to_full": 0.03418590500950813, "temporal_delta_error": 0.001350618083961308}
{"phase": "fairbench", "prompt": 5, "seed": 4000, "method": "TEAw13_0.3", "clip_score": 27.46875, "frame_consistency": 0.99462890625, "motion": 0.026059821248054504, "sharpness": 0.0026649972423911095, "psnr_to_full": 27.644969359291395, "ssim_to_full": 0.9514384865760803, "lpips_to_full": 0.043681513518095016, "temporal_delta_error": 0.001856176066212356}
{"phase": "fairbench", "prompt": 5, "seed": 4000, "method": "TEAw13_0.3_GI", "clip_score": 27.59375, "frame_consistency": 0.9951171875, "motion": 0.025804854929447174, "sharpness": 0.0026128909084945917, "psnr_to_full": 27.498019033299524, "ssim_to_full": 0.949228823184967, "lpips_to_full": 0.04815507307648659, "temporal_delta_error": 0.0018775862408801913}
{"phase": "fairbench", "prompt": 5, "seed": 4000, "method": "TEAw17_0.1", "clip_score": 27.46875, "frame_consistency": 0.9951171875, "motion": 0.025761518627405167, "sharpness": 0.002838701941072941, "psnr_to_full": 38.6790565666034, "ssim_to_full": 0.994594156742096, "lpips_to_full": 0.005067630670964718, "temporal_delta_error": 0.0001713176170596853}
{"phase": "fairbench", "prompt": 5, "seed": 4000, "method": "TEAw17_0.2", "clip_score": 27.375, "frame_consistency": 0.9951171875, "motion": 0.02592383697628975, "sharpness": 0.0029114556964486837, "psnr_to_full": 33.866737095379015, "ssim_to_full": 0.9832696318626404, "lpips_to_full": 0.015049689449369907, "temporal_delta_error": 0.00043027728679589927}
{"phase": "fairbench", "prompt": 5, "seed": 4000, "method": "TEAw17_0.2_GI", "clip_score": 27.640625, "frame_consistency": 0.9951171875, "motion": 0.025700721889734268, "sharpness": 0.0029394470620900393, "psnr_to_full": 32.72850613146045, "ssim_to_full": 0.9779843091964722, "lpips_to_full": 0.020935513079166412, "temporal_delta_error": 0.0005601375014521182}
{"phase": "fairbench", "prompt": 5, "seed": 4000, "method": "TEAw17_0.3", "clip_score": 27.390625, "frame_consistency": 0.99365234375, "motion": 0.02617819420993328, "sharpness": 0.0028544634114950895, "psnr_to_full": 31.046736666526904, "ssim_to_full": 0.9710857272148132, "lpips_to_full": 0.025950519368052483, "temporal_delta_error": 0.0007631277549080551}
{"phase": "fairbench", "prompt": 5, "seed": 4000, "method": "TEAw17_0.3_GI", "clip_score": 27.640625, "frame_consistency": 0.994140625, "motion": 0.02592736855149269, "sharpness": 0.0028779550921171904, "psnr_to_full": 30.41625629925019, "ssim_to_full": 0.9661632776260376, "lpips_to_full": 0.032274194061756134, "temporal_delta_error": 0.0008746829116716981}
{"phase": "fairbench", "prompt": 5, "seed": 4000, "method": "TSw17_n3", "clip_score": 27.484375, "frame_consistency": 0.9951171875, "motion": 0.026033762842416763, "sharpness": 0.0029090773314237595, "psnr_to_full": 37.290433303008214, "ssim_to_full": 0.9932740926742554, "lpips_to_full": 0.006419607903808355, "temporal_delta_error": 0.00021943089086562395}
{"phase": "fairbench", "prompt": 5, "seed": 4000, "method": "dpm20", "clip_score": 25.34375, "frame_consistency": 0.9921875, "motion": 0.002102957572788, "sharpness": 2.0969135221093893e-05, "psnr_to_full": 9.384503264282309, "ssim_to_full": 0.6374827027320862, "lpips_to_full": 0.6337446570396423, "temporal_delta_error": 0.008649419993162155}
{"phase": "fairbench", "prompt": 5, "seed": 4000, "method": "full_perturb1e-2", "clip_score": 27.65625, "frame_consistency": 0.994140625, "motion": 0.025660471990704536, "sharpness": 0.0025215509813278913, "psnr_to_full": 26.39023267950019, "ssim_to_full": 0.9407952427864075, "lpips_to_full": 0.04192117601633072, "temporal_delta_error": 0.0022932877764105797}
{"phase": "fairbench", "prompt": 5, "seed": 4000, "method": "full_retime", "clip_score": 27.484375, "frame_consistency": 0.9951171875, "motion": 0.025558652356266975, "sharpness": 0.0027620275504887104, "psnr_to_full": null, "ssim_to_full": 1.0, "lpips_to_full": 0.0, "temporal_delta_error": 0.0}
{"phase": "fairbench", "prompt": 5, "seed": 4000, "method": "unipc20", "clip_score": 26.59375, "frame_consistency": 0.98583984375, "motion": 0.004120585974305868, "sharpness": 0.00017852989549282938, "psnr_to_full": 9.932116629160934, "ssim_to_full": 0.6314205527305603, "lpips_to_full": 0.5930364727973938, "temporal_delta_error": 0.00881967693567276}
{"phase": "fairbench", "prompt": 5, "seed": 4000, "method": "unipc25", "clip_score": 25.703125, "frame_consistency": 0.98828125, "motion": 0.024613995105028152, "sharpness": 0.0011593851959332824, "psnr_to_full": 14.077847351929101, "ssim_to_full": 0.6937422156333923, "lpips_to_full": 0.3751591444015503, "temporal_delta_error": 0.008262189105153084}
{"phase": "fairbench", "prompt": 9, "seed": 4000, "method": "full", "clip_score": 29.0, "frame_consistency": 0.9951171875, "motion": 0.009273510426282883, "sharpness": 0.010509761981666088, "psnr_to_full": null, "ssim_to_full": 1.0, "lpips_to_full": 0.0, "temporal_delta_error": 0.0}
{"phase": "fairbench", "prompt": 9, "seed": 4000, "method": "FORAw13_n3_GI", "clip_score": 28.9375, "frame_consistency": 0.99560546875, "motion": 0.008817370049655437, "sharpness": 0.01046744640916586, "psnr_to_full": 38.43573117921757, "ssim_to_full": 0.9936720132827759, "lpips_to_full": 0.009314805269241333, "temporal_delta_error": 2.278278407175094e-05}
{"phase": "fairbench", "prompt": 9, "seed": 4000, "method": "FORAw17_n3", "clip_score": 28.953125, "frame_consistency": 0.99560546875, "motion": 0.00931569840759039, "sharpness": 0.010963317938148975, "psnr_to_full": 39.60816121830328, "ssim_to_full": 0.9958217740058899, "lpips_to_full": 0.0038607490714639425, "temporal_delta_error": 1.1201769666513428e-05}
{"phase": "fairbench", "prompt": 9, "seed": 4000, "method": "FORAw17_n4", "clip_score": 29.03125, "frame_consistency": 0.99560546875, "motion": 0.009342687204480171, "sharpness": 0.010749967768788338, "psnr_to_full": 39.64203007232886, "ssim_to_full": 0.9952957034111023, "lpips_to_full": 0.005228223744779825, "temporal_delta_error": 1.3734686035604682e-05}
{"phase": "fairbench", "prompt": 9, "seed": 4000, "method": "OURS_O3w10_B3", "clip_score": 29.09375, "frame_consistency": 0.99462890625, "motion": 0.008163318037986755, "sharpness": 0.00909174419939518, "psnr_to_full": 30.542340874844207, "ssim_to_full": 0.9747712016105652, "lpips_to_full": 0.04085634648799896, "temporal_delta_error": 0.00010850754915736616}
{"phase": "fairbench", "prompt": 9, "seed": 4000, "method": "OURS_O3w13_B2", "clip_score": 29.15625, "frame_consistency": 0.9951171875, "motion": 0.009288341738283634, "sharpness": 0.010336987674236298, "psnr_to_full": 37.34575785470203, "ssim_to_full": 0.9924591779708862, "lpips_to_full": 0.010825159028172493, "temporal_delta_error": 2.669659625098575e-05}
{"phase": "fairbench", "prompt": 9, "seed": 4000, "method": "OURS_O3w17_B2", "clip_score": 29.4375, "frame_consistency": 0.9951171875, "motion": 0.00914040394127369, "sharpness": 0.01020055916160345, "psnr_to_full": 38.396448334800056, "ssim_to_full": 0.993537187576294, "lpips_to_full": 0.007987415418028831, "temporal_delta_error": 1.7333832147414796e-05}
{"phase": "fairbench", "prompt": 9, "seed": 4000, "method": "OURS_O3w17_B2_GI", "clip_score": 29.09375, "frame_consistency": 0.99560546875, "motion": 0.008708755485713482, "sharpness": 0.01027376763522625, "psnr_to_full": 37.09486123769143, "ssim_to_full": 0.990849494934082, "lpips_to_full": 0.012536090798676014, "temporal_delta_error": 2.6399880880489945e-05}
{"phase": "fairbench", "prompt": 9, "seed": 4000, "method": "OURS_O4w13_B2_GI", "clip_score": 28.859375, "frame_consistency": 0.99560546875, "motion": 0.008733094669878483, "sharpness": 0.010163540951907635, "psnr_to_full": 33.90722893615077, "ssim_to_full": 0.9828335046768188, "lpips_to_full": 0.022090701386332512, "temporal_delta_error": 5.438162770587951e-05}
{"phase": "fairbench", "prompt": 9, "seed": 4000, "method": "OURS_Ow17_L4_GI", "clip_score": 29.03125, "frame_consistency": 0.99560546875, "motion": 0.00890431646257639, "sharpness": 0.01083572767674923, "psnr_to_full": 38.64841078170492, "ssim_to_full": 0.9938954710960388, "lpips_to_full": 0.008131942711770535, "temporal_delta_error": 1.928861456690356e-05}
{"phase": "fairbench", "prompt": 9, "seed": 4000, "method": "OURS_Ow20_L4", "clip_score": 29.0, "frame_consistency": 0.9951171875, "motion": 0.009248463436961174, "sharpness": 0.01053576823323965, "psnr_to_full": 43.11734149117037, "ssim_to_full": 0.9976968169212341, "lpips_to_full": 0.0027696723118424416, "temporal_delta_error": 5.977199180051684e-06}
{"phase": "fairbench", "prompt": 9, "seed": 4000, "method": "Oonly_O2w17", "clip_score": 29.0, "frame_consistency": 0.9951171875, "motion": 0.009258652105927467, "sharpness": 0.010510144755244255, "psnr_to_full": 52.88345031828537, "ssim_to_full": 0.9997536540031433, "lpips_to_full": 0.0002736507449299097, "temporal_delta_error": 6.32145031431719e-07}
{"phase": "fairbench", "prompt": 9, "seed": 4000, "method": "Oonly_O3w13", "clip_score": 29.0, "frame_consistency": 0.99462890625, "motion": 0.009398074820637703, "sharpness": 0.010652842000126839, "psnr_to_full": 44.61239896470129, "ssim_to_full": 0.9988195896148682, "lpips_to_full": 0.002583056688308716, "temporal_delta_error": 6.757263236067956e-06}
{"phase": "fairbench", "prompt": 9, "seed": 4000, "method": "Oonly_O3w17", "clip_score": 29.078125, "frame_consistency": 0.9951171875, "motion": 0.009248237125575542, "sharpness": 0.010499649681150913, "psnr_to_full": 43.150789343390265, "ssim_to_full": 0.997526228427887, "lpips_to_full": 0.002590339398011565, "temporal_delta_error": 7.00996906743967e-06}
{"phase": "fairbench", "prompt": 9, "seed": 4000, "method": "TEAw10_0.2", "clip_score": 29.328125, "frame_consistency": 0.99462890625, "motion": 0.008928215131163597, "sharpness": 0.009889070875942707, "psnr_to_full": 35.48470093381122, "ssim_to_full": 0.9879549145698547, "lpips_to_full": 0.016522035002708435, "temporal_delta_error": 5.205002162256278e-05}
{"phase": "fairbench", "prompt": 9, "seed": 4000, "method": "TEAw10_0.2_GI", "clip_score": 29.265625, "frame_consistency": 0.99462890625, "motion": 0.008626652881503105, "sharpness": 0.009878319688141346, "psnr_to_full": 33.94452753275119, "ssim_to_full": 0.981877326965332, "lpips_to_full": 0.021755428984761238, "temporal_delta_error": 6.694813055219129e-05}
{"phase": "fairbench", "prompt": 9, "seed": 4000, "method": "TEAw10_0.3", "clip_score": 30.90625, "frame_consistency": 0.99365234375, "motion": 0.009037379175424576, "sharpness": 0.009399120695888996, "psnr_to_full": 32.01875583116084, "ssim_to_full": 0.9752991795539856, "lpips_to_full": 0.03114812821149826, "temporal_delta_error": 0.00010143631516257301}
{"phase": "fairbench", "prompt": 9, "seed": 4000, "method": "TEAw10_0.5", "clip_score": 30.765625, "frame_consistency": 0.99169921875, "motion": 0.010049061849713326, "sharpness": 0.007798546459525824, "psnr_to_full": 28.197840362147254, "ssim_to_full": 0.9382016062736511, "lpips_to_full": 0.07349125295877457, "temporal_delta_error": 0.00023444902035407722}
{"phase": "fairbench", "prompt": 9, "seed": 4000, "method": "TEAw13_0.2", "clip_score": 29.375, "frame_consistency": 0.99462890625, "motion": 0.009247168898582458, "sharpness": 0.010156074538826942, "psnr_to_full": 36.797141451131985, "ssim_to_full": 0.9904031753540039, "lpips_to_full": 0.011819813400506973, "temporal_delta_error": 3.124902650597505e-05}
{"phase": "fairbench", "prompt": 9, "seed": 4000, "method": "TEAw13_0.2_GI", "clip_score": 29.21875, "frame_consistency": 0.99560546875, "motion": 0.00893303845077753, "sharpness": 0.010180854238569736, "psnr_to_full": 34.7687864619446, "ssim_to_full": 0.9841902256011963, "lpips_to_full": 0.017427364364266396, "temporal_delta_error": 4.747501225210726e-05}
{"phase": "fairbench", "prompt": 9, "seed": 4000, "method": "TEAw13_0.3", "clip_score": 30.5, "frame_consistency": 0.9931640625, "motion": 0.009456166997551918, "sharpness": 0.009901707991957664, "psnr_to_full": 33.453540557476096, "ssim_to_full": 0.9793144464492798, "lpips_to_full": 0.02216409705579281, "temporal_delta_error": 6.487044447567314e-05}
{"phase": "fairbench", "prompt": 9, "seed": 4000, "method": "TEAw13_0.3_GI", "clip_score": 30.296875, "frame_consistency": 0.994140625, "motion": 0.009181556291878223, "sharpness": 0.009765012189745903, "psnr_to_full": 32.01864638425869, "ssim_to_full": 0.9705468416213989, "lpips_to_full": 0.028258835896849632, "temporal_delta_error": 8.611237717559561e-05}
{"phase": "fairbench", "prompt": 9, "seed": 4000, "method": "TEAw17_0.1", "clip_score": 28.9375, "frame_consistency": 0.9951171875, "motion": 0.009319808334112167, "sharpness": 0.01060860138386488, "psnr_to_full": 43.76970306946063, "ssim_to_full": 0.9981686472892761, "lpips_to_full": 0.002193043939769268, "temporal_delta_error": 5.288082320475951e-06}
{"phase": "fairbench", "prompt": 9, "seed": 4000, "method": "TEAw17_0.2", "clip_score": 29.5625, "frame_consistency": 0.99462890625, "motion": 0.009455571882426739, "sharpness": 0.010539822280406952, "psnr_to_full": 37.308882664611424, "ssim_to_full": 0.9913958311080933, "lpips_to_full": 0.008756971918046474, "temporal_delta_error": 2.382807360845618e-05}
{"phase": "fairbench", "prompt": 9, "seed": 4000, "method": "TEAw17_0.2_GI", "clip_score": 29.421875, "frame_consistency": 0.9951171875, "motion": 0.009133138693869114, "sharpness": 0.01057354174554348, "psnr_to_full": 35.092343635932764, "ssim_to_full": 0.9852232336997986, "lpips_to_full": 0.014783358201384544, "temporal_delta_error": 4.009997064713389e-05}
{"phase": "fairbench", "prompt": 9, "seed": 4000, "method": "TEAw17_0.3", "clip_score": 30.375, "frame_consistency": 0.99365234375, "motion": 0.00970417819917202, "sharpness": 0.010404507629573345, "psnr_to_full": 34.09653202816864, "ssim_to_full": 0.9818128943443298, "lpips_to_full": 0.01705017127096653, "temporal_delta_error": 5.1466544391587377e-05}
{"phase": "fairbench", "prompt": 9, "seed": 4000, "method": "TEAw17_0.3_GI", "clip_score": 30.21875, "frame_consistency": 0.994140625, "motion": 0.009403873234987259, "sharpness": 0.010298280976712704, "psnr_to_full": 32.40801318390034, "ssim_to_full": 0.9727500677108765, "lpips_to_full": 0.023912794888019562, "temporal_delta_error": 7.379514863714576e-05}
{"phase": "fairbench", "prompt": 9, "seed": 4000, "method": "TSw17_n3", "clip_score": 28.90625, "frame_consistency": 0.99560546875, "motion": 0.009238292463123798, "sharpness": 0.010835914872586727, "psnr_to_full": 42.09232944912007, "ssim_to_full": 0.9975314736366272, "lpips_to_full": 0.0022940621711313725, "temporal_delta_error": 6.201591531862505e-06}
{"phase": "fairbench", "prompt": 9, "seed": 4000, "method": "dpm20", "clip_score": 26.203125, "frame_consistency": 0.99853515625, "motion": 0.003170343581587076, "sharpness": 0.003327365266159177, "psnr_to_full": 18.549356461009204, "ssim_to_full": 0.8725525140762329, "lpips_to_full": 0.2354915738105774, "temporal_delta_error": 0.0006064446642994881}
{"phase": "fairbench", "prompt": 9, "seed": 4000, "method": "full_perturb1e-2", "clip_score": 29.0, "frame_consistency": 0.9951171875, "motion": 0.009211202152073383, "sharpness": 0.010539012961089611, "psnr_to_full": 45.49168798573476, "ssim_to_full": 0.9987502098083496, "lpips_to_full": 0.00240553286857903, "temporal_delta_error": 3.854318947560387e-06}
{"phase": "fairbench", "prompt": 9, "seed": 4000, "method": "full_retime", "clip_score": 29.0, "frame_consistency": 0.9951171875, "motion": 0.009273510426282883, "sharpness": 0.010509761981666088, "psnr_to_full": null, "ssim_to_full": 1.0, "lpips_to_full": 0.0, "temporal_delta_error": 0.0}
{"phase": "fairbench", "prompt": 9, "seed": 4000, "method": "unipc20", "clip_score": 27.265625, "frame_consistency": 0.99853515625, "motion": 0.0032070796005427837, "sharpness": 0.004951326176524162, "psnr_to_full": 18.66758114702741, "ssim_to_full": 0.864859938621521, "lpips_to_full": 0.24298956990242004, "temporal_delta_error": 0.0005996774998493493}
{"phase": "fairbench", "prompt": 9, "seed": 4000, "method": "unipc25", "clip_score": 29.125, "frame_consistency": 0.9951171875, "motion": 0.010244662873446941, "sharpness": 0.00605907803401351, "psnr_to_full": 20.83400077554819, "ssim_to_full": 0.9028615355491638, "lpips_to_full": 0.15758441388607025, "temporal_delta_error": 0.00048080168198794127}
The config attributes {'invert_scale_latents': False} were passed to AutoencoderKLCogVideoX, but are not expected and will be ignored. Please verify your config.json configuration file.
/usr/local/lib64/python3.9/site-packages/torch/_utils.py:831: UserWarning: TypedStorage is deprecated. It will be removed in the future and UntypedStorage will be the only storage class. This should only matter to you if you are using storages directly.  To access UntypedStorage directly, use tensor.untyped_storage() instead of tensor.storage()
  return self.fget.__get__(instance, owner)()
{"phase": "fairbench", "prompt": 4, "seed": 4000, "method": "FORAw17_n3", "aesthetic": 4.863199710845947, "clip_text": 24.317832946777344, "subj_cons": 0.9266196489334106, "imaging": 0.0042456709779798985, "motion": 0.009656781330704689, "flicker": 0.016555361449718475}
{"phase": "fairbench", "prompt": 4, "seed": 4000, "method": "OURS_O3w17_B2", "aesthetic": 4.8301920890808105, "clip_text": 24.598302841186523, "subj_cons": 0.9249407052993774, "imaging": 0.0039774347096681595, "motion": 0.009850424714386463, "flicker": 0.01676284894347191}
{"phase": "fairbench", "prompt": 4, "seed": 4000, "method": "OURS_Ow20_L4", "aesthetic": 4.838492393493652, "clip_text": 24.102802276611328, "subj_cons": 0.9250434637069702, "imaging": 0.004170612432062626, "motion": 0.00981137529015541, "flicker": 0.016750598326325417}
{"phase": "fairbench", "prompt": 4, "seed": 4000, "method": "TEAw10_0.2", "aesthetic": 4.9801716804504395, "clip_text": 24.813819885253906, "subj_cons": 0.922202467918396, "imaging": 0.004060325678437948, "motion": 0.0092658381909132, "flicker": 0.015792928636074066}
{"phase": "fairbench", "prompt": 4, "seed": 4000, "method": "TEAw13_0.2", "aesthetic": 4.795770168304443, "clip_text": 24.192705154418945, "subj_cons": 0.923224687576294, "imaging": 0.003803187981247902, "motion": 0.009290145710110664, "flicker": 0.015698617324233055}
{"phase": "fairbench", "prompt": 4, "seed": 4000, "method": "TEAw17_0.1", "aesthetic": 4.8812432289123535, "clip_text": 23.98586654663086, "subj_cons": 0.9236689805984497, "imaging": 0.00419499771669507, "motion": 0.00965961441397667, "flicker": 0.01652168296277523}
{"phase": "fairbench", "prompt": 4, "seed": 4000, "method": "TEAw17_0.3_GI", "aesthetic": 4.93395471572876, "clip_text": 24.60725975036621, "subj_cons": 0.9294056296348572, "imaging": 0.003966066986322403, "motion": 0.009277178905904293, "flicker": 0.015828294679522514}
{"phase": "fairbench", "prompt": 4, "seed": 4000, "method": "full_perturb1e-2", "aesthetic": 4.761374473571777, "clip_text": 24.330251693725586, "subj_cons": 0.9211571216583252, "imaging": 0.0036867777816951275, "motion": 0.009515744633972645, "flicker": 0.016220394521951675}
{"phase": "fairbench", "prompt": 5, "seed": 4000, "method": "FORAw13_n3_GI", "aesthetic": 4.874528884887695, "clip_text": 27.782176971435547, "subj_cons": 0.9894924163818359, "imaging": 0.0028305253945291042, "motion": 0.02538863942027092, "flicker": 0.0386434942483902}
{"phase": "fairbench", "prompt": 5, "seed": 4000, "method": "OURS_O3w13_B2", "aesthetic": 4.890925407409668, "clip_text": 27.675399780273438, "subj_cons": 0.9881751537322998, "imaging": 0.00333605008199811, "motion": 0.026385577395558357, "flicker": 0.04023987054824829}
{"phase": "fairbench", "prompt": 5, "seed": 4000, "method": "OURS_Ow17_L4_GI", "aesthetic": 4.980749130249023, "clip_text": 27.911354064941406, "subj_cons": 0.9895957708358765, "imaging": 0.002929363865405321, "motion": 0.025683028623461723, "flicker": 0.03940368816256523}
{"phase": "fairbench", "prompt": 5, "seed": 4000, "method": "Oonly_O3w17", "aesthetic": 4.859554767608643, "clip_text": 27.51857566833496, "subj_cons": 0.9891664981842041, "imaging": 0.0027745713014155626, "motion": 0.025553081184625626, "flicker": 0.03915548697113991}
{"phase": "fairbench", "prompt": 5, "seed": 4000, "method": "TEAw10_0.5", "aesthetic": 4.512051582336426, "clip_text": 27.11886978149414, "subj_cons": 0.969412624835968, "imaging": 0.003141151275485754, "motion": 0.025645719841122627, "flicker": 0.038019731640815735}
{"phase": "fairbench", "prompt": 5, "seed": 4000, "method": "TEAw13_0.3_GI", "aesthetic": 4.844016075134277, "clip_text": 27.594099044799805, "subj_cons": 0.9890803098678589, "imaging": 0.0026128909084945917, "motion": 0.025804854929447174, "flicker": 0.039084773510694504}
{"phase": "fairbench", "prompt": 5, "seed": 4000, "method": "TEAw17_0.3", "aesthetic": 4.9451375007629395, "clip_text": 27.39341926574707, "subj_cons": 0.9873611927032471, "imaging": 0.0028544634114950895, "motion": 0.02617819420993328, "flicker": 0.04015713557600975}
{"phase": "fairbench", "prompt": 5, "seed": 4000, "method": "full", "aesthetic": 4.8949174880981445, "clip_text": 27.484378814697266, "subj_cons": 0.9890255928039551, "imaging": 0.0027620275504887104, "motion": 0.025558652356266975, "flicker": 0.039136677980422974}
{"phase": "fairbench", "prompt": 5, "seed": 4000, "method": "unipc25", "aesthetic": 5.139534950256348, "clip_text": 25.706485748291016, "subj_cons": 0.9738554954528809, "imaging": 0.0011593851959332824, "motion": 0.024613995105028152, "flicker": 0.03664124011993408}
{"phase": "fairbench", "prompt": 6, "seed": 4000, "method": "OURS_O3w10_B3", "aesthetic": 5.928700923919678, "clip_text": 26.338041305541992, "subj_cons": 0.9367132186889648, "imaging": 0.001344511634670198, "motion": 0.027437632903456688, "flicker": 0.041074756532907486}
{"phase": "fairbench", "prompt": 6, "seed": 4000, "method": "OURS_O4w13_B2_GI", "aesthetic": 5.847599983215332, "clip_text": 25.961994171142578, "subj_cons": 0.9445754885673523, "imaging": 0.0014277042355388403, "motion": 0.027390988543629646, "flicker": 0.041524939239025116}
{"phase": "fairbench", "prompt": 6, "seed": 4000, "method": "Oonly_O3w13", "aesthetic": 5.989719390869141, "clip_text": 25.485511779785156, "subj_cons": 0.9394901394844055, "imaging": 0.0014928755117580295, "motion": 0.029204603284597397, "flicker": 0.04396577551960945}
{"phase": "fairbench", "prompt": 6, "seed": 4000, "method": "TEAw10_0.3", "aesthetic": 6.007436275482178, "clip_text": 26.24713134765625, "subj_cons": 0.9527671337127686, "imaging": 0.0013529700227081776, "motion": 0.028095126152038574, "flicker": 0.042274005711078644}
{"phase": "fairbench", "prompt": 6, "seed": 4000, "method": "TEAw13_0.3", "aesthetic": 5.973405838012695, "clip_text": 26.34957504272461, "subj_cons": 0.9499862194061279, "imaging": 0.001396253821440041, "motion": 0.028452564030885696, "flicker": 0.04298337176442146}
{"phase": "fairbench", "prompt": 6, "seed": 4000, "method": "TEAw17_0.2_GI", "aesthetic": 5.874436378479004, "clip_text": 25.901756286621094, "subj_cons": 0.9376162886619568, "imaging": 0.001422158326022327, "motion": 0.028751453384757042, "flicker": 0.043309759348630905}
{"phase": "fairbench", "prompt": 6, "seed": 4000, "method": "dpm20", "aesthetic": 5.911670684814453, "clip_text": 25.938865661621094, "subj_cons": 0.9561371207237244, "imaging": 0.001148158684372902, "motion": 0.023923344910144806, "flicker": 0.03359545022249222}
{"phase": "fairbench", "prompt": 6, "seed": 4000, "method": "unipc20", "aesthetic": 6.574840068817139, "clip_text": 25.15327262878418, "subj_cons": 0.9550274014472961, "imaging": 0.0018744389526546001, "motion": 0.025500668212771416, "flicker": 0.03763442486524582}
{"phase": "fairbench", "prompt": 7, "seed": 4000, "method": "FORAw17_n4", "aesthetic": 7.1642279624938965, "clip_text": 29.08012580871582, "subj_cons": 0.9980409145355225, "imaging": 0.0034425242338329554, "motion": 0.008128649555146694, "flicker": 0.012854943051934242}
{"phase": "fairbench", "prompt": 7, "seed": 4000, "method": "OURS_O3w17_B2_GI", "aesthetic": 7.173346042633057, "clip_text": 29.283479690551758, "subj_cons": 0.9977754354476929, "imaging": 0.003249536966904998, "motion": 0.007615107111632824, "flicker": 0.01196239236742258}
{"phase": "fairbench", "prompt": 7, "seed": 4000, "method": "Oonly_O2w17", "aesthetic": 7.126709938049316, "clip_text": 29.098567962646484, "subj_cons": 0.9981106519699097, "imaging": 0.003369904588907957, "motion": 0.00800472591072321, "flicker": 0.012798520736396313}
{"phase": "fairbench", "prompt": 7, "seed": 4000, "method": "TEAw10_0.2_GI", "aesthetic": 7.201915264129639, "clip_text": 29.414087295532227, "subj_cons": 0.9970694184303284, "imaging": 0.003353745210915804, "motion": 0.007937042973935604, "flicker": 0.012565765529870987}
{"phase": "fairbench", "prompt": 7, "seed": 4000, "method": "TEAw13_0.2_GI", "aesthetic": 7.199587345123291, "clip_text": 29.36745834350586, "subj_cons": 0.9976524114608765, "imaging": 0.0033456766977906227, "motion": 0.007807695306837559, "flicker": 0.012211616151034832}
{"phase": "fairbench", "prompt": 7, "seed": 4000, "method": "TEAw17_0.2", "aesthetic": 7.158926486968994, "clip_text": 28.988861083984375, "subj_cons": 0.99760502576828, "imaging": 0.003399364650249481, "motion": 0.008247064426541328, "flicker": 0.012962069362401962}
{"phase": "fairbench", "prompt": 7, "seed": 4000, "method": "TSw17_n3", "aesthetic": 7.134078502655029, "clip_text": 28.987682342529297, "subj_cons": 0.998242974281311, "imaging": 0.0036028805188834667, "motion": 0.008034476079046726, "flicker": 0.012786533683538437}
{"phase": "fairbench", "prompt": 7, "seed": 4000, "method": "full_retime", "aesthetic": 7.123222351074219, "clip_text": 29.0988826751709, "subj_cons": 0.9982488751411438, "imaging": 0.00334878358989954, "motion": 0.008068842813372612, "flicker": 0.012917171232402325}
{"phase": "fairbench", "prompt": 8, "seed": 4000, "method": "FORAw17_n3", "aesthetic": 6.406556129455566, "clip_text": 28.822046279907227, "subj_cons": 0.9901925921440125, "imaging": 0.0008754232549108565, "motion": 0.022690849378705025, "flicker": 0.036753494292497635}
{"phase": "fairbench", "prompt": 8, "seed": 4000, "method": "OURS_O3w17_B2", "aesthetic": 6.413753509521484, "clip_text": 28.578916549682617, "subj_cons": 0.9899417757987976, "imaging": 0.0008172987727448344, "motion": 0.02211225964128971, "flicker": 0.03579583391547203}
{"phase": "fairbench", "prompt": 8, "seed": 4000, "method": "OURS_Ow20_L4", "aesthetic": 6.420490264892578, "clip_text": 28.614398956298828, "subj_cons": 0.9909640550613403, "imaging": 0.0008551129722036421, "motion": 0.022301286458969116, "flicker": 0.0360533781349659}
{"phase": "fairbench", "prompt": 8, "seed": 4000, "method": "TEAw10_0.2", "aesthetic": 6.449082374572754, "clip_text": 28.69215965270996, "subj_cons": 0.9907042980194092, "imaging": 0.0008261032053269446, "motion": 0.022094635292887688, "flicker": 0.03582877665758133}
{"phase": "fairbench", "prompt": 8, "seed": 4000, "method": "TEAw13_0.2", "aesthetic": 6.3907246589660645, "clip_text": 28.544923782348633, "subj_cons": 0.9914973974227905, "imaging": 0.0008732707356102765, "motion": 0.02221662737429142, "flicker": 0.03606954962015152}
{"phase": "fairbench", "prompt": 8, "seed": 4000, "method": "TEAw17_0.1", "aesthetic": 6.413617134094238, "clip_text": 28.689266204833984, "subj_cons": 0.9901583194732666, "imaging": 0.0008618598221801221, "motion": 0.022480854764580727, "flicker": 0.0363384485244751}
{"phase": "fairbench", "prompt": 8, "seed": 4000, "method": "TEAw17_0.3_GI", "aesthetic": 6.328432083129883, "clip_text": 28.689804077148438, "subj_cons": 0.9895154237747192, "imaging": 0.0008608232019469142, "motion": 0.022851822897791862, "flicker": 0.03698147460818291}
{"phase": "fairbench", "prompt": 8, "seed": 4000, "method": "full_perturb1e-2", "aesthetic": 6.400590896606445, "clip_text": 28.753889083862305, "subj_cons": 0.9896810054779053, "imaging": 0.0008490483742207289, "motion": 0.022321227937936783, "flicker": 0.03605503961443901}
{"phase": "fairbench", "prompt": 9, "seed": 4000, "method": "FORAw13_n3_GI", "aesthetic": 5.717851638793945, "clip_text": 28.917888641357422, "subj_cons": 0.9894989728927612, "imaging": 0.01046744640916586, "motion": 0.008817370049655437, "flicker": 0.011596658267080784}
{"phase": "fairbench", "prompt": 9, "seed": 4000, "method": "OURS_O3w13_B2", "aesthetic": 5.6435017585754395, "clip_text": 29.14855194091797, "subj_cons": 0.9893966317176819, "imaging": 0.010336987674236298, "motion": 0.009288341738283634, "flicker": 0.01214794721454382}
{"phase": "fairbench", "prompt": 9, "seed": 4000, "method": "OURS_Ow17_L4_GI", "aesthetic": 5.675894260406494, "clip_text": 29.02354621887207, "subj_cons": 0.9893481731414795, "imaging": 0.01083572767674923, "motion": 0.00890431646257639, "flicker": 0.011717230081558228}
{"phase": "fairbench", "prompt": 9, "seed": 4000, "method": "Oonly_O3w17", "aesthetic": 5.569623947143555, "clip_text": 29.068872451782227, "subj_cons": 0.9831700325012207, "imaging": 0.010499649681150913, "motion": 0.009248237125575542, "flicker": 0.012269051745533943}
{"phase": "fairbench", "prompt": 9, "seed": 4000, "method": "TEAw10_0.5", "aesthetic": 5.814918041229248, "clip_text": 30.76544952392578, "subj_cons": 0.972908616065979, "imaging": 0.007798546459525824, "motion": 0.010049061849713326, "flicker": 0.013007997535169125}
{"phase": "fairbench", "prompt": 9, "seed": 4000, "method": "TEAw13_0.3_GI", "aesthetic": 5.577887058258057, "clip_text": 30.28755760192871, "subj_cons": 0.9832696914672852, "imaging": 0.009765012189745903, "motion": 0.009181556291878223, "flicker": 0.012050550431013107}
{"phase": "fairbench", "prompt": 9, "seed": 4000, "method": "TEAw17_0.3", "aesthetic": 5.567137241363525, "clip_text": 30.37067413330078, "subj_cons": 0.9843284487724304, "imaging": 0.010404507629573345, "motion": 0.00970417819917202, "flicker": 0.012848012149333954}
{"phase": "fairbench", "prompt": 9, "seed": 4000, "method": "full", "aesthetic": 5.684128761291504, "clip_text": 28.992250442504883, "subj_cons": 0.9858046770095825, "imaging": 0.010509761981666088, "motion": 0.009273510426282883, "flicker": 0.012346751987934113}
{"phase": "fairbench", "prompt": 9, "seed": 4000, "method": "unipc25", "aesthetic": 4.723034381866455, "clip_text": 29.130294799804688, "subj_cons": 0.9901654124259949, "imaging": 0.00605907803401351, "motion": 0.010244662873446941, "flicker": 0.013404837809503078}
{"phase": "fairbench", "prompt": 10, "seed": 4000, "method": "OURS_O3w10_B3", "aesthetic": 6.2974019050598145, "clip_text": 28.371849060058594, "subj_cons": 0.9332737326622009, "imaging": 0.0002883159031625837, "motion": 0.03971328213810921, "flicker": 0.059176575392484665}
{"phase": "fairbench", "prompt": 10, "seed": 4000, "method": "OURS_O4w13_B2_GI", "aesthetic": 6.533562183380127, "clip_text": 29.11185073852539, "subj_cons": 0.9492599964141846, "imaging": 0.000335132353939116, "motion": 0.04103228449821472, "flicker": 0.06109943613409996}
{"phase": "fairbench", "prompt": 10, "seed": 4000, "method": "Oonly_O3w13", "aesthetic": 6.637723922729492, "clip_text": 29.81819725036621, "subj_cons": 0.9558045864105225, "imaging": 0.0003143381327390671, "motion": 0.040564749389886856, "flicker": 0.059614259749650955}
{"phase": "fairbench", "prompt": 10, "seed": 4000, "method": "TEAw10_0.3", "aesthetic": 6.341733932495117, "clip_text": 29.91550636291504, "subj_cons": 0.9416462182998657, "imaging": 0.00032046547858044505, "motion": 0.04023847356438637, "flicker": 0.060024429112672806}
{"phase": "fairbench", "prompt": 10, "seed": 4000, "method": "TEAw13_0.3", "aesthetic": 6.554190158843994, "clip_text": 29.826004028320312, "subj_cons": 0.9511172771453857, "imaging": 0.0003065163909923285, "motion": 0.04073786735534668, "flicker": 0.060412824153900146}
{"phase": "fairbench", "prompt": 10, "seed": 4000, "method": "TEAw17_0.2_GI", "aesthetic": 6.5886335372924805, "clip_text": 29.12221336364746, "subj_cons": 0.952350378036499, "imaging": 0.0003116692532785237, "motion": 0.0414699912071228, "flicker": 0.06133776158094406}
{"phase": "fairbench", "prompt": 10, "seed": 4000, "method": "dpm20", "aesthetic": 5.567863464355469, "clip_text": 30.995004653930664, "subj_cons": 0.9695509672164917, "imaging": 4.0265767893288285e-05, "motion": 0.031574834138154984, "flicker": 0.04911346733570099}
{"phase": "fairbench", "prompt": 10, "seed": 4000, "method": "unipc20", "aesthetic": 4.992925643920898, "clip_text": 31.065839767456055, "subj_cons": 0.957388162612915, "imaging": 8.399791113333777e-05, "motion": 0.03566565364599228, "flicker": 0.05697355419397354}
{"phase": "fairbench", "prompt": 11, "seed": 4000, "method": "FORAw17_n4", "aesthetic": 6.9080939292907715, "clip_text": 27.405363082885742, "subj_cons": 0.9835327863693237, "imaging": 0.0022946656681597233, "motion": 0.022434381768107414, "flicker": 0.033155232667922974}
{"phase": "fairbench", "prompt": 11, "seed": 4000, "method": "OURS_O3w17_B2_GI", "aesthetic": 7.034575462341309, "clip_text": 27.00885581970215, "subj_cons": 0.9844702482223511, "imaging": 0.0021809230092912912, "motion": 0.022029072046279907, "flicker": 0.03236185386776924}
{"phase": "fairbench", "prompt": 11, "seed": 4000, "method": "Oonly_O2w17", "aesthetic": 6.897267818450928, "clip_text": 27.387454986572266, "subj_cons": 0.9829849004745483, "imaging": 0.002314423443749547, "motion": 0.022003045305609703, "flicker": 0.03245427459478378}
{"phase": "fairbench", "prompt": 11, "seed": 4000, "method": "TEAw10_0.2_GI", "aesthetic": 6.827281475067139, "clip_text": 27.83506202697754, "subj_cons": 0.9802301526069641, "imaging": 0.0020543334539979696, "motion": 0.02124105952680111, "flicker": 0.031235046684741974}
{"phase": "fairbench", "prompt": 11, "seed": 4000, "method": "TEAw13_0.2_GI", "aesthetic": 6.8330302238464355, "clip_text": 27.44359016418457, "subj_cons": 0.9828835725784302, "imaging": 0.002069412497803569, "motion": 0.021736392751336098, "flicker": 0.03209250420331955}
{"phase": "fairbench", "prompt": 11, "seed": 4000, "method": "TEAw17_0.2", "aesthetic": 6.843935966491699, "clip_text": 27.56328582763672, "subj_cons": 0.9810305833816528, "imaging": 0.002271666657179594, "motion": 0.02225354313850403, "flicker": 0.03288387879729271}
{"phase": "fairbench", "prompt": 11, "seed": 4000, "method": "TSw17_n3", "aesthetic": 6.948480129241943, "clip_text": 27.358182907104492, "subj_cons": 0.9849982261657715, "imaging": 0.0024006380699574947, "motion": 0.02236419916152954, "flicker": 0.03306381031870842}
{"phase": "fairbench", "prompt": 11, "seed": 4000, "method": "full_retime", "aesthetic": 6.802867412567139, "clip_text": 27.693811416625977, "subj_cons": 0.983779788017273, "imaging": 0.0023237878922373056, "motion": 0.02196008339524269, "flicker": 0.03242945298552513}
