/usr/local/lib64/python3.9/site-packages/torch/_utils.py:831: UserWarning: TypedStorage is deprecated. It will be removed in the future and UntypedStorage will be the only storage class. This should only matter to you if you are using storages directly.  To access UntypedStorage directly, use tensor.untyped_storage() instead of tensor.storage()
  return self.fget.__get__(instance, owner)()
{"phase": "fairbench", "prompt": 7, "seed": 4000, "method": "full", "latent_mse_to_full": 0.0, "seconds": 166.66250495472923, "kinds": {"F": 50, "C": 0, "G": 0, "O": 0}, "full": 3000, "reuse": 0, "attn_only": 0, "ffn_only": 0}
{"phase": "fairbench", "prompt": 7, "seed": 4000, "method": "full_perturb1e-2", "latent_mse_to_full": 0.0011056746589019895, "seconds": 165.4667069511488, "kinds": {"F": 50, "C": 0, "G": 0, "O": 0}, "full": 3000, "reuse": 0, "attn_only": 0, "ffn_only": 0}
{"phase": "fairbench", "prompt": 7, "seed": 4000, "method": "OURS_Ow20_L4", "latent_mse_to_full": 0.002079480327665806, "seconds": 92.59534281585366, "kinds": {"F": 35, "C": 0, "G": 0, "O": 15}, "full": 1680, "reuse": 420, "attn_only": 0, "ffn_only": 0}
{"phase": "fairbench", "prompt": 7, "seed": 4000, "method": "OURS_Ow17_L4_GI", "latent_mse_to_full": 0.00667748786509037, "seconds": 79.76580733805895, "kinds": {"F": 27, "C": 0, "G": 7, "O": 16}, "full": 1440, "reuse": 390, "attn_only": 0, "ffn_only": 0}
{"phase": "fairbench", "prompt": 7, "seed": 4000, "method": "OURS_O3w17_B2", "latent_mse_to_full": 0.005668354220688343, "seconds": 76.05107114836574, "kinds": {"F": 28, "C": 0, "G": 0, "O": 22}, "full": 1380, "reuse": 300, "attn_only": 0, "ffn_only": 0}
{"phase": "fairbench", "prompt": 7, "seed": 4000, "method": "OURS_O3w17_B2_GI", "latent_mse_to_full": 0.008620315231382847, "seconds": 72.92443448631093, "kinds": {"F": 24, "C": 0, "G": 4, "O": 22}, "full": 1320, "reuse": 240, "attn_only": 0, "ffn_only": 0}
{"phase": "fairbench", "prompt": 7, "seed": 4000, "method": "OURS_O3w13_B2", "latent_mse_to_full": 0.007639422547072172, "seconds": 66.15301914513111, "kinds": {"F": 26, "C": 0, "G": 0, "O": 24}, "full": 1200, "reuse": 360, "attn_only": 0, "ffn_only": 0}
{"phase": "fairbench", "prompt": 7, "seed": 4000, "method": "OURS_O4w13_B2_GI", "latent_mse_to_full": 0.015726406127214432, "seconds": 56.41212454903871, "kinds": {"F": 19, "C": 0, "G": 4, "O": 27}, "full": 1020, "reuse": 240, "attn_only": 0, "ffn_only": 0}
{"phase": "fairbench", "prompt": 7, "seed": 4000, "method": "OURS_O3w10_B3", "latent_mse_to_full": 0.045672543346881866, "seconds": 49.68081152299419, "kinds": {"F": 24, "C": 0, "G": 0, "O": 26}, "full": 900, "reuse": 540, "attn_only": 0, "ffn_only": 0}
{"phase": "fairbench", "prompt": 7, "seed": 4000, "method": "TEAw17_0.1", "latent_mse_to_full": 0.0015530759701505303, "seconds": 99.47532314807177, "kinds": {"F": 50, "C": 0, "G": 0, "O": 0}, "full": 1800, "reuse": 1200, "attn_only": 0, "ffn_only": 0}
{"phase": "fairbench", "prompt": 7, "seed": 4000, "method": "TEAw17_0.2", "latent_mse_to_full": 0.0064376420341432095, "seconds": 83.43363025924191, "kinds": {"F": 50, "C": 0, "G": 0, "O": 0}, "full": 1500, "reuse": 1500, "attn_only": 0, "ffn_only": 0}
{"phase": "fairbench", "prompt": 7, "seed": 4000, "method": "TEAw17_0.2_GI", "latent_mse_to_full": 0.011113396845757961, "seconds": 77.1241154060699, "kinds": {"F": 37, "C": 0, "G": 13, "O": 0}, "full": 1380, "reuse": 1230, "attn_only": 0, "ffn_only": 0}
{"phase": "fairbench", "prompt": 7, "seed": 4000, "method": "TEAw17_0.3", "latent_mse_to_full": 0.012516327202320099, "seconds": 76.82347372313961, "kinds": {"F": 50, "C": 0, "G": 0, "O": 0}, "full": 1380, "reuse": 1620, "attn_only": 0, "ffn_only": 0}
{"phase": "fairbench", "prompt": 7, "seed": 4000, "method": "TEAw17_0.3_GI", "latent_mse_to_full": 0.017156729474663734, "seconds": 72.06631850916892, "kinds": {"F": 37, "C": 0, "G": 13, "O": 0}, "full": 1290, "reuse": 1320, "attn_only": 0, "ffn_only": 0}
{"phase": "fairbench", "prompt": 7, "seed": 4000, "method": "TEAw13_0.2", "latent_mse_to_full": 0.007043934427201748, "seconds": 73.52119419910014, "kinds": {"F": 50, "C": 0, "G": 0, "O": 0}, "full": 1320, "reuse": 1680, "attn_only": 0, "ffn_only": 0}
{"phase": "fairbench", "prompt": 7, "seed": 4000, "method": "TEAw13_0.2_GI", "latent_mse_to_full": 0.011693045496940613, "seconds": 67.20555905578658, "kinds": {"F": 37, "C": 0, "G": 13, "O": 0}, "full": 1200, "reuse": 1410, "attn_only": 0, "ffn_only": 0}
{"phase": "fairbench", "prompt": 7, "seed": 4000, "method": "TEAw13_0.3", "latent_mse_to_full": 0.014547260478138924, "seconds": 66.90350709902123, "kinds": {"F": 50, "C": 0, "G": 0, "O": 0}, "full": 1200, "reuse": 1800, "attn_only": 0, "ffn_only": 0}
{"phase": "fairbench", "prompt": 7, "seed": 4000, "method": "TEAw13_0.3_GI", "latent_mse_to_full": 0.01899944432079792, "seconds": 62.13841206114739, "kinds": {"F": 37, "C": 0, "G": 13, "O": 0}, "full": 1110, "reuse": 1500, "attn_only": 0, "ffn_only": 0}
{"phase": "fairbench", "prompt": 7, "seed": 4000, "method": "TEAw10_0.2", "latent_mse_to_full": 0.011552880518138409, "seconds": 66.8997183018364, "kinds": {"F": 50, "C": 0, "G": 0, "O": 0}, "full": 1200, "reuse": 1800, "attn_only": 0, "ffn_only": 0}
{"phase": "fairbench", "prompt": 7, "seed": 4000, "method": "TEAw10_0.2_GI", "latent_mse_to_full": 0.015101234428584576, "seconds": 60.58659630129114, "kinds": {"F": 37, "C": 0, "G": 13, "O": 0}, "full": 1080, "reuse": 1530, "attn_only": 0, "ffn_only": 0}
{"phase": "fairbench", "prompt": 7, "seed": 4000, "method": "TEAw10_0.3", "latent_mse_to_full": 0.025915374979376793, "seconds": 56.9707692139782, "kinds": {"F": 50, "C": 0, "G": 0, "O": 0}, "full": 1020, "reuse": 1980, "attn_only": 0, "ffn_only": 0}
{"phase": "fairbench", "prompt": 7, "seed": 4000, "method": "TEAw10_0.5", "latent_mse_to_full": 0.056739889085292816, "seconds": 50.35276871873066, "kinds": {"F": 50, "C": 0, "G": 0, "O": 0}, "full": 900, "reuse": 2100, "attn_only": 0, "ffn_only": 0}
{"phase": "fairbench", "prompt": 7, "seed": 4000, "method": "TSw17_n3", "latent_mse_to_full": 0.0014721999177709222, "seconds": 93.89276463678107, "kinds": {"F": 50, "C": 0, "G": 0, "O": 0}, "full": 1680, "reuse": 1320, "attn_only": 0, "ffn_only": 0}
{"phase": "fairbench", "prompt": 7, "seed": 4000, "method": "FORAw17_n3", "latent_mse_to_full": 0.0024884489830583334, "seconds": 93.37610377604142, "kinds": {"F": 50, "C": 0, "G": 0, "O": 0}, "full": 1680, "reuse": 1320, "attn_only": 0, "ffn_only": 0}
{"phase": "fairbench", "prompt": 7, "seed": 4000, "method": "FORAw17_n4", "latent_mse_to_full": 0.004000651650130749, "seconds": 86.75198876718059, "kinds": {"F": 50, "C": 0, "G": 0, "O": 0}, "full": 1560, "reuse": 1440, "attn_only": 0, "ffn_only": 0}
{"phase": "fairbench", "prompt": 7, "seed": 4000, "method": "FORAw13_n3_GI", "latent_mse_to_full": 0.006825530435889959, "seconds": 78.88674598326907, "kinds": {"F": 37, "C": 0, "G": 13, "O": 0}, "full": 1410, "reuse": 1200, "attn_only": 0, "ffn_only": 0}
{"phase": "fairbench", "prompt": 7, "seed": 4000, "method": "Oonly_O2w17", "latent_mse_to_full": 0.00016915082233026624, "seconds": 112.99726422596723, "kinds": {"F": 34, "C": 0, "G": 0, "O": 16}, "full": 2040, "reuse": 0, "attn_only": 0, "ffn_only": 0}
{"phase": "fairbench", "prompt": 7, "seed": 4000, "method": "Oonly_O3w17", "latent_mse_to_full": 0.00164527737069875, "seconds": 93.0639435062185, "kinds": {"F": 28, "C": 0, "G": 0, "O": 22}, "full": 1680, "reuse": 0, "attn_only": 0, "ffn_only": 0}
{"phase": "fairbench", "prompt": 7, "seed": 4000, "method": "Oonly_O3w13", "latent_mse_to_full": 0.002181712072342634, "seconds": 86.41779599292204, "kinds": {"F": 26, "C": 0, "G": 0, "O": 24}, "full": 1560, "reuse": 0, "attn_only": 0, "ffn_only": 0}
{"phase": "fairbench", "prompt": 7, "seed": 4000, "method": "unipc20", "latent_mse_to_full": 0.27588289976119995, "seconds": 66.50318087078631, "kinds": {"F": 20, "C": 0, "G": 0, "O": 0}, "full": 1200, "reuse": 0, "attn_only": 0, "ffn_only": 0}
{"phase": "fairbench", "prompt": 7, "seed": 4000, "method": "unipc25", "latent_mse_to_full": 0.2774295210838318, "seconds": 83.1054513589479, "kinds": {"F": 25, "C": 0, "G": 0, "O": 0}, "full": 1500, "reuse": 0, "attn_only": 0, "ffn_only": 0}
{"phase": "fairbench", "prompt": 7, "seed": 4000, "method": "dpm20", "latent_mse_to_full": 0.28367531299591064, "seconds": 66.46917842095718, "kinds": {"F": 20, "C": 0, "G": 0, "O": 0}, "full": 1200, "reuse": 0, "attn_only": 0, "ffn_only": 0}
{"phase": "fairbench", "prompt": 7, "seed": 4000, "method": "full_retime", "latent_mse_to_full": 0.0, "seconds": 166.1666529350914, "kinds": {"F": 50, "C": 0, "G": 0, "O": 0}, "full": 3000, "reuse": 0, "attn_only": 0, "ffn_only": 0}
{"phase": "fairbench", "prompt": 11, "seed": 4000, "method": "full", "latent_mse_to_full": 0.0, "seconds": 166.17212272901088, "kinds": {"F": 50, "C": 0, "G": 0, "O": 0}, "full": 3000, "reuse": 0, "attn_only": 0, "ffn_only": 0}
{"phase": "fairbench", "prompt": 11, "seed": 4000, "method": "full_perturb1e-2", "latent_mse_to_full": 0.011535396799445152, "seconds": 166.18714128108695, "kinds": {"F": 50, "C": 0, "G": 0, "O": 0}, "full": 3000, "reuse": 0, "attn_only": 0, "ffn_only": 0}
{"phase": "fairbench", "prompt": 11, "seed": 4000, "method": "OURS_Ow20_L4", "latent_mse_to_full": 0.002979533514007926, "seconds": 93.17818529391661, "kinds": {"F": 35, "C": 0, "G": 0, "O": 15}, "full": 1680, "reuse": 420, "attn_only": 0, "ffn_only": 0}
{"phase": "fairbench", "prompt": 11, "seed": 4000, "method": "OURS_Ow17_L4_GI", "latent_mse_to_full": 0.016310133039951324, "seconds": 80.27490667486563, "kinds": {"F": 27, "C": 0, "G": 7, "O": 16}, "full": 1440, "reuse": 390, "attn_only": 0, "ffn_only": 0}
{"phase": "fairbench", "prompt": 11, "seed": 4000, "method": "OURS_O3w17_B2", "latent_mse_to_full": 0.018893195316195488, "seconds": 76.53262772085145, "kinds": {"F": 28, "C": 0, "G": 0, "O": 22}, "full": 1380, "reuse": 300, "attn_only": 0, "ffn_only": 0}
{"phase": "fairbench", "prompt": 11, "seed": 4000, "method": "OURS_O3w17_B2_GI", "latent_mse_to_full": 0.020789554342627525, "seconds": 73.38930012099445, "kinds": {"F": 24, "C": 0, "G": 4, "O": 22}, "full": 1320, "reuse": 240, "attn_only": 0, "ffn_only": 0}
{"phase": "fairbench", "prompt": 11, "seed": 4000, "method": "OURS_O3w13_B2", "latent_mse_to_full": 0.04419365152716637, "seconds": 66.56535830488428, "kinds": {"F": 26, "C": 0, "G": 0, "O": 24}, "full": 1200, "reuse": 360, "attn_only": 0, "ffn_only": 0}
{"phase": "fairbench", "prompt": 11, "seed": 4000, "method": "OURS_O4w13_B2_GI", "latent_mse_to_full": 0.05678574740886688, "seconds": 56.763493401929736, "kinds": {"F": 19, "C": 0, "G": 4, "O": 27}, "full": 1020, "reuse": 240, "attn_only": 0, "ffn_only": 0}
{"phase": "fairbench", "prompt": 11, "seed": 4000, "method": "OURS_O3w10_B3", "latent_mse_to_full": 0.09184013307094574, "seconds": 49.99142414378002, "kinds": {"F": 24, "C": 0, "G": 0, "O": 26}, "full": 900, "reuse": 540, "attn_only": 0, "ffn_only": 0}
{"phase": "fairbench", "prompt": 11, "seed": 4000, "method": "TEAw17_0.1", "latent_mse_to_full": 0.005001548677682877, "seconds": 99.98889755969867, "kinds": {"F": 50, "C": 0, "G": 0, "O": 0}, "full": 1800, "reuse": 1200, "attn_only": 0, "ffn_only": 0}
{"phase": "fairbench", "prompt": 11, "seed": 4000, "method": "TEAw17_0.2", "latent_mse_to_full": 0.012306761927902699, "seconds": 83.46329647721723, "kinds": {"F": 50, "C": 0, "G": 0, "O": 0}, "full": 1500, "reuse": 1500, "attn_only": 0, "ffn_only": 0}
{"phase": "fairbench", "prompt": 11, "seed": 4000, "method": "TEAw17_0.2_GI", "latent_mse_to_full": 0.01790783740580082, "seconds": 77.13523963326588, "kinds": {"F": 37, "C": 0, "G": 13, "O": 0}, "full": 1380, "reuse": 1230, "attn_only": 0, "ffn_only": 0}
{"phase": "fairbench", "prompt": 11, "seed": 4000, "method": "TEAw17_0.3", "latent_mse_to_full": 0.026612451300024986, "seconds": 76.83122429996729, "kinds": {"F": 50, "C": 0, "G": 0, "O": 0}, "full": 1380, "reuse": 1620, "attn_only": 0, "ffn_only": 0}
{"phase": "fairbench", "prompt": 11, "seed": 4000, "method": "TEAw17_0.3_GI", "latent_mse_to_full": 0.032480936497449875, "seconds": 72.068042548839, "kinds": {"F": 37, "C": 0, "G": 13, "O": 0}, "full": 1290, "reuse": 1320, "attn_only": 0, "ffn_only": 0}
{"phase": "fairbench", "prompt": 11, "seed": 4000, "method": "TEAw13_0.2", "latent_mse_to_full": 0.02860122174024582, "seconds": 73.5105281509459, "kinds": {"F": 50, "C": 0, "G": 0, "O": 0}, "full": 1320, "reuse": 1680, "attn_only": 0, "ffn_only": 0}
{"phase": "fairbench", "prompt": 11, "seed": 4000, "method": "TEAw13_0.2_GI", "latent_mse_to_full": 0.03213348984718323, "seconds": 67.20228269975632, "kinds": {"F": 37, "C": 0, "G": 13, "O": 0}, "full": 1200, "reuse": 1410, "attn_only": 0, "ffn_only": 0}
{"phase": "fairbench", "prompt": 11, "seed": 4000, "method": "TEAw13_0.3", "latent_mse_to_full": 0.04092518240213394, "seconds": 66.90261649806052, "kinds": {"F": 50, "C": 0, "G": 0, "O": 0}, "full": 1200, "reuse": 1800, "attn_only": 0, "ffn_only": 0}
{"phase": "fairbench", "prompt": 11, "seed": 4000, "method": "TEAw13_0.3_GI", "latent_mse_to_full": 0.045433007180690765, "seconds": 62.13715764507651, "kinds": {"F": 37, "C": 0, "G": 13, "O": 0}, "full": 1110, "reuse": 1500, "attn_only": 0, "ffn_only": 0}
{"phase": "fairbench", "prompt": 11, "seed": 4000, "method": "TEAw10_0.2", "latent_mse_to_full": 0.04525366425514221, "seconds": 66.90001184819266, "kinds": {"F": 50, "C": 0, "G": 0, "O": 0}, "full": 1200, "reuse": 1800, "attn_only": 0, "ffn_only": 0}
{"phase": "fairbench", "prompt": 11, "seed": 4000, "method": "TEAw10_0.2_GI", "latent_mse_to_full": 0.04777572304010391, "seconds": 60.58370183594525, "kinds": {"F": 37, "C": 0, "G": 13, "O": 0}, "full": 1080, "reuse": 1530, "attn_only": 0, "ffn_only": 0}
{"phase": "fairbench", "prompt": 11, "seed": 4000, "method": "TEAw10_0.3", "latent_mse_to_full": 0.06801284104585648, "seconds": 56.97358935698867, "kinds": {"F": 50, "C": 0, "G": 0, "O": 0}, "full": 1020, "reuse": 1980, "attn_only": 0, "ffn_only": 0}
{"phase": "fairbench", "prompt": 11, "seed": 4000, "method": "TEAw10_0.5", "latent_mse_to_full": 0.11399220675230026, "seconds": 50.35411619907245, "kinds": {"F": 50, "C": 0, "G": 0, "O": 0}, "full": 900, "reuse": 2100, "attn_only": 0, "ffn_only": 0}
{"phase": "fairbench", "prompt": 11, "seed": 4000, "method": "TSw17_n3", "latent_mse_to_full": 0.011620886623859406, "seconds": 93.90280804410577, "kinds": {"F": 50, "C": 0, "G": 0, "O": 0}, "full": 1680, "reuse": 1320, "attn_only": 0, "ffn_only": 0}
{"phase": "fairbench", "prompt": 11, "seed": 4000, "method": "FORAw17_n3", "latent_mse_to_full": 0.011327529326081276, "seconds": 93.36861608037725, "kinds": {"F": 50, "C": 0, "G": 0, "O": 0}, "full": 1680, "reuse": 1320, "attn_only": 0, "ffn_only": 0}
{"phase": "fairbench", "prompt": 11, "seed": 4000, "method": "FORAw17_n4", "latent_mse_to_full": 0.014490463770925999, "seconds": 86.75549930892885, "kinds": {"F": 50, "C": 0, "G": 0, "O": 0}, "full": 1560, "reuse": 1440, "attn_only": 0, "ffn_only": 0}
{"phase": "fairbench", "prompt": 11, "seed": 4000, "method": "FORAw13_n3_GI", "latent_mse_to_full": 0.024627167731523514, "seconds": 78.88755436986685, "kinds": {"F": 37, "C": 0, "G": 13, "O": 0}, "full": 1410, "reuse": 1200, "attn_only": 0, "ffn_only": 0}
{"phase": "fairbench", "prompt": 11, "seed": 4000, "method": "Oonly_O2w17", "latent_mse_to_full": 0.006645315792411566, "seconds": 113.00149226933718, "kinds": {"F": 34, "C": 0, "G": 0, "O": 16}, "full": 2040, "reuse": 0, "attn_only": 0, "ffn_only": 0}
{"phase": "fairbench", "prompt": 11, "seed": 4000, "method": "Oonly_O3w17", "latent_mse_to_full": 0.015524824149906635, "seconds": 93.05772046372294, "kinds": {"F": 28, "C": 0, "G": 0, "O": 22}, "full": 1680, "reuse": 0, "attn_only": 0, "ffn_only": 0}
{"phase": "fairbench", "prompt": 11, "seed": 4000, "method": "Oonly_O3w13", "latent_mse_to_full": 0.025083299726247787, "seconds": 86.41944356868044, "kinds": {"F": 26, "C": 0, "G": 0, "O": 24}, "full": 1560, "reuse": 0, "attn_only": 0, "ffn_only": 0}
{"phase": "fairbench", "prompt": 11, "seed": 4000, "method": "unipc20", "latent_mse_to_full": 0.34623149037361145, "seconds": 66.48337536631152, "kinds": {"F": 20, "C": 0, "G": 0, "O": 0}, "full": 1200, "reuse": 0, "attn_only": 0, "ffn_only": 0}
{"phase": "fairbench", "prompt": 11, "seed": 4000, "method": "unipc25", "latent_mse_to_full": 0.31808212399482727, "seconds": 83.10450549423695, "kinds": {"F": 25, "C": 0, "G": 0, "O": 0}, "full": 1500, "reuse": 0, "attn_only": 0, "ffn_only": 0}
{"phase": "fairbench", "prompt": 11, "seed": 4000, "method": "dpm20", "latent_mse_to_full": 0.3953455090522766, "seconds": 66.46571045508608, "kinds": {"F": 20, "C": 0, "G": 0, "O": 0}, "full": 1200, "reuse": 0, "attn_only": 0, "ffn_only": 0}
{"phase": "fairbench", "prompt": 11, "seed": 4000, "method": "full_retime", "latent_mse_to_full": 0.0, "seconds": 166.16665906691924, "kinds": {"F": 50, "C": 0, "G": 0, "O": 0}, "full": 3000, "reuse": 0, "attn_only": 0, "ffn_only": 0}
sh: line 1: 34663 Terminated              python3 h20_cog_bench.py gen --phase fairbench --plist 7 11 15 --seeds 4000
The config attributes {'invert_scale_latents': False} were passed to AutoencoderKLCogVideoX, but are not expected and will be ignored. Please verify your config.json configuration file.
/usr/local/lib64/python3.9/site-packages/torchvision/models/_utils.py:208: UserWarning: The parameter 'pretrained' is deprecated since 0.13 and may be removed in the future, please use 'weights' instead.
  warnings.warn(
/usr/local/lib64/python3.9/site-packages/torchvision/models/_utils.py:223: UserWarning: Arguments other than a weight enum or `None` for 'weights' are deprecated since 0.13 and may be removed in the future. The current behavior is equivalent to passing `weights=AlexNet_Weights.IMAGENET1K_V1`. You can also use `weights=AlexNet_Weights.DEFAULT` to get the most up-to-date weights.
  warnings.warn(msg)
/usr/local/lib64/python3.9/site-packages/torch/_utils.py:831: UserWarning: TypedStorage is deprecated. It will be removed in the future and UntypedStorage will be the only storage class. This should only matter to you if you are using storages directly.  To access UntypedStorage directly, use tensor.untyped_storage() instead of tensor.storage()
  return self.fget.__get__(instance, owner)()
{"phase": "fairbench", "prompt": 7, "seed": 4000, "method": "full", "clip_score": 29.09375, "frame_consistency": 0.99853515625, "motion": 0.008068842813372612, "sharpness": 0.00334878358989954, "psnr_to_full": null, "ssim_to_full": 1.0, "lpips_to_full": 0.0, "temporal_delta_error": 0.0}
{"phase": "fairbench", "prompt": 7, "seed": 4000, "method": "FORAw13_n3_GI", "clip_score": 29.203125, "frame_consistency": 0.99853515625, "motion": 0.007653024047613144, "sharpness": 0.0034359528217464685, "psnr_to_full": 38.45545882815533, "ssim_to_full": 0.9877282381057739, "lpips_to_full": 0.015840232372283936, "temporal_delta_error": 9.226951806340367e-05}
{"phase": "fairbench", "prompt": 7, "seed": 4000, "method": "FORAw17_n3", "clip_score": 28.984375, "frame_consistency": 0.99853515625, "motion": 0.008100347593426704, "sharpness": 0.0036526613403111696, "psnr_to_full": 41.56559364060426, "ssim_to_full": 0.9949044585227966, "lpips_to_full": 0.006172087509185076, "temporal_delta_error": 2.6751329642138444e-05}
{"phase": "fairbench", "prompt": 7, "seed": 4000, "method": "FORAw17_n4", "clip_score": 29.078125, "frame_consistency": 0.99853515625, "motion": 0.008128649555146694, "sharpness": 0.0034425242338329554, "psnr_to_full": 41.23845038616513, "ssim_to_full": 0.9934911727905273, "lpips_to_full": 0.0083737438544631, "temporal_delta_error": 3.659414142020978e-05}
{"phase": "fairbench", "prompt": 7, "seed": 4000, "method": "OURS_O3w10_B3", "clip_score": 29.09375, "frame_consistency": 0.99853515625, "motion": 0.008158663287758827, "sharpness": 0.0037228066939860582, "psnr_to_full": 25.87611764533299, "ssim_to_full": 0.9112607836723328, "lpips_to_full": 0.08730894327163696, "temporal_delta_error": 0.00023087186855264008}
{"phase": "fairbench", "prompt": 7, "seed": 4000, "method": "OURS_O3w13_B2", "clip_score": 28.984375, "frame_consistency": 0.998046875, "motion": 0.008036408573389053, "sharpness": 0.003456585109233856, "psnr_to_full": 37.799900377452985, "ssim_to_full": 0.9872269034385681, "lpips_to_full": 0.01691826432943344, "temporal_delta_error": 6.708096043439582e-05}
{"phase": "fairbench", "prompt": 7, "seed": 4000, "method": "OURS_O3w17_B2", "clip_score": 28.9375, "frame_consistency": 0.998046875, "motion": 0.008131135255098343, "sharpness": 0.0032356861047446728, "psnr_to_full": 39.705333054232526, "ssim_to_full": 0.9896573424339294, "lpips_to_full": 0.013036279939115047, "temporal_delta_error": 6.168987601995468e-05}
{"phase": "fairbench", "prompt": 7, "seed": 4000, "method": "OURS_O3w17_B2_GI", "clip_score": 29.296875, "frame_consistency": 0.99853515625, "motion": 0.007615107111632824, "sharpness": 0.003249536966904998, "psnr_to_full": 37.820602594468916, "ssim_to_full": 0.9848552346229553, "lpips_to_full": 0.01832822524011135, "temporal_delta_error": 0.00010653227946022525}
{"phase": "fairbench", "prompt": 7, "seed": 4000, "method": "OURS_O4w13_B2_GI", "clip_score": 29.21875, "frame_consistency": 0.99853515625, "motion": 0.007598567754030228, "sharpness": 0.003529238747432828, "psnr_to_full": 34.131296732171286, "ssim_to_full": 0.9721547961235046, "lpips_to_full": 0.033945657312870026, "temporal_delta_error": 0.0001550762972328812}
{"phase": "fairbench", "prompt": 7, "seed": 4000, "method": "OURS_Ow17_L4_GI", "clip_score": 29.296875, "frame_consistency": 0.99853515625, "motion": 0.0076962802559137344, "sharpness": 0.0034284486901015043, "psnr_to_full": 38.57049005767508, "ssim_to_full": 0.9880122542381287, "lpips_to_full": 0.01463551726192236, "temporal_delta_error": 9.495772246737033e-05}
{"phase": "fairbench", "prompt": 7, "seed": 4000, "method": "OURS_Ow20_L4", "clip_score": 29.03125, "frame_consistency": 0.99853515625, "motion": 0.008105841465294361, "sharpness": 0.003362848423421383, "psnr_to_full": 43.676844556986055, "ssim_to_full": 0.9959465265274048, "lpips_to_full": 0.005412963684648275, "temporal_delta_error": 2.8832597308792174e-05}
{"phase": "fairbench", "prompt": 7, "seed": 4000, "method": "Oonly_O2w17", "clip_score": 29.09375, "frame_consistency": 0.998046875, "motion": 0.00800472591072321, "sharpness": 0.003369904588907957, "psnr_to_full": 53.63993686273439, "ssim_to_full": 0.999615490436554, "lpips_to_full": 0.0005545555031858385, "temporal_delta_error": 2.2614563022216316e-06}
{"phase": "fairbench", "prompt": 7, "seed": 4000, "method": "Oonly_O3w13", "clip_score": 29.078125, "frame_consistency": 0.99853515625, "motion": 0.008106032386422157, "sharpness": 0.003340883180499077, "psnr_to_full": 43.26168083481364, "ssim_to_full": 0.9961036443710327, "lpips_to_full": 0.005987124517560005, "temporal_delta_error": 1.9779297872446477e-05}
{"phase": "fairbench", "prompt": 7, "seed": 4000, "method": "Oonly_O3w17", "clip_score": 29.078125, "frame_consistency": 0.99853515625, "motion": 0.0080636041238904, "sharpness": 0.003418935928493738, "psnr_to_full": 44.56230387041906, "ssim_to_full": 0.9970009326934814, "lpips_to_full": 0.003547204891219735, "temporal_delta_error": 1.8269540305482224e-05}
{"phase": "fairbench", "prompt": 7, "seed": 4000, "method": "TEAw10_0.2", "clip_score": 29.078125, "frame_consistency": 0.998046875, "motion": 0.008217131718993187, "sharpness": 0.0033561070449650288, "psnr_to_full": 35.95284213504683, "ssim_to_full": 0.983518660068512, "lpips_to_full": 0.020424338057637215, "temporal_delta_error": 7.71248378441669e-05}
{"phase": "fairbench", "prompt": 7, "seed": 4000, "method": "TEAw10_0.2_GI", "clip_score": 29.421875, "frame_consistency": 0.998046875, "motion": 0.007937042973935604, "sharpness": 0.003353745210915804, "psnr_to_full": 34.907444372154195, "ssim_to_full": 0.9777235388755798, "lpips_to_full": 0.02563682571053505, "temporal_delta_error": 0.00012402694846969098}
{"phase": "fairbench", "prompt": 7, "seed": 4000, "method": "TEAw10_0.3", "clip_score": 29.734375, "frame_consistency": 0.99755859375, "motion": 0.008437887765467167, "sharpness": 0.003346117679029703, "psnr_to_full": 32.02486790751257, "ssim_to_full": 0.9626724123954773, "lpips_to_full": 0.04563448950648308, "temporal_delta_error": 0.00013659030082635581}
{"phase": "fairbench", "prompt": 7, "seed": 4000, "method": "TEAw10_0.5", "clip_score": 30.46875, "frame_consistency": 0.9970703125, "motion": 0.009460709057748318, "sharpness": 0.002844023983925581, "psnr_to_full": 27.480526539763183, "ssim_to_full": 0.9211638569831848, "lpips_to_full": 0.10571697354316711, "temporal_delta_error": 0.0002503390423953533}
{"phase": "fairbench", "prompt": 7, "seed": 4000, "method": "TEAw13_0.2", "clip_score": 29.0, "frame_consistency": 0.99853515625, "motion": 0.008130651898682117, "sharpness": 0.003341576550155878, "psnr_to_full": 39.04072924554435, "ssim_to_full": 0.9890660643577576, "lpips_to_full": 0.014738318510353565, "temporal_delta_error": 5.650549792335369e-05}
{"phase": "fairbench", "prompt": 7, "seed": 4000, "method": "TEAw13_0.2_GI", "clip_score": 29.375, "frame_consistency": 0.99853515625, "motion": 0.007807695306837559, "sharpness": 0.0033456766977906227, "psnr_to_full": 36.700298745789134, "ssim_to_full": 0.9814231991767883, "lpips_to_full": 0.022656479850411415, "temporal_delta_error": 0.00011614520917646587}
{"phase": "fairbench", "prompt": 7, "seed": 4000, "method": "TEAw13_0.3", "clip_score": 29.265625, "frame_consistency": 0.99755859375, "motion": 0.008231895044445992, "sharpness": 0.0033045178279280663, "psnr_to_full": 36.03828819063627, "ssim_to_full": 0.9784246683120728, "lpips_to_full": 0.025050317868590355, "temporal_delta_error": 9.781099652172998e-05}
{"phase": "fairbench", "prompt": 7, "seed": 4000, "method": "TEAw13_0.3_GI", "clip_score": 29.65625, "frame_consistency": 0.998046875, "motion": 0.007851528003811836, "sharpness": 0.003333688247948885, "psnr_to_full": 34.64209395333886, "ssim_to_full": 0.9711243510246277, "lpips_to_full": 0.032747115939855576, "temporal_delta_error": 0.00014903776173014194}
{"phase": "fairbench", "prompt": 7, "seed": 4000, "method": "TEAw17_0.1", "clip_score": 29.03125, "frame_consistency": 0.99853515625, "motion": 0.008125373162329197, "sharpness": 0.003375333035364747, "psnr_to_full": 45.415640651881255, "ssim_to_full": 0.9972327947616577, "lpips_to_full": 0.0036518408451229334, "temporal_delta_error": 1.7716200090944767e-05}
{"phase": "fairbench", "prompt": 7, "seed": 4000, "method": "TEAw17_0.2", "clip_score": 29.0, "frame_consistency": 0.99853515625, "motion": 0.008247064426541328, "sharpness": 0.003399364650249481, "psnr_to_full": 39.97514066592323, "ssim_to_full": 0.9902738332748413, "lpips_to_full": 0.01143431756645441, "temporal_delta_error": 5.5696629715384915e-05}
{"phase": "fairbench", "prompt": 7, "seed": 4000, "method": "TEAw17_0.2_GI", "clip_score": 29.46875, "frame_consistency": 0.998046875, "motion": 0.007914900779724121, "sharpness": 0.003404951188713312, "psnr_to_full": 37.236814386300395, "ssim_to_full": 0.9825490713119507, "lpips_to_full": 0.019640015438199043, "temporal_delta_error": 0.00011499545507831499}
{"phase": "fairbench", "prompt": 7, "seed": 4000, "method": "TEAw17_0.3", "clip_score": 29.21875, "frame_consistency": 0.99755859375, "motion": 0.008529497310519218, "sharpness": 0.0032949934247881174, "psnr_to_full": 37.34082778555545, "ssim_to_full": 0.982305109500885, "lpips_to_full": 0.01935054361820221, "temporal_delta_error": 9.256635530618951e-05}
{"phase": "fairbench", "prompt": 7, "seed": 4000, "method": "TEAw17_0.3_GI", "clip_score": 29.765625, "frame_consistency": 0.998046875, "motion": 0.00810437835752964, "sharpness": 0.003287440864369273, "psnr_to_full": 35.601610990865055, "ssim_to_full": 0.9747990965843201, "lpips_to_full": 0.027297861874103546, "temporal_delta_error": 0.0001423186477040872}
{"phase": "fairbench", "prompt": 7, "seed": 4000, "method": "TSw17_n3", "clip_score": 29.0, "frame_consistency": 0.99853515625, "motion": 0.008034476079046726, "sharpness": 0.0036028805188834667, "psnr_to_full": 44.05740690462287, "ssim_to_full": 0.9970589876174927, "lpips_to_full": 0.0036075026728212833, "temporal_delta_error": 1.7321541236015037e-05}
{"phase": "fairbench", "prompt": 7, "seed": 4000, "method": "dpm20", "clip_score": 30.296875, "frame_consistency": 0.99560546875, "motion": 0.007002588827162981, "sharpness": 0.0013344786129891872, "psnr_to_full": 16.76661507761467, "ssim_to_full": 0.6389056444168091, "lpips_to_full": 0.3758675158023834, "temporal_delta_error": 0.000665875559207052}
{"phase": "fairbench", "prompt": 7, "seed": 4000, "method": "full_perturb1e-2", "clip_score": 29.125, "frame_consistency": 0.99853515625, "motion": 0.00803837738931179, "sharpness": 0.003421838628128171, "psnr_to_full": 44.9755471791942, "ssim_to_full": 0.997788667678833, "lpips_to_full": 0.002915547229349613, "temporal_delta_error": 9.186879651679192e-06}
{"phase": "fairbench", "prompt": 7, "seed": 4000, "method": "full_retime", "clip_score": 29.09375, "frame_consistency": 0.99853515625, "motion": 0.008068842813372612, "sharpness": 0.00334878358989954, "psnr_to_full": null, "ssim_to_full": 1.0, "lpips_to_full": 0.0, "temporal_delta_error": 0.0}
{"phase": "fairbench", "prompt": 7, "seed": 4000, "method": "unipc20", "clip_score": 29.4375, "frame_consistency": 0.9970703125, "motion": 0.008118118159472942, "sharpness": 0.00202575814910233, "psnr_to_full": 16.950968773634784, "ssim_to_full": 0.6633813977241516, "lpips_to_full": 0.3214358687400818, "temporal_delta_error": 0.0007279826677404344}
{"phase": "fairbench", "prompt": 7, "seed": 4000, "method": "unipc25", "clip_score": 29.328125, "frame_consistency": 0.99755859375, "motion": 0.008929908275604248, "sharpness": 0.003694770624861121, "psnr_to_full": 17.180092227136353, "ssim_to_full": 0.7017059922218323, "lpips_to_full": 0.30796894431114197, "temporal_delta_error": 0.0008507284801453352}
{"phase": "fairbench", "prompt": 11, "seed": 4000, "method": "full", "clip_score": 27.703125, "frame_consistency": 0.9921875, "motion": 0.02196008339524269, "sharpness": 0.0023237878922373056, "psnr_to_full": null, "ssim_to_full": 1.0, "lpips_to_full": 0.0, "temporal_delta_error": 0.0}
{"phase": "fairbench", "prompt": 11, "seed": 4000, "method": "FORAw13_n3_GI", "clip_score": 27.09375, "frame_consistency": 0.9921875, "motion": 0.022005626931786537, "sharpness": 0.002209673635661602, "psnr_to_full": 33.05338692180902, "ssim_to_full": 0.9363982081413269, "lpips_to_full": 0.061126284301280975, "temporal_delta_error": 0.0006831621285527945}
{"phase": "fairbench", "prompt": 11, "seed": 4000, "method": "FORAw17_n3", "clip_score": 27.484375, "frame_consistency": 0.99267578125, "motion": 0.022498900070786476, "sharpness": 0.0023974801879376173, "psnr_to_full": 36.703740243141695, "ssim_to_full": 0.9700987935066223, "lpips_to_full": 0.023685507476329803, "temporal_delta_error": 0.0003111694531980902}
{"phase": "fairbench", "prompt": 11, "seed": 4000, "method": "FORAw17_n4", "clip_score": 27.421875, "frame_consistency": 0.9921875, "motion": 0.022434381768107414, "sharpness": 0.0022946656681597233, "psnr_to_full": 35.55519231355386, "ssim_to_full": 0.9630800485610962, "lpips_to_full": 0.03262078016996384, "temporal_delta_error": 0.00039561017183586955}
{"phase": "fairbench", "prompt": 11, "seed": 4000, "method": "OURS_O3w10_B3", "clip_score": 27.953125, "frame_consistency": 0.990234375, "motion": 0.0205600094050169, "sharpness": 0.001998006831854582, "psnr_to_full": 25.995055855817917, "ssim_to_full": 0.8156952261924744, "lpips_to_full": 0.17379702627658844, "temporal_delta_error": 0.0022895573638379574}
{"phase": "fairbench", "prompt": 11, "seed": 4000, "method": "OURS_O3w13_B2", "clip_score": 27.734375, "frame_consistency": 0.9892578125, "motion": 0.021838543936610222, "sharpness": 0.002284515183418989, "psnr_to_full": 29.524498490992485, "ssim_to_full": 0.900651752948761, "lpips_to_full": 0.08855409920215607, "temporal_delta_error": 0.0014912408078089356}
{"phase": "fairbench", "prompt": 11, "seed": 4000, "method": "OURS_O3w17_B2", "clip_score": 27.15625, "frame_consistency": 0.99169921875, "motion": 0.022126873955130577, "sharpness": 0.0022201924584805965, "psnr_to_full": 33.664425028737625, "ssim_to_full": 0.9512791037559509, "lpips_to_full": 0.043662913143634796, "temporal_delta_error": 0.0005854934570379555}
{"phase": "fairbench", "prompt": 11, "seed": 4000, "method": "OURS_O3w17_B2_GI", "clip_score": 27.03125, "frame_consistency": 0.9921875, "motion": 0.022029072046279907, "sharpness": 0.0021809230092912912, "psnr_to_full": 33.35328782625646, "ssim_to_full": 0.9476999044418335, "lpips_to_full": 0.05341215804219246, "temporal_delta_error": 0.0005867174477316439}
{"phase": "fairbench", "prompt": 11, "seed": 4000, "method": "OURS_O4w13_B2_GI", "clip_score": 27.78125, "frame_consistency": 0.9892578125, "motion": 0.021710675209760666, "sharpness": 0.002318848157301545, "psnr_to_full": 28.004247319964666, "ssim_to_full": 0.8764798045158386, "lpips_to_full": 0.12111155688762665, "temporal_delta_error": 0.002003245986998081}
{"phase": "fairbench", "prompt": 11, "seed": 4000, "method": "OURS_Ow17_L4_GI", "clip_score": 27.296875, "frame_consistency": 0.99267578125, "motion": 0.022375736385583878, "sharpness": 0.00227542407810688, "psnr_to_full": 34.863042069678436, "ssim_to_full": 0.9583776593208313, "lpips_to_full": 0.04081934317946434, "temporal_delta_error": 0.00043023552279919386}
{"phase": "fairbench", "prompt": 11, "seed": 4000, "method": "OURS_Ow20_L4", "clip_score": 27.8125, "frame_consistency": 0.9921875, "motion": 0.022043365985155106, "sharpness": 0.0022997353225946426, "psnr_to_full": 42.622471452351114, "ssim_to_full": 0.9908939599990845, "lpips_to_full": 0.010865124873816967, "temporal_delta_error": 6.553851562784985e-05}
{"phase": "fairbench", "prompt": 11, "seed": 4000, "method": "Oonly_O2w17", "clip_score": 27.390625, "frame_consistency": 0.9921875, "motion": 0.022003045305609703, "sharpness": 0.002314423443749547, "psnr_to_full": 39.66507257930391, "ssim_to_full": 0.982317328453064, "lpips_to_full": 0.011069122701883316, "temporal_delta_error": 0.00018875602108892053}
{"phase": "fairbench", "prompt": 11, "seed": 4000, "method": "Oonly_O3w13", "clip_score": 27.296875, "frame_consistency": 0.99169921875, "motion": 0.022095803171396255, "sharpness": 0.0023294026032090187, "psnr_to_full": 33.05847369475312, "ssim_to_full": 0.9366790056228638, "lpips_to_full": 0.05000144615769386, "temporal_delta_error": 0.0007234449149109423}
{"phase": "fairbench", "prompt": 11, "seed": 4000, "method": "Oonly_O3w17", "clip_score": 27.734375, "frame_consistency": 0.99169921875, "motion": 0.02202291041612625, "sharpness": 0.002323480322957039, "psnr_to_full": 35.559887716205694, "ssim_to_full": 0.9613326191902161, "lpips_to_full": 0.028983870521187782, "temporal_delta_error": 0.0004323871689848602}
{"phase": "fairbench", "prompt": 11, "seed": 4000, "method": "TEAw10_0.2", "clip_score": 28.0, "frame_consistency": 0.99267578125, "motion": 0.021275043487548828, "sharpness": 0.0021026195026934147, "psnr_to_full": 29.967327703262487, "ssim_to_full": 0.8964753746986389, "lpips_to_full": 0.09549710899591446, "temporal_delta_error": 0.0010026346426457167}
{"phase": "fairbench", "prompt": 11, "seed": 4000, "method": "TEAw10_0.2_GI", "clip_score": 27.859375, "frame_consistency": 0.99169921875, "motion": 0.02124105952680111, "sharpness": 0.0020543334539979696, "psnr_to_full": 29.83899688137609, "ssim_to_full": 0.891409158706665, "lpips_to_full": 0.1057976558804512, "temporal_delta_error": 0.001029336592182517}
{"phase": "fairbench", "prompt": 11, "seed": 4000, "method": "TEAw10_0.3", "clip_score": 28.296875, "frame_consistency": 0.98876953125, "motion": 0.021116159856319427, "sharpness": 0.002036670921370387, "psnr_to_full": 27.843181127081557, "ssim_to_full": 0.8623283505439758, "lpips_to_full": 0.13288123905658722, "temporal_delta_error": 0.0018349278252571821}
{"phase": "fairbench", "prompt": 11, "seed": 4000, "method": "TEAw10_0.5", "clip_score": 28.296875, "frame_consistency": 0.9892578125, "motion": 0.021125219762325287, "sharpness": 0.001889933249913156, "psnr_to_full": 26.02636386603691, "ssim_to_full": 0.7923564910888672, "lpips_to_full": 0.2120804786682129, "temporal_delta_error": 0.002171118510887027}
{"phase": "fairbench", "prompt": 11, "seed": 4000, "method": "TEAw13_0.2", "clip_score": 27.5625, "frame_consistency": 0.99169921875, "motion": 0.021729053929448128, "sharpness": 0.002121299970895052, "psnr_to_full": 32.172094042417896, "ssim_to_full": 0.9298233985900879, "lpips_to_full": 0.06503721326589584, "temporal_delta_error": 0.0007295784307643771}
{"phase": "fairbench", "prompt": 11, "seed": 4000, "method": "TEAw13_0.2_GI", "clip_score": 27.4375, "frame_consistency": 0.99169921875, "motion": 0.021736392751336098, "sharpness": 0.002069412497803569, "psnr_to_full": 31.905718211012047, "ssim_to_full": 0.9232240915298462, "lpips_to_full": 0.07673129439353943, "temporal_delta_error": 0.0007549463189207017}
{"phase": "fairbench", "prompt": 11, "seed": 4000, "method": "TEAw13_0.3", "clip_score": 27.984375, "frame_consistency": 0.99169921875, "motion": 0.02164696529507637, "sharpness": 0.0020509909372776747, "psnr_to_full": 30.475377405423938, "ssim_to_full": 0.9073821306228638, "lpips_to_full": 0.09216228872537613, "temporal_delta_error": 0.0010666539892554283}
{"phase": "fairbench", "prompt": 11, "seed": 4000, "method": "TEAw13_0.3_GI", "clip_score": 27.8125, "frame_consistency": 0.990234375, "motion": 0.021608222275972366, "sharpness": 0.001986247720196843, "psnr_to_full": 30.28094990263035, "ssim_to_full": 0.8990818858146667, "lpips_to_full": 0.10651591420173645, "temporal_delta_error": 0.0011031341273337603}
{"phase": "fairbench", "prompt": 11, "seed": 4000, "method": "TEAw17_0.1", "clip_score": 27.65625, "frame_consistency": 0.99169921875, "motion": 0.022161714732646942, "sharpness": 0.0023263872135430574, "psnr_to_full": 39.14679553940714, "ssim_to_full": 0.9854891896247864, "lpips_to_full": 0.013917037285864353, "temporal_delta_error": 0.00018699174688663334}
{"phase": "fairbench", "prompt": 11, "seed": 4000, "method": "TEAw17_0.2", "clip_score": 27.5625, "frame_consistency": 0.99169921875, "motion": 0.02225354313850403, "sharpness": 0.002271666657179594, "psnr_to_full": 35.64676247845696, "ssim_to_full": 0.9680346250534058, "lpips_to_full": 0.03437236696481705, "temporal_delta_error": 0.0003694305778481066}
{"phase": "fairbench", "prompt": 11, "seed": 4000, "method": "TEAw17_0.2_GI", "clip_score": 27.34375, "frame_consistency": 0.9921875, "motion": 0.022288436070084572, "sharpness": 0.0022307573817670345, "psnr_to_full": 34.56644889588928, "ssim_to_full": 0.9556103944778442, "lpips_to_full": 0.05083373188972473, "temporal_delta_error": 0.0004361970641184598}
{"phase": "fairbench", "prompt": 11, "seed": 4000, "method": "TEAw17_0.3", "clip_score": 27.59375, "frame_consistency": 0.9921875, "motion": 0.022519655525684357, "sharpness": 0.0022049122489988804, "psnr_to_full": 32.904397218609844, "ssim_to_full": 0.9365079998970032, "lpips_to_full": 0.06454343348741531, "temporal_delta_error": 0.0006470164516940713}
{"phase": "fairbench", "prompt": 11, "seed": 4000, "method": "TEAw17_0.3_GI", "clip_score": 27.4375, "frame_consistency": 0.9921875, "motion": 0.022525019943714142, "sharpness": 0.0021478570997714996, "psnr_to_full": 32.31323452327521, "ssim_to_full": 0.9249383211135864, "lpips_to_full": 0.08040452003479004, "temporal_delta_error": 0.0007036772440187633}
{"phase": "fairbench", "prompt": 11, "seed": 4000, "method": "TSw17_n3", "clip_score": 27.375, "frame_consistency": 0.99169921875, "motion": 0.02236419916152954, "sharpness": 0.0024006380699574947, "psnr_to_full": 36.67545564418315, "ssim_to_full": 0.9699782729148865, "lpips_to_full": 0.021775323897600174, "temporal_delta_error": 0.00033520793658681214}
{"phase": "fairbench", "prompt": 11, "seed": 4000, "method": "dpm20", "clip_score": 27.515625, "frame_consistency": 0.99609375, "motion": 0.018036728724837303, "sharpness": 0.003375706961378455, "psnr_to_full": 14.351223957232841, "ssim_to_full": 0.4628593921661377, "lpips_to_full": 0.5113590359687805, "temporal_delta_error": 0.002776212291792035}
{"phase": "fairbench", "prompt": 11, "seed": 4000, "method": "full_perturb1e-2", "clip_score": 27.46875, "frame_consistency": 0.99169921875, "motion": 0.02198791690170765, "sharpness": 0.0023177186958491802, "psnr_to_full": 36.74856943805882, "ssim_to_full": 0.9709356427192688, "lpips_to_full": 0.023981764912605286, "temporal_delta_error": 0.00024840145488269627}
{"phase": "fairbench", "prompt": 11, "seed": 4000, "method": "full_retime", "clip_score": 27.703125, "frame_consistency": 0.9921875, "motion": 0.02196008339524269, "sharpness": 0.0023237878922373056, "psnr_to_full": null, "ssim_to_full": 1.0, "lpips_to_full": 0.0, "temporal_delta_error": 0.0}
{"phase": "fairbench", "prompt": 11, "seed": 4000, "method": "unipc20", "clip_score": 28.421875, "frame_consistency": 0.99072265625, "motion": 0.02052168734371662, "sharpness": 0.002960264915600419, "psnr_to_full": 15.020815009318769, "ssim_to_full": 0.5116341710090637, "lpips_to_full": 0.46019992232322693, "temporal_delta_error": 0.0035851667635142803}
{"phase": "fairbench", "prompt": 11, "seed": 4000, "method": "unipc25", "clip_score": 27.90625, "frame_consistency": 0.98583984375, "motion": 0.02126203663647175, "sharpness": 0.0028334695380181074, "psnr_to_full": 15.129446076873446, "ssim_to_full": 0.5475152134895325, "lpips_to_full": 0.43184563517570496, "temporal_delta_error": 0.0039030243642628193}
The config attributes {'invert_scale_latents': False} were passed to AutoencoderKLCogVideoX, but are not expected and will be ignored. Please verify your config.json configuration file.
/usr/local/lib64/python3.9/site-packages/torch/_utils.py:831: UserWarning: TypedStorage is deprecated. It will be removed in the future and UntypedStorage will be the only storage class. This should only matter to you if you are using storages directly.  To access UntypedStorage directly, use tensor.untyped_storage() instead of tensor.storage()
  return self.fget.__get__(instance, owner)()
{"phase": "fairbench", "prompt": 4, "seed": 4000, "method": "OURS_O3w10_B3", "aesthetic": 4.887386798858643, "clip_text": 25.366350173950195, "subj_cons": 0.9221192598342896, "imaging": 0.0024480149149894714, "motion": 0.007821440696716309, "flicker": 0.013039766810834408}
{"phase": "fairbench", "prompt": 4, "seed": 4000, "method": "OURS_O4w13_B2_GI", "aesthetic": 4.782272815704346, "clip_text": 24.738567352294922, "subj_cons": 0.9273087978363037, "imaging": 0.003477247431874275, "motion": 0.008659272454679012, "flicker": 0.014607465825974941}
{"phase": "fairbench", "prompt": 4, "seed": 4000, "method": "Oonly_O3w13", "aesthetic": 4.773516654968262, "clip_text": 24.011951446533203, "subj_cons": 0.9263941049575806, "imaging": 0.00415220158174634, "motion": 0.009887858293950558, "flicker": 0.016947589814662933}
{"phase": "fairbench", "prompt": 4, "seed": 4000, "method": "TEAw10_0.3", "aesthetic": 4.990505695343018, "clip_text": 24.921323776245117, "subj_cons": 0.9247397780418396, "imaging": 0.0035678567364811897, "motion": 0.008787945844233036, "flicker": 0.015019796788692474}
{"phase": "fairbench", "prompt": 4, "seed": 4000, "method": "TEAw13_0.3", "aesthetic": 4.832224369049072, "clip_text": 24.17902946472168, "subj_cons": 0.9236651659011841, "imaging": 0.0034542963840067387, "motion": 0.009052376262843609, "flicker": 0.0152355981990695}
{"phase": "fairbench", "prompt": 4, "seed": 4000, "method": "TEAw17_0.2_GI", "aesthetic": 4.859283447265625, "clip_text": 24.326223373413086, "subj_cons": 0.931236982345581, "imaging": 0.004044119734317064, "motion": 0.009330912493169308, "flicker": 0.01592688262462616}
{"phase": "fairbench", "prompt": 4, "seed": 4000, "method": "dpm20", "aesthetic": 3.445646286010742, "clip_text": 22.56694221496582, "subj_cons": 0.9342375993728638, "imaging": 0.0006722385878674686, "motion": 0.0024507399648427963, "flicker": 0.004090606700628996}
{"phase": "fairbench", "prompt": 4, "seed": 4000, "method": "unipc20", "aesthetic": 3.5399599075317383, "clip_text": 21.684106826782227, "subj_cons": 0.9399732351303101, "imaging": 0.0004661045968532562, "motion": 0.002192150801420212, "flicker": 0.003593262517824769}
{"phase": "fairbench", "prompt": 5, "seed": 4000, "method": "FORAw17_n4", "aesthetic": 4.896349906921387, "clip_text": 27.546354293823242, "subj_cons": 0.9890656471252441, "imaging": 0.002900142455473542, "motion": 0.026011869311332703, "flicker": 0.0399797223508358}
{"phase": "fairbench", "prompt": 5, "seed": 4000, "method": "OURS_O3w17_B2_GI", "aesthetic": 5.0532145500183105, "clip_text": 27.884685516357422, "subj_cons": 0.9895464181900024, "imaging": 0.002840271918103099, "motion": 0.02514486387372017, "flicker": 0.03844933584332466}
{"phase": "fairbench", "prompt": 5, "seed": 4000, "method": "Oonly_O2w17", "aesthetic": 4.915238857269287, "clip_text": 27.475488662719727, "subj_cons": 0.9887609481811523, "imaging": 0.002770934719592333, "motion": 0.02547825127840042, "flicker": 0.03905108571052551}
{"phase": "fairbench", "prompt": 5, "seed": 4000, "method": "TEAw10_0.2_GI", "aesthetic": 4.868980884552002, "clip_text": 27.912303924560547, "subj_cons": 0.9846293926239014, "imaging": 0.0026400217320770025, "motion": 0.024968065321445465, "flicker": 0.037716351449489594}
{"phase": "fairbench", "prompt": 5, "seed": 4000, "method": "TEAw13_0.2_GI", "aesthetic": 4.926474571228027, "clip_text": 27.69501495361328, "subj_cons": 0.9898301362991333, "imaging": 0.002770732156932354, "motion": 0.025707125663757324, "flicker": 0.039142243564128876}
{"phase": "fairbench", "prompt": 5, "seed": 4000, "method": "TEAw17_0.2", "aesthetic": 4.9063920974731445, "clip_text": 27.368053436279297, "subj_cons": 0.9888877868652344, "imaging": 0.0029114556964486837, "motion": 0.02592383697628975, "flicker": 0.03982137143611908}
{"phase": "fairbench", "prompt": 5, "seed": 4000, "method": "TSw17_n3", "aesthetic": 4.838841915130615, "clip_text": 27.488935470581055, "subj_cons": 0.9893621802330017, "imaging": 0.0029090773314237595, "motion": 0.026033762842416763, "flicker": 0.04006289318203926}
{"phase": "fairbench", "prompt": 5, "seed": 4000, "method": "full_retime", "aesthetic": 4.8949174880981445, "clip_text": 27.484378814697266, "subj_cons": 0.9890255928039551, "imaging": 0.0027620275504887104, "motion": 0.025558652356266975, "flicker": 0.039136677980422974}
{"phase": "fairbench", "prompt": 6, "seed": 4000, "method": "FORAw17_n3", "aesthetic": 5.984051704406738, "clip_text": 25.613800048828125, "subj_cons": 0.9416542053222656, "imaging": 0.001541988574899733, "motion": 0.029255954548716545, "flicker": 0.04407874494791031}
{"phase": "fairbench", "prompt": 6, "seed": 4000, "method": "OURS_O3w17_B2", "aesthetic": 5.955009460449219, "clip_text": 25.686079025268555, "subj_cons": 0.9455363750457764, "imaging": 0.0014494210481643677, "motion": 0.028499672189354897, "flicker": 0.04282422736287117}
{"phase": "fairbench", "prompt": 6, "seed": 4000, "method": "OURS_Ow20_L4", "aesthetic": 6.004146099090576, "clip_text": 25.549745559692383, "subj_cons": 0.9368014335632324, "imaging": 0.0014640643494203687, "motion": 0.029046593233942986, "flicker": 0.04351942986249924}
{"phase": "fairbench", "prompt": 6, "seed": 4000, "method": "TEAw10_0.2", "aesthetic": 6.01025915145874, "clip_text": 26.38225555419922, "subj_cons": 0.9456009864807129, "imaging": 0.0014018790097907186, "motion": 0.028494447469711304, "flicker": 0.042855795472860336}
{"phase": "fairbench", "prompt": 6, "seed": 4000, "method": "TEAw13_0.2", "aesthetic": 5.947249412536621, "clip_text": 26.23784637451172, "subj_cons": 0.9454463124275208, "imaging": 0.001435065409168601, "motion": 0.028601111844182014, "flicker": 0.043189678341150284}
{"phase": "fairbench", "prompt": 6, "seed": 4000, "method": "TEAw17_0.1", "aesthetic": 5.939874649047852, "clip_text": 25.766042709350586, "subj_cons": 0.9422270655632019, "imaging": 0.0014882709365338087, "motion": 0.0291677787899971, "flicker": 0.0438394732773304}
{"phase": "fairbench", "prompt": 6, "seed": 4000, "method": "TEAw17_0.3_GI", "aesthetic": 5.8484625816345215, "clip_text": 25.86400604248047, "subj_cons": 0.9509050846099854, "imaging": 0.0014020821545273066, "motion": 0.028636300936341286, "flicker": 0.04312901198863983}
{"phase": "fairbench", "prompt": 6, "seed": 4000, "method": "full_perturb1e-2", "aesthetic": 6.0064215660095215, "clip_text": 26.019309997558594, "subj_cons": 0.9416143894195557, "imaging": 0.001482432591728866, "motion": 0.02969297021627426, "flicker": 0.0448194295167923}
{"phase": "fairbench", "prompt": 7, "seed": 4000, "method": "FORAw13_n3_GI", "aesthetic": 7.165645599365234, "clip_text": 29.206026077270508, "subj_cons": 0.9980968236923218, "imaging": 0.0034359528217464685, "motion": 0.007653024047613144, "flicker": 0.012035266496241093}
{"phase": "fairbench", "prompt": 7, "seed": 4000, "method": "OURS_O3w13_B2", "aesthetic": 7.161651611328125, "clip_text": 28.979263305664062, "subj_cons": 0.9980618953704834, "imaging": 0.003456585109233856, "motion": 0.008036408573389053, "flicker": 0.012556115165352821}
{"phase": "fairbench", "prompt": 7, "seed": 4000, "method": "OURS_Ow17_L4_GI", "aesthetic": 7.169500827789307, "clip_text": 29.304357528686523, "subj_cons": 0.9980887770652771, "imaging": 0.0034284486901015043, "motion": 0.0076962802559137344, "flicker": 0.012082438915967941}
{"phase": "fairbench", "prompt": 7, "seed": 4000, "method": "Oonly_O3w17", "aesthetic": 7.13616418838501, "clip_text": 29.066503524780273, "subj_cons": 0.9981933832168579, "imaging": 0.003418935928493738, "motion": 0.0080636041238904, "flicker": 0.012882167473435402}
{"phase": "fairbench", "prompt": 7, "seed": 4000, "method": "TEAw10_0.5", "aesthetic": 6.523217678070068, "clip_text": 30.46344757080078, "subj_cons": 0.9946057200431824, "imaging": 0.002844023983925581, "motion": 0.009460709057748318, "flicker": 0.014325360767543316}
{"phase": "fairbench", "prompt": 7, "seed": 4000, "method": "TEAw13_0.3_GI", "aesthetic": 7.181880950927734, "clip_text": 29.66129493713379, "subj_cons": 0.9968898296356201, "imaging": 0.003333688247948885, "motion": 0.007851528003811836, "flicker": 0.012086628004908562}
{"phase": "fairbench", "prompt": 7, "seed": 4000, "method": "TEAw17_0.3", "aesthetic": 7.145776748657227, "clip_text": 29.221603393554688, "subj_cons": 0.9965591430664062, "imaging": 0.0032949934247881174, "motion": 0.008529497310519218, "flicker": 0.013248992152512074}
{"phase": "fairbench", "prompt": 7, "seed": 4000, "method": "full", "aesthetic": 7.123222351074219, "clip_text": 29.0988826751709, "subj_cons": 0.9982488751411438, "imaging": 0.00334878358989954, "motion": 0.008068842813372612, "flicker": 0.012917171232402325}
{"phase": "fairbench", "prompt": 7, "seed": 4000, "method": "unipc25", "aesthetic": 7.07362174987793, "clip_text": 29.31939697265625, "subj_cons": 0.9944755434989929, "imaging": 0.003694770624861121, "motion": 0.008929908275604248, "flicker": 0.012798159383237362}
{"phase": "fairbench", "prompt": 8, "seed": 4000, "method": "OURS_O3w10_B3", "aesthetic": 6.314693450927734, "clip_text": 28.5114803314209, "subj_cons": 0.9908000230789185, "imaging": 0.0008316427702084184, "motion": 0.020480776205658913, "flicker": 0.03285428509116173}
{"phase": "fairbench", "prompt": 8, "seed": 4000, "method": "OURS_O4w13_B2_GI", "aesthetic": 6.261643886566162, "clip_text": 28.64946746826172, "subj_cons": 0.9932385683059692, "imaging": 0.0009628550615161657, "motion": 0.02194707840681076, "flicker": 0.03556977957487106}
{"phase": "fairbench", "prompt": 8, "seed": 4000, "method": "Oonly_O3w13", "aesthetic": 6.383086204528809, "clip_text": 28.577411651611328, "subj_cons": 0.9905181527137756, "imaging": 0.0008145106839947402, "motion": 0.02245604246854782, "flicker": 0.03631898760795593}
{"phase": "fairbench", "prompt": 8, "seed": 4000, "method": "TEAw10_0.3", "aesthetic": 6.40803861618042, "clip_text": 28.584003448486328, "subj_cons": 0.990491509437561, "imaging": 0.0008133275550790131, "motion": 0.021843114867806435, "flicker": 0.035275235772132874}
{"phase": "fairbench", "prompt": 8, "seed": 4000, "method": "TEAw13_0.3", "aesthetic": 6.33560848236084, "clip_text": 28.49372673034668, "subj_cons": 0.9909470081329346, "imaging": 0.000874782504979521, "motion": 0.02252439595758915, "flicker": 0.036464642733335495}
{"phase": "fairbench", "prompt": 8, "seed": 4000, "method": "TEAw17_0.2_GI", "aesthetic": 6.355377197265625, "clip_text": 28.704870223999023, "subj_cons": 0.990919828414917, "imaging": 0.0008832444436848164, "motion": 0.02252267673611641, "flicker": 0.036481913179159164}
{"phase": "fairbench", "prompt": 8, "seed": 4000, "method": "dpm20", "aesthetic": 6.120499610900879, "clip_text": 28.268146514892578, "subj_cons": 0.9818078875541687, "imaging": 0.0004044407687615603, "motion": 0.012950843200087547, "flicker": 0.021219829097390175}
{"phase": "fairbench", "prompt": 8, "seed": 4000, "method": "unipc20", "aesthetic": 6.122465133666992, "clip_text": 28.90852928161621, "subj_cons": 0.9858863353729248, "imaging": 0.0006320810643956065, "motion": 0.01462840847671032, "flicker": 0.024077825248241425}
{"phase": "fairbench", "prompt": 9, "seed": 4000, "method": "FORAw17_n4", "aesthetic": 5.629307746887207, "clip_text": 29.027790069580078, "subj_cons": 0.9886903762817383, "imaging": 0.010749967768788338, "motion": 0.009342687204480171, "flicker": 0.012328024953603745}
{"phase": "fairbench", "prompt": 9, "seed": 4000, "method": "OURS_O3w17_B2_GI", "aesthetic": 5.61297082901001, "clip_text": 29.104284286499023, "subj_cons": 0.9891893863677979, "imaging": 0.01027376763522625, "motion": 0.008708755485713482, "flicker": 0.011385438963770866}
{"phase": "fairbench", "prompt": 9, "seed": 4000, "method": "Oonly_O2w17", "aesthetic": 5.661482810974121, "clip_text": 29.000967025756836, "subj_cons": 0.9868906736373901, "imaging": 0.010510144755244255, "motion": 0.009258652105927467, "flicker": 0.012312804348766804}
{"phase": "fairbench", "prompt": 9, "seed": 4000, "method": "TEAw10_0.2_GI", "aesthetic": 5.675571441650391, "clip_text": 29.25714874267578, "subj_cons": 0.9842494130134583, "imaging": 0.009878319688141346, "motion": 0.008626652881503105, "flicker": 0.011338193900883198}
{"phase": "fairbench", "prompt": 9, "seed": 4000, "method": "TEAw13_0.2_GI", "aesthetic": 5.692934513092041, "clip_text": 29.22603988647461, "subj_cons": 0.9880867004394531, "imaging": 0.010180854238569736, "motion": 0.00893303845077753, "flicker": 0.011727453209459782}
{"phase": "fairbench", "prompt": 9, "seed": 4000, "method": "TEAw17_0.2", "aesthetic": 5.645359992980957, "clip_text": 29.56123924255371, "subj_cons": 0.9851926565170288, "imaging": 0.010539822280406952, "motion": 0.009455571882426739, "flicker": 0.012500646524131298}
{"phase": "fairbench", "prompt": 9, "seed": 4000, "method": "TSw17_n3", "aesthetic": 5.581499099731445, "clip_text": 28.906076431274414, "subj_cons": 0.9888205528259277, "imaging": 0.010835914872586727, "motion": 0.009238292463123798, "flicker": 0.012183197773993015}
{"phase": "fairbench", "prompt": 9, "seed": 4000, "method": "full_retime", "aesthetic": 5.684128761291504, "clip_text": 28.992250442504883, "subj_cons": 0.9858046770095825, "imaging": 0.010509761981666088, "motion": 0.009273510426282883, "flicker": 0.012346751987934113}
{"phase": "fairbench", "prompt": 10, "seed": 4000, "method": "FORAw17_n3", "aesthetic": 6.630926609039307, "clip_text": 29.90026092529297, "subj_cons": 0.9574620723724365, "imaging": 0.0003375002706889063, "motion": 0.042100690305233, "flicker": 0.06252551823854446}
{"phase": "fairbench", "prompt": 10, "seed": 4000, "method": "OURS_O3w17_B2", "aesthetic": 6.662246227264404, "clip_text": 29.69278907775879, "subj_cons": 0.9558215141296387, "imaging": 0.0003138564934488386, "motion": 0.041285328567028046, "flicker": 0.06088326871395111}
{"phase": "fairbench", "prompt": 10, "seed": 4000, "method": "OURS_Ow20_L4", "aesthetic": 6.6182050704956055, "clip_text": 29.95138168334961, "subj_cons": 0.9572806358337402, "imaging": 0.0003254959883634001, "motion": 0.04093795269727707, "flicker": 0.060448069125413895}
{"phase": "fairbench", "prompt": 10, "seed": 4000, "method": "TEAw10_0.2", "aesthetic": 6.562470436096191, "clip_text": 29.902145385742188, "subj_cons": 0.9585263729095459, "imaging": 0.00031975997262634337, "motion": 0.040537379682064056, "flicker": 0.06051236018538475}
{"phase": "fairbench", "prompt": 10, "seed": 4000, "method": "TEAw13_0.2", "aesthetic": 6.575372695922852, "clip_text": 29.35103988647461, "subj_cons": 0.9511233568191528, "imaging": 0.00031099459738470614, "motion": 0.041155681014060974, "flicker": 0.060893069952726364}
{"phase": "fairbench", "prompt": 10, "seed": 4000, "method": "TEAw17_0.1", "aesthetic": 6.622384548187256, "clip_text": 29.65085792541504, "subj_cons": 0.9582641124725342, "imaging": 0.00031541523640044034, "motion": 0.04093796759843826, "flicker": 0.06040510907769203}
{"phase": "fairbench", "prompt": 10, "seed": 4000, "method": "TEAw17_0.3_GI", "aesthetic": 6.557395935058594, "clip_text": 29.012855529785156, "subj_cons": 0.9453376531600952, "imaging": 0.0003129764518234879, "motion": 0.041761912405490875, "flicker": 0.06185225769877434}
{"phase": "fairbench", "prompt": 10, "seed": 4000, "method": "full_perturb1e-2", "aesthetic": 6.400439739227295, "clip_text": 29.870304107666016, "subj_cons": 0.9580638408660889, "imaging": 0.00038502365350723267, "motion": 0.04118529334664345, "flicker": 0.06074313446879387}
{"phase": "fairbench", "prompt": 11, "seed": 4000, "method": "FORAw13_n3_GI", "aesthetic": 6.974644184112549, "clip_text": 27.082178115844727, "subj_cons": 0.9843943119049072, "imaging": 0.002209673635661602, "motion": 0.022005626931786537, "flicker": 0.032590966671705246}
{"phase": "fairbench", "prompt": 11, "seed": 4000, "method": "OURS_O3w13_B2", "aesthetic": 6.935495853424072, "clip_text": 27.735328674316406, "subj_cons": 0.9824687242507935, "imaging": 0.002284515183418989, "motion": 0.021838543936610222, "flicker": 0.03224750608205795}
{"phase": "fairbench", "prompt": 11, "seed": 4000, "method": "OURS_Ow17_L4_GI", "aesthetic": 7.01233434677124, "clip_text": 27.285367965698242, "subj_cons": 0.9834921956062317, "imaging": 0.00227542407810688, "motion": 0.022375736385583878, "flicker": 0.033002156764268875}
{"phase": "fairbench", "prompt": 11, "seed": 4000, "method": "Oonly_O3w17", "aesthetic": 6.832398414611816, "clip_text": 27.727794647216797, "subj_cons": 0.984180212020874, "imaging": 0.002323480322957039, "motion": 0.02202291041612625, "flicker": 0.03245684877038002}
{"phase": "fairbench", "prompt": 11, "seed": 4000, "method": "TEAw10_0.5", "aesthetic": 6.663350582122803, "clip_text": 28.296852111816406, "subj_cons": 0.9789743423461914, "imaging": 0.001889933249913156, "motion": 0.021125219762325287, "flicker": 0.030410870909690857}
{"phase": "fairbench", "prompt": 11, "seed": 4000, "method": "TEAw13_0.3_GI", "aesthetic": 6.750275135040283, "clip_text": 27.794626235961914, "subj_cons": 0.9817333817481995, "imaging": 0.001986247720196843, "motion": 0.021608222275972366, "flicker": 0.0318441316485405}
{"phase": "fairbench", "prompt": 11, "seed": 4000, "method": "TEAw17_0.3", "aesthetic": 6.854814529418945, "clip_text": 27.591779708862305, "subj_cons": 0.981660008430481, "imaging": 0.0022049122489988804, "motion": 0.022519655525684357, "flicker": 0.03331001102924347}
{"phase": "fairbench", "prompt": 11, "seed": 4000, "method": "full", "aesthetic": 6.802867412567139, "clip_text": 27.693811416625977, "subj_cons": 0.983779788017273, "imaging": 0.0023237878922373056, "motion": 0.02196008339524269, "flicker": 0.03242945298552513}
{"phase": "fairbench", "prompt": 11, "seed": 4000, "method": "unipc25", "aesthetic": 6.596508502960205, "clip_text": 27.91122817993164, "subj_cons": 0.9490802884101868, "imaging": 0.0028334695380181074, "motion": 0.02126203663647175, "flicker": 0.03191394358873367}
