/usr/local/lib64/python3.9/site-packages/torch/_utils.py:831: UserWarning: TypedStorage is deprecated. It will be removed in the future and UntypedStorage will be the only storage class. This should only matter to you if you are using storages directly.  To access UntypedStorage directly, use tensor.untyped_storage() instead of tensor.storage()
  return self.fget.__get__(instance, owner)()
{"phase": "fairbench", "prompt": 6, "seed": 4000, "method": "full", "latent_mse_to_full": 0.0, "seconds": 166.83830358227715, "kinds": {"F": 50, "C": 0, "G": 0, "O": 0}, "full": 3000, "reuse": 0, "attn_only": 0, "ffn_only": 0}
{"phase": "fairbench", "prompt": 6, "seed": 4000, "method": "full_perturb1e-2", "latent_mse_to_full": 0.011633407324552536, "seconds": 166.3762700757943, "kinds": {"F": 50, "C": 0, "G": 0, "O": 0}, "full": 3000, "reuse": 0, "attn_only": 0, "ffn_only": 0}
{"phase": "fairbench", "prompt": 6, "seed": 4000, "method": "OURS_Ow20_L4", "latent_mse_to_full": 0.0033128990326076746, "seconds": 93.27510577207431, "kinds": {"F": 35, "C": 0, "G": 0, "O": 15}, "full": 1680, "reuse": 420, "attn_only": 0, "ffn_only": 0}
{"phase": "fairbench", "prompt": 6, "seed": 4000, "method": "OURS_Ow17_L4_GI", "latent_mse_to_full": 0.00889480859041214, "seconds": 80.30200012400746, "kinds": {"F": 27, "C": 0, "G": 7, "O": 16}, "full": 1440, "reuse": 390, "attn_only": 0, "ffn_only": 0}
{"phase": "fairbench", "prompt": 6, "seed": 4000, "method": "OURS_O3w17_B2", "latent_mse_to_full": 0.007364772260189056, "seconds": 76.50057435780764, "kinds": {"F": 28, "C": 0, "G": 0, "O": 22}, "full": 1380, "reuse": 300, "attn_only": 0, "ffn_only": 0}
{"phase": "fairbench", "prompt": 6, "seed": 4000, "method": "OURS_O3w17_B2_GI", "latent_mse_to_full": 0.011358067393302917, "seconds": 73.35634678695351, "kinds": {"F": 24, "C": 0, "G": 4, "O": 22}, "full": 1320, "reuse": 240, "attn_only": 0, "ffn_only": 0}
{"phase": "fairbench", "prompt": 6, "seed": 4000, "method": "OURS_O3w13_B2", "latent_mse_to_full": 0.01287252176553011, "seconds": 66.5438610939309, "kinds": {"F": 26, "C": 0, "G": 0, "O": 24}, "full": 1200, "reuse": 360, "attn_only": 0, "ffn_only": 0}
{"phase": "fairbench", "prompt": 6, "seed": 4000, "method": "OURS_O4w13_B2_GI", "latent_mse_to_full": 0.020002568140625954, "seconds": 56.74871918093413, "kinds": {"F": 19, "C": 0, "G": 4, "O": 27}, "full": 1020, "reuse": 240, "attn_only": 0, "ffn_only": 0}
{"phase": "fairbench", "prompt": 6, "seed": 4000, "method": "OURS_O3w10_B3", "latent_mse_to_full": 0.033219560980796814, "seconds": 49.97551170689985, "kinds": {"F": 24, "C": 0, "G": 0, "O": 26}, "full": 900, "reuse": 540, "attn_only": 0, "ffn_only": 0}
{"phase": "fairbench", "prompt": 6, "seed": 4000, "method": "TEAw17_0.1", "latent_mse_to_full": 0.0023297243751585484, "seconds": 100.02690922282636, "kinds": {"F": 50, "C": 0, "G": 0, "O": 0}, "full": 1800, "reuse": 1200, "attn_only": 0, "ffn_only": 0}
{"phase": "fairbench", "prompt": 6, "seed": 4000, "method": "TEAw17_0.2", "latent_mse_to_full": 0.007524674758315086, "seconds": 83.55124465702102, "kinds": {"F": 50, "C": 0, "G": 0, "O": 0}, "full": 1500, "reuse": 1500, "attn_only": 0, "ffn_only": 0}
{"phase": "fairbench", "prompt": 6, "seed": 4000, "method": "TEAw17_0.2_GI", "latent_mse_to_full": 0.013084334321320057, "seconds": 77.22793657099828, "kinds": {"F": 37, "C": 0, "G": 13, "O": 0}, "full": 1380, "reuse": 1230, "attn_only": 0, "ffn_only": 0}
{"phase": "fairbench", "prompt": 6, "seed": 4000, "method": "TEAw17_0.3", "latent_mse_to_full": 0.01283303927630186, "seconds": 76.92433792492375, "kinds": {"F": 50, "C": 0, "G": 0, "O": 0}, "full": 1380, "reuse": 1620, "attn_only": 0, "ffn_only": 0}
{"phase": "fairbench", "prompt": 6, "seed": 4000, "method": "TEAw17_0.3_GI", "latent_mse_to_full": 0.01899310201406479, "seconds": 72.16143391188234, "kinds": {"F": 37, "C": 0, "G": 13, "O": 0}, "full": 1290, "reuse": 1320, "attn_only": 0, "ffn_only": 0}
{"phase": "fairbench", "prompt": 6, "seed": 4000, "method": "TEAw13_0.2", "latent_mse_to_full": 0.010836894623935223, "seconds": 73.61009571282193, "kinds": {"F": 50, "C": 0, "G": 0, "O": 0}, "full": 1320, "reuse": 1680, "attn_only": 0, "ffn_only": 0}
{"phase": "fairbench", "prompt": 6, "seed": 4000, "method": "TEAw13_0.2_GI", "latent_mse_to_full": 0.015606394037604332, "seconds": 67.28547837492079, "kinds": {"F": 37, "C": 0, "G": 13, "O": 0}, "full": 1200, "reuse": 1410, "attn_only": 0, "ffn_only": 0}
{"phase": "fairbench", "prompt": 6, "seed": 4000, "method": "TEAw13_0.3", "latent_mse_to_full": 0.01705818437039852, "seconds": 66.98021078994498, "kinds": {"F": 50, "C": 0, "G": 0, "O": 0}, "full": 1200, "reuse": 1800, "attn_only": 0, "ffn_only": 0}
{"phase": "fairbench", "prompt": 6, "seed": 4000, "method": "TEAw13_0.3_GI", "latent_mse_to_full": 0.022387107834219933, "seconds": 62.21240368485451, "kinds": {"F": 37, "C": 0, "G": 13, "O": 0}, "full": 1110, "reuse": 1500, "attn_only": 0, "ffn_only": 0}
{"phase": "fairbench", "prompt": 6, "seed": 4000, "method": "TEAw10_0.2", "latent_mse_to_full": 0.021156100556254387, "seconds": 66.9748700442724, "kinds": {"F": 50, "C": 0, "G": 0, "O": 0}, "full": 1200, "reuse": 1800, "attn_only": 0, "ffn_only": 0}
{"phase": "fairbench", "prompt": 6, "seed": 4000, "method": "TEAw10_0.2_GI", "latent_mse_to_full": 0.02480749599635601, "seconds": 60.65945861721411, "kinds": {"F": 37, "C": 0, "G": 13, "O": 0}, "full": 1080, "reuse": 1530, "attn_only": 0, "ffn_only": 0}
{"phase": "fairbench", "prompt": 6, "seed": 4000, "method": "TEAw10_0.3", "latent_mse_to_full": 0.02992788515985012, "seconds": 57.05280608171597, "kinds": {"F": 50, "C": 0, "G": 0, "O": 0}, "full": 1020, "reuse": 1980, "attn_only": 0, "ffn_only": 0}
{"phase": "fairbench", "prompt": 6, "seed": 4000, "method": "TEAw10_0.5", "latent_mse_to_full": 0.05035014450550079, "seconds": 50.4236079249531, "kinds": {"F": 50, "C": 0, "G": 0, "O": 0}, "full": 900, "reuse": 2100, "attn_only": 0, "ffn_only": 0}
{"phase": "fairbench", "prompt": 6, "seed": 4000, "method": "TSw17_n3", "latent_mse_to_full": 0.002800486283376813, "seconds": 94.03207875881344, "kinds": {"F": 50, "C": 0, "G": 0, "O": 0}, "full": 1680, "reuse": 1320, "attn_only": 0, "ffn_only": 0}
{"phase": "fairbench", "prompt": 6, "seed": 4000, "method": "FORAw17_n3", "latent_mse_to_full": 0.003789634210988879, "seconds": 93.50643743900582, "kinds": {"F": 50, "C": 0, "G": 0, "O": 0}, "full": 1680, "reuse": 1320, "attn_only": 0, "ffn_only": 0}
{"phase": "fairbench", "prompt": 6, "seed": 4000, "method": "FORAw17_n4", "latent_mse_to_full": 0.005762851797044277, "seconds": 86.88062827289104, "kinds": {"F": 50, "C": 0, "G": 0, "O": 0}, "full": 1560, "reuse": 1440, "attn_only": 0, "ffn_only": 0}
{"phase": "fairbench", "prompt": 6, "seed": 4000, "method": "FORAw13_n3_GI", "latent_mse_to_full": 0.010859877802431583, "seconds": 78.99251491297036, "kinds": {"F": 37, "C": 0, "G": 13, "O": 0}, "full": 1410, "reuse": 1200, "attn_only": 0, "ffn_only": 0}
{"phase": "fairbench", "prompt": 6, "seed": 4000, "method": "Oonly_O2w17", "latent_mse_to_full": 0.000323355954606086, "seconds": 113.15299796825275, "kinds": {"F": 34, "C": 0, "G": 0, "O": 16}, "full": 2040, "reuse": 0, "attn_only": 0, "ffn_only": 0}
{"phase": "fairbench", "prompt": 6, "seed": 4000, "method": "Oonly_O3w17", "latent_mse_to_full": 0.0024447913747280836, "seconds": 93.18708122894168, "kinds": {"F": 28, "C": 0, "G": 0, "O": 22}, "full": 1680, "reuse": 0, "attn_only": 0, "ffn_only": 0}
{"phase": "fairbench", "prompt": 6, "seed": 4000, "method": "Oonly_O3w13", "latent_mse_to_full": 0.003777683712542057, "seconds": 86.53460666770115, "kinds": {"F": 26, "C": 0, "G": 0, "O": 24}, "full": 1560, "reuse": 0, "attn_only": 0, "ffn_only": 0}
{"phase": "fairbench", "prompt": 6, "seed": 4000, "method": "unipc20", "latent_mse_to_full": 0.3853287398815155, "seconds": 66.6015326147899, "kinds": {"F": 20, "C": 0, "G": 0, "O": 0}, "full": 1200, "reuse": 0, "attn_only": 0, "ffn_only": 0}
{"phase": "fairbench", "prompt": 6, "seed": 4000, "method": "unipc25", "latent_mse_to_full": 0.29166215658187866, "seconds": 83.22473241621628, "kinds": {"F": 25, "C": 0, "G": 0, "O": 0}, "full": 1500, "reuse": 0, "attn_only": 0, "ffn_only": 0}
{"phase": "fairbench", "prompt": 6, "seed": 4000, "method": "dpm20", "latent_mse_to_full": 0.4692803621292114, "seconds": 66.56195133319125, "kinds": {"F": 20, "C": 0, "G": 0, "O": 0}, "full": 1200, "reuse": 0, "attn_only": 0, "ffn_only": 0}
{"phase": "fairbench", "prompt": 6, "seed": 4000, "method": "full_retime", "latent_mse_to_full": 0.0, "seconds": 166.4138218560256, "kinds": {"F": 50, "C": 0, "G": 0, "O": 0}, "full": 3000, "reuse": 0, "attn_only": 0, "ffn_only": 0}
{"phase": "fairbench", "prompt": 10, "seed": 4000, "method": "full", "latent_mse_to_full": 0.0, "seconds": 166.40380263561383, "kinds": {"F": 50, "C": 0, "G": 0, "O": 0}, "full": 3000, "reuse": 0, "attn_only": 0, "ffn_only": 0}
{"phase": "fairbench", "prompt": 10, "seed": 4000, "method": "full_perturb1e-2", "latent_mse_to_full": 0.10524390637874603, "seconds": 166.41891967086121, "kinds": {"F": 50, "C": 0, "G": 0, "O": 0}, "full": 3000, "reuse": 0, "attn_only": 0, "ffn_only": 0}
{"phase": "fairbench", "prompt": 10, "seed": 4000, "method": "OURS_Ow20_L4", "latent_mse_to_full": 0.007633036468178034, "seconds": 93.29667383385822, "kinds": {"F": 35, "C": 0, "G": 0, "O": 15}, "full": 1680, "reuse": 420, "attn_only": 0, "ffn_only": 0}
{"phase": "fairbench", "prompt": 10, "seed": 4000, "method": "OURS_Ow17_L4_GI", "latent_mse_to_full": 0.01897375099360943, "seconds": 80.37952328659594, "kinds": {"F": 27, "C": 0, "G": 7, "O": 16}, "full": 1440, "reuse": 390, "attn_only": 0, "ffn_only": 0}
{"phase": "fairbench", "prompt": 10, "seed": 4000, "method": "OURS_O3w17_B2", "latent_mse_to_full": 0.026471618562936783, "seconds": 76.62776307715103, "kinds": {"F": 28, "C": 0, "G": 0, "O": 22}, "full": 1380, "reuse": 300, "attn_only": 0, "ffn_only": 0}
{"phase": "fairbench", "prompt": 10, "seed": 4000, "method": "OURS_O3w17_B2_GI", "latent_mse_to_full": 0.02615426294505596, "seconds": 73.4840048449114, "kinds": {"F": 24, "C": 0, "G": 4, "O": 22}, "full": 1320, "reuse": 240, "attn_only": 0, "ffn_only": 0}
{"phase": "fairbench", "prompt": 10, "seed": 4000, "method": "OURS_O3w13_B2", "latent_mse_to_full": 0.04449748247861862, "seconds": 66.65628250082955, "kinds": {"F": 26, "C": 0, "G": 0, "O": 24}, "full": 1200, "reuse": 360, "attn_only": 0, "ffn_only": 0}
{"phase": "fairbench", "prompt": 10, "seed": 4000, "method": "OURS_O4w13_B2_GI", "latent_mse_to_full": 0.054454561322927475, "seconds": 56.847904175985605, "kinds": {"F": 19, "C": 0, "G": 4, "O": 27}, "full": 1020, "reuse": 240, "attn_only": 0, "ffn_only": 0}
{"phase": "fairbench", "prompt": 10, "seed": 4000, "method": "OURS_O3w10_B3", "latent_mse_to_full": 0.10211540013551712, "seconds": 50.062481738161296, "kinds": {"F": 24, "C": 0, "G": 0, "O": 26}, "full": 900, "reuse": 540, "attn_only": 0, "ffn_only": 0}
{"phase": "fairbench", "prompt": 10, "seed": 4000, "method": "TEAw17_0.1", "latent_mse_to_full": 0.012318246997892857, "seconds": 100.12363941408694, "kinds": {"F": 50, "C": 0, "G": 0, "O": 0}, "full": 1800, "reuse": 1200, "attn_only": 0, "ffn_only": 0}
{"phase": "fairbench", "prompt": 10, "seed": 4000, "method": "TEAw17_0.2", "latent_mse_to_full": 0.021705588325858116, "seconds": 83.54876609100029, "kinds": {"F": 50, "C": 0, "G": 0, "O": 0}, "full": 1500, "reuse": 1500, "attn_only": 0, "ffn_only": 0}
{"phase": "fairbench", "prompt": 10, "seed": 4000, "method": "TEAw17_0.2_GI", "latent_mse_to_full": 0.02293342910706997, "seconds": 77.23862926801667, "kinds": {"F": 37, "C": 0, "G": 13, "O": 0}, "full": 1380, "reuse": 1230, "attn_only": 0, "ffn_only": 0}
{"phase": "fairbench", "prompt": 10, "seed": 4000, "method": "TEAw17_0.3", "latent_mse_to_full": 0.03269089385867119, "seconds": 76.94426953000948, "kinds": {"F": 50, "C": 0, "G": 0, "O": 0}, "full": 1380, "reuse": 1620, "attn_only": 0, "ffn_only": 0}
{"phase": "fairbench", "prompt": 10, "seed": 4000, "method": "TEAw17_0.3_GI", "latent_mse_to_full": 0.033975936472415924, "seconds": 72.1697879768908, "kinds": {"F": 37, "C": 0, "G": 13, "O": 0}, "full": 1290, "reuse": 1320, "attn_only": 0, "ffn_only": 0}
{"phase": "fairbench", "prompt": 10, "seed": 4000, "method": "TEAw13_0.2", "latent_mse_to_full": 0.03618786856532097, "seconds": 73.62252928921953, "kinds": {"F": 50, "C": 0, "G": 0, "O": 0}, "full": 1320, "reuse": 1680, "attn_only": 0, "ffn_only": 0}
{"phase": "fairbench", "prompt": 10, "seed": 4000, "method": "TEAw13_0.2_GI", "latent_mse_to_full": 0.03643990308046341, "seconds": 67.29849020577967, "kinds": {"F": 37, "C": 0, "G": 13, "O": 0}, "full": 1200, "reuse": 1410, "attn_only": 0, "ffn_only": 0}
{"phase": "fairbench", "prompt": 10, "seed": 4000, "method": "TEAw13_0.3", "latent_mse_to_full": 0.05302651971578598, "seconds": 66.99747334001586, "kinds": {"F": 50, "C": 0, "G": 0, "O": 0}, "full": 1200, "reuse": 1800, "attn_only": 0, "ffn_only": 0}
{"phase": "fairbench", "prompt": 10, "seed": 4000, "method": "TEAw13_0.3_GI", "latent_mse_to_full": 0.05310097336769104, "seconds": 62.232276041060686, "kinds": {"F": 37, "C": 0, "G": 13, "O": 0}, "full": 1110, "reuse": 1500, "attn_only": 0, "ffn_only": 0}
{"phase": "fairbench", "prompt": 10, "seed": 4000, "method": "TEAw10_0.2", "latent_mse_to_full": 0.0796908512711525, "seconds": 66.99770079599693, "kinds": {"F": 50, "C": 0, "G": 0, "O": 0}, "full": 1200, "reuse": 1800, "attn_only": 0, "ffn_only": 0}
{"phase": "fairbench", "prompt": 10, "seed": 4000, "method": "TEAw10_0.2_GI", "latent_mse_to_full": 0.07881826907396317, "seconds": 60.67066139122471, "kinds": {"F": 37, "C": 0, "G": 13, "O": 0}, "full": 1080, "reuse": 1530, "attn_only": 0, "ffn_only": 0}
{"phase": "fairbench", "prompt": 10, "seed": 4000, "method": "TEAw10_0.3", "latent_mse_to_full": 0.09420786798000336, "seconds": 57.05834065563977, "kinds": {"F": 50, "C": 0, "G": 0, "O": 0}, "full": 1020, "reuse": 1980, "attn_only": 0, "ffn_only": 0}
{"phase": "fairbench", "prompt": 10, "seed": 4000, "method": "TEAw10_0.5", "latent_mse_to_full": 0.12204926460981369, "seconds": 50.42316424520686, "kinds": {"F": 50, "C": 0, "G": 0, "O": 0}, "full": 900, "reuse": 2100, "attn_only": 0, "ffn_only": 0}
{"phase": "fairbench", "prompt": 10, "seed": 4000, "method": "TSw17_n3", "latent_mse_to_full": 0.016936875879764557, "seconds": 94.03695938037708, "kinds": {"F": 50, "C": 0, "G": 0, "O": 0}, "full": 1680, "reuse": 1320, "attn_only": 0, "ffn_only": 0}
{"phase": "fairbench", "prompt": 10, "seed": 4000, "method": "FORAw17_n3", "latent_mse_to_full": 0.014867376536130905, "seconds": 93.51124272169545, "kinds": {"F": 50, "C": 0, "G": 0, "O": 0}, "full": 1680, "reuse": 1320, "attn_only": 0, "ffn_only": 0}
{"phase": "fairbench", "prompt": 10, "seed": 4000, "method": "FORAw17_n4", "latent_mse_to_full": 0.01824018359184265, "seconds": 86.88075758935884, "kinds": {"F": 50, "C": 0, "G": 0, "O": 0}, "full": 1560, "reuse": 1440, "attn_only": 0, "ffn_only": 0}
{"phase": "fairbench", "prompt": 10, "seed": 4000, "method": "FORAw13_n3_GI", "latent_mse_to_full": 0.026432810351252556, "seconds": 79.00223670620471, "kinds": {"F": 37, "C": 0, "G": 13, "O": 0}, "full": 1410, "reuse": 1200, "attn_only": 0, "ffn_only": 0}
{"phase": "fairbench", "prompt": 10, "seed": 4000, "method": "Oonly_O2w17", "latent_mse_to_full": 0.010966364294290543, "seconds": 113.17235798062757, "kinds": {"F": 34, "C": 0, "G": 0, "O": 16}, "full": 2040, "reuse": 0, "attn_only": 0, "ffn_only": 0}
{"phase": "fairbench", "prompt": 10, "seed": 4000, "method": "Oonly_O3w17", "latent_mse_to_full": 0.021606994792819023, "seconds": 93.19991431199014, "kinds": {"F": 28, "C": 0, "G": 0, "O": 22}, "full": 1680, "reuse": 0, "attn_only": 0, "ffn_only": 0}
{"phase": "fairbench", "prompt": 10, "seed": 4000, "method": "Oonly_O3w13", "latent_mse_to_full": 0.02813420258462429, "seconds": 86.53691676724702, "kinds": {"F": 26, "C": 0, "G": 0, "O": 24}, "full": 1560, "reuse": 0, "attn_only": 0, "ffn_only": 0}
{"phase": "fairbench", "prompt": 10, "seed": 4000, "method": "unipc20", "latent_mse_to_full": 0.7559467554092407, "seconds": 66.58514722436666, "kinds": {"F": 20, "C": 0, "G": 0, "O": 0}, "full": 1200, "reuse": 0, "attn_only": 0, "ffn_only": 0}
{"phase": "fairbench", "prompt": 10, "seed": 4000, "method": "unipc25", "latent_mse_to_full": 0.6357549428939819, "seconds": 83.23039562534541, "kinds": {"F": 25, "C": 0, "G": 0, "O": 0}, "full": 1500, "reuse": 0, "attn_only": 0, "ffn_only": 0}
{"phase": "fairbench", "prompt": 10, "seed": 4000, "method": "dpm20", "latent_mse_to_full": 0.7632260322570801, "seconds": 66.56736412504688, "kinds": {"F": 20, "C": 0, "G": 0, "O": 0}, "full": 1200, "reuse": 0, "attn_only": 0, "ffn_only": 0}
{"phase": "fairbench", "prompt": 10, "seed": 4000, "method": "full_retime", "latent_mse_to_full": 0.0, "seconds": 166.40937239583582, "kinds": {"F": 50, "C": 0, "G": 0, "O": 0}, "full": 3000, "reuse": 0, "attn_only": 0, "ffn_only": 0}
sh: line 1: 34662 Terminated              python3 h20_cog_bench.py gen --phase fairbench --plist 6 10 14 --seeds 4000
The config attributes {'invert_scale_latents': False} were passed to AutoencoderKLCogVideoX, but are not expected and will be ignored. Please verify your config.json configuration file.
/usr/local/lib64/python3.9/site-packages/torchvision/models/_utils.py:208: UserWarning: The parameter 'pretrained' is deprecated since 0.13 and may be removed in the future, please use 'weights' instead.
  warnings.warn(
/usr/local/lib64/python3.9/site-packages/torchvision/models/_utils.py:223: UserWarning: Arguments other than a weight enum or `None` for 'weights' are deprecated since 0.13 and may be removed in the future. The current behavior is equivalent to passing `weights=AlexNet_Weights.IMAGENET1K_V1`. You can also use `weights=AlexNet_Weights.DEFAULT` to get the most up-to-date weights.
  warnings.warn(msg)
/usr/local/lib64/python3.9/site-packages/torch/_utils.py:831: UserWarning: TypedStorage is deprecated. It will be removed in the future and UntypedStorage will be the only storage class. This should only matter to you if you are using storages directly.  To access UntypedStorage directly, use tensor.untyped_storage() instead of tensor.storage()
  return self.fget.__get__(instance, owner)()
{"phase": "fairbench", "prompt": 6, "seed": 4000, "method": "full", "clip_score": 25.296875, "frame_consistency": 0.9794921875, "motion": 0.029256395995616913, "sharpness": 0.0014894951600581408, "psnr_to_full": null, "ssim_to_full": 1.0, "lpips_to_full": 0.0, "temporal_delta_error": 0.0}
{"phase": "fairbench", "prompt": 6, "seed": 4000, "method": "FORAw13_n3_GI", "clip_score": 26.046875, "frame_consistency": 0.9794921875, "motion": 0.028711775317788124, "sharpness": 0.0014382645022124052, "psnr_to_full": 33.41529373551582, "ssim_to_full": 0.9692177772521973, "lpips_to_full": 0.03165288642048836, "temporal_delta_error": 0.0005668321973644197}
{"phase": "fairbench", "prompt": 6, "seed": 4000, "method": "FORAw17_n3", "clip_score": 25.609375, "frame_consistency": 0.9814453125, "motion": 0.029255954548716545, "sharpness": 0.001541988574899733, "psnr_to_full": 36.76297905498274, "ssim_to_full": 0.9875718951225281, "lpips_to_full": 0.01295830775052309, "temporal_delta_error": 0.00027710769791156054}
{"phase": "fairbench", "prompt": 6, "seed": 4000, "method": "FORAw17_n4", "clip_score": 25.96875, "frame_consistency": 0.98193359375, "motion": 0.028909478336572647, "sharpness": 0.0014893397456035018, "psnr_to_full": 35.18181670807815, "ssim_to_full": 0.9830982089042664, "lpips_to_full": 0.018302733078598976, "temporal_delta_error": 0.0003944548370782286}
{"phase": "fairbench", "prompt": 6, "seed": 4000, "method": "OURS_O3w10_B3", "clip_score": 26.34375, "frame_consistency": 0.9775390625, "motion": 0.027437632903456688, "sharpness": 0.001344511634670198, "psnr_to_full": 28.471403683672058, "ssim_to_full": 0.9192071557044983, "lpips_to_full": 0.07827351242303848, "temporal_delta_error": 0.0012456657132133842}
{"phase": "fairbench", "prompt": 6, "seed": 4000, "method": "OURS_O3w13_B2", "clip_score": 26.34375, "frame_consistency": 0.982421875, "motion": 0.028358610346913338, "sharpness": 0.0014162183506414294, "psnr_to_full": 32.82367452134853, "ssim_to_full": 0.9650396704673767, "lpips_to_full": 0.033999718725681305, "temporal_delta_error": 0.000640182988718152}
{"phase": "fairbench", "prompt": 6, "seed": 4000, "method": "OURS_O3w17_B2", "clip_score": 25.6875, "frame_consistency": 0.98193359375, "motion": 0.028499672189354897, "sharpness": 0.0014494210481643677, "psnr_to_full": 34.4720234775194, "ssim_to_full": 0.9776511192321777, "lpips_to_full": 0.022356558591127396, "temporal_delta_error": 0.00046989231486804783}
{"phase": "fairbench", "prompt": 6, "seed": 4000, "method": "OURS_O3w17_B2_GI", "clip_score": 25.484375, "frame_consistency": 0.98095703125, "motion": 0.02836761251091957, "sharpness": 0.0014347019605338573, "psnr_to_full": 33.306135614949305, "ssim_to_full": 0.9657530188560486, "lpips_to_full": 0.033976588398218155, "temporal_delta_error": 0.0005824325489811599}
{"phase": "fairbench", "prompt": 6, "seed": 4000, "method": "OURS_O4w13_B2_GI", "clip_score": 25.96875, "frame_consistency": 0.982421875, "motion": 0.027390988543629646, "sharpness": 0.0014277042355388403, "psnr_to_full": 30.798933292088407, "ssim_to_full": 0.9443835616111755, "lpips_to_full": 0.055484965443611145, "temporal_delta_error": 0.0009100406896322966}
{"phase": "fairbench", "prompt": 6, "seed": 4000, "method": "OURS_Ow17_L4_GI", "clip_score": 25.515625, "frame_consistency": 0.98095703125, "motion": 0.028933145105838776, "sharpness": 0.0014747531386092305, "psnr_to_full": 34.59206247416395, "ssim_to_full": 0.9725397229194641, "lpips_to_full": 0.02783803828060627, "temporal_delta_error": 0.00044291422818787396}
{"phase": "fairbench", "prompt": 6, "seed": 4000, "method": "OURS_Ow20_L4", "clip_score": 25.5625, "frame_consistency": 0.9765625, "motion": 0.029046593233942986, "sharpness": 0.0014640643494203687, "psnr_to_full": 38.23027032510349, "ssim_to_full": 0.9896562695503235, "lpips_to_full": 0.011030965484678745, "temporal_delta_error": 0.00022560525394510478}
{"phase": "fairbench", "prompt": 6, "seed": 4000, "method": "Oonly_O2w17", "clip_score": 25.390625, "frame_consistency": 0.97900390625, "motion": 0.029202323406934738, "sharpness": 0.0014882400864735246, "psnr_to_full": 47.11927676866664, "ssim_to_full": 0.9988399147987366, "lpips_to_full": 0.0015811120392754674, "temporal_delta_error": 3.3372278267052025e-05}
{"phase": "fairbench", "prompt": 6, "seed": 4000, "method": "Oonly_O3w13", "clip_score": 25.484375, "frame_consistency": 0.98046875, "motion": 0.029204603284597397, "sharpness": 0.0014928755117580295, "psnr_to_full": 35.84790013893886, "ssim_to_full": 0.9901633858680725, "lpips_to_full": 0.01184867974370718, "temporal_delta_error": 0.0004053403972648084}
{"phase": "fairbench", "prompt": 6, "seed": 4000, "method": "Oonly_O3w17", "clip_score": 25.34375, "frame_consistency": 0.97998046875, "motion": 0.02916267327964306, "sharpness": 0.001508629764430225, "psnr_to_full": 39.86419459158754, "ssim_to_full": 0.9921441078186035, "lpips_to_full": 0.008120465092360973, "temporal_delta_error": 0.00015992156113497913}
{"phase": "fairbench", "prompt": 6, "seed": 4000, "method": "TEAw10_0.2", "clip_score": 26.390625, "frame_consistency": 0.9814453125, "motion": 0.028494447469711304, "sharpness": 0.0014018790097907186, "psnr_to_full": 31.92344145034256, "ssim_to_full": 0.9562526345252991, "lpips_to_full": 0.0441925972700119, "temporal_delta_error": 0.0007050849380902946}
{"phase": "fairbench", "prompt": 6, "seed": 4000, "method": "TEAw10_0.2_GI", "clip_score": 26.34375, "frame_consistency": 0.98046875, "motion": 0.028389135375618935, "sharpness": 0.0013903970830142498, "psnr_to_full": 31.299869726805763, "ssim_to_full": 0.9451430439949036, "lpips_to_full": 0.053213752806186676, "temporal_delta_error": 0.0008091983618214726}
{"phase": "fairbench", "prompt": 6, "seed": 4000, "method": "TEAw10_0.3", "clip_score": 26.25, "frame_consistency": 0.98193359375, "motion": 0.028095126152038574, "sharpness": 0.0013529700227081776, "psnr_to_full": 30.262836200144953, "ssim_to_full": 0.9381842613220215, "lpips_to_full": 0.0641067773103714, "temporal_delta_error": 0.000944905390497297}
{"phase": "fairbench", "prompt": 6, "seed": 4000, "method": "TEAw10_0.5", "clip_score": 26.53125, "frame_consistency": 0.9755859375, "motion": 0.02778891660273075, "sharpness": 0.0012162222992628813, "psnr_to_full": 27.969266176423563, "ssim_to_full": 0.893505871295929, "lpips_to_full": 0.1197376623749733, "temporal_delta_error": 0.0013871743576601148}
{"phase": "fairbench", "prompt": 6, "seed": 4000, "method": "TEAw13_0.2", "clip_score": 26.25, "frame_consistency": 0.98095703125, "motion": 0.028601111844182014, "sharpness": 0.001435065409168601, "psnr_to_full": 33.36947425542999, "ssim_to_full": 0.9703097939491272, "lpips_to_full": 0.030927345156669617, "temporal_delta_error": 0.0005755264428444207}
{"phase": "fairbench", "prompt": 6, "seed": 4000, "method": "TEAw13_0.2_GI", "clip_score": 26.078125, "frame_consistency": 0.98095703125, "motion": 0.028525864705443382, "sharpness": 0.0014027669094502926, "psnr_to_full": 32.27663884203351, "ssim_to_full": 0.9567345380783081, "lpips_to_full": 0.042787473648786545, "temporal_delta_error": 0.0007031586137600243}
{"phase": "fairbench", "prompt": 6, "seed": 4000, "method": "TEAw13_0.3", "clip_score": 26.375, "frame_consistency": 0.9833984375, "motion": 0.028452564030885696, "sharpness": 0.001396253821440041, "psnr_to_full": 32.33760489111905, "ssim_to_full": 0.9564113020896912, "lpips_to_full": 0.04440203309059143, "temporal_delta_error": 0.0006887167692184448}
{"phase": "fairbench", "prompt": 6, "seed": 4000, "method": "TEAw13_0.3_GI", "clip_score": 26.296875, "frame_consistency": 0.98291015625, "motion": 0.028341185301542282, "sharpness": 0.0013547184644266963, "psnr_to_full": 31.329588532256448, "ssim_to_full": 0.9422593712806702, "lpips_to_full": 0.05681592598557472, "temporal_delta_error": 0.0008442177786491811}
{"phase": "fairbench", "prompt": 6, "seed": 4000, "method": "TEAw17_0.1", "clip_score": 25.78125, "frame_consistency": 0.982421875, "motion": 0.0291677787899971, "sharpness": 0.0014882709365338087, "psnr_to_full": 39.05286058903006, "ssim_to_full": 0.9926664233207703, "lpips_to_full": 0.008495543152093887, "temporal_delta_error": 0.0001954648905666545}
{"phase": "fairbench", "prompt": 6, "seed": 4000, "method": "TEAw17_0.2", "clip_score": 26.140625, "frame_consistency": 0.982421875, "motion": 0.028837425634264946, "sharpness": 0.0014439662918448448, "psnr_to_full": 34.969898928434105, "ssim_to_full": 0.9781628847122192, "lpips_to_full": 0.022836528718471527, "temporal_delta_error": 0.00042097712866961956}
{"phase": "fairbench", "prompt": 6, "seed": 4000, "method": "TEAw17_0.2_GI", "clip_score": 25.90625, "frame_consistency": 0.98291015625, "motion": 0.028751453384757042, "sharpness": 0.001422158326022327, "psnr_to_full": 33.309096584788776, "ssim_to_full": 0.9622766971588135, "lpips_to_full": 0.03729643672704697, "temporal_delta_error": 0.0005891923210583627}
{"phase": "fairbench", "prompt": 6, "seed": 4000, "method": "TEAw17_0.3", "clip_score": 25.921875, "frame_consistency": 0.9833984375, "motion": 0.028709234669804573, "sharpness": 0.0014350202400237322, "psnr_to_full": 33.36261743719441, "ssim_to_full": 0.9644779562950134, "lpips_to_full": 0.03601137548685074, "temporal_delta_error": 0.0005779434577561915}
{"phase": "fairbench", "prompt": 6, "seed": 4000, "method": "TEAw17_0.3_GI", "clip_score": 25.875, "frame_consistency": 0.9833984375, "motion": 0.028636300936341286, "sharpness": 0.0014020821545273066, "psnr_to_full": 32.048444326468484, "ssim_to_full": 0.9480355978012085, "lpips_to_full": 0.050425998866558075, "temporal_delta_error": 0.0007521986262872815}
{"phase": "fairbench", "prompt": 6, "seed": 4000, "method": "TSw17_n3", "clip_score": 25.484375, "frame_consistency": 0.98046875, "motion": 0.0292976014316082, "sharpness": 0.001544603263027966, "psnr_to_full": 37.52224134661236, "ssim_to_full": 0.9913838505744934, "lpips_to_full": 0.009365965612232685, "temporal_delta_error": 0.00025629380252212286}
{"phase": "fairbench", "prompt": 6, "seed": 4000, "method": "dpm20", "clip_score": 25.953125, "frame_consistency": 0.98779296875, "motion": 0.023923344910144806, "sharpness": 0.001148158684372902, "psnr_to_full": 11.379018060594346, "ssim_to_full": 0.6096181869506836, "lpips_to_full": 0.4124499559402466, "temporal_delta_error": 0.005775325931608677}
{"phase": "fairbench", "prompt": 6, "seed": 4000, "method": "full_perturb1e-2", "clip_score": 26.03125, "frame_consistency": 0.98046875, "motion": 0.02969297021627426, "sharpness": 0.001482432591728866, "psnr_to_full": 32.06702622570337, "ssim_to_full": 0.9745203852653503, "lpips_to_full": 0.03139248490333557, "temporal_delta_error": 0.0007076095207594335}
{"phase": "fairbench", "prompt": 6, "seed": 4000, "method": "full_retime", "clip_score": 25.296875, "frame_consistency": 0.9794921875, "motion": 0.029256395995616913, "sharpness": 0.0014894951600581408, "psnr_to_full": null, "ssim_to_full": 1.0, "lpips_to_full": 0.0, "temporal_delta_error": 0.0}
{"phase": "fairbench", "prompt": 6, "seed": 4000, "method": "unipc20", "clip_score": 25.140625, "frame_consistency": 0.990234375, "motion": 0.025500668212771416, "sharpness": 0.0018744389526546001, "psnr_to_full": 12.567109021049625, "ssim_to_full": 0.6174116730690002, "lpips_to_full": 0.3846535086631775, "temporal_delta_error": 0.005003313533961773}
{"phase": "fairbench", "prompt": 6, "seed": 4000, "method": "unipc25", "clip_score": 27.125, "frame_consistency": 0.98974609375, "motion": 0.030858376994729042, "sharpness": 0.0024326760321855545, "psnr_to_full": 14.117365567054012, "ssim_to_full": 0.6274648904800415, "lpips_to_full": 0.340023398399353, "temporal_delta_error": 0.005669055972248316}
{"phase": "fairbench", "prompt": 10, "seed": 4000, "method": "full", "clip_score": 29.953125, "frame_consistency": 0.97705078125, "motion": 0.040501587092876434, "sharpness": 0.00031213933834806085, "psnr_to_full": null, "ssim_to_full": 1.0, "lpips_to_full": 0.0, "temporal_delta_error": 0.0}
{"phase": "fairbench", "prompt": 10, "seed": 4000, "method": "FORAw13_n3_GI", "clip_score": 29.5, "frame_consistency": 0.970703125, "motion": 0.04018740355968475, "sharpness": 0.0003118649765383452, "psnr_to_full": 29.856613128821134, "ssim_to_full": 0.9712607860565186, "lpips_to_full": 0.04103342443704605, "temporal_delta_error": 0.0016332169761881232}
{"phase": "fairbench", "prompt": 10, "seed": 4000, "method": "FORAw17_n3", "clip_score": 29.875, "frame_consistency": 0.97412109375, "motion": 0.042100690305233, "sharpness": 0.0003375002706889063, "psnr_to_full": 31.53781131965669, "ssim_to_full": 0.9739554524421692, "lpips_to_full": 0.02484600804746151, "temporal_delta_error": 0.0012467883061617613}
{"phase": "fairbench", "prompt": 10, "seed": 4000, "method": "FORAw17_n4", "clip_score": 29.65625, "frame_consistency": 0.974609375, "motion": 0.04179396107792854, "sharpness": 0.0003180819912813604, "psnr_to_full": 31.11134253066698, "ssim_to_full": 0.9749905467033386, "lpips_to_full": 0.029090868309140205, "temporal_delta_error": 0.0013540266081690788}
{"phase": "fairbench", "prompt": 10, "seed": 4000, "method": "OURS_O3w10_B3", "clip_score": 28.375, "frame_consistency": 0.95556640625, "motion": 0.03971328213810921, "sharpness": 0.0002883159031625837, "psnr_to_full": 24.66486142519495, "ssim_to_full": 0.8819209933280945, "lpips_to_full": 0.13284488022327423, "temporal_delta_error": 0.00419925432652235}
{"phase": "fairbench", "prompt": 10, "seed": 4000, "method": "OURS_O3w13_B2", "clip_score": 29.375, "frame_consistency": 0.97412109375, "motion": 0.04063725844025612, "sharpness": 0.00031989041599445045, "psnr_to_full": 28.266265540958834, "ssim_to_full": 0.9503397941589355, "lpips_to_full": 0.05915580689907074, "temporal_delta_error": 0.0022206527646631002}
{"phase": "fairbench", "prompt": 10, "seed": 4000, "method": "OURS_O3w17_B2", "clip_score": 29.6875, "frame_consistency": 0.97412109375, "motion": 0.041285328567028046, "sharpness": 0.0003138564934488386, "psnr_to_full": 29.21330223274826, "ssim_to_full": 0.9695844054222107, "lpips_to_full": 0.040485695004463196, "temporal_delta_error": 0.0020415992476046085}
{"phase": "fairbench", "prompt": 10, "seed": 4000, "method": "OURS_O3w17_B2_GI", "clip_score": 29.59375, "frame_consistency": 0.97216796875, "motion": 0.041151776909828186, "sharpness": 0.0003144835354760289, "psnr_to_full": 29.357346608744823, "ssim_to_full": 0.9692925810813904, "lpips_to_full": 0.04018893837928772, "temporal_delta_error": 0.0019625842105597258}
{"phase": "fairbench", "prompt": 10, "seed": 4000, "method": "OURS_O4w13_B2_GI", "clip_score": 29.09375, "frame_consistency": 0.97216796875, "motion": 0.04103228449821472, "sharpness": 0.000335132353939116, "psnr_to_full": 27.37958801893715, "ssim_to_full": 0.9370882511138916, "lpips_to_full": 0.07222525775432587, "temporal_delta_error": 0.0026283799670636654}
{"phase": "fairbench", "prompt": 10, "seed": 4000, "method": "OURS_Ow17_L4_GI", "clip_score": 29.515625, "frame_consistency": 0.97119140625, "motion": 0.041597604751586914, "sharpness": 0.000317768775857985, "psnr_to_full": 30.843015954772785, "ssim_to_full": 0.9767590761184692, "lpips_to_full": 0.03124336712062359, "temporal_delta_error": 0.0014218786964192986}
{"phase": "fairbench", "prompt": 10, "seed": 4000, "method": "OURS_Ow20_L4", "clip_score": 29.9375, "frame_consistency": 0.97265625, "motion": 0.04093795269727707, "sharpness": 0.0003254959883634001, "psnr_to_full": 34.79189876318142, "ssim_to_full": 0.9898695349693298, "lpips_to_full": 0.01730416715145111, "temporal_delta_error": 0.000589324627071619}
{"phase": "fairbench", "prompt": 10, "seed": 4000, "method": "Oonly_O2w17", "clip_score": 30.0, "frame_consistency": 0.9765625, "motion": 0.04073529317975044, "sharpness": 0.00030990474624559283, "psnr_to_full": 33.31767171347574, "ssim_to_full": 0.9887632131576538, "lpips_to_full": 0.019451892003417015, "temporal_delta_error": 0.0008735156152397394}
{"phase": "fairbench", "prompt": 10, "seed": 4000, "method": "Oonly_O3w13", "clip_score": 29.8125, "frame_consistency": 0.97119140625, "motion": 0.040564749389886856, "sharpness": 0.0003143381327390671, "psnr_to_full": 29.84780778920282, "ssim_to_full": 0.9714393615722656, "lpips_to_full": 0.0404575951397419, "temporal_delta_error": 0.0016693554352968931}
{"phase": "fairbench", "prompt": 10, "seed": 4000, "method": "Oonly_O3w17", "clip_score": 30.203125, "frame_consistency": 0.9775390625, "motion": 0.04127058759331703, "sharpness": 0.0003170786949340254, "psnr_to_full": 30.155640097481452, "ssim_to_full": 0.9775513410568237, "lpips_to_full": 0.03313522785902023, "temporal_delta_error": 0.001672631362453103}
{"phase": "fairbench", "prompt": 10, "seed": 4000, "method": "TEAw10_0.2", "clip_score": 29.875, "frame_consistency": 0.97314453125, "motion": 0.040537379682064056, "sharpness": 0.00031975997262634337, "psnr_to_full": 26.640331317731683, "ssim_to_full": 0.9076342582702637, "lpips_to_full": 0.09777175635099411, "temporal_delta_error": 0.0025808338541537523}
{"phase": "fairbench", "prompt": 10, "seed": 4000, "method": "TEAw10_0.2_GI", "clip_score": 29.640625, "frame_consistency": 0.96923828125, "motion": 0.04036141186952591, "sharpness": 0.0003164971130900085, "psnr_to_full": 26.674188561389304, "ssim_to_full": 0.9079984426498413, "lpips_to_full": 0.09691508114337921, "temporal_delta_error": 0.0025490662083029747}
{"phase": "fairbench", "prompt": 10, "seed": 4000, "method": "TEAw10_0.3", "clip_score": 29.90625, "frame_consistency": 0.966796875, "motion": 0.04023847356438637, "sharpness": 0.00032046547858044505, "psnr_to_full": 25.785937813574527, "ssim_to_full": 0.8903717994689941, "lpips_to_full": 0.11976014077663422, "temporal_delta_error": 0.002982769161462784}
{"phase": "fairbench", "prompt": 10, "seed": 4000, "method": "TEAw10_0.5", "clip_score": 28.828125, "frame_consistency": 0.96337890625, "motion": 0.039504777640104294, "sharpness": 0.00029177076066844165, "psnr_to_full": 24.71827250499548, "ssim_to_full": 0.8614112138748169, "lpips_to_full": 0.15107204020023346, "temporal_delta_error": 0.003924556542187929}
{"phase": "fairbench", "prompt": 10, "seed": 4000, "method": "TEAw13_0.2", "clip_score": 29.34375, "frame_consistency": 0.96875, "motion": 0.041155681014060974, "sharpness": 0.00031099459738470614, "psnr_to_full": 29.21322461900673, "ssim_to_full": 0.9584975838661194, "lpips_to_full": 0.050448860973119736, "temporal_delta_error": 0.0018808466847985983}
{"phase": "fairbench", "prompt": 10, "seed": 4000, "method": "TEAw13_0.2_GI", "clip_score": 29.046875, "frame_consistency": 0.96533203125, "motion": 0.041043613106012344, "sharpness": 0.0003080695169046521, "psnr_to_full": 29.29472535829905, "ssim_to_full": 0.9580351710319519, "lpips_to_full": 0.051094964146614075, "temporal_delta_error": 0.0018212684663012624}
{"phase": "fairbench", "prompt": 10, "seed": 4000, "method": "TEAw13_0.3", "clip_score": 29.8125, "frame_consistency": 0.96875, "motion": 0.04073786735534668, "sharpness": 0.0003065163909923285, "psnr_to_full": 27.965455090289694, "ssim_to_full": 0.9444466233253479, "lpips_to_full": 0.0678345337510109, "temporal_delta_error": 0.002359007718041539}
{"phase": "fairbench", "prompt": 10, "seed": 4000, "method": "TEAw13_0.3_GI", "clip_score": 29.546875, "frame_consistency": 0.96484375, "motion": 0.040648531168699265, "sharpness": 0.0003121814224869013, "psnr_to_full": 28.031808764706916, "ssim_to_full": 0.9437341690063477, "lpips_to_full": 0.06744354218244553, "temporal_delta_error": 0.002286586444824934}
{"phase": "fairbench", "prompt": 10, "seed": 4000, "method": "TEAw17_0.1", "clip_score": 29.640625, "frame_consistency": 0.97216796875, "motion": 0.04093796759843826, "sharpness": 0.00031541523640044034, "psnr_to_full": 33.183029854160814, "ssim_to_full": 0.9859154224395752, "lpips_to_full": 0.02201508916914463, "temporal_delta_error": 0.0008504054276272655}
{"phase": "fairbench", "prompt": 10, "seed": 4000, "method": "TEAw17_0.2", "clip_score": 29.34375, "frame_consistency": 0.97021484375, "motion": 0.04156484082341194, "sharpness": 0.00031278800452128053, "psnr_to_full": 31.612175833870793, "ssim_to_full": 0.9751484394073486, "lpips_to_full": 0.03199804201722145, "temporal_delta_error": 0.0011775126913562417}
{"phase": "fairbench", "prompt": 10, "seed": 4000, "method": "TEAw17_0.2_GI", "clip_score": 29.125, "frame_consistency": 0.96923828125, "motion": 0.0414699912071228, "sharpness": 0.0003116692532785237, "psnr_to_full": 31.575657147812404, "ssim_to_full": 0.9744575619697571, "lpips_to_full": 0.03351201117038727, "temporal_delta_error": 0.001169954426586628}
{"phase": "fairbench", "prompt": 10, "seed": 4000, "method": "TEAw17_0.3", "clip_score": 29.15625, "frame_consistency": 0.9638671875, "motion": 0.041875362396240234, "sharpness": 0.0003066044009756297, "psnr_to_full": 30.10319009130407, "ssim_to_full": 0.9638155698776245, "lpips_to_full": 0.04287543520331383, "temporal_delta_error": 0.0016092996811494231}
{"phase": "fairbench", "prompt": 10, "seed": 4000, "method": "TEAw17_0.3_GI", "clip_score": 29.0, "frame_consistency": 0.96484375, "motion": 0.041761912405490875, "sharpness": 0.0003129764518234879, "psnr_to_full": 30.077613503473476, "ssim_to_full": 0.9632273316383362, "lpips_to_full": 0.04383082687854767, "temporal_delta_error": 0.0016186338616535068}
{"phase": "fairbench", "prompt": 10, "seed": 4000, "method": "TSw17_n3", "clip_score": 30.03125, "frame_consistency": 0.9755859375, "motion": 0.04189362749457359, "sharpness": 0.00032133335480466485, "psnr_to_full": 31.095413520544284, "ssim_to_full": 0.9773494005203247, "lpips_to_full": 0.02756071463227272, "temporal_delta_error": 0.0013999819057062268}
{"phase": "fairbench", "prompt": 10, "seed": 4000, "method": "dpm20", "clip_score": 30.984375, "frame_consistency": 0.98779296875, "motion": 0.031574834138154984, "sharpness": 4.0265767893288285e-05, "psnr_to_full": 9.844960848254637, "ssim_to_full": 0.5301801562309265, "lpips_to_full": 0.732741117477417, "temporal_delta_error": 0.017246706411242485}
{"phase": "fairbench", "prompt": 10, "seed": 4000, "method": "full_perturb1e-2", "clip_score": 29.859375, "frame_consistency": 0.9736328125, "motion": 0.04118529334664345, "sharpness": 0.00038502365350723267, "psnr_to_full": 24.985937395963568, "ssim_to_full": 0.8751569986343384, "lpips_to_full": 0.11421294510364532, "temporal_delta_error": 0.003895343514159322}
{"phase": "fairbench", "prompt": 10, "seed": 4000, "method": "full_retime", "clip_score": 29.953125, "frame_consistency": 0.97705078125, "motion": 0.040501587092876434, "sharpness": 0.00031213933834806085, "psnr_to_full": null, "ssim_to_full": 1.0, "lpips_to_full": 0.0, "temporal_delta_error": 0.0}
{"phase": "fairbench", "prompt": 10, "seed": 4000, "method": "unipc20", "clip_score": 31.0625, "frame_consistency": 0.97119140625, "motion": 0.03566565364599228, "sharpness": 8.399791113333777e-05, "psnr_to_full": 9.74212829970291, "ssim_to_full": 0.5249022841453552, "lpips_to_full": 0.7184311747550964, "temporal_delta_error": 0.019727854058146477}
{"phase": "fairbench", "prompt": 10, "seed": 4000, "method": "unipc25", "clip_score": 30.078125, "frame_consistency": 0.98193359375, "motion": 0.04699455201625824, "sharpness": 0.00010908634430961683, "psnr_to_full": 11.055990021371745, "ssim_to_full": 0.5152668952941895, "lpips_to_full": 0.6119056344032288, "temporal_delta_error": 0.020159700885415077}
The config attributes {'invert_scale_latents': False} were passed to AutoencoderKLCogVideoX, but are not expected and will be ignored. Please verify your config.json configuration file.
/usr/local/lib64/python3.9/site-packages/torch/_utils.py:831: UserWarning: TypedStorage is deprecated. It will be removed in the future and UntypedStorage will be the only storage class. This should only matter to you if you are using storages directly.  To access UntypedStorage directly, use tensor.untyped_storage() instead of tensor.storage()
  return self.fget.__get__(instance, owner)()
{"phase": "fairbench", "prompt": 4, "seed": 4000, "method": "FORAw17_n4", "aesthetic": 4.858415126800537, "clip_text": 24.378976821899414, "subj_cons": 0.9246894121170044, "imaging": 0.004124737344682217, "motion": 0.009695966728031635, "flicker": 0.01658707484602928}
{"phase": "fairbench", "prompt": 4, "seed": 4000, "method": "OURS_O3w17_B2_GI", "aesthetic": 4.782403945922852, "clip_text": 24.63218879699707, "subj_cons": 0.9248639345169067, "imaging": 0.003971986938267946, "motion": 0.009572801180183887, "flicker": 0.016249867156147957}
{"phase": "fairbench", "prompt": 4, "seed": 4000, "method": "Oonly_O2w17", "aesthetic": 4.886570930480957, "clip_text": 24.57733154296875, "subj_cons": 0.9183754324913025, "imaging": 0.0041921320371329784, "motion": 0.009873339906334877, "flicker": 0.01684759557247162}
{"phase": "fairbench", "prompt": 4, "seed": 4000, "method": "TEAw10_0.2_GI", "aesthetic": 4.960448265075684, "clip_text": 25.08416748046875, "subj_cons": 0.9215684533119202, "imaging": 0.004035918973386288, "motion": 0.0091242091730237, "flicker": 0.015520813874900341}
{"phase": "fairbench", "prompt": 4, "seed": 4000, "method": "TEAw13_0.2_GI", "aesthetic": 4.783268451690674, "clip_text": 24.586074829101562, "subj_cons": 0.9250718951225281, "imaging": 0.0037489100359380245, "motion": 0.00911120604723692, "flicker": 0.015370413661003113}
{"phase": "fairbench", "prompt": 4, "seed": 4000, "method": "TEAw17_0.2", "aesthetic": 4.930063724517822, "clip_text": 23.99283790588379, "subj_cons": 0.9244731664657593, "imaging": 0.004059213679283857, "motion": 0.009541727602481842, "flicker": 0.016317516565322876}
{"phase": "fairbench", "prompt": 4, "seed": 4000, "method": "TSw17_n3", "aesthetic": 4.805138111114502, "clip_text": 24.45758819580078, "subj_cons": 0.9244187474250793, "imaging": 0.004253062419593334, "motion": 0.009766923263669014, "flicker": 0.016733944416046143}
{"phase": "fairbench", "prompt": 4, "seed": 4000, "method": "full_retime", "aesthetic": 4.892322540283203, "clip_text": 24.143863677978516, "subj_cons": 0.918388843536377, "imaging": 0.004175555892288685, "motion": 0.009805926121771336, "flicker": 0.01673584058880806}
{"phase": "fairbench", "prompt": 5, "seed": 4000, "method": "FORAw17_n3", "aesthetic": 4.862630367279053, "clip_text": 27.539405822753906, "subj_cons": 0.9891494512557983, "imaging": 0.0029706263449043036, "motion": 0.026314184069633484, "flicker": 0.040563568472862244}
{"phase": "fairbench", "prompt": 5, "seed": 4000, "method": "OURS_O3w17_B2", "aesthetic": 4.956009387969971, "clip_text": 27.490612030029297, "subj_cons": 0.988730251789093, "imaging": 0.0028252331539988518, "motion": 0.025396481156349182, "flicker": 0.03886968642473221}
{"phase": "fairbench", "prompt": 5, "seed": 4000, "method": "OURS_Ow20_L4", "aesthetic": 4.900373458862305, "clip_text": 27.6027889251709, "subj_cons": 0.9894489049911499, "imaging": 0.002811761572957039, "motion": 0.025687048211693764, "flicker": 0.03935595601797104}
{"phase": "fairbench", "prompt": 5, "seed": 4000, "method": "TEAw10_0.2", "aesthetic": 4.870238780975342, "clip_text": 27.407407760620117, "subj_cons": 0.9837130308151245, "imaging": 0.0026568048633635044, "motion": 0.025106457993388176, "flicker": 0.037993840873241425}
{"phase": "fairbench", "prompt": 5, "seed": 4000, "method": "TEAw13_0.2", "aesthetic": 4.907718658447266, "clip_text": 27.46212387084961, "subj_cons": 0.9889511466026306, "imaging": 0.0027581239119172096, "motion": 0.025870082899928093, "flicker": 0.03946510702371597}
{"phase": "fairbench", "prompt": 5, "seed": 4000, "method": "TEAw17_0.1", "aesthetic": 4.87748908996582, "clip_text": 27.482393264770508, "subj_cons": 0.9889468550682068, "imaging": 0.002838701941072941, "motion": 0.025761518627405167, "flicker": 0.0395309142768383}
{"phase": "fairbench", "prompt": 5, "seed": 4000, "method": "TEAw17_0.3_GI", "aesthetic": 4.953660011291504, "clip_text": 27.649906158447266, "subj_cons": 0.9884153604507446, "imaging": 0.0028779550921171904, "motion": 0.02592736855149269, "flicker": 0.03969426453113556}
{"phase": "fairbench", "prompt": 5, "seed": 4000, "method": "full_perturb1e-2", "aesthetic": 4.89152717590332, "clip_text": 27.666715621948242, "subj_cons": 0.9876573085784912, "imaging": 0.0025215509813278913, "motion": 0.025660471990704536, "flicker": 0.03929595649242401}
{"phase": "fairbench", "prompt": 6, "seed": 4000, "method": "FORAw13_n3_GI", "aesthetic": 5.870306491851807, "clip_text": 26.03493309020996, "subj_cons": 0.9345446825027466, "imaging": 0.0014382645022124052, "motion": 0.028711775317788124, "flicker": 0.043376993387937546}
{"phase": "fairbench", "prompt": 6, "seed": 4000, "method": "OURS_O3w13_B2", "aesthetic": 5.924361228942871, "clip_text": 26.34044075012207, "subj_cons": 0.9464055299758911, "imaging": 0.0014162183506414294, "motion": 0.028358610346913338, "flicker": 0.042850859463214874}
{"phase": "fairbench", "prompt": 6, "seed": 4000, "method": "OURS_Ow17_L4_GI", "aesthetic": 5.872226715087891, "clip_text": 25.506418228149414, "subj_cons": 0.9350953102111816, "imaging": 0.0014747531386092305, "motion": 0.028933145105838776, "flicker": 0.043507229536771774}
{"phase": "fairbench", "prompt": 6, "seed": 4000, "method": "Oonly_O3w17", "aesthetic": 5.957513809204102, "clip_text": 25.33879852294922, "subj_cons": 0.9433301091194153, "imaging": 0.001508629764430225, "motion": 0.02916267327964306, "flicker": 0.043731335550546646}
{"phase": "fairbench", "prompt": 6, "seed": 4000, "method": "TEAw10_0.5", "aesthetic": 5.697194576263428, "clip_text": 26.537334442138672, "subj_cons": 0.9420963525772095, "imaging": 0.0012162222992628813, "motion": 0.02778891660273075, "flicker": 0.04164528846740723}
{"phase": "fairbench", "prompt": 6, "seed": 4000, "method": "TEAw13_0.3_GI", "aesthetic": 5.87432861328125, "clip_text": 26.280542373657227, "subj_cons": 0.9514120221138, "imaging": 0.0013547184644266963, "motion": 0.028341185301542282, "flicker": 0.04280082508921623}
{"phase": "fairbench", "prompt": 6, "seed": 4000, "method": "TEAw17_0.3", "aesthetic": 5.911304473876953, "clip_text": 25.91279411315918, "subj_cons": 0.949600338935852, "imaging": 0.0014350202400237322, "motion": 0.028709234669804573, "flicker": 0.04322437196969986}
{"phase": "fairbench", "prompt": 6, "seed": 4000, "method": "full", "aesthetic": 5.940273284912109, "clip_text": 25.299591064453125, "subj_cons": 0.9394040703773499, "imaging": 0.0014894951600581408, "motion": 0.029256395995616913, "flicker": 0.043917447328567505}
{"phase": "fairbench", "prompt": 6, "seed": 4000, "method": "unipc25", "aesthetic": 6.542259693145752, "clip_text": 27.117494583129883, "subj_cons": 0.9609462022781372, "imaging": 0.0024326760321855545, "motion": 0.030858376994729042, "flicker": 0.04469485208392143}
{"phase": "fairbench", "prompt": 7, "seed": 4000, "method": "OURS_O3w10_B3", "aesthetic": 7.179296016693115, "clip_text": 29.106468200683594, "subj_cons": 0.9974030256271362, "imaging": 0.0037228066939860582, "motion": 0.008158663287758827, "flicker": 0.01276678591966629}
{"phase": "fairbench", "prompt": 7, "seed": 4000, "method": "OURS_O4w13_B2_GI", "aesthetic": 7.216630935668945, "clip_text": 29.206756591796875, "subj_cons": 0.9979336857795715, "imaging": 0.003529238747432828, "motion": 0.007598567754030228, "flicker": 0.01156875491142273}
{"phase": "fairbench", "prompt": 7, "seed": 4000, "method": "Oonly_O3w13", "aesthetic": 7.139314651489258, "clip_text": 29.072725296020508, "subj_cons": 0.9982154965400696, "imaging": 0.003340883180499077, "motion": 0.008106032386422157, "flicker": 0.012893354520201683}
{"phase": "fairbench", "prompt": 7, "seed": 4000, "method": "TEAw10_0.3", "aesthetic": 7.124866485595703, "clip_text": 29.725269317626953, "subj_cons": 0.9956441521644592, "imaging": 0.003346117679029703, "motion": 0.008437887765467167, "flicker": 0.013305715285241604}
{"phase": "fairbench", "prompt": 7, "seed": 4000, "method": "TEAw13_0.3", "aesthetic": 7.146592617034912, "clip_text": 29.26227378845215, "subj_cons": 0.9966219067573547, "imaging": 0.0033045178279280663, "motion": 0.008231895044445992, "flicker": 0.012852427549660206}
{"phase": "fairbench", "prompt": 7, "seed": 4000, "method": "TEAw17_0.2_GI", "aesthetic": 7.192322254180908, "clip_text": 29.464614868164062, "subj_cons": 0.9972101449966431, "imaging": 0.003404951188713312, "motion": 0.007914900779724121, "flicker": 0.012296357192099094}
{"phase": "fairbench", "prompt": 7, "seed": 4000, "method": "dpm20", "aesthetic": 6.176263332366943, "clip_text": 30.30637550354004, "subj_cons": 0.9939582347869873, "imaging": 0.0013344786129891872, "motion": 0.007002588827162981, "flicker": 0.009682005271315575}
{"phase": "fairbench", "prompt": 7, "seed": 4000, "method": "unipc20", "aesthetic": 6.840456962585449, "clip_text": 29.440330505371094, "subj_cons": 0.9936130046844482, "imaging": 0.00202575814910233, "motion": 0.008118118159472942, "flicker": 0.011910601519048214}
{"phase": "fairbench", "prompt": 8, "seed": 4000, "method": "FORAw17_n4", "aesthetic": 6.440648555755615, "clip_text": 28.70229148864746, "subj_cons": 0.9896605014801025, "imaging": 0.0008542391587980092, "motion": 0.022655349224805832, "flicker": 0.03669339045882225}
{"phase": "fairbench", "prompt": 8, "seed": 4000, "method": "OURS_O3w17_B2_GI", "aesthetic": 6.374691486358643, "clip_text": 28.7333927154541, "subj_cons": 0.99139004945755, "imaging": 0.0008314431179314852, "motion": 0.021871602162718773, "flicker": 0.03546283766627312}
{"phase": "fairbench", "prompt": 8, "seed": 4000, "method": "Oonly_O2w17", "aesthetic": 6.424220561981201, "clip_text": 28.742145538330078, "subj_cons": 0.9903553128242493, "imaging": 0.0008525958983227611, "motion": 0.022193940356373787, "flicker": 0.03586021438241005}
{"phase": "fairbench", "prompt": 8, "seed": 4000, "method": "TEAw10_0.2_GI", "aesthetic": 6.390649795532227, "clip_text": 28.747800827026367, "subj_cons": 0.9912248849868774, "imaging": 0.0008223526529036462, "motion": 0.021882282570004463, "flicker": 0.03550000861287117}
{"phase": "fairbench", "prompt": 8, "seed": 4000, "method": "TEAw13_0.2_GI", "aesthetic": 6.331298828125, "clip_text": 28.7069091796875, "subj_cons": 0.9919619560241699, "imaging": 0.0008774161688052118, "motion": 0.02204255945980549, "flicker": 0.03578346222639084}
{"phase": "fairbench", "prompt": 8, "seed": 4000, "method": "TEAw17_0.2", "aesthetic": 6.417585372924805, "clip_text": 28.550580978393555, "subj_cons": 0.9894682765007019, "imaging": 0.0008850570884533226, "motion": 0.022722823545336723, "flicker": 0.036784037947654724}
{"phase": "fairbench", "prompt": 8, "seed": 4000, "method": "TSw17_n3", "aesthetic": 6.4161763191223145, "clip_text": 28.856739044189453, "subj_cons": 0.9899083375930786, "imaging": 0.0008724270737729967, "motion": 0.022473597899079323, "flicker": 0.03640371561050415}
{"phase": "fairbench", "prompt": 8, "seed": 4000, "method": "full_retime", "aesthetic": 6.417236328125, "clip_text": 28.70729637145996, "subj_cons": 0.9906762838363647, "imaging": 0.0008516727248206735, "motion": 0.022258484736084938, "flicker": 0.03592928126454353}
{"phase": "fairbench", "prompt": 9, "seed": 4000, "method": "FORAw17_n3", "aesthetic": 5.604768753051758, "clip_text": 28.952472686767578, "subj_cons": 0.9898403882980347, "imaging": 0.010963317938148975, "motion": 0.00931569840759039, "flicker": 0.012245792895555496}
{"phase": "fairbench", "prompt": 9, "seed": 4000, "method": "OURS_O3w17_B2", "aesthetic": 5.620660305023193, "clip_text": 29.434589385986328, "subj_cons": 0.986943244934082, "imaging": 0.01020055916160345, "motion": 0.00914040394127369, "flicker": 0.01200183480978012}
{"phase": "fairbench", "prompt": 9, "seed": 4000, "method": "OURS_Ow20_L4", "aesthetic": 5.612210750579834, "clip_text": 29.004865646362305, "subj_cons": 0.9878173470497131, "imaging": 0.01053576823323965, "motion": 0.009248463436961174, "flicker": 0.012254335917532444}
{"phase": "fairbench", "prompt": 9, "seed": 4000, "method": "TEAw10_0.2", "aesthetic": 5.676223278045654, "clip_text": 29.327579498291016, "subj_cons": 0.9778770804405212, "imaging": 0.009889070875942707, "motion": 0.008928215131163597, "flicker": 0.011773832142353058}
{"phase": "fairbench", "prompt": 9, "seed": 4000, "method": "TEAw13_0.2", "aesthetic": 5.668447017669678, "clip_text": 29.36723518371582, "subj_cons": 0.9829188585281372, "imaging": 0.010156074538826942, "motion": 0.009247168898582458, "flicker": 0.012196837924420834}
{"phase": "fairbench", "prompt": 9, "seed": 4000, "method": "TEAw17_0.1", "aesthetic": 5.676033973693848, "clip_text": 28.917036056518555, "subj_cons": 0.9863194227218628, "imaging": 0.01060860138386488, "motion": 0.009319808334112167, "flicker": 0.012353150174021721}
{"phase": "fairbench", "prompt": 9, "seed": 4000, "method": "TEAw17_0.3_GI", "aesthetic": 5.521424293518066, "clip_text": 30.214574813842773, "subj_cons": 0.9861074090003967, "imaging": 0.010298280976712704, "motion": 0.009403873234987259, "flicker": 0.012384154833853245}
{"phase": "fairbench", "prompt": 9, "seed": 4000, "method": "full_perturb1e-2", "aesthetic": 5.670386791229248, "clip_text": 29.006790161132812, "subj_cons": 0.982130765914917, "imaging": 0.010539012961089611, "motion": 0.009211202152073383, "flicker": 0.012232297100126743}
{"phase": "fairbench", "prompt": 10, "seed": 4000, "method": "FORAw13_n3_GI", "aesthetic": 6.639227390289307, "clip_text": 29.50388526916504, "subj_cons": 0.9542620182037354, "imaging": 0.0003118649765383452, "motion": 0.04018740355968475, "flicker": 0.059277065098285675}
{"phase": "fairbench", "prompt": 10, "seed": 4000, "method": "OURS_O3w13_B2", "aesthetic": 6.654744625091553, "clip_text": 29.37038230895996, "subj_cons": 0.9541035294532776, "imaging": 0.00031989041599445045, "motion": 0.04063725844025612, "flicker": 0.06009191274642944}
{"phase": "fairbench", "prompt": 10, "seed": 4000, "method": "OURS_Ow17_L4_GI", "aesthetic": 6.656317234039307, "clip_text": 29.52828025817871, "subj_cons": 0.9513593912124634, "imaging": 0.000317768775857985, "motion": 0.041597604751586914, "flicker": 0.06159713864326477}
{"phase": "fairbench", "prompt": 10, "seed": 4000, "method": "Oonly_O3w17", "aesthetic": 6.6786699295043945, "clip_text": 30.204673767089844, "subj_cons": 0.9601991772651672, "imaging": 0.0003170786949340254, "motion": 0.04127058759331703, "flicker": 0.06103614717721939}
{"phase": "fairbench", "prompt": 10, "seed": 4000, "method": "TEAw10_0.5", "aesthetic": 6.138450622558594, "clip_text": 28.852447509765625, "subj_cons": 0.9355243444442749, "imaging": 0.00029177076066844165, "motion": 0.039504777640104294, "flicker": 0.058617349714040756}
{"phase": "fairbench", "prompt": 10, "seed": 4000, "method": "TEAw13_0.3_GI", "aesthetic": 6.485060691833496, "clip_text": 29.54030418395996, "subj_cons": 0.9465612769126892, "imaging": 0.0003121814224869013, "motion": 0.040648531168699265, "flicker": 0.06024627387523651}
{"phase": "fairbench", "prompt": 10, "seed": 4000, "method": "TEAw17_0.3", "aesthetic": 6.614353656768799, "clip_text": 29.16655158996582, "subj_cons": 0.9469537734985352, "imaging": 0.0003066044009756297, "motion": 0.041875362396240234, "flicker": 0.06201328709721565}
{"phase": "fairbench", "prompt": 10, "seed": 4000, "method": "full", "aesthetic": 6.634476661682129, "clip_text": 29.962125778198242, "subj_cons": 0.961754322052002, "imaging": 0.00031213933834806085, "motion": 0.040501587092876434, "flicker": 0.05968661978840828}
{"phase": "fairbench", "prompt": 10, "seed": 4000, "method": "unipc25", "aesthetic": 6.237205982208252, "clip_text": 30.0778865814209, "subj_cons": 0.9683051109313965, "imaging": 0.00010908634430961683, "motion": 0.04699455201625824, "flicker": 0.07329219579696655}
{"phase": "fairbench", "prompt": 11, "seed": 4000, "method": "OURS_O3w10_B3", "aesthetic": 6.771522045135498, "clip_text": 27.94672203063965, "subj_cons": 0.9772828817367554, "imaging": 0.001998006831854582, "motion": 0.0205600094050169, "flicker": 0.030492659658193588}
{"phase": "fairbench", "prompt": 11, "seed": 4000, "method": "OURS_O4w13_B2_GI", "aesthetic": 6.861753940582275, "clip_text": 27.770957946777344, "subj_cons": 0.9815837144851685, "imaging": 0.002318848157301545, "motion": 0.021710675209760666, "flicker": 0.03209710121154785}
{"phase": "fairbench", "prompt": 11, "seed": 4000, "method": "Oonly_O3w13", "aesthetic": 6.954831123352051, "clip_text": 27.284032821655273, "subj_cons": 0.9835341572761536, "imaging": 0.0023294026032090187, "motion": 0.022095803171396255, "flicker": 0.03267337381839752}
{"phase": "fairbench", "prompt": 11, "seed": 4000, "method": "TEAw10_0.3", "aesthetic": 6.710451602935791, "clip_text": 28.29095458984375, "subj_cons": 0.9794189929962158, "imaging": 0.002036670921370387, "motion": 0.021116159856319427, "flicker": 0.03107008896768093}
{"phase": "fairbench", "prompt": 11, "seed": 4000, "method": "TEAw13_0.3", "aesthetic": 6.824315071105957, "clip_text": 27.960702896118164, "subj_cons": 0.9830489158630371, "imaging": 0.0020509909372776747, "motion": 0.02164696529507637, "flicker": 0.031981490552425385}
{"phase": "fairbench", "prompt": 11, "seed": 4000, "method": "TEAw17_0.2_GI", "aesthetic": 6.896158695220947, "clip_text": 27.347902297973633, "subj_cons": 0.9811798334121704, "imaging": 0.0022307573817670345, "motion": 0.022288436070084572, "flicker": 0.03289545327425003}
{"phase": "fairbench", "prompt": 11, "seed": 4000, "method": "dpm20", "aesthetic": 6.308480262756348, "clip_text": 27.51152229309082, "subj_cons": 0.9852765202522278, "imaging": 0.003375706961378455, "motion": 0.018036728724837303, "flicker": 0.025506725534796715}
{"phase": "fairbench", "prompt": 11, "seed": 4000, "method": "unipc20", "aesthetic": 6.975554466247559, "clip_text": 28.42168426513672, "subj_cons": 0.974784791469574, "imaging": 0.002960264915600419, "motion": 0.02052168734371662, "flicker": 0.030389901250600815}
