/usr/local/lib64/python3.9/site-packages/torch/_utils.py:831: UserWarning: TypedStorage is deprecated. It will be removed in the future and UntypedStorage will be the only storage class. This should only matter to you if you are using storages directly.  To access UntypedStorage directly, use tensor.untyped_storage() instead of tensor.storage()
  return self.fget.__get__(instance, owner)()
{"phase": "fair", "prompt": 1, "seed": 3000, "method": "full", "latent_mse_to_full": 0.0, "seconds": 166.55582443904132, "kinds": {"F": 50, "C": 0, "G": 0, "O": 0}, "full": 3000, "reuse": 0, "attn_only": 0, "ffn_only": 0}
{"phase": "fair", "prompt": 1, "seed": 3000, "method": "full_perturb1e-2", "latent_mse_to_full": 0.011093239299952984, "seconds": 166.19172727991827, "kinds": {"F": 50, "C": 0, "G": 0, "O": 0}, "full": 3000, "reuse": 0, "attn_only": 0, "ffn_only": 0}
{"phase": "fair", "prompt": 1, "seed": 3000, "method": "TEAw10_0.1", "latent_mse_to_full": 0.026010612025856972, "seconds": 90.05547425313853, "kinds": {"F": 50, "C": 0, "G": 0, "O": 0}, "full": 1620, "reuse": 1380, "attn_only": 0, "ffn_only": 0}
{"phase": "fair", "prompt": 1, "seed": 3000, "method": "TEAw10_0.2", "latent_mse_to_full": 0.03755393624305725, "seconds": 66.9019312011078, "kinds": {"F": 50, "C": 0, "G": 0, "O": 0}, "full": 1200, "reuse": 1800, "attn_only": 0, "ffn_only": 0}
{"phase": "fair", "prompt": 1, "seed": 3000, "method": "TEAw10_0.3", "latent_mse_to_full": 0.05546502768993378, "seconds": 56.97353278589435, "kinds": {"F": 50, "C": 0, "G": 0, "O": 0}, "full": 1020, "reuse": 1980, "attn_only": 0, "ffn_only": 0}
{"phase": "fair", "prompt": 1, "seed": 3000, "method": "TEAw10_0.5", "latent_mse_to_full": 0.10027843713760376, "seconds": 50.35564865497872, "kinds": {"F": 50, "C": 0, "G": 0, "O": 0}, "full": 900, "reuse": 2100, "attn_only": 0, "ffn_only": 0}
{"phase": "fair", "prompt": 1, "seed": 3000, "method": "TEAw10_0.8", "latent_mse_to_full": 0.14173713326454163, "seconds": 43.73717906582169, "kinds": {"F": 50, "C": 0, "G": 0, "O": 0}, "full": 780, "reuse": 2220, "attn_only": 0, "ffn_only": 0}
{"phase": "fair", "prompt": 1, "seed": 3000, "method": "TEAw10_0.2_GI", "latent_mse_to_full": 0.03779427707195282, "seconds": 60.545915553113446, "kinds": {"F": 37, "C": 0, "G": 13, "O": 0}, "full": 1080, "reuse": 1530, "attn_only": 0, "ffn_only": 0}
{"phase": "fair", "prompt": 1, "seed": 3000, "method": "TEAw10_0.5_GI", "latent_mse_to_full": 0.10003509372472763, "seconds": 46.86849450599402, "kinds": {"F": 37, "C": 0, "G": 13, "O": 0}, "full": 840, "reuse": 1770, "attn_only": 0, "ffn_only": 0}
{"phase": "fair", "prompt": 1, "seed": 3000, "method": "FORAw10_n2", "latent_mse_to_full": 0.020743606612086296, "seconds": 99.4184727750253, "kinds": {"F": 50, "C": 0, "G": 0, "O": 0}, "full": 1800, "reuse": 1200, "attn_only": 0, "ffn_only": 0}
{"phase": "fair", "prompt": 1, "seed": 3000, "method": "FORAw10_n3", "latent_mse_to_full": 0.029993798583745956, "seconds": 79.67613279307261, "kinds": {"F": 50, "C": 0, "G": 0, "O": 0}, "full": 1440, "reuse": 1560, "attn_only": 0, "ffn_only": 0}
{"phase": "fair", "prompt": 1, "seed": 3000, "method": "FORAw10_n4", "latent_mse_to_full": 0.041619423776865005, "seconds": 66.51828243187629, "kinds": {"F": 50, "C": 0, "G": 0, "O": 0}, "full": 1200, "reuse": 1800, "attn_only": 0, "ffn_only": 0}
{"phase": "fair", "prompt": 1, "seed": 3000, "method": "TSw10_n2", "latent_mse_to_full": 0.0142196174710989, "seconds": 99.8927366451826, "kinds": {"F": 50, "C": 0, "G": 0, "O": 0}, "full": 1800, "reuse": 1200, "attn_only": 0, "ffn_only": 0}
{"phase": "fair", "prompt": 1, "seed": 3000, "method": "TSw10_n3", "latent_mse_to_full": 0.02828228287398815, "seconds": 80.29043212300166, "kinds": {"F": 50, "C": 0, "G": 0, "O": 0}, "full": 1440, "reuse": 1560, "attn_only": 0, "ffn_only": 0}
{"phase": "fair", "prompt": 1, "seed": 3000, "method": "Oonly_O2w10", "latent_mse_to_full": 0.01827002875506878, "seconds": 99.14295867900364, "kinds": {"F": 30, "C": 0, "G": 0, "O": 20}, "full": 1800, "reuse": 0, "attn_only": 0, "ffn_only": 0}
{"phase": "fair", "prompt": 1, "seed": 3000, "method": "Oonly_O3w10", "latent_mse_to_full": 0.03751494735479355, "seconds": 79.31462493608706, "kinds": {"F": 24, "C": 0, "G": 0, "O": 26}, "full": 1440, "reuse": 0, "attn_only": 0, "ffn_only": 0}
{"phase": "fair", "prompt": 1, "seed": 3000, "method": "TEAw17_0.1", "latent_mse_to_full": 0.0023391004651784897, "seconds": 99.41976925800554, "kinds": {"F": 50, "C": 0, "G": 0, "O": 0}, "full": 1800, "reuse": 1200, "attn_only": 0, "ffn_only": 0}
{"phase": "fair", "prompt": 1, "seed": 3000, "method": "TEAw17_0.2", "latent_mse_to_full": 0.007876907475292683, "seconds": 82.97116343001835, "kinds": {"F": 50, "C": 0, "G": 0, "O": 0}, "full": 1500, "reuse": 1500, "attn_only": 0, "ffn_only": 0}
{"phase": "fair", "prompt": 1, "seed": 3000, "method": "TEAw17_0.3", "latent_mse_to_full": 0.014755125157535076, "seconds": 76.37647973699495, "kinds": {"F": 50, "C": 0, "G": 0, "O": 0}, "full": 1380, "reuse": 1620, "attn_only": 0, "ffn_only": 0}
{"phase": "fair", "prompt": 1, "seed": 3000, "method": "TEAw17_0.5", "latent_mse_to_full": 0.039732396602630615, "seconds": 69.81378917908296, "kinds": {"F": 50, "C": 0, "G": 0, "O": 0}, "full": 1260, "reuse": 1740, "attn_only": 0, "ffn_only": 0}
{"phase": "fair", "prompt": 1, "seed": 3000, "method": "TEAw17_0.8", "latent_mse_to_full": 0.10204378515481949, "seconds": 63.22867011092603, "kinds": {"F": 50, "C": 0, "G": 0, "O": 0}, "full": 1140, "reuse": 1860, "attn_only": 0, "ffn_only": 0}
{"phase": "fair", "prompt": 1, "seed": 3000, "method": "TEAw17_0.2_GI", "latent_mse_to_full": 0.008771898224949837, "seconds": 76.67891602800228, "kinds": {"F": 37, "C": 0, "G": 13, "O": 0}, "full": 1380, "reuse": 1230, "attn_only": 0, "ffn_only": 0}
{"phase": "fair", "prompt": 1, "seed": 3000, "method": "TEAw17_0.5_GI", "latent_mse_to_full": 0.04052445665001869, "seconds": 65.06722391908988, "kinds": {"F": 37, "C": 0, "G": 13, "O": 0}, "full": 1170, "reuse": 1440, "attn_only": 0, "ffn_only": 0}
{"phase": "fair", "prompt": 1, "seed": 3000, "method": "FORAw17_n2", "latent_mse_to_full": 0.0010311942314729095, "seconds": 112.59467748505995, "kinds": {"F": 50, "C": 0, "G": 0, "O": 0}, "full": 2040, "reuse": 960, "attn_only": 0, "ffn_only": 0}
{"phase": "fair", "prompt": 1, "seed": 3000, "method": "FORAw17_n3", "latent_mse_to_full": 0.003945008851587772, "seconds": 92.854915834032, "kinds": {"F": 50, "C": 0, "G": 0, "O": 0}, "full": 1680, "reuse": 1320, "attn_only": 0, "ffn_only": 0}
{"phase": "fair", "prompt": 1, "seed": 3000, "method": "FORAw17_n4", "latent_mse_to_full": 0.0051048691384494305, "seconds": 86.27628095797263, "kinds": {"F": 50, "C": 0, "G": 0, "O": 0}, "full": 1560, "reuse": 1440, "attn_only": 0, "ffn_only": 0}
{"phase": "fair", "prompt": 1, "seed": 3000, "method": "TSw17_n2", "latent_mse_to_full": 0.0008445364073850214, "seconds": 113.41272525326349, "kinds": {"F": 50, "C": 0, "G": 0, "O": 0}, "full": 2040, "reuse": 960, "attn_only": 0, "ffn_only": 0}
{"phase": "fair", "prompt": 1, "seed": 3000, "method": "TSw17_n3", "latent_mse_to_full": 0.002697946969419718, "seconds": 93.92957358015701, "kinds": {"F": 50, "C": 0, "G": 0, "O": 0}, "full": 1680, "reuse": 1320, "attn_only": 0, "ffn_only": 0}
{"phase": "fair", "prompt": 1, "seed": 3000, "method": "Oonly_O2w17", "latent_mse_to_full": 0.000866388960275799, "seconds": 113.03440052364022, "kinds": {"F": 34, "C": 0, "G": 0, "O": 16}, "full": 2040, "reuse": 0, "attn_only": 0, "ffn_only": 0}
{"phase": "fair", "prompt": 1, "seed": 3000, "method": "Oonly_O3w17", "latent_mse_to_full": 0.0037727567832916975, "seconds": 93.08955537481233, "kinds": {"F": 28, "C": 0, "G": 0, "O": 22}, "full": 1680, "reuse": 0, "attn_only": 0, "ffn_only": 0}
{"phase": "fair", "prompt": 1, "seed": 3000, "method": "TEA_0.4", "latent_mse_to_full": 0.44574445486068726, "seconds": 33.81663337908685, "kinds": {"F": 50, "C": 0, "G": 0, "O": 0}, "full": 600, "reuse": 2400, "attn_only": 0, "ffn_only": 0}
{"phase": "fair", "prompt": 1, "seed": 3000, "method": "TEA_0.5", "latent_mse_to_full": 0.45494136214256287, "seconds": 30.511408861726522, "kinds": {"F": 50, "C": 0, "G": 0, "O": 0}, "full": 540, "reuse": 2460, "attn_only": 0, "ffn_only": 0}
{"phase": "fair", "prompt": 1, "seed": 3000, "method": "TEA_0.8", "latent_mse_to_full": 0.7799717783927917, "seconds": 20.581038893200457, "kinds": {"F": 50, "C": 0, "G": 0, "O": 0}, "full": 360, "reuse": 2640, "attn_only": 0, "ffn_only": 0}
{"phase": "fair", "prompt": 1, "seed": 3000, "method": "dpm15", "latent_mse_to_full": 0.9045897722244263, "seconds": 49.86430540308356, "kinds": {"F": 15, "C": 0, "G": 0, "O": 0}, "full": 900, "reuse": 0, "attn_only": 0, "ffn_only": 0}
{"phase": "fair", "prompt": 1, "seed": 3000, "method": "unipc15", "latent_mse_to_full": 0.9002331495285034, "seconds": 49.900024234782904, "kinds": {"F": 15, "C": 0, "G": 0, "O": 0}, "full": 900, "reuse": 0, "attn_only": 0, "ffn_only": 0}
{"phase": "fair", "prompt": 1, "seed": 3000, "method": "dpm20", "latent_mse_to_full": 0.8687293529510498, "seconds": 66.48248020978644, "kinds": {"F": 20, "C": 0, "G": 0, "O": 0}, "full": 1200, "reuse": 0, "attn_only": 0, "ffn_only": 0}
{"phase": "fair", "prompt": 1, "seed": 3000, "method": "unipc20", "latent_mse_to_full": 0.8806452751159668, "seconds": 66.50620236666873, "kinds": {"F": 20, "C": 0, "G": 0, "O": 0}, "full": 1200, "reuse": 0, "attn_only": 0, "ffn_only": 0}
{"phase": "fair", "prompt": 1, "seed": 3000, "method": "dpm25", "latent_mse_to_full": 0.7434924840927124, "seconds": 83.10258095990866, "kinds": {"F": 25, "C": 0, "G": 0, "O": 0}, "full": 1500, "reuse": 0, "attn_only": 0, "ffn_only": 0}
{"phase": "fair", "prompt": 1, "seed": 3000, "method": "unipc25", "latent_mse_to_full": 0.7417808175086975, "seconds": 83.13670693384483, "kinds": {"F": 25, "C": 0, "G": 0, "O": 0}, "full": 1500, "reuse": 0, "attn_only": 0, "ffn_only": 0}
{"phase": "fair", "prompt": 1, "seed": 3000, "method": "dpm30", "latent_mse_to_full": 0.6673871874809265, "seconds": 99.7253025798127, "kinds": {"F": 30, "C": 0, "G": 0, "O": 0}, "full": 1800, "reuse": 0, "attn_only": 0, "ffn_only": 0}
{"phase": "fair", "prompt": 1, "seed": 3000, "method": "unipc30", "latent_mse_to_full": 0.5978803038597107, "seconds": 99.74724207306281, "kinds": {"F": 30, "C": 0, "G": 0, "O": 0}, "full": 1800, "reuse": 0, "attn_only": 0, "ffn_only": 0}
{"phase": "fair", "prompt": 1, "seed": 3000, "method": "dpm3_20", "latent_mse_to_full": 0.867793619632721, "seconds": 66.48596434202045, "kinds": {"F": 20, "C": 0, "G": 0, "O": 0}, "full": 1200, "reuse": 0, "attn_only": 0, "ffn_only": 0}
{"phase": "fair", "prompt": 1, "seed": 3000, "method": "OURS_Ow20_L4", "latent_mse_to_full": 0.00255005806684494, "seconds": 93.1930542984046, "kinds": {"F": 35, "C": 0, "G": 0, "O": 15}, "full": 1680, "reuse": 420, "attn_only": 0, "ffn_only": 0}
{"phase": "fair", "prompt": 1, "seed": 3000, "method": "OURS_Ow17_L4_GI", "latent_mse_to_full": 0.004493317566812038, "seconds": 80.29095962410793, "kinds": {"F": 27, "C": 0, "G": 7, "O": 16}, "full": 1440, "reuse": 390, "attn_only": 0, "ffn_only": 0}
{"phase": "fair", "prompt": 1, "seed": 3000, "method": "OURS_O3w13_B2", "latent_mse_to_full": 0.017411792650818825, "seconds": 66.58097205124795, "kinds": {"F": 26, "C": 0, "G": 0, "O": 24}, "full": 1200, "reuse": 360, "attn_only": 0, "ffn_only": 0}
{"phase": "fair", "prompt": 1, "seed": 3000, "method": "OURS_O4w13_B2_GI", "latent_mse_to_full": 0.024996401742100716, "seconds": 56.78169072791934, "kinds": {"F": 19, "C": 0, "G": 4, "O": 27}, "full": 1020, "reuse": 240, "attn_only": 0, "ffn_only": 0}
{"phase": "fair", "prompt": 1, "seed": 3000, "method": "OURS_O3w10_B3", "latent_mse_to_full": 0.06643042713403702, "seconds": 50.00379077810794, "kinds": {"F": 24, "C": 0, "G": 0, "O": 26}, "full": 900, "reuse": 540, "attn_only": 0, "ffn_only": 0}
