/usr/local/lib64/python3.9/site-packages/torch/_utils.py:831: UserWarning: TypedStorage is deprecated. It will be removed in the future and UntypedStorage will be the only storage class. This should only matter to you if you are using storages directly.  To access UntypedStorage directly, use tensor.untyped_storage() instead of tensor.storage()
  return self.fget.__get__(instance, owner)()
{"phase": "fair", "prompt": 2, "seed": 3000, "method": "full", "latent_mse_to_full": 0.0, "seconds": 167.2954590569716, "kinds": {"F": 50, "C": 0, "G": 0, "O": 0}, "full": 3000, "reuse": 0, "attn_only": 0, "ffn_only": 0}
{"phase": "fair", "prompt": 2, "seed": 3000, "method": "full_perturb1e-2", "latent_mse_to_full": 0.048102810978889465, "seconds": 166.4109251620248, "kinds": {"F": 50, "C": 0, "G": 0, "O": 0}, "full": 3000, "reuse": 0, "attn_only": 0, "ffn_only": 0}
{"phase": "fair", "prompt": 2, "seed": 3000, "method": "TEAw10_0.1", "latent_mse_to_full": 0.019019391387701035, "seconds": 90.18127544992603, "kinds": {"F": 50, "C": 0, "G": 0, "O": 0}, "full": 1620, "reuse": 1380, "attn_only": 0, "ffn_only": 0}
{"phase": "fair", "prompt": 2, "seed": 3000, "method": "TEAw10_0.2", "latent_mse_to_full": 0.06091485172510147, "seconds": 66.99091475503519, "kinds": {"F": 50, "C": 0, "G": 0, "O": 0}, "full": 1200, "reuse": 1800, "attn_only": 0, "ffn_only": 0}
{"phase": "fair", "prompt": 2, "seed": 3000, "method": "TEAw10_0.3", "latent_mse_to_full": 0.09522447735071182, "seconds": 57.051345298066735, "kinds": {"F": 50, "C": 0, "G": 0, "O": 0}, "full": 1020, "reuse": 1980, "attn_only": 0, "ffn_only": 0}
{"phase": "fair", "prompt": 2, "seed": 3000, "method": "TEAw10_0.5", "latent_mse_to_full": 0.1296158879995346, "seconds": 50.42350884177722, "kinds": {"F": 50, "C": 0, "G": 0, "O": 0}, "full": 900, "reuse": 2100, "attn_only": 0, "ffn_only": 0}
{"phase": "fair", "prompt": 2, "seed": 3000, "method": "TEAw10_0.8", "latent_mse_to_full": 0.17285983264446259, "seconds": 43.79553758795373, "kinds": {"F": 50, "C": 0, "G": 0, "O": 0}, "full": 780, "reuse": 2220, "attn_only": 0, "ffn_only": 0}
{"phase": "fair", "prompt": 2, "seed": 3000, "method": "TEAw10_0.2_GI", "latent_mse_to_full": 0.061984945088624954, "seconds": 60.6710664620623, "kinds": {"F": 37, "C": 0, "G": 13, "O": 0}, "full": 1080, "reuse": 1530, "attn_only": 0, "ffn_only": 0}
{"phase": "fair", "prompt": 2, "seed": 3000, "method": "TEAw10_0.5_GI", "latent_mse_to_full": 0.13013148307800293, "seconds": 47.21205645496957, "kinds": {"F": 37, "C": 0, "G": 13, "O": 0}, "full": 840, "reuse": 1770, "attn_only": 0, "ffn_only": 0}
{"phase": "fair", "prompt": 2, "seed": 3000, "method": "FORAw10_n2", "latent_mse_to_full": 0.027251508086919785, "seconds": 100.13466874696314, "kinds": {"F": 50, "C": 0, "G": 0, "O": 0}, "full": 1800, "reuse": 1200, "attn_only": 0, "ffn_only": 0}
{"phase": "fair", "prompt": 2, "seed": 3000, "method": "FORAw10_n3", "latent_mse_to_full": 0.07894331961870193, "seconds": 80.2351526399143, "kinds": {"F": 50, "C": 0, "G": 0, "O": 0}, "full": 1440, "reuse": 1560, "attn_only": 0, "ffn_only": 0}
{"phase": "fair", "prompt": 2, "seed": 3000, "method": "FORAw10_n4", "latent_mse_to_full": 0.08715702593326569, "seconds": 66.98574571497738, "kinds": {"F": 50, "C": 0, "G": 0, "O": 0}, "full": 1200, "reuse": 1800, "attn_only": 0, "ffn_only": 0}
{"phase": "fair", "prompt": 2, "seed": 3000, "method": "TSw10_n2", "latent_mse_to_full": 0.02261929214000702, "seconds": 100.61029694112949, "kinds": {"F": 50, "C": 0, "G": 0, "O": 0}, "full": 1800, "reuse": 1200, "attn_only": 0, "ffn_only": 0}
{"phase": "fair", "prompt": 2, "seed": 3000, "method": "TSw10_n3", "latent_mse_to_full": 0.07839054614305496, "seconds": 80.87547301291488, "kinds": {"F": 50, "C": 0, "G": 0, "O": 0}, "full": 1440, "reuse": 1560, "attn_only": 0, "ffn_only": 0}
{"phase": "fair", "prompt": 2, "seed": 3000, "method": "Oonly_O2w10", "latent_mse_to_full": 0.02796810120344162, "seconds": 99.85064830607735, "kinds": {"F": 30, "C": 0, "G": 0, "O": 20}, "full": 1800, "reuse": 0, "attn_only": 0, "ffn_only": 0}
{"phase": "fair", "prompt": 2, "seed": 3000, "method": "Oonly_O3w10", "latent_mse_to_full": 0.08254167437553406, "seconds": 79.88227512920275, "kinds": {"F": 24, "C": 0, "G": 0, "O": 26}, "full": 1440, "reuse": 0, "attn_only": 0, "ffn_only": 0}
{"phase": "fair", "prompt": 2, "seed": 3000, "method": "TEAw17_0.1", "latent_mse_to_full": 0.0030688184779137373, "seconds": 100.13613014807925, "kinds": {"F": 50, "C": 0, "G": 0, "O": 0}, "full": 1800, "reuse": 1200, "attn_only": 0, "ffn_only": 0}
{"phase": "fair", "prompt": 2, "seed": 3000, "method": "TEAw17_0.2", "latent_mse_to_full": 0.01074151135981083, "seconds": 83.55717225186527, "kinds": {"F": 50, "C": 0, "G": 0, "O": 0}, "full": 1500, "reuse": 1500, "attn_only": 0, "ffn_only": 0}
{"phase": "fair", "prompt": 2, "seed": 3000, "method": "TEAw17_0.3", "latent_mse_to_full": 0.020396366715431213, "seconds": 76.93747170595452, "kinds": {"F": 50, "C": 0, "G": 0, "O": 0}, "full": 1380, "reuse": 1620, "attn_only": 0, "ffn_only": 0}
{"phase": "fair", "prompt": 2, "seed": 3000, "method": "TEAw17_0.5", "latent_mse_to_full": 0.05667775869369507, "seconds": 70.31077949889004, "kinds": {"F": 50, "C": 0, "G": 0, "O": 0}, "full": 1260, "reuse": 1740, "attn_only": 0, "ffn_only": 0}
{"phase": "fair", "prompt": 2, "seed": 3000, "method": "TEAw17_0.8", "latent_mse_to_full": 0.12301921844482422, "seconds": 63.683590630069375, "kinds": {"F": 50, "C": 0, "G": 0, "O": 0}, "full": 1140, "reuse": 1860, "attn_only": 0, "ffn_only": 0}
{"phase": "fair", "prompt": 2, "seed": 3000, "method": "TEAw17_0.2_GI", "latent_mse_to_full": 0.015627065673470497, "seconds": 77.24546086089686, "kinds": {"F": 37, "C": 0, "G": 13, "O": 0}, "full": 1380, "reuse": 1230, "attn_only": 0, "ffn_only": 0}
{"phase": "fair", "prompt": 2, "seed": 3000, "method": "TEAw17_0.5_GI", "latent_mse_to_full": 0.060840900987386703, "seconds": 65.53966513695195, "kinds": {"F": 37, "C": 0, "G": 13, "O": 0}, "full": 1170, "reuse": 1440, "attn_only": 0, "ffn_only": 0}
{"phase": "fair", "prompt": 2, "seed": 3000, "method": "FORAw17_n2", "latent_mse_to_full": 0.0019188114674761891, "seconds": 113.39225968206301, "kinds": {"F": 50, "C": 0, "G": 0, "O": 0}, "full": 2040, "reuse": 960, "attn_only": 0, "ffn_only": 0}
{"phase": "fair", "prompt": 2, "seed": 3000, "method": "FORAw17_n3", "latent_mse_to_full": 0.00534033915027976, "seconds": 93.48684484115802, "kinds": {"F": 50, "C": 0, "G": 0, "O": 0}, "full": 1680, "reuse": 1320, "attn_only": 0, "ffn_only": 0}
{"phase": "fair", "prompt": 2, "seed": 3000, "method": "FORAw17_n4", "latent_mse_to_full": 0.007367450278252363, "seconds": 86.81267847795971, "kinds": {"F": 50, "C": 0, "G": 0, "O": 0}, "full": 1560, "reuse": 1440, "attn_only": 0, "ffn_only": 0}
{"phase": "fair", "prompt": 2, "seed": 3000, "method": "TSw17_n2", "latent_mse_to_full": 0.0007822979823686182, "seconds": 113.59924677596428, "kinds": {"F": 50, "C": 0, "G": 0, "O": 0}, "full": 2040, "reuse": 960, "attn_only": 0, "ffn_only": 0}
{"phase": "fair", "prompt": 2, "seed": 3000, "method": "TSw17_n3", "latent_mse_to_full": 0.0039873807691037655, "seconds": 93.89399633696303, "kinds": {"F": 50, "C": 0, "G": 0, "O": 0}, "full": 1680, "reuse": 1320, "attn_only": 0, "ffn_only": 0}
{"phase": "fair", "prompt": 2, "seed": 3000, "method": "Oonly_O2w17", "latent_mse_to_full": 0.0005258213495835662, "seconds": 113.00017732102424, "kinds": {"F": 34, "C": 0, "G": 0, "O": 16}, "full": 2040, "reuse": 0, "attn_only": 0, "ffn_only": 0}
{"phase": "fair", "prompt": 2, "seed": 3000, "method": "Oonly_O3w17", "latent_mse_to_full": 0.004046468064188957, "seconds": 93.051385960076, "kinds": {"F": 28, "C": 0, "G": 0, "O": 22}, "full": 1680, "reuse": 0, "attn_only": 0, "ffn_only": 0}
{"phase": "fair", "prompt": 2, "seed": 3000, "method": "TEA_0.4", "latent_mse_to_full": 0.3399674892425537, "seconds": 33.79864680022001, "kinds": {"F": 50, "C": 0, "G": 0, "O": 0}, "full": 600, "reuse": 2400, "attn_only": 0, "ffn_only": 0}
{"phase": "fair", "prompt": 2, "seed": 3000, "method": "TEA_0.5", "latent_mse_to_full": 0.3526226878166199, "seconds": 30.494707867037505, "kinds": {"F": 50, "C": 0, "G": 0, "O": 0}, "full": 540, "reuse": 2460, "attn_only": 0, "ffn_only": 0}
{"phase": "fair", "prompt": 2, "seed": 3000, "method": "TEA_0.8", "latent_mse_to_full": 0.46804821491241455, "seconds": 20.566942477133125, "kinds": {"F": 50, "C": 0, "G": 0, "O": 0}, "full": 360, "reuse": 2640, "attn_only": 0, "ffn_only": 0}
{"phase": "fair", "prompt": 2, "seed": 3000, "method": "dpm15", "latent_mse_to_full": 0.6819251179695129, "seconds": 49.84041042858735, "kinds": {"F": 15, "C": 0, "G": 0, "O": 0}, "full": 900, "reuse": 0, "attn_only": 0, "ffn_only": 0}
{"phase": "fair", "prompt": 2, "seed": 3000, "method": "unipc15", "latent_mse_to_full": 0.6687473058700562, "seconds": 49.87056641001254, "kinds": {"F": 15, "C": 0, "G": 0, "O": 0}, "full": 900, "reuse": 0, "attn_only": 0, "ffn_only": 0}
{"phase": "fair", "prompt": 2, "seed": 3000, "method": "dpm20", "latent_mse_to_full": 0.594652533531189, "seconds": 66.4513755873777, "kinds": {"F": 20, "C": 0, "G": 0, "O": 0}, "full": 1200, "reuse": 0, "attn_only": 0, "ffn_only": 0}
{"phase": "fair", "prompt": 2, "seed": 3000, "method": "unipc20", "latent_mse_to_full": 0.5683314204216003, "seconds": 66.47249243408442, "kinds": {"F": 20, "C": 0, "G": 0, "O": 0}, "full": 1200, "reuse": 0, "attn_only": 0, "ffn_only": 0}
{"phase": "fair", "prompt": 2, "seed": 3000, "method": "dpm25", "latent_mse_to_full": 0.5253245830535889, "seconds": 83.07146754628047, "kinds": {"F": 25, "C": 0, "G": 0, "O": 0}, "full": 1500, "reuse": 0, "attn_only": 0, "ffn_only": 0}
{"phase": "fair", "prompt": 2, "seed": 3000, "method": "unipc25", "latent_mse_to_full": 0.4991241991519928, "seconds": 83.08896657591686, "kinds": {"F": 25, "C": 0, "G": 0, "O": 0}, "full": 1500, "reuse": 0, "attn_only": 0, "ffn_only": 0}
