The config attributes {'invert_scale_latents': False} were passed to AutoencoderKLCogVideoX, but are not expected and will be ignored. Please verify your config.json configuration file.
/usr/local/lib64/python3.9/site-packages/torchvision/models/_utils.py:208: UserWarning: The parameter 'pretrained' is deprecated since 0.13 and may be removed in the future, please use 'weights' instead.
  warnings.warn(
/usr/local/lib64/python3.9/site-packages/torchvision/models/_utils.py:223: UserWarning: Arguments other than a weight enum or `None` for 'weights' are deprecated since 0.13 and may be removed in the future. The current behavior is equivalent to passing `weights=AlexNet_Weights.IMAGENET1K_V1`. You can also use `weights=AlexNet_Weights.DEFAULT` to get the most up-to-date weights.
  warnings.warn(msg)
/usr/local/lib64/python3.9/site-packages/torch/_utils.py:831: UserWarning: TypedStorage is deprecated. It will be removed in the future and UntypedStorage will be the only storage class. This should only matter to you if you are using storages directly.  To access UntypedStorage directly, use tensor.untyped_storage() instead of tensor.storage()
  return self.fget.__get__(instance, owner)()
{"phase": "fair", "prompt": 2, "seed": 3000, "method": "full", "clip_score": 27.984375, "frame_consistency": 0.99462890625, "motion": 0.04054364562034607, "sharpness": 0.009316680952906609, "psnr_to_full": null, "ssim_to_full": 1.0, "lpips_to_full": 0.0, "temporal_delta_error": 0.0}
{"phase": "fair", "prompt": 2, "seed": 3000, "method": "FORAw10_n2", "clip_score": 27.953125, "frame_consistency": 0.994140625, "motion": 0.040185168385505676, "sharpness": 0.00939752347767353, "psnr_to_full": 29.067234459071862, "ssim_to_full": 0.9127929210662842, "lpips_to_full": 0.04897400736808777, "temporal_delta_error": 0.0014949091710150242}
{"phase": "fair", "prompt": 2, "seed": 3000, "method": "FORAw10_n3", "clip_score": 29.046875, "frame_consistency": 0.9921875, "motion": 0.039324093610048294, "sharpness": 0.009184440597891808, "psnr_to_full": 24.672219430422878, "ssim_to_full": 0.782426118850708, "lpips_to_full": 0.09995540231466293, "temporal_delta_error": 0.003972248174250126}
{"phase": "fair", "prompt": 2, "seed": 3000, "method": "FORAw10_n4", "clip_score": 29.21875, "frame_consistency": 0.9921875, "motion": 0.03924804553389549, "sharpness": 0.009225588291883469, "psnr_to_full": 23.978835683901877, "ssim_to_full": 0.7607201933860779, "lpips_to_full": 0.11020399630069733, "temporal_delta_error": 0.004345795139670372}
{"phase": "fair", "prompt": 2, "seed": 3000, "method": "FORAw17_n2", "clip_score": 27.953125, "frame_consistency": 0.99462890625, "motion": 0.04068208858370781, "sharpness": 0.00931788794696331, "psnr_to_full": 41.137144061254254, "ssim_to_full": 0.9946879148483276, "lpips_to_full": 0.0031677139922976494, "temporal_delta_error": 8.069168688962236e-05}
{"phase": "fair", "prompt": 2, "seed": 3000, "method": "FORAw17_n3", "clip_score": 27.859375, "frame_consistency": 0.99462890625, "motion": 0.040950823575258255, "sharpness": 0.009478187188506126, "psnr_to_full": 36.03945340071153, "ssim_to_full": 0.9797801375389099, "lpips_to_full": 0.01014446746557951, "temporal_delta_error": 0.00024157519510481507}
{"phase": "fair", "prompt": 2, "seed": 3000, "method": "FORAw17_n4", "clip_score": 27.609375, "frame_consistency": 0.994140625, "motion": 0.04082747548818588, "sharpness": 0.009328078478574753, "psnr_to_full": 34.743995689392435, "ssim_to_full": 0.9774300456047058, "lpips_to_full": 0.01404180284589529, "temporal_delta_error": 0.00033707183320075274}
{"phase": "fair", "prompt": 2, "seed": 3000, "method": "OURS_O3w10_B3", "clip_score": 28.046875, "frame_consistency": 0.99365234375, "motion": 0.03724377974867821, "sharpness": 0.008348692208528519, "psnr_to_full": 22.83619574503257, "ssim_to_full": 0.7005239725112915, "lpips_to_full": 0.1473999321460724, "temporal_delta_error": 0.00485288305208087}
{"phase": "fair", "prompt": 2, "seed": 3000, "method": "OURS_O3w13_B2", "clip_score": 27.734375, "frame_consistency": 0.994140625, "motion": 0.04035765677690506, "sharpness": 0.009172703139483929, "psnr_to_full": 29.48668623290144, "ssim_to_full": 0.9419503211975098, "lpips_to_full": 0.04092405363917351, "temporal_delta_error": 0.0009882536251097918}
{"phase": "fair", "prompt": 2, "seed": 3000, "method": "OURS_O4w13_B2_GI", "clip_score": 27.34375, "frame_consistency": 0.994140625, "motion": 0.03971785306930542, "sharpness": 0.0090712308883667, "psnr_to_full": 27.860580386725758, "ssim_to_full": 0.9173409938812256, "lpips_to_full": 0.05801761895418167, "temporal_delta_error": 0.0013585137203335762}
{"phase": "fair", "prompt": 2, "seed": 3000, "method": "OURS_Ow17_L4_GI", "clip_score": 27.609375, "frame_consistency": 0.994140625, "motion": 0.040792472660541534, "sharpness": 0.00923492293804884, "psnr_to_full": 34.193727156457406, "ssim_to_full": 0.9729405641555786, "lpips_to_full": 0.017528150230646133, "temporal_delta_error": 0.00037220376543700695}
{"phase": "fair", "prompt": 2, "seed": 3000, "method": "OURS_Ow20_L4", "clip_score": 27.90625, "frame_consistency": 0.994140625, "motion": 0.040483299642801285, "sharpness": 0.009263129904866219, "psnr_to_full": 38.88102955020683, "ssim_to_full": 0.9908079504966736, "lpips_to_full": 0.0059711504727602005, "temporal_delta_error": 0.00014380384527612478}
{"phase": "fair", "prompt": 2, "seed": 3000, "method": "Oonly_O2w10", "clip_score": 27.609375, "frame_consistency": 0.994140625, "motion": 0.04019899666309357, "sharpness": 0.009448613040149212, "psnr_to_full": 28.86922059078983, "ssim_to_full": 0.9135863184928894, "lpips_to_full": 0.045449160039424896, "temporal_delta_error": 0.0015832502394914627}
{"phase": "fair", "prompt": 2, "seed": 3000, "method": "Oonly_O2w17", "clip_score": 28.0, "frame_consistency": 0.99462890625, "motion": 0.040602073073387146, "sharpness": 0.009319857694208622, "psnr_to_full": 46.552082920085866, "ssim_to_full": 0.9983153939247131, "lpips_to_full": 0.0010786487255245447, "temporal_delta_error": 2.6063804398290813e-05}
{"phase": "fair", "prompt": 2, "seed": 3000, "method": "Oonly_O3w10", "clip_score": 27.90625, "frame_consistency": 0.99462890625, "motion": 0.04002437740564346, "sharpness": 0.00949144084006548, "psnr_to_full": 24.10487755983479, "ssim_to_full": 0.7846387028694153, "lpips_to_full": 0.10077090561389923, "temporal_delta_error": 0.00423639127984643}
{"phase": "fair", "prompt": 2, "seed": 3000, "method": "Oonly_O3w17", "clip_score": 27.984375, "frame_consistency": 0.994140625, "motion": 0.04067083075642586, "sharpness": 0.009285840205848217, "psnr_to_full": 37.39787403255494, "ssim_to_full": 0.9882815480232239, "lpips_to_full": 0.007596783805638552, "temporal_delta_error": 0.000194549560546875}
{"phase": "fair", "prompt": 2, "seed": 3000, "method": "TEA_0.4", "clip_score": 30.328125, "frame_consistency": 0.9951171875, "motion": 0.0259113572537899, "sharpness": 0.004016559571027756, "psnr_to_full": 16.201144398382876, "ssim_to_full": 0.3514614403247833, "lpips_to_full": 0.4024240970611572, "temporal_delta_error": 0.006175734102725983}
{"phase": "fair", "prompt": 2, "seed": 3000, "method": "TEA_0.5", "clip_score": 27.875, "frame_consistency": 0.990234375, "motion": 0.02567308209836483, "sharpness": 0.003495569108054042, "psnr_to_full": 16.12900070334364, "ssim_to_full": 0.3381229341030121, "lpips_to_full": 0.42805200815200806, "temporal_delta_error": 0.006307380739599466}
{"phase": "fair", "prompt": 2, "seed": 3000, "method": "TEA_0.8", "clip_score": 32.875, "frame_consistency": 0.98193359375, "motion": 0.03303942829370499, "sharpness": 0.0026404194068163633, "psnr_to_full": 14.074391502633517, "ssim_to_full": 0.3216780722141266, "lpips_to_full": 0.5255135297775269, "temporal_delta_error": 0.007797562517225742}
{"phase": "fair", "prompt": 2, "seed": 3000, "method": "TEAw10_0.1", "clip_score": 28.078125, "frame_consistency": 0.99462890625, "motion": 0.04005240648984909, "sharpness": 0.009175087325274944, "psnr_to_full": 30.471494398963372, "ssim_to_full": 0.9403522610664368, "lpips_to_full": 0.03718414902687073, "temporal_delta_error": 0.0010120777878910303}
{"phase": "fair", "prompt": 2, "seed": 3000, "method": "TEAw10_0.2", "clip_score": 28.640625, "frame_consistency": 0.99169921875, "motion": 0.03951490297913551, "sharpness": 0.008987694047391415, "psnr_to_full": 25.73246151211826, "ssim_to_full": 0.8196694850921631, "lpips_to_full": 0.08961878716945648, "temporal_delta_error": 0.0030786471907049417}
{"phase": "fair", "prompt": 2, "seed": 3000, "method": "TEAw10_0.2_GI", "clip_score": 28.5625, "frame_consistency": 0.990234375, "motion": 0.039538297802209854, "sharpness": 0.008869175799190998, "psnr_to_full": 25.660026362661785, "ssim_to_full": 0.8166434168815613, "lpips_to_full": 0.09254217147827148, "temporal_delta_error": 0.0030955052934587}
{"phase": "fair", "prompt": 2, "seed": 3000, "method": "TEAw10_0.3", "clip_score": 28.34375, "frame_consistency": 0.99365234375, "motion": 0.03915051370859146, "sharpness": 0.008545313030481339, "psnr_to_full": 23.93064043577571, "ssim_to_full": 0.7454075217247009, "lpips_to_full": 0.12133946269750595, "temporal_delta_error": 0.004242244176566601}
{"phase": "fair", "prompt": 2, "seed": 3000, "method": "TEAw10_0.5", "clip_score": 29.828125, "frame_consistency": 0.99169921875, "motion": 0.039671946316957474, "sharpness": 0.007566538173705339, "psnr_to_full": 22.58577723033413, "ssim_to_full": 0.6774108409881592, "lpips_to_full": 0.1618981957435608, "temporal_delta_error": 0.005056588910520077}
{"phase": "fair", "prompt": 2, "seed": 3000, "method": "TEAw10_0.5_GI", "clip_score": 29.734375, "frame_consistency": 0.9921875, "motion": 0.03957848995923996, "sharpness": 0.007456253748387098, "psnr_to_full": 22.597397289428063, "ssim_to_full": 0.6723785996437073, "lpips_to_full": 0.16542091965675354, "temporal_delta_error": 0.005040040239691734}
{"phase": "fair", "prompt": 2, "seed": 3000, "method": "TEAw10_0.8", "clip_score": 29.765625, "frame_consistency": 0.98974609375, "motion": 0.039002157747745514, "sharpness": 0.006609006784856319, "psnr_to_full": 21.20335251327902, "ssim_to_full": 0.5879853963851929, "lpips_to_full": 0.21865591406822205, "temporal_delta_error": 0.005925230216234922}
{"phase": "fair", "prompt": 2, "seed": 3000, "method": "TEAw17_0.1", "clip_score": 27.875, "frame_consistency": 0.994140625, "motion": 0.04058226943016052, "sharpness": 0.009284470230340958, "psnr_to_full": 38.92069922839936, "ssim_to_full": 0.9904170632362366, "lpips_to_full": 0.005752257537096739, "temporal_delta_error": 0.0001379249442834407}
{"phase": "fair", "prompt": 2, "seed": 3000, "method": "TEAw17_0.2", "clip_score": 27.859375, "frame_consistency": 0.994140625, "motion": 0.04059075564146042, "sharpness": 0.009178942069411278, "psnr_to_full": 32.949592674241416, "ssim_to_full": 0.9677000641822815, "lpips_to_full": 0.019704440608620644, "temporal_delta_error": 0.000517804641276598}
{"phase": "fair", "prompt": 2, "seed": 3000, "method": "TEAw17_0.2_GI", "clip_score": 27.828125, "frame_consistency": 0.9931640625, "motion": 0.04056885838508606, "sharpness": 0.009076325222849846, "psnr_to_full": 31.59195250452001, "ssim_to_full": 0.9508659839630127, "lpips_to_full": 0.029612025246024132, "temporal_delta_error": 0.0007062901859171689}
{"phase": "fair", "prompt": 2, "seed": 3000, "method": "TEAw17_0.3", "clip_score": 27.65625, "frame_consistency": 0.994140625, "motion": 0.0406576506793499, "sharpness": 0.008968865498900414, "psnr_to_full": 30.508793315370816, "ssim_to_full": 0.938076376914978, "lpips_to_full": 0.03606773912906647, "temporal_delta_error": 0.0009022036683745682}
{"phase": "fair", "prompt": 2, "seed": 3000, "method": "TEAw17_0.5", "clip_score": 29.171875, "frame_consistency": 0.99169921875, "motion": 0.04126175120472908, "sharpness": 0.008441537618637085, "psnr_to_full": 26.460145781868846, "ssim_to_full": 0.8379377722740173, "lpips_to_full": 0.08520195633172989, "temporal_delta_error": 0.002379856538027525}
{"phase": "fair", "prompt": 2, "seed": 3000, "method": "TEAw17_0.5_GI", "clip_score": 29.8125, "frame_consistency": 0.9921875, "motion": 0.04126228019595146, "sharpness": 0.00826350413262844, "psnr_to_full": 26.128196360397343, "ssim_to_full": 0.8261574506759644, "lpips_to_full": 0.09274858236312866, "temporal_delta_error": 0.002535827923566103}
{"phase": "fair", "prompt": 2, "seed": 3000, "method": "TEAw17_0.8", "clip_score": 29.65625, "frame_consistency": 0.990234375, "motion": 0.0403335876762867, "sharpness": 0.0071016279980540276, "psnr_to_full": 23.097012002870137, "ssim_to_full": 0.6614283323287964, "lpips_to_full": 0.17293143272399902, "temporal_delta_error": 0.004677022807300091}
{"phase": "fair", "prompt": 2, "seed": 3000, "method": "TSw10_n2", "clip_score": 27.78125, "frame_consistency": 0.99462890625, "motion": 0.040325164794921875, "sharpness": 0.0094249676913023, "psnr_to_full": 29.7783876973673, "ssim_to_full": 0.9279198050498962, "lpips_to_full": 0.041048813611269, "temporal_delta_error": 0.0012709019938483834}
{"phase": "fair", "prompt": 2, "seed": 3000, "method": "TSw10_n3", "clip_score": 28.515625, "frame_consistency": 0.99365234375, "motion": 0.0398947112262249, "sharpness": 0.009380572475492954, "psnr_to_full": 24.396284654692778, "ssim_to_full": 0.7910943031311035, "lpips_to_full": 0.09902618825435638, "temporal_delta_error": 0.004030502401292324}
{"phase": "fair", "prompt": 2, "seed": 3000, "method": "TSw17_n2", "clip_score": 27.984375, "frame_consistency": 0.99462890625, "motion": 0.040666308254003525, "sharpness": 0.009330907836556435, "psnr_to_full": 45.32190749528132, "ssim_to_full": 0.997616171836853, "lpips_to_full": 0.0014188671484589577, "temporal_delta_error": 3.349321923451498e-05}
{"phase": "fair", "prompt": 2, "seed": 3000, "method": "TSw17_n3", "clip_score": 27.859375, "frame_consistency": 0.9951171875, "motion": 0.0409165695309639, "sharpness": 0.009421233087778091, "psnr_to_full": 37.46679495525561, "ssim_to_full": 0.987145185470581, "lpips_to_full": 0.007448749151080847, "temporal_delta_error": 0.0001803300401661545}
{"phase": "fair", "prompt": 2, "seed": 3000, "method": "dpm15", "clip_score": 30.6875, "frame_consistency": 0.99365234375, "motion": 0.09628534317016602, "sharpness": 0.028941547498106956, "psnr_to_full": 12.14471764025461, "ssim_to_full": 0.20581597089767456, "lpips_to_full": 0.546160876750946, "temporal_delta_error": 0.03430170193314552}
{"phase": "fair", "prompt": 2, "seed": 3000, "method": "dpm20", "clip_score": 30.109375, "frame_consistency": 0.9951171875, "motion": 0.07522886991500854, "sharpness": 0.01694382354617119, "psnr_to_full": 12.696414207194444, "ssim_to_full": 0.22491809725761414, "lpips_to_full": 0.5108049511909485, "temporal_delta_error": 0.023868298158049583}
{"phase": "fair", "prompt": 2, "seed": 3000, "method": "dpm25", "clip_score": 30.6875, "frame_consistency": 0.99365234375, "motion": 0.05549604073166847, "sharpness": 0.010217254981398582, "psnr_to_full": 13.426703960427878, "ssim_to_full": 0.26067113876342773, "lpips_to_full": 0.4925163686275482, "temporal_delta_error": 0.016118595376610756}
{"phase": "fair", "prompt": 2, "seed": 3000, "method": "dpm30", "clip_score": 31.546875, "frame_consistency": 0.99072265625, "motion": 0.05048825219273567, "sharpness": 0.01041386928409338, "psnr_to_full": 13.563294824305682, "ssim_to_full": 0.28860601782798767, "lpips_to_full": 0.4876578152179718, "temporal_delta_error": 0.014340350404381752}
{"phase": "fair", "prompt": 2, "seed": 3000, "method": "dpm3_20", "clip_score": 30.125, "frame_consistency": 0.9951171875, "motion": 0.0764603540301323, "sharpness": 0.01754206418991089, "psnr_to_full": 12.636782336192221, "ssim_to_full": 0.2230082005262375, "lpips_to_full": 0.510744571685791, "temporal_delta_error": 0.024599594995379448}
{"phase": "fair", "prompt": 2, "seed": 3000, "method": "full_perturb1e-2", "clip_score": 28.03125, "frame_consistency": 0.9931640625, "motion": 0.04032263532280922, "sharpness": 0.009409944526851177, "psnr_to_full": 26.642684546809452, "ssim_to_full": 0.8509795069694519, "lpips_to_full": 0.06921355426311493, "temporal_delta_error": 0.0023861615918576717}
{"phase": "fair", "prompt": 2, "seed": 3000, "method": "unipc15", "clip_score": 29.609375, "frame_consistency": 0.99560546875, "motion": 0.09031334519386292, "sharpness": 0.024587314575910568, "psnr_to_full": 11.926548306340973, "ssim_to_full": 0.21958249807357788, "lpips_to_full": 0.5203374624252319, "temporal_delta_error": 0.03279130533337593}
{"phase": "fair", "prompt": 2, "seed": 3000, "method": "unipc20", "clip_score": 30.0, "frame_consistency": 0.994140625, "motion": 0.06055624783039093, "sharpness": 0.013436736539006233, "psnr_to_full": 12.806723221972238, "ssim_to_full": 0.25309106707572937, "lpips_to_full": 0.490518182516098, "temporal_delta_error": 0.019522758200764656}
{"phase": "fair", "prompt": 2, "seed": 3000, "method": "unipc25", "clip_score": 32.15625, "frame_consistency": 0.9921875, "motion": 0.040399231016635895, "sharpness": 0.005775177851319313, "psnr_to_full": 13.67943365638208, "ssim_to_full": 0.2980774939060211, "lpips_to_full": 0.4789762496948242, "temporal_delta_error": 0.011413578875362873}
{"phase": "fair", "prompt": 2, "seed": 3000, "method": "unipc30", "clip_score": 31.203125, "frame_consistency": 0.9921875, "motion": 0.033857520669698715, "sharpness": 0.005300548393279314, "psnr_to_full": 13.819486840833925, "ssim_to_full": 0.3156284987926483, "lpips_to_full": 0.47732460498809814, "temporal_delta_error": 0.00959628913551569}
The config attributes {'invert_scale_latents': False} were passed to AutoencoderKLCogVideoX, but are not expected and will be ignored. Please verify your config.json configuration file.
/usr/local/lib64/python3.9/site-packages/torch/_utils.py:831: UserWarning: TypedStorage is deprecated. It will be removed in the future and UntypedStorage will be the only storage class. This should only matter to you if you are using storages directly.  To access UntypedStorage directly, use tensor.untyped_storage() instead of tensor.storage()
  return self.fget.__get__(instance, owner)()
{"phase": "fair", "prompt": 0, "seed": 3000, "method": "FORAw10_n4", "aesthetic": 5.352613925933838, "clip_text": 28.526535034179688, "subj_cons": 0.9959518909454346, "imaging": 0.013219279237091541, "motion": 0.06854412704706192, "flicker": 0.10568109899759293}
{"phase": "fair", "prompt": 0, "seed": 3000, "method": "OURS_O3w10_B3", "aesthetic": 5.368550777435303, "clip_text": 28.370899200439453, "subj_cons": 0.9940147399902344, "imaging": 0.011814645491540432, "motion": 0.06491219252347946, "flicker": 0.09934917837381363}
{"phase": "fair", "prompt": 0, "seed": 3000, "method": "OURS_Ow20_L4", "aesthetic": 5.307524681091309, "clip_text": 28.71672821044922, "subj_cons": 0.99568772315979, "imaging": 0.013034659437835217, "motion": 0.06830190122127533, "flicker": 0.10473708063364029}
{"phase": "fair", "prompt": 0, "seed": 3000, "method": "Oonly_O3w17", "aesthetic": 5.367547512054443, "clip_text": 28.571548461914062, "subj_cons": 0.995808482170105, "imaging": 0.012977346777915955, "motion": 0.06854461878538132, "flicker": 0.1054946705698967}
{"phase": "fair", "prompt": 0, "seed": 3000, "method": "TEAw10_0.1", "aesthetic": 5.328183650970459, "clip_text": 28.70986557006836, "subj_cons": 0.9951788187026978, "imaging": 0.012799430638551712, "motion": 0.06702213734388351, "flicker": 0.10298033803701401}
{"phase": "fair", "prompt": 0, "seed": 3000, "method": "TEAw10_0.5", "aesthetic": 5.310718059539795, "clip_text": 29.81357192993164, "subj_cons": 0.9929574131965637, "imaging": 0.011303853243589401, "motion": 0.060172904282808304, "flicker": 0.08990933001041412}
{"phase": "fair", "prompt": 0, "seed": 3000, "method": "TEAw17_0.2", "aesthetic": 5.283940315246582, "clip_text": 29.055034637451172, "subj_cons": 0.9941225051879883, "imaging": 0.0131669407710433, "motion": 0.06811916828155518, "flicker": 0.10381531715393066}
{"phase": "fair", "prompt": 0, "seed": 3000, "method": "TEAw17_0.5_GI", "aesthetic": 5.184810161590576, "clip_text": 29.774696350097656, "subj_cons": 0.9927828311920166, "imaging": 0.012856869958341122, "motion": 0.0658162459731102, "flicker": 0.09762406349182129}
{"phase": "fair", "prompt": 0, "seed": 3000, "method": "TSw17_n2", "aesthetic": 5.308750629425049, "clip_text": 28.66881561279297, "subj_cons": 0.9956056475639343, "imaging": 0.012980183586478233, "motion": 0.06835771352052689, "flicker": 0.10497862100601196}
{"phase": "fair", "prompt": 0, "seed": 3000, "method": "dpm25", "aesthetic": 5.110180854797363, "clip_text": 29.962215423583984, "subj_cons": 0.9943452477455139, "imaging": 0.009590184316039085, "motion": 0.10006651282310486, "flicker": 0.1765429973602295}
{"phase": "fair", "prompt": 0, "seed": 3000, "method": "full_perturb1e-2", "aesthetic": 5.296226978302002, "clip_text": 28.45670509338379, "subj_cons": 0.9955623149871826, "imaging": 0.012962333858013153, "motion": 0.06816525757312775, "flicker": 0.10467161238193512}
{"phase": "fair", "prompt": 0, "seed": 3000, "method": "unipc30", "aesthetic": 4.977282524108887, "clip_text": 28.857370376586914, "subj_cons": 0.9926469922065735, "imaging": 0.01852289028465748, "motion": 0.09080176800489426, "flicker": 0.14653663337230682}
{"phase": "fair", "prompt": 1, "seed": 3000, "method": "FORAw17_n2", "aesthetic": 6.26385498046875, "clip_text": 27.18256187438965, "subj_cons": 0.9761401414871216, "imaging": 0.00840267539024353, "motion": 0.02778557687997818, "flicker": 0.0513477548956871}
{"phase": "fair", "prompt": 1, "seed": 3000, "method": "OURS_O3w13_B2", "aesthetic": 6.014238357543945, "clip_text": 27.40262794494629, "subj_cons": 0.9706127047538757, "imaging": 0.008895812556147575, "motion": 0.02825154736638069, "flicker": 0.05202654004096985}
{"phase": "fair", "prompt": 1, "seed": 3000, "method": "Oonly_O2w10", "aesthetic": 6.147916793823242, "clip_text": 27.373638153076172, "subj_cons": 0.9717758893966675, "imaging": 0.008421226404607296, "motion": 0.027306590229272842, "flicker": 0.05044078454375267}
{"phase": "fair", "prompt": 1, "seed": 3000, "method": "TEA_0.4", "aesthetic": 5.5013861656188965, "clip_text": 27.375104904174805, "subj_cons": 0.9721416234970093, "imaging": 0.005952297244220972, "motion": 0.03755719214677811, "flicker": 0.06471573561429977}
{"phase": "fair", "prompt": 1, "seed": 3000, "method": "TEAw10_0.2", "aesthetic": 5.9261088371276855, "clip_text": 27.35927963256836, "subj_cons": 0.9709286689758301, "imaging": 0.008426234126091003, "motion": 0.027940617874264717, "flicker": 0.05117974802851677}
{"phase": "fair", "prompt": 1, "seed": 3000, "method": "TEAw10_0.5_GI", "aesthetic": 5.517395973205566, "clip_text": 27.155797958374023, "subj_cons": 0.9687023758888245, "imaging": 0.009005403146147728, "motion": 0.029636302962899208, "flicker": 0.05321246758103371}
{"phase": "fair", "prompt": 1, "seed": 3000, "method": "TEAw17_0.2_GI", "aesthetic": 6.115161418914795, "clip_text": 27.65578269958496, "subj_cons": 0.9731419086456299, "imaging": 0.008774949237704277, "motion": 0.028508160263299942, "flicker": 0.052722349762916565}
{"phase": "fair", "prompt": 1, "seed": 3000, "method": "TEAw17_0.8", "aesthetic": 5.5599799156188965, "clip_text": 28.499242782592773, "subj_cons": 0.9695799946784973, "imaging": 0.010210447013378143, "motion": 0.03443800285458565, "flicker": 0.0614401251077652}
{"phase": "fair", "prompt": 1, "seed": 3000, "method": "TSw17_n3", "aesthetic": 6.2802510261535645, "clip_text": 27.223979949951172, "subj_cons": 0.9791490435600281, "imaging": 0.008689610287547112, "motion": 0.028121929615736008, "flicker": 0.052053362131118774}
{"phase": "fair", "prompt": 1, "seed": 3000, "method": "dpm30", "aesthetic": 6.376932621002197, "clip_text": 27.33168601989746, "subj_cons": 0.9827227592468262, "imaging": 0.0100514842197299, "motion": 0.03711271658539772, "flicker": 0.06758859008550644}
{"phase": "fair", "prompt": 1, "seed": 3000, "method": "unipc15", "aesthetic": 6.397536754608154, "clip_text": 27.563100814819336, "subj_cons": 0.9725005626678467, "imaging": 0.005023071076720953, "motion": 0.01995500549674034, "flicker": 0.03620872646570206}
{"phase": "fair", "prompt": 2, "seed": 3000, "method": "FORAw10_n2", "aesthetic": 6.774752616882324, "clip_text": 27.953523635864258, "subj_cons": 0.9882620573043823, "imaging": 0.00939752347767353, "motion": 0.040185168385505676, "flicker": 0.06269878894090652}
{"phase": "fair", "prompt": 2, "seed": 3000, "method": "FORAw17_n3", "aesthetic": 6.874608516693115, "clip_text": 27.850433349609375, "subj_cons": 0.9889386892318726, "imaging": 0.009478187188506126, "motion": 0.040950823575258255, "flicker": 0.0636342316865921}
{"phase": "fair", "prompt": 2, "seed": 3000, "method": "OURS_O4w13_B2_GI", "aesthetic": 6.6312255859375, "clip_text": 27.34839630126953, "subj_cons": 0.9872608780860901, "imaging": 0.0090712308883667, "motion": 0.03971785306930542, "flicker": 0.06194576248526573}
{"phase": "fair", "prompt": 2, "seed": 3000, "method": "Oonly_O2w17", "aesthetic": 6.85654878616333, "clip_text": 27.989526748657227, "subj_cons": 0.9867745637893677, "imaging": 0.009319857694208622, "motion": 0.040602073073387146, "flicker": 0.06309741735458374}
{"phase": "fair", "prompt": 2, "seed": 3000, "method": "TEA_0.5", "aesthetic": 6.186771869659424, "clip_text": 27.88420867919922, "subj_cons": 0.9815783500671387, "imaging": 0.003495569108054042, "motion": 0.02567308209836483, "flicker": 0.03869180381298065}
{"phase": "fair", "prompt": 2, "seed": 3000, "method": "TEAw10_0.2_GI", "aesthetic": 6.399112701416016, "clip_text": 28.567668914794922, "subj_cons": 0.9843429327011108, "imaging": 0.008869175799190998, "motion": 0.039538297802209854, "flicker": 0.06176028773188591}
{"phase": "fair", "prompt": 2, "seed": 3000, "method": "TEAw10_0.8", "aesthetic": 5.807894706726074, "clip_text": 29.757972717285156, "subj_cons": 0.9761182069778442, "imaging": 0.006609006784856319, "motion": 0.039002157747745514, "flicker": 0.0594487302005291}
{"phase": "fair", "prompt": 2, "seed": 3000, "method": "TEAw17_0.3", "aesthetic": 6.716983795166016, "clip_text": 27.654296875, "subj_cons": 0.9884427189826965, "imaging": 0.008968865498900414, "motion": 0.0406576506793499, "flicker": 0.06316935271024704}
{"phase": "fair", "prompt": 2, "seed": 3000, "method": "TSw10_n2", "aesthetic": 6.810492992401123, "clip_text": 27.778287887573242, "subj_cons": 0.988319993019104, "imaging": 0.0094249676913023, "motion": 0.040325164794921875, "flicker": 0.06286898255348206}
{"phase": "fair", "prompt": 2, "seed": 3000, "method": "dpm15", "aesthetic": 6.722793102264404, "clip_text": 30.692041397094727, "subj_cons": 0.9829235076904297, "imaging": 0.028941547498106956, "motion": 0.09628534317016602, "flicker": 0.16374337673187256}
{"phase": "fair", "prompt": 2, "seed": 3000, "method": "dpm3_20", "aesthetic": 6.859196186065674, "clip_text": 30.132246017456055, "subj_cons": 0.991547167301178, "imaging": 0.01754206418991089, "motion": 0.0764603540301323, "flicker": 0.12605644762516022}
{"phase": "fair", "prompt": 2, "seed": 3000, "method": "unipc20", "aesthetic": 6.6043219566345215, "clip_text": 30.006786346435547, "subj_cons": 0.9809302091598511, "imaging": 0.013436736539006233, "motion": 0.06055624783039093, "flicker": 0.09745637327432632}
{"phase": "fair", "prompt": 3, "seed": 3000, "method": "FORAw10_n3", "aesthetic": 5.883626937866211, "clip_text": 28.104490280151367, "subj_cons": 0.9785981178283691, "imaging": 0.0179658904671669, "motion": 0.03350041061639786, "flicker": 0.054128289222717285}
{"phase": "fair", "prompt": 3, "seed": 3000, "method": "FORAw17_n4", "aesthetic": 5.935563087463379, "clip_text": 27.12215232849121, "subj_cons": 0.9758496284484863, "imaging": 0.01850774697959423, "motion": 0.033989809453487396, "flicker": 0.0552288219332695}
{"phase": "fair", "prompt": 3, "seed": 3000, "method": "OURS_Ow17_L4_GI", "aesthetic": 5.963799953460693, "clip_text": 27.251264572143555, "subj_cons": 0.9786893129348755, "imaging": 0.01870451308786869, "motion": 0.03327356278896332, "flicker": 0.05413384363055229}
{"phase": "fair", "prompt": 3, "seed": 3000, "method": "Oonly_O3w10", "aesthetic": 5.929044246673584, "clip_text": 28.252161026000977, "subj_cons": 0.9700316786766052, "imaging": 0.01956147700548172, "motion": 0.032457493245601654, "flicker": 0.05327562615275383}
{"phase": "fair", "prompt": 3, "seed": 3000, "method": "TEA_0.8", "aesthetic": 4.783241271972656, "clip_text": 29.723379135131836, "subj_cons": 0.9628229141235352, "imaging": 0.0037685553543269634, "motion": 0.020837685093283653, "flicker": 0.02457435242831707}
{"phase": "fair", "prompt": 3, "seed": 3000, "method": "TEAw10_0.3", "aesthetic": 5.8141398429870605, "clip_text": 27.639835357666016, "subj_cons": 0.9714348316192627, "imaging": 0.016008945181965828, "motion": 0.03458249941468239, "flicker": 0.05507676303386688}
{"phase": "fair", "prompt": 3, "seed": 3000, "method": "TEAw17_0.1", "aesthetic": 5.932796955108643, "clip_text": 27.135845184326172, "subj_cons": 0.9780400991439819, "imaging": 0.018642619252204895, "motion": 0.0336020365357399, "flicker": 0.05467383563518524}
{"phase": "fair", "prompt": 3, "seed": 3000, "method": "TEAw17_0.5", "aesthetic": 5.836669921875, "clip_text": 26.781957626342773, "subj_cons": 0.9751583337783813, "imaging": 0.01571175642311573, "motion": 0.03678980842232704, "flicker": 0.05809566378593445}
{"phase": "fair", "prompt": 3, "seed": 3000, "method": "TSw10_n3", "aesthetic": 5.913666248321533, "clip_text": 28.09234046936035, "subj_cons": 0.9745603799819946, "imaging": 0.018749315291643143, "motion": 0.03339280188083649, "flicker": 0.054276976734399796}
{"phase": "fair", "prompt": 3, "seed": 3000, "method": "dpm20", "aesthetic": 6.066434383392334, "clip_text": 29.73750877380371, "subj_cons": 0.9861839413642883, "imaging": 0.005532971117645502, "motion": 0.019698388874530792, "flicker": 0.03255361318588257}
{"phase": "fair", "prompt": 3, "seed": 3000, "method": "full", "aesthetic": 5.923215866088867, "clip_text": 27.154067993164062, "subj_cons": 0.9778790473937988, "imaging": 0.018795255571603775, "motion": 0.03308219090104103, "flicker": 0.05380260571837425}
{"phase": "fair", "prompt": 3, "seed": 3000, "method": "unipc25", "aesthetic": 6.168532371520996, "clip_text": 30.205307006835938, "subj_cons": 0.9930839538574219, "imaging": 0.012347170151770115, "motion": 0.017618903890252113, "flicker": 0.027489347383379936}
