The config attributes {'invert_scale_latents': False} were passed to AutoencoderKLCogVideoX, but are not expected and will be ignored. Please verify your config.json configuration file.
/usr/local/lib64/python3.9/site-packages/torchvision/models/_utils.py:208: UserWarning: The parameter 'pretrained' is deprecated since 0.13 and may be removed in the future, please use 'weights' instead.
  warnings.warn(
/usr/local/lib64/python3.9/site-packages/torchvision/models/_utils.py:223: UserWarning: Arguments other than a weight enum or `None` for 'weights' are deprecated since 0.13 and may be removed in the future. The current behavior is equivalent to passing `weights=AlexNet_Weights.IMAGENET1K_V1`. You can also use `weights=AlexNet_Weights.DEFAULT` to get the most up-to-date weights.
  warnings.warn(msg)
/usr/local/lib64/python3.9/site-packages/torch/_utils.py:831: UserWarning: TypedStorage is deprecated. It will be removed in the future and UntypedStorage will be the only storage class. This should only matter to you if you are using storages directly.  To access UntypedStorage directly, use tensor.untyped_storage() instead of tensor.storage()
  return self.fget.__get__(instance, owner)()
{"phase": "fair", "prompt": 0, "seed": 3000, "method": "full", "clip_score": 28.65625, "frame_consistency": 0.998046875, "motion": 0.06809966266155243, "sharpness": 0.012917526066303253, "psnr_to_full": null, "ssim_to_full": 1.0, "lpips_to_full": 0.0, "temporal_delta_error": 0.0}
{"phase": "fair", "prompt": 0, "seed": 3000, "method": "FORAw10_n2", "clip_score": 28.484375, "frame_consistency": 0.99755859375, "motion": 0.06858126819133759, "sharpness": 0.013175837695598602, "psnr_to_full": 36.7243402741522, "ssim_to_full": 0.9878937602043152, "lpips_to_full": 0.007121044676750898, "temporal_delta_error": 0.0002667074732016772}
{"phase": "fair", "prompt": 0, "seed": 3000, "method": "FORAw10_n3", "clip_score": 28.59375, "frame_consistency": 0.99755859375, "motion": 0.06708525121212006, "sharpness": 0.012715375050902367, "psnr_to_full": 32.44013594374622, "ssim_to_full": 0.9674036502838135, "lpips_to_full": 0.016637755557894707, "temporal_delta_error": 0.0007756707491353154}
{"phase": "fair", "prompt": 0, "seed": 3000, "method": "FORAw10_n4", "clip_score": 28.515625, "frame_consistency": 0.99755859375, "motion": 0.06854412704706192, "sharpness": 0.013219279237091541, "psnr_to_full": 29.870483528387687, "ssim_to_full": 0.9465211033821106, "lpips_to_full": 0.02591712586581707, "temporal_delta_error": 0.0013419000897556543}
{"phase": "fair", "prompt": 0, "seed": 3000, "method": "FORAw17_n2", "clip_score": 28.65625, "frame_consistency": 0.99755859375, "motion": 0.0683978721499443, "sharpness": 0.013033883646130562, "psnr_to_full": 42.08051133077661, "ssim_to_full": 0.9961917400360107, "lpips_to_full": 0.00215919129550457, "temporal_delta_error": 6.348089664243162e-05}
{"phase": "fair", "prompt": 0, "seed": 3000, "method": "FORAw17_n3", "clip_score": 28.546875, "frame_consistency": 0.998046875, "motion": 0.07017498463392258, "sharpness": 0.013663687743246555, "psnr_to_full": 36.76237056421261, "ssim_to_full": 0.9868489503860474, "lpips_to_full": 0.006459216587245464, "temporal_delta_error": 0.00025013534468598664}
{"phase": "fair", "prompt": 0, "seed": 3000, "method": "FORAw17_n4", "clip_score": 28.875, "frame_consistency": 0.99755859375, "motion": 0.06882357597351074, "sharpness": 0.01328905951231718, "psnr_to_full": 35.641313389293295, "ssim_to_full": 0.9821539521217346, "lpips_to_full": 0.009370459243655205, "temporal_delta_error": 0.00033548715873621404}
{"phase": "fair", "prompt": 0, "seed": 3000, "method": "OURS_O3w10_B3", "clip_score": 28.375, "frame_consistency": 0.9970703125, "motion": 0.06491219252347946, "sharpness": 0.011814645491540432, "psnr_to_full": 24.918761469358202, "ssim_to_full": 0.8628997802734375, "lpips_to_full": 0.0717872679233551, "temporal_delta_error": 0.003602394135668874}
{"phase": "fair", "prompt": 0, "seed": 3000, "method": "OURS_O3w13_B2", "clip_score": 28.859375, "frame_consistency": 0.99755859375, "motion": 0.06828061491250992, "sharpness": 0.012819318100810051, "psnr_to_full": 31.498931738192283, "ssim_to_full": 0.9599493741989136, "lpips_to_full": 0.019660823047161102, "temporal_delta_error": 0.0008879204979166389}
{"phase": "fair", "prompt": 0, "seed": 3000, "method": "OURS_O4w13_B2_GI", "clip_score": 28.90625, "frame_consistency": 0.99755859375, "motion": 0.06782270222902298, "sharpness": 0.012913423590362072, "psnr_to_full": 28.75887851943764, "ssim_to_full": 0.9280441403388977, "lpips_to_full": 0.03370478004217148, "temporal_delta_error": 0.001646841992624104}
{"phase": "fair", "prompt": 0, "seed": 3000, "method": "OURS_Ow17_L4_GI", "clip_score": 28.8125, "frame_consistency": 0.99755859375, "motion": 0.06823281198740005, "sharpness": 0.013286971487104893, "psnr_to_full": 34.22030066829254, "ssim_to_full": 0.9744755029678345, "lpips_to_full": 0.013002949766814709, "temporal_delta_error": 0.000499474408570677}
{"phase": "fair", "prompt": 0, "seed": 3000, "method": "OURS_Ow20_L4", "clip_score": 28.71875, "frame_consistency": 0.99755859375, "motion": 0.06830190122127533, "sharpness": 0.013034659437835217, "psnr_to_full": 38.267589788625635, "ssim_to_full": 0.9913468360900879, "lpips_to_full": 0.005204088054597378, "temporal_delta_error": 0.0001623181306058541}
{"phase": "fair", "prompt": 0, "seed": 3000, "method": "Oonly_O2w10", "clip_score": 28.59375, "frame_consistency": 0.99755859375, "motion": 0.0687393918633461, "sharpness": 0.012963088229298592, "psnr_to_full": 37.2379247076057, "ssim_to_full": 0.9908416867256165, "lpips_to_full": 0.005160937551409006, "temporal_delta_error": 0.00021006733004469424}
{"phase": "fair", "prompt": 0, "seed": 3000, "method": "Oonly_O3w10", "clip_score": 28.65625, "frame_consistency": 0.998046875, "motion": 0.06979101896286011, "sharpness": 0.012777185067534447, "psnr_to_full": 32.43846294237785, "ssim_to_full": 0.9703017473220825, "lpips_to_full": 0.014071661047637463, "temporal_delta_error": 0.0006129501271061599}
{"phase": "fair", "prompt": 0, "seed": 3000, "method": "Oonly_O3w17", "clip_score": 28.5625, "frame_consistency": 0.99755859375, "motion": 0.06854461878538132, "sharpness": 0.012977346777915955, "psnr_to_full": 39.42253231470355, "ssim_to_full": 0.9927050471305847, "lpips_to_full": 0.0036156331188976765, "temporal_delta_error": 0.00015172836720012128}
{"phase": "fair", "prompt": 0, "seed": 3000, "method": "TEA_0.4", "clip_score": 28.65625, "frame_consistency": 0.9951171875, "motion": 0.057317689061164856, "sharpness": 0.022729119285941124, "psnr_to_full": 13.268056605202235, "ssim_to_full": 0.44027724862098694, "lpips_to_full": 0.46347710490226746, "temporal_delta_error": 0.015220542438328266}
{"phase": "fair", "prompt": 0, "seed": 3000, "method": "TEA_0.5", "clip_score": 28.875, "frame_consistency": 0.9951171875, "motion": 0.0530836284160614, "sharpness": 0.020704753696918488, "psnr_to_full": 12.07699763148133, "ssim_to_full": 0.4123304784297943, "lpips_to_full": 0.49623292684555054, "temporal_delta_error": 0.01622374728322029}
{"phase": "fair", "prompt": 0, "seed": 3000, "method": "TEA_0.8", "clip_score": 31.28125, "frame_consistency": 0.98828125, "motion": 0.0819258764386177, "sharpness": 0.010075759142637253, "psnr_to_full": 11.356644312790202, "ssim_to_full": 0.33936530351638794, "lpips_to_full": 0.5146155953407288, "temporal_delta_error": 0.02199491299688816}
{"phase": "fair", "prompt": 0, "seed": 3000, "method": "TEAw10_0.1", "clip_score": 28.71875, "frame_consistency": 0.99755859375, "motion": 0.06702213734388351, "sharpness": 0.012799430638551712, "psnr_to_full": 36.0261485097437, "ssim_to_full": 0.9853917360305786, "lpips_to_full": 0.008502703160047531, "temporal_delta_error": 0.0003345388686284423}
{"phase": "fair", "prompt": 0, "seed": 3000, "method": "TEAw10_0.2", "clip_score": 28.859375, "frame_consistency": 0.99658203125, "motion": 0.06523381918668747, "sharpness": 0.012620080262422562, "psnr_to_full": 30.884697947123826, "ssim_to_full": 0.9533182382583618, "lpips_to_full": 0.025323757901787758, "temporal_delta_error": 0.0011039773235097528}
{"phase": "fair", "prompt": 0, "seed": 3000, "method": "TEAw10_0.2_GI", "clip_score": 29.15625, "frame_consistency": 0.99658203125, "motion": 0.06446672976016998, "sharpness": 0.012591760605573654, "psnr_to_full": 29.97649967549444, "ssim_to_full": 0.9399922490119934, "lpips_to_full": 0.03155732899904251, "temporal_delta_error": 0.0013866829685866833}
{"phase": "fair", "prompt": 0, "seed": 3000, "method": "TEAw10_0.3", "clip_score": 29.46875, "frame_consistency": 0.99658203125, "motion": 0.06319644302129745, "sharpness": 0.01225706934928894, "psnr_to_full": 27.9248897460459, "ssim_to_full": 0.9099631309509277, "lpips_to_full": 0.04701203107833862, "temporal_delta_error": 0.0021683962550014257}
{"phase": "fair", "prompt": 0, "seed": 3000, "method": "TEAw10_0.5", "clip_score": 29.8125, "frame_consistency": 0.99609375, "motion": 0.060172904282808304, "sharpness": 0.011303853243589401, "psnr_to_full": 24.246786535486574, "ssim_to_full": 0.8139864206314087, "lpips_to_full": 0.11149906367063522, "temporal_delta_error": 0.0045564076863229275}
{"phase": "fair", "prompt": 0, "seed": 3000, "method": "TEAw10_0.5_GI", "clip_score": 29.9375, "frame_consistency": 0.99609375, "motion": 0.05968479439616203, "sharpness": 0.011279921978712082, "psnr_to_full": 24.089145336568258, "ssim_to_full": 0.8046584725379944, "lpips_to_full": 0.11691978573799133, "temporal_delta_error": 0.00478598615154624}
{"phase": "fair", "prompt": 0, "seed": 3000, "method": "TEAw10_0.8", "clip_score": 30.34375, "frame_consistency": 0.99658203125, "motion": 0.05634809285402298, "sharpness": 0.010573185048997402, "psnr_to_full": 21.929386539555512, "ssim_to_full": 0.7326855659484863, "lpips_to_full": 0.1812513917684555, "temporal_delta_error": 0.006605298724025488}
{"phase": "fair", "prompt": 0, "seed": 3000, "method": "TEAw17_0.1", "clip_score": 28.71875, "frame_consistency": 0.99755859375, "motion": 0.0684407651424408, "sharpness": 0.01316402480006218, "psnr_to_full": 39.30175043256675, "ssim_to_full": 0.9928283095359802, "lpips_to_full": 0.004146605264395475, "temporal_delta_error": 0.00012787249579560012}
{"phase": "fair", "prompt": 0, "seed": 3000, "method": "TEAw17_0.2", "clip_score": 29.046875, "frame_consistency": 0.9970703125, "motion": 0.06811916828155518, "sharpness": 0.0131669407710433, "psnr_to_full": 34.558535041571716, "ssim_to_full": 0.9759737849235535, "lpips_to_full": 0.012680496089160442, "temporal_delta_error": 0.0004664649604819715}
{"phase": "fair", "prompt": 0, "seed": 3000, "method": "TEAw17_0.2_GI", "clip_score": 29.328125, "frame_consistency": 0.9970703125, "motion": 0.06744953244924545, "sharpness": 0.013147719204425812, "psnr_to_full": 32.43937782670828, "ssim_to_full": 0.96056067943573, "lpips_to_full": 0.01989031583070755, "temporal_delta_error": 0.0007985819247551262}
{"phase": "fair", "prompt": 0, "seed": 3000, "method": "TEAw17_0.3", "clip_score": 29.34375, "frame_consistency": 0.99658203125, "motion": 0.06758049130439758, "sharpness": 0.01304988656193018, "psnr_to_full": 31.61328550272147, "ssim_to_full": 0.9543523788452148, "lpips_to_full": 0.023600514978170395, "temporal_delta_error": 0.0009231250151060522}
{"phase": "fair", "prompt": 0, "seed": 3000, "method": "TEAw17_0.5", "clip_score": 29.859375, "frame_consistency": 0.99609375, "motion": 0.06631814688444138, "sharpness": 0.012831991538405418, "psnr_to_full": 27.443596482476764, "ssim_to_full": 0.8917070031166077, "lpips_to_full": 0.06510737538337708, "temporal_delta_error": 0.002416325267404318}
{"phase": "fair", "prompt": 0, "seed": 3000, "method": "TEAw17_0.8", "clip_score": 29.828125, "frame_consistency": 0.99609375, "motion": 0.06693532317876816, "sharpness": 0.012814481742680073, "psnr_to_full": 23.929082400137354, "ssim_to_full": 0.7992128133773804, "lpips_to_full": 0.15591661632061005, "temporal_delta_error": 0.004840652924031019}
{"phase": "fair", "prompt": 0, "seed": 3000, "method": "TSw10_n2", "clip_score": 28.5625, "frame_consistency": 0.99755859375, "motion": 0.06886372715234756, "sharpness": 0.013136575929820538, "psnr_to_full": 37.85580719086852, "ssim_to_full": 0.9914167523384094, "lpips_to_full": 0.004969566594809294, "temporal_delta_error": 0.00019409183005336672}
{"phase": "fair", "prompt": 0, "seed": 3000, "method": "TSw10_n3", "clip_score": 28.546875, "frame_consistency": 0.99755859375, "motion": 0.06885451078414917, "sharpness": 0.012872515246272087, "psnr_to_full": 34.035777394564, "ssim_to_full": 0.9772148728370667, "lpips_to_full": 0.01113965269178152, "temporal_delta_error": 0.0004880281921941787}
{"phase": "fair", "prompt": 0, "seed": 3000, "method": "TSw17_n2", "clip_score": 28.65625, "frame_consistency": 0.998046875, "motion": 0.06835771352052689, "sharpness": 0.012980183586478233, "psnr_to_full": 46.40640079817791, "ssim_to_full": 0.9984399676322937, "lpips_to_full": 0.0008334918529726565, "temporal_delta_error": 2.6517745936871506e-05}
{"phase": "fair", "prompt": 0, "seed": 3000, "method": "TSw17_n3", "clip_score": 28.515625, "frame_consistency": 0.998046875, "motion": 0.0697546973824501, "sharpness": 0.013444293290376663, "psnr_to_full": 38.83548857071151, "ssim_to_full": 0.9913933873176575, "lpips_to_full": 0.004013544414192438, "temporal_delta_error": 0.00016433421114925295}
{"phase": "fair", "prompt": 0, "seed": 3000, "method": "dpm15", "clip_score": 31.375, "frame_consistency": 0.99609375, "motion": 0.08172338455915451, "sharpness": 0.006725111044943333, "psnr_to_full": 9.29718544257865, "ssim_to_full": 0.20479325950145721, "lpips_to_full": 0.5326651930809021, "temporal_delta_error": 0.03729640319943428}
{"phase": "fair", "prompt": 0, "seed": 3000, "method": "dpm25", "clip_score": 29.953125, "frame_consistency": 0.99658203125, "motion": 0.10006651282310486, "sharpness": 0.009590184316039085, "psnr_to_full": 10.830408066155178, "ssim_to_full": 0.30221301317214966, "lpips_to_full": 0.44940218329429626, "temporal_delta_error": 0.03274168074131012}
{"phase": "fair", "prompt": 0, "seed": 3000, "method": "dpm3_20", "clip_score": 30.296875, "frame_consistency": 0.99755859375, "motion": 0.10786359012126923, "sharpness": 0.00757120456546545, "psnr_to_full": 10.08797874243137, "ssim_to_full": 0.236948162317276, "lpips_to_full": 0.5111929178237915, "temporal_delta_error": 0.04488755390048027}
{"phase": "fair", "prompt": 0, "seed": 3000, "method": "full_perturb1e-2", "clip_score": 28.4375, "frame_consistency": 0.99755859375, "motion": 0.06816525757312775, "sharpness": 0.012962333858013153, "psnr_to_full": 38.5759229289514, "ssim_to_full": 0.9920755624771118, "lpips_to_full": 0.005584697239100933, "temporal_delta_error": 0.00011707557132467628}
{"phase": "fair", "prompt": 0, "seed": 3000, "method": "unipc15", "clip_score": 30.984375, "frame_consistency": 0.99658203125, "motion": 0.07463982701301575, "sharpness": 0.007142126560211182, "psnr_to_full": 9.407131162839612, "ssim_to_full": 0.23121574521064758, "lpips_to_full": 0.5272841453552246, "temporal_delta_error": 0.033817049115896225}
{"phase": "fair", "prompt": 0, "seed": 3000, "method": "unipc25", "clip_score": 29.4375, "frame_consistency": 0.9970703125, "motion": 0.09873031824827194, "sharpness": 0.014238128438591957, "psnr_to_full": 12.34589718039267, "ssim_to_full": 0.397521048784256, "lpips_to_full": 0.3878180682659149, "temporal_delta_error": 0.026886729523539543}
{"phase": "fair", "prompt": 0, "seed": 3000, "method": "unipc30", "clip_score": 28.859375, "frame_consistency": 0.99609375, "motion": 0.09080176800489426, "sharpness": 0.01852289028465748, "psnr_to_full": 14.403440639810494, "ssim_to_full": 0.5527682900428772, "lpips_to_full": 0.3041488230228424, "temporal_delta_error": 0.0184794794768095}
The config attributes {'invert_scale_latents': False} were passed to AutoencoderKLCogVideoX, but are not expected and will be ignored. Please verify your config.json configuration file.
/usr/local/lib64/python3.9/site-packages/torch/_utils.py:831: UserWarning: TypedStorage is deprecated. It will be removed in the future and UntypedStorage will be the only storage class. This should only matter to you if you are using storages directly.  To access UntypedStorage directly, use tensor.untyped_storage() instead of tensor.storage()
  return self.fget.__get__(instance, owner)()
{"phase": "fair", "prompt": 0, "seed": 3000, "method": "FORAw10_n2", "aesthetic": 5.344995975494385, "clip_text": 28.488632202148438, "subj_cons": 0.9956501722335815, "imaging": 0.013175837695598602, "motion": 0.06858126819133759, "flicker": 0.10566001385450363}
{"phase": "fair", "prompt": 0, "seed": 3000, "method": "FORAw17_n3", "aesthetic": 5.319088459014893, "clip_text": 28.556156158447266, "subj_cons": 0.996042013168335, "imaging": 0.013663687743246555, "motion": 0.07017498463392258, "flicker": 0.10787681490182877}
{"phase": "fair", "prompt": 0, "seed": 3000, "method": "OURS_O4w13_B2_GI", "aesthetic": 5.282344818115234, "clip_text": 28.919740676879883, "subj_cons": 0.9959425926208496, "imaging": 0.012913423590362072, "motion": 0.06782270222902298, "flicker": 0.10331784933805466}
{"phase": "fair", "prompt": 0, "seed": 3000, "method": "Oonly_O2w17", "aesthetic": 5.332916736602783, "clip_text": 28.695735931396484, "subj_cons": 0.9954423308372498, "imaging": 0.012876690365374088, "motion": 0.06812172383069992, "flicker": 0.10463909059762955}
{"phase": "fair", "prompt": 0, "seed": 3000, "method": "TEA_0.5", "aesthetic": 4.653520107269287, "clip_text": 28.883590698242188, "subj_cons": 0.9839539527893066, "imaging": 0.020704753696918488, "motion": 0.0530836284160614, "flicker": 0.08164451271295547}
{"phase": "fair", "prompt": 0, "seed": 3000, "method": "TEAw10_0.2_GI", "aesthetic": 5.327893257141113, "clip_text": 29.14969253540039, "subj_cons": 0.993122935295105, "imaging": 0.012591760605573654, "motion": 0.06446672976016998, "flicker": 0.09834340959787369}
{"phase": "fair", "prompt": 0, "seed": 3000, "method": "TEAw10_0.8", "aesthetic": 5.123692512512207, "clip_text": 30.34247398376465, "subj_cons": 0.9913236498832703, "imaging": 0.010573185048997402, "motion": 0.05634809285402298, "flicker": 0.08416476845741272}
{"phase": "fair", "prompt": 0, "seed": 3000, "method": "TEAw17_0.3", "aesthetic": 5.251530170440674, "clip_text": 29.347034454345703, "subj_cons": 0.9932637214660645, "imaging": 0.01304988656193018, "motion": 0.06758049130439758, "flicker": 0.10238025337457657}
{"phase": "fair", "prompt": 0, "seed": 3000, "method": "TSw10_n2", "aesthetic": 5.327817440032959, "clip_text": 28.57097625732422, "subj_cons": 0.9954964518547058, "imaging": 0.013136575929820538, "motion": 0.06886372715234756, "flicker": 0.10607472062110901}
{"phase": "fair", "prompt": 0, "seed": 3000, "method": "dpm15", "aesthetic": 5.449136257171631, "clip_text": 31.388545989990234, "subj_cons": 0.9930450320243835, "imaging": 0.006725111044943333, "motion": 0.08172338455915451, "flicker": 0.15115666389465332}
{"phase": "fair", "prompt": 0, "seed": 3000, "method": "dpm3_20", "aesthetic": 5.202881813049316, "clip_text": 30.30605697631836, "subj_cons": 0.9939351677894592, "imaging": 0.00757120456546545, "motion": 0.10786359012126923, "flicker": 0.1955433040857315}
{"phase": "fair", "prompt": 0, "seed": 3000, "method": "unipc20", "aesthetic": 5.081752777099609, "clip_text": 30.162738800048828, "subj_cons": 0.9906988739967346, "imaging": 0.012751586735248566, "motion": 0.10707040131092072, "flicker": 0.18989013135433197}
{"phase": "fair", "prompt": 1, "seed": 3000, "method": "FORAw10_n3", "aesthetic": 6.103087425231934, "clip_text": 27.18874740600586, "subj_cons": 0.9749281406402588, "imaging": 0.008526716381311417, "motion": 0.027717705816030502, "flicker": 0.05102740600705147}
{"phase": "fair", "prompt": 1, "seed": 3000, "method": "FORAw17_n4", "aesthetic": 6.172321319580078, "clip_text": 27.454788208007812, "subj_cons": 0.9767131209373474, "imaging": 0.008890694007277489, "motion": 0.02842089906334877, "flicker": 0.05260230973362923}
{"phase": "fair", "prompt": 1, "seed": 3000, "method": "OURS_Ow17_L4_GI", "aesthetic": 6.204397201538086, "clip_text": 27.455366134643555, "subj_cons": 0.9774471521377563, "imaging": 0.00866523664444685, "motion": 0.02812020480632782, "flicker": 0.052139926701784134}
{"phase": "fair", "prompt": 1, "seed": 3000, "method": "Oonly_O3w10", "aesthetic": 6.324479103088379, "clip_text": 26.43916893005371, "subj_cons": 0.9781289100646973, "imaging": 0.008517072536051273, "motion": 0.027249444276094437, "flicker": 0.05048629269003868}
{"phase": "fair", "prompt": 1, "seed": 3000, "method": "TEA_0.8", "aesthetic": 5.316967487335205, "clip_text": 25.742557525634766, "subj_cons": 0.9562972784042358, "imaging": 0.004227290395647287, "motion": 0.03347520902752876, "flicker": 0.05492185428738594}
{"phase": "fair", "prompt": 1, "seed": 3000, "method": "TEAw10_0.3", "aesthetic": 5.882444858551025, "clip_text": 27.220703125, "subj_cons": 0.9614267349243164, "imaging": 0.008442184887826443, "motion": 0.028262188658118248, "flicker": 0.051130250096321106}
{"phase": "fair", "prompt": 1, "seed": 3000, "method": "TEAw17_0.1", "aesthetic": 6.206952095031738, "clip_text": 27.269203186035156, "subj_cons": 0.9731113910675049, "imaging": 0.008533411659300327, "motion": 0.028009945526719093, "flicker": 0.05177628993988037}
{"phase": "fair", "prompt": 1, "seed": 3000, "method": "TEAw17_0.5", "aesthetic": 5.760611057281494, "clip_text": 27.67857551574707, "subj_cons": 0.9673671722412109, "imaging": 0.009722222574055195, "motion": 0.03047877550125122, "flicker": 0.05575001239776611}
{"phase": "fair", "prompt": 1, "seed": 3000, "method": "TSw10_n3", "aesthetic": 6.117429256439209, "clip_text": 27.808820724487305, "subj_cons": 0.9778949022293091, "imaging": 0.008570791222155094, "motion": 0.027891961857676506, "flicker": 0.05145469680428505}
{"phase": "fair", "prompt": 1, "seed": 3000, "method": "dpm20", "aesthetic": 6.423610210418701, "clip_text": 27.19518280029297, "subj_cons": 0.9813502430915833, "imaging": 0.005607702303677797, "motion": 0.02103598788380623, "flicker": 0.03647411987185478}
{"phase": "fair", "prompt": 1, "seed": 3000, "method": "full", "aesthetic": 6.302728176116943, "clip_text": 27.12860679626465, "subj_cons": 0.9766759872436523, "imaging": 0.008129394613206387, "motion": 0.027421684935688972, "flicker": 0.05059808865189552}
{"phase": "fair", "prompt": 1, "seed": 3000, "method": "unipc25", "aesthetic": 6.320654392242432, "clip_text": 27.091941833496094, "subj_cons": 0.9806329011917114, "imaging": 0.006091750226914883, "motion": 0.03391618654131889, "flicker": 0.05996119976043701}
{"phase": "fair", "prompt": 2, "seed": 3000, "method": "FORAw10_n4", "aesthetic": 6.46748685836792, "clip_text": 29.231595993041992, "subj_cons": 0.9860838055610657, "imaging": 0.009225588291883469, "motion": 0.03924804553389549, "flicker": 0.06114634871482849}
{"phase": "fair", "prompt": 2, "seed": 3000, "method": "OURS_O3w10_B3", "aesthetic": 6.356774806976318, "clip_text": 28.038421630859375, "subj_cons": 0.9893854856491089, "imaging": 0.008348692208528519, "motion": 0.03724377974867821, "flicker": 0.05794361233711243}
{"phase": "fair", "prompt": 2, "seed": 3000, "method": "OURS_Ow20_L4", "aesthetic": 6.803781032562256, "clip_text": 27.904172897338867, "subj_cons": 0.9889090061187744, "imaging": 0.009263129904866219, "motion": 0.040483299642801285, "flicker": 0.06290296465158463}
{"phase": "fair", "prompt": 2, "seed": 3000, "method": "Oonly_O3w17", "aesthetic": 6.888180255889893, "clip_text": 27.976619720458984, "subj_cons": 0.9888201951980591, "imaging": 0.009285840205848217, "motion": 0.04067083075642586, "flicker": 0.06313487887382507}
{"phase": "fair", "prompt": 2, "seed": 3000, "method": "TEAw10_0.1", "aesthetic": 6.720654487609863, "clip_text": 28.062530517578125, "subj_cons": 0.9872190356254578, "imaging": 0.009175087325274944, "motion": 0.04005240648984909, "flicker": 0.06244567036628723}
{"phase": "fair", "prompt": 2, "seed": 3000, "method": "TEAw10_0.5", "aesthetic": 6.179292678833008, "clip_text": 29.825088500976562, "subj_cons": 0.9825990200042725, "imaging": 0.007566538173705339, "motion": 0.039671946316957474, "flicker": 0.06120428815484047}
{"phase": "fair", "prompt": 2, "seed": 3000, "method": "TEAw17_0.2", "aesthetic": 6.649397850036621, "clip_text": 27.847885131835938, "subj_cons": 0.9844315648078918, "imaging": 0.009178942069411278, "motion": 0.04059075564146042, "flicker": 0.06313245743513107}
{"phase": "fair", "prompt": 2, "seed": 3000, "method": "TEAw17_0.5_GI", "aesthetic": 6.402739524841309, "clip_text": 29.81744384765625, "subj_cons": 0.986182689666748, "imaging": 0.00826350413262844, "motion": 0.04126228019595146, "flicker": 0.0637589544057846}
{"phase": "fair", "prompt": 2, "seed": 3000, "method": "TSw17_n2", "aesthetic": 6.8356781005859375, "clip_text": 27.972719192504883, "subj_cons": 0.9880925416946411, "imaging": 0.009330907836556435, "motion": 0.040666308254003525, "flicker": 0.0632210373878479}
{"phase": "fair", "prompt": 2, "seed": 3000, "method": "dpm25", "aesthetic": 6.799246311187744, "clip_text": 30.68461799621582, "subj_cons": 0.9874374866485596, "imaging": 0.010217254981398582, "motion": 0.05549604073166847, "flicker": 0.09021881967782974}
{"phase": "fair", "prompt": 2, "seed": 3000, "method": "full_perturb1e-2", "aesthetic": 6.830018043518066, "clip_text": 28.026147842407227, "subj_cons": 0.9860248565673828, "imaging": 0.009409944526851177, "motion": 0.04032263532280922, "flicker": 0.063034288585186}
{"phase": "fair", "prompt": 2, "seed": 3000, "method": "unipc30", "aesthetic": 6.659402370452881, "clip_text": 31.185319900512695, "subj_cons": 0.9864698648452759, "imaging": 0.005300548393279314, "motion": 0.033857520669698715, "flicker": 0.05363120138645172}
{"phase": "fair", "prompt": 3, "seed": 3000, "method": "FORAw17_n2", "aesthetic": 5.920433521270752, "clip_text": 27.110708236694336, "subj_cons": 0.9782150983810425, "imaging": 0.0187672208994627, "motion": 0.033399082720279694, "flicker": 0.054348770529031754}
{"phase": "fair", "prompt": 3, "seed": 3000, "method": "OURS_O3w13_B2", "aesthetic": 5.830438613891602, "clip_text": 26.99485206604004, "subj_cons": 0.9738031625747681, "imaging": 0.018430355936288834, "motion": 0.03403501212596893, "flicker": 0.05505560338497162}
{"phase": "fair", "prompt": 3, "seed": 3000, "method": "Oonly_O2w10", "aesthetic": 5.893587112426758, "clip_text": 27.930736541748047, "subj_cons": 0.9748042821884155, "imaging": 0.01930912956595421, "motion": 0.03282742574810982, "flicker": 0.053716011345386505}
{"phase": "fair", "prompt": 3, "seed": 3000, "method": "TEA_0.4", "aesthetic": 5.816030502319336, "clip_text": 28.405073165893555, "subj_cons": 0.9767865538597107, "imaging": 0.021477973088622093, "motion": 0.028254520148038864, "flicker": 0.04350370168685913}
{"phase": "fair", "prompt": 3, "seed": 3000, "method": "TEAw10_0.2", "aesthetic": 5.864046096801758, "clip_text": 27.720317840576172, "subj_cons": 0.9738789796829224, "imaging": 0.016759132966399193, "motion": 0.03395719453692436, "flicker": 0.054569341242313385}
{"phase": "fair", "prompt": 3, "seed": 3000, "method": "TEAw10_0.5_GI", "aesthetic": 5.776101589202881, "clip_text": 26.832433700561523, "subj_cons": 0.9763789176940918, "imaging": 0.012319645844399929, "motion": 0.035852544009685516, "flicker": 0.05495196953415871}
{"phase": "fair", "prompt": 3, "seed": 3000, "method": "TEAw17_0.2_GI", "aesthetic": 5.905989646911621, "clip_text": 27.247697830200195, "subj_cons": 0.9772791862487793, "imaging": 0.018135972321033478, "motion": 0.0338997058570385, "flicker": 0.0549115389585495}
{"phase": "fair", "prompt": 3, "seed": 3000, "method": "TEAw17_0.8", "aesthetic": 5.811436176300049, "clip_text": 26.65172576904297, "subj_cons": 0.974006175994873, "imaging": 0.013691287487745285, "motion": 0.04066550359129906, "flicker": 0.06244010850787163}
{"phase": "fair", "prompt": 3, "seed": 3000, "method": "TSw17_n3", "aesthetic": 5.9455389976501465, "clip_text": 27.038082122802734, "subj_cons": 0.9763915538787842, "imaging": 0.019162895157933235, "motion": 0.03348136693239212, "flicker": 0.05468122288584709}
{"phase": "fair", "prompt": 3, "seed": 3000, "method": "dpm30", "aesthetic": 6.346549987792969, "clip_text": 30.424606323242188, "subj_cons": 0.9923250675201416, "imaging": 0.011433041654527187, "motion": 0.018696995452046394, "flicker": 0.02932581678032875}
{"phase": "fair", "prompt": 3, "seed": 3000, "method": "unipc15", "aesthetic": 5.679089546203613, "clip_text": 29.918447494506836, "subj_cons": 0.9795286655426025, "imaging": 0.003477696096524596, "motion": 0.023433761671185493, "flicker": 0.039553575217723846}
