The config attributes {'invert_scale_latents': False} were passed to AutoencoderKLCogVideoX, but are not expected and will be ignored. Please verify your config.json configuration file.
/usr/local/lib64/python3.9/site-packages/torchvision/models/_utils.py:208: UserWarning: The parameter 'pretrained' is deprecated since 0.13 and may be removed in the future, please use 'weights' instead.
  warnings.warn(
/usr/local/lib64/python3.9/site-packages/torchvision/models/_utils.py:223: UserWarning: Arguments other than a weight enum or `None` for 'weights' are deprecated since 0.13 and may be removed in the future. The current behavior is equivalent to passing `weights=AlexNet_Weights.IMAGENET1K_V1`. You can also use `weights=AlexNet_Weights.DEFAULT` to get the most up-to-date weights.
  warnings.warn(msg)
/usr/local/lib64/python3.9/site-packages/torch/_utils.py:831: UserWarning: TypedStorage is deprecated. It will be removed in the future and UntypedStorage will be the only storage class. This should only matter to you if you are using storages directly.  To access UntypedStorage directly, use tensor.untyped_storage() instead of tensor.storage()
  return self.fget.__get__(instance, owner)()
{"phase": "fair", "prompt": 1, "seed": 3000, "method": "full", "clip_score": 27.125, "frame_consistency": 0.99072265625, "motion": 0.027421684935688972, "sharpness": 0.008129394613206387, "psnr_to_full": null, "ssim_to_full": 1.0, "lpips_to_full": 0.0, "temporal_delta_error": 0.0}
{"phase": "fair", "prompt": 1, "seed": 3000, "method": "FORAw10_n2", "clip_score": 27.515625, "frame_consistency": 0.98974609375, "motion": 0.027828585356473923, "sharpness": 0.008559046313166618, "psnr_to_full": 28.28616385716783, "ssim_to_full": 0.9646282196044922, "lpips_to_full": 0.0284741073846817, "temporal_delta_error": 0.0007320887525565922}
{"phase": "fair", "prompt": 1, "seed": 3000, "method": "FORAw10_n3", "clip_score": 27.171875, "frame_consistency": 0.990234375, "motion": 0.027717705816030502, "sharpness": 0.008526716381311417, "psnr_to_full": 26.6096477458156, "ssim_to_full": 0.9512907266616821, "lpips_to_full": 0.039512742310762405, "temporal_delta_error": 0.0013213728088885546}
{"phase": "fair", "prompt": 1, "seed": 3000, "method": "FORAw10_n4", "clip_score": 26.703125, "frame_consistency": 0.98583984375, "motion": 0.028830939903855324, "sharpness": 0.009198085404932499, "psnr_to_full": 25.606341433922843, "ssim_to_full": 0.9197923541069031, "lpips_to_full": 0.04898304119706154, "temporal_delta_error": 0.0018319077789783478}
{"phase": "fair", "prompt": 1, "seed": 3000, "method": "FORAw17_n2", "clip_score": 27.171875, "frame_consistency": 0.9912109375, "motion": 0.02778557687997818, "sharpness": 0.00840267539024353, "psnr_to_full": 42.57321134216256, "ssim_to_full": 0.9969155192375183, "lpips_to_full": 0.0013334486866369843, "temporal_delta_error": 3.857943374896422e-05}
{"phase": "fair", "prompt": 1, "seed": 3000, "method": "FORAw17_n3", "clip_score": 27.375, "frame_consistency": 0.9912109375, "motion": 0.02867661975324154, "sharpness": 0.00907061155885458, "psnr_to_full": 37.14896940485995, "ssim_to_full": 0.9806358218193054, "lpips_to_full": 0.004077936057001352, "temporal_delta_error": 0.00014667861978523433}
{"phase": "fair", "prompt": 1, "seed": 3000, "method": "FORAw17_n4", "clip_score": 27.4375, "frame_consistency": 0.9912109375, "motion": 0.02842089906334877, "sharpness": 0.008890694007277489, "psnr_to_full": 36.52238735019112, "ssim_to_full": 0.9842895269393921, "lpips_to_full": 0.005209909286350012, "temporal_delta_error": 0.00017391947039868683}
{"phase": "fair", "prompt": 1, "seed": 3000, "method": "OURS_O3w10_B3", "clip_score": 27.09375, "frame_consistency": 0.98974609375, "motion": 0.02927524223923683, "sharpness": 0.009421959519386292, "psnr_to_full": 23.340146107056977, "ssim_to_full": 0.8933655619621277, "lpips_to_full": 0.06796205788850784, "temporal_delta_error": 0.0032737848814576864}
{"phase": "fair", "prompt": 1, "seed": 3000, "method": "OURS_O3w13_B2", "clip_score": 27.390625, "frame_consistency": 0.9892578125, "motion": 0.02825154736638069, "sharpness": 0.008895812556147575, "psnr_to_full": 30.030546745108573, "ssim_to_full": 0.9653749465942383, "lpips_to_full": 0.018815623596310616, "temporal_delta_error": 0.0008280884358100593}
{"phase": "fair", "prompt": 1, "seed": 3000, "method": "OURS_O4w13_B2_GI", "clip_score": 27.375, "frame_consistency": 0.98876953125, "motion": 0.02881120890378952, "sharpness": 0.009064455516636372, "psnr_to_full": 28.175499530202856, "ssim_to_full": 0.9460204839706421, "lpips_to_full": 0.02734912559390068, "temporal_delta_error": 0.0012194797163829207}
{"phase": "fair", "prompt": 1, "seed": 3000, "method": "OURS_Ow17_L4_GI", "clip_score": 27.4375, "frame_consistency": 0.99072265625, "motion": 0.02812020480632782, "sharpness": 0.00866523664444685, "psnr_to_full": 36.791116228049034, "ssim_to_full": 0.9850516319274902, "lpips_to_full": 0.004925061482936144, "temporal_delta_error": 0.00018277342314831913}
{"phase": "fair", "prompt": 1, "seed": 3000, "method": "OURS_Ow20_L4", "clip_score": 27.265625, "frame_consistency": 0.99072265625, "motion": 0.027934253215789795, "sharpness": 0.008424201980233192, "psnr_to_full": 39.455311805741864, "ssim_to_full": 0.9936431646347046, "lpips_to_full": 0.0027645479422062635, "temporal_delta_error": 9.051048255059868e-05}
{"phase": "fair", "prompt": 1, "seed": 3000, "method": "Oonly_O2w10", "clip_score": 27.375, "frame_consistency": 0.990234375, "motion": 0.027306590229272842, "sharpness": 0.008421226404607296, "psnr_to_full": 28.60709246720099, "ssim_to_full": 0.9693089723587036, "lpips_to_full": 0.023023709654808044, "temporal_delta_error": 0.0007560902740806341}
{"phase": "fair", "prompt": 1, "seed": 3000, "method": "Oonly_O2w17", "clip_score": 27.171875, "frame_consistency": 0.990234375, "motion": 0.027440164238214493, "sharpness": 0.008130375295877457, "psnr_to_full": 42.21126506132826, "ssim_to_full": 0.9977742433547974, "lpips_to_full": 0.001389782060869038, "temporal_delta_error": 3.9913564251037315e-05}
{"phase": "fair", "prompt": 1, "seed": 3000, "method": "Oonly_O3w10", "clip_score": 26.4375, "frame_consistency": 0.99169921875, "motion": 0.027249444276094437, "sharpness": 0.008517072536051273, "psnr_to_full": 25.283078039874898, "ssim_to_full": 0.9402020573616028, "lpips_to_full": 0.048955317586660385, "temporal_delta_error": 0.0019915015436708927}
{"phase": "fair", "prompt": 1, "seed": 3000, "method": "Oonly_O3w17", "clip_score": 27.375, "frame_consistency": 0.98974609375, "motion": 0.02754827030003071, "sharpness": 0.0081179179251194, "psnr_to_full": 36.54937866748361, "ssim_to_full": 0.9904280304908752, "lpips_to_full": 0.0050534955225884914, "temporal_delta_error": 0.0002209549129474908}
{"phase": "fair", "prompt": 1, "seed": 3000, "method": "TEA_0.4", "clip_score": 27.375, "frame_consistency": 0.9853515625, "motion": 0.03755719214677811, "sharpness": 0.005952297244220972, "psnr_to_full": 14.069205446837636, "ssim_to_full": 0.5623204112052917, "lpips_to_full": 0.3807854950428009, "temporal_delta_error": 0.019086400046944618}
{"phase": "fair", "prompt": 1, "seed": 3000, "method": "TEA_0.5", "clip_score": 25.90625, "frame_consistency": 0.98828125, "motion": 0.03217289224267006, "sharpness": 0.00664881756529212, "psnr_to_full": 14.294367485974364, "ssim_to_full": 0.5592504143714905, "lpips_to_full": 0.3928731679916382, "temporal_delta_error": 0.016450248658657074}
{"phase": "fair", "prompt": 1, "seed": 3000, "method": "TEA_0.8", "clip_score": 25.734375, "frame_consistency": 0.9697265625, "motion": 0.03347520902752876, "sharpness": 0.004227290395647287, "psnr_to_full": 10.905193922506527, "ssim_to_full": 0.4752896726131439, "lpips_to_full": 0.6064140796661377, "temporal_delta_error": 0.01935628056526184}
{"phase": "fair", "prompt": 1, "seed": 3000, "method": "TEAw10_0.1", "clip_score": 27.484375, "frame_consistency": 0.99072265625, "motion": 0.027825884521007538, "sharpness": 0.008089682087302208, "psnr_to_full": 26.941706369104402, "ssim_to_full": 0.9572888612747192, "lpips_to_full": 0.033882275223731995, "temporal_delta_error": 0.0007501739310100675}
{"phase": "fair", "prompt": 1, "seed": 3000, "method": "TEAw10_0.2", "clip_score": 27.375, "frame_consistency": 0.9892578125, "motion": 0.027940617874264717, "sharpness": 0.008426234126091003, "psnr_to_full": 25.637654923807474, "ssim_to_full": 0.9371383190155029, "lpips_to_full": 0.04601617529988289, "temporal_delta_error": 0.0012907737400382757}
{"phase": "fair", "prompt": 1, "seed": 3000, "method": "TEAw10_0.2_GI", "clip_score": 27.46875, "frame_consistency": 0.9892578125, "motion": 0.027827199548482895, "sharpness": 0.00839023943990469, "psnr_to_full": 25.612250237334493, "ssim_to_full": 0.9359455108642578, "lpips_to_full": 0.046455226838588715, "temporal_delta_error": 0.001287995488382876}
{"phase": "fair", "prompt": 1, "seed": 3000, "method": "TEAw10_0.3", "clip_score": 27.21875, "frame_consistency": 0.98876953125, "motion": 0.028262188658118248, "sharpness": 0.008442184887826443, "psnr_to_full": 24.463356423502447, "ssim_to_full": 0.9137576818466187, "lpips_to_full": 0.07046187669038773, "temporal_delta_error": 0.0021469122730195522}
{"phase": "fair", "prompt": 1, "seed": 3000, "method": "TEAw10_0.5", "clip_score": 27.15625, "frame_consistency": 0.98828125, "motion": 0.02985181100666523, "sharpness": 0.008998546749353409, "psnr_to_full": 22.788217911599133, "ssim_to_full": 0.8735564947128296, "lpips_to_full": 0.10745996236801147, "temporal_delta_error": 0.0030004519503563643}
{"phase": "fair", "prompt": 1, "seed": 3000, "method": "TEAw10_0.5_GI", "clip_score": 27.15625, "frame_consistency": 0.9873046875, "motion": 0.029636302962899208, "sharpness": 0.009005403146147728, "psnr_to_full": 22.78365054125754, "ssim_to_full": 0.873040497303009, "lpips_to_full": 0.10799214988946915, "temporal_delta_error": 0.0030299704521894455}
{"phase": "fair", "prompt": 1, "seed": 3000, "method": "TEAw10_0.8", "clip_score": 27.0, "frame_consistency": 0.986328125, "motion": 0.031636759638786316, "sharpness": 0.009319392964243889, "psnr_to_full": 21.439340214849278, "ssim_to_full": 0.8387624621391296, "lpips_to_full": 0.13725122809410095, "temporal_delta_error": 0.004808951169252396}
{"phase": "fair", "prompt": 1, "seed": 3000, "method": "TEAw17_0.1", "clip_score": 27.265625, "frame_consistency": 0.990234375, "motion": 0.028009945526719093, "sharpness": 0.008533411659300327, "psnr_to_full": 40.188182445665035, "ssim_to_full": 0.9935246109962463, "lpips_to_full": 0.0022387804929167032, "temporal_delta_error": 6.903518078615889e-05}
{"phase": "fair", "prompt": 1, "seed": 3000, "method": "TEAw17_0.2", "clip_score": 27.46875, "frame_consistency": 0.98974609375, "motion": 0.028581403195858, "sharpness": 0.008807199075818062, "psnr_to_full": 35.31394883848638, "ssim_to_full": 0.9824219942092896, "lpips_to_full": 0.006961757782846689, "temporal_delta_error": 0.0002464093849994242}
{"phase": "fair", "prompt": 1, "seed": 3000, "method": "TEAw17_0.2_GI", "clip_score": 27.65625, "frame_consistency": 0.98974609375, "motion": 0.028508160263299942, "sharpness": 0.008774949237704277, "psnr_to_full": 34.8597954517163, "ssim_to_full": 0.9793186783790588, "lpips_to_full": 0.007933585904538631, "temporal_delta_error": 0.0002792139130178839}
{"phase": "fair", "prompt": 1, "seed": 3000, "method": "TEAw17_0.3", "clip_score": 27.875, "frame_consistency": 0.98974609375, "motion": 0.02916453406214714, "sharpness": 0.009045307524502277, "psnr_to_full": 32.91607009518082, "ssim_to_full": 0.9694575071334839, "lpips_to_full": 0.012398337945342064, "temporal_delta_error": 0.000455069646704942}
{"phase": "fair", "prompt": 1, "seed": 3000, "method": "TEAw17_0.5", "clip_score": 27.6875, "frame_consistency": 0.98876953125, "motion": 0.03047877550125122, "sharpness": 0.009722222574055195, "psnr_to_full": 29.112076778189504, "ssim_to_full": 0.9390619993209839, "lpips_to_full": 0.03255126252770424, "temporal_delta_error": 0.0010197265073657036}
{"phase": "fair", "prompt": 1, "seed": 3000, "method": "TEAw17_0.5_GI", "clip_score": 27.78125, "frame_consistency": 0.98876953125, "motion": 0.030382078140974045, "sharpness": 0.00962861068546772, "psnr_to_full": 29.076059042267687, "ssim_to_full": 0.9377779960632324, "lpips_to_full": 0.03303694352507591, "temporal_delta_error": 0.0010465942323207855}
{"phase": "fair", "prompt": 1, "seed": 3000, "method": "TEAw17_0.8", "clip_score": 28.484375, "frame_consistency": 0.9892578125, "motion": 0.03443800285458565, "sharpness": 0.010210447013378143, "psnr_to_full": 25.739524082294885, "ssim_to_full": 0.881661057472229, "lpips_to_full": 0.09714260697364807, "temporal_delta_error": 0.002199685899540782}
{"phase": "fair", "prompt": 1, "seed": 3000, "method": "TSw10_n2", "clip_score": 27.484375, "frame_consistency": 0.98876953125, "motion": 0.02751350775361061, "sharpness": 0.008596108295023441, "psnr_to_full": 30.06318159051905, "ssim_to_full": 0.9736736416816711, "lpips_to_full": 0.01772860623896122, "temporal_delta_error": 0.0007218030514195561}
{"phase": "fair", "prompt": 1, "seed": 3000, "method": "TSw10_n3", "clip_score": 27.8125, "frame_consistency": 0.98974609375, "motion": 0.027891961857676506, "sharpness": 0.008570791222155094, "psnr_to_full": 26.701190250919918, "ssim_to_full": 0.9521662592887878, "lpips_to_full": 0.0326656848192215, "temporal_delta_error": 0.0014814933529123664}
{"phase": "fair", "prompt": 1, "seed": 3000, "method": "TSw17_n2", "clip_score": 27.171875, "frame_consistency": 0.99072265625, "motion": 0.027611618861556053, "sharpness": 0.008287152275443077, "psnr_to_full": 42.344492931458156, "ssim_to_full": 0.9979791641235352, "lpips_to_full": 0.0012214946327731013, "temporal_delta_error": 2.9914001061115414e-05}
{"phase": "fair", "prompt": 1, "seed": 3000, "method": "TSw17_n3", "clip_score": 27.21875, "frame_consistency": 0.99072265625, "motion": 0.028121929615736008, "sharpness": 0.008689610287547112, "psnr_to_full": 38.47814284494484, "ssim_to_full": 0.9884410500526428, "lpips_to_full": 0.0032543593551963568, "temporal_delta_error": 0.00012831794447265565}
{"phase": "fair", "prompt": 1, "seed": 3000, "method": "dpm15", "clip_score": 27.46875, "frame_consistency": 0.9912109375, "motion": 0.015505400486290455, "sharpness": 0.005807573441416025, "psnr_to_full": 9.612275706556723, "ssim_to_full": 0.4503868818283081, "lpips_to_full": 0.6000736951828003, "temporal_delta_error": 0.01616954430937767}
{"phase": "fair", "prompt": 1, "seed": 3000, "method": "dpm20", "clip_score": 27.203125, "frame_consistency": 0.9892578125, "motion": 0.02103598788380623, "sharpness": 0.005607702303677797, "psnr_to_full": 9.690903003072894, "ssim_to_full": 0.4785209894180298, "lpips_to_full": 0.5627087950706482, "temporal_delta_error": 0.0199973676353693}
{"phase": "fair", "prompt": 1, "seed": 3000, "method": "dpm25", "clip_score": 26.46875, "frame_consistency": 0.99267578125, "motion": 0.030144905671477318, "sharpness": 0.00665472773835063, "psnr_to_full": 10.947130570608774, "ssim_to_full": 0.505898118019104, "lpips_to_full": 0.529628336429596, "temporal_delta_error": 0.02454998716711998}
{"phase": "fair", "prompt": 1, "seed": 3000, "method": "dpm30", "clip_score": 27.3125, "frame_consistency": 0.99169921875, "motion": 0.03711271658539772, "sharpness": 0.0100514842197299, "psnr_to_full": 11.69439779358064, "ssim_to_full": 0.5342565178871155, "lpips_to_full": 0.47838351130485535, "temporal_delta_error": 0.026351895183324814}
{"phase": "fair", "prompt": 1, "seed": 3000, "method": "dpm3_20", "clip_score": 26.78125, "frame_consistency": 0.9921875, "motion": 0.01993553712964058, "sharpness": 0.0054222592152655125, "psnr_to_full": 9.666827562817506, "ssim_to_full": 0.48212867975234985, "lpips_to_full": 0.5613285899162292, "temporal_delta_error": 0.019575895741581917}
{"phase": "fair", "prompt": 1, "seed": 3000, "method": "full_perturb1e-2", "clip_score": 26.78125, "frame_consistency": 0.99267578125, "motion": 0.027652131393551826, "sharpness": 0.008083842694759369, "psnr_to_full": 31.702991198030883, "ssim_to_full": 0.9788618683815002, "lpips_to_full": 0.014684431254863739, "temporal_delta_error": 0.000564693589694798}
{"phase": "fair", "prompt": 1, "seed": 3000, "method": "unipc15", "clip_score": 27.5625, "frame_consistency": 0.98681640625, "motion": 0.01995500549674034, "sharpness": 0.005023071076720953, "psnr_to_full": 9.591647231420303, "ssim_to_full": 0.45505136251449585, "lpips_to_full": 0.5884002447128296, "temporal_delta_error": 0.019590536132454872}
{"phase": "fair", "prompt": 1, "seed": 3000, "method": "unipc20", "clip_score": 26.4375, "frame_consistency": 0.98974609375, "motion": 0.025055091828107834, "sharpness": 0.0052800592966377735, "psnr_to_full": 9.725644189725585, "ssim_to_full": 0.47118431329727173, "lpips_to_full": 0.5732971429824829, "temporal_delta_error": 0.024640128016471863}
{"phase": "fair", "prompt": 1, "seed": 3000, "method": "unipc25", "clip_score": 27.078125, "frame_consistency": 0.99072265625, "motion": 0.03391618654131889, "sharpness": 0.006091750226914883, "psnr_to_full": 11.015071048488991, "ssim_to_full": 0.5163113474845886, "lpips_to_full": 0.5456573367118835, "temporal_delta_error": 0.02522655390202999}
{"phase": "fair", "prompt": 1, "seed": 3000, "method": "unipc30", "clip_score": 28.15625, "frame_consistency": 0.99267578125, "motion": 0.03457820415496826, "sharpness": 0.006540104281157255, "psnr_to_full": 12.02120964651842, "ssim_to_full": 0.5519409775733948, "lpips_to_full": 0.48083600401878357, "temporal_delta_error": 0.021428177133202553}
The config attributes {'invert_scale_latents': False} were passed to AutoencoderKLCogVideoX, but are not expected and will be ignored. Please verify your config.json configuration file.
/usr/local/lib64/python3.9/site-packages/torch/_utils.py:831: UserWarning: TypedStorage is deprecated. It will be removed in the future and UntypedStorage will be the only storage class. This should only matter to you if you are using storages directly.  To access UntypedStorage directly, use tensor.untyped_storage() instead of tensor.storage()
  return self.fget.__get__(instance, owner)()
{"phase": "fair", "prompt": 0, "seed": 3000, "method": "FORAw10_n3", "aesthetic": 5.3334269523620605, "clip_text": 28.603107452392578, "subj_cons": 0.9951955676078796, "imaging": 0.012715375050902367, "motion": 0.06708525121212006, "flicker": 0.10322409123182297}
{"phase": "fair", "prompt": 0, "seed": 3000, "method": "FORAw17_n4", "aesthetic": 5.289687633514404, "clip_text": 28.876474380493164, "subj_cons": 0.9948247671127319, "imaging": 0.01328905951231718, "motion": 0.06882357597351074, "flicker": 0.10523443669080734}
{"phase": "fair", "prompt": 0, "seed": 3000, "method": "OURS_Ow17_L4_GI", "aesthetic": 5.297976016998291, "clip_text": 28.819978713989258, "subj_cons": 0.9953424334526062, "imaging": 0.013286971487104893, "motion": 0.06823281198740005, "flicker": 0.10443049669265747}
{"phase": "fair", "prompt": 0, "seed": 3000, "method": "Oonly_O3w10", "aesthetic": 5.285675525665283, "clip_text": 28.652620315551758, "subj_cons": 0.9957432746887207, "imaging": 0.012777185067534447, "motion": 0.06979101896286011, "flicker": 0.10719435662031174}
{"phase": "fair", "prompt": 0, "seed": 3000, "method": "TEA_0.8", "aesthetic": 4.323782920837402, "clip_text": 31.28902244567871, "subj_cons": 0.9739165306091309, "imaging": 0.010075759142637253, "motion": 0.0819258764386177, "flicker": 0.14137382805347443}
{"phase": "fair", "prompt": 0, "seed": 3000, "method": "TEAw10_0.3", "aesthetic": 5.295436382293701, "clip_text": 29.475984573364258, "subj_cons": 0.9926896095275879, "imaging": 0.01225706934928894, "motion": 0.06319644302129745, "flicker": 0.0962957888841629}
{"phase": "fair", "prompt": 0, "seed": 3000, "method": "TEAw17_0.1", "aesthetic": 5.311528205871582, "clip_text": 28.72222328186035, "subj_cons": 0.9950495958328247, "imaging": 0.01316402480006218, "motion": 0.0684407651424408, "flicker": 0.10487167537212372}
{"phase": "fair", "prompt": 0, "seed": 3000, "method": "TEAw17_0.5", "aesthetic": 5.194624900817871, "clip_text": 29.87287712097168, "subj_cons": 0.9914380311965942, "imaging": 0.012831991538405418, "motion": 0.06631814688444138, "flicker": 0.0987582728266716}
{"phase": "fair", "prompt": 0, "seed": 3000, "method": "TSw10_n3", "aesthetic": 5.305059909820557, "clip_text": 28.546260833740234, "subj_cons": 0.9954849481582642, "imaging": 0.012872515246272087, "motion": 0.06885451078414917, "flicker": 0.10590966790914536}
{"phase": "fair", "prompt": 0, "seed": 3000, "method": "dpm20", "aesthetic": 5.3268656730651855, "clip_text": 30.874616622924805, "subj_cons": 0.9930769801139832, "imaging": 0.007352829910814762, "motion": 0.10615812987089157, "flicker": 0.19256524741649628}
{"phase": "fair", "prompt": 0, "seed": 3000, "method": "full", "aesthetic": 5.325483798980713, "clip_text": 28.66758155822754, "subj_cons": 0.9954664707183838, "imaging": 0.012917526066303253, "motion": 0.06809966266155243, "flicker": 0.10459290444850922}
{"phase": "fair", "prompt": 0, "seed": 3000, "method": "unipc25", "aesthetic": 5.037219047546387, "clip_text": 29.448530197143555, "subj_cons": 0.994238555431366, "imaging": 0.014238128438591957, "motion": 0.09873031824827194, "flicker": 0.17066316306591034}
{"phase": "fair", "prompt": 1, "seed": 3000, "method": "FORAw10_n4", "aesthetic": 5.7544379234313965, "clip_text": 26.7149715423584, "subj_cons": 0.954807698726654, "imaging": 0.009198085404932499, "motion": 0.028830939903855324, "flicker": 0.05285674333572388}
{"phase": "fair", "prompt": 1, "seed": 3000, "method": "OURS_O3w10_B3", "aesthetic": 5.951204299926758, "clip_text": 27.113460540771484, "subj_cons": 0.9718958139419556, "imaging": 0.009421959519386292, "motion": 0.02927524223923683, "flicker": 0.05380663648247719}
{"phase": "fair", "prompt": 1, "seed": 3000, "method": "OURS_Ow20_L4", "aesthetic": 6.277334690093994, "clip_text": 27.273550033569336, "subj_cons": 0.975275993347168, "imaging": 0.008424201980233192, "motion": 0.027934253215789795, "flicker": 0.05159763619303703}
{"phase": "fair", "prompt": 1, "seed": 3000, "method": "Oonly_O3w17", "aesthetic": 6.282430648803711, "clip_text": 27.370891571044922, "subj_cons": 0.9772542715072632, "imaging": 0.0081179179251194, "motion": 0.02754827030003071, "flicker": 0.05081819370388985}
{"phase": "fair", "prompt": 1, "seed": 3000, "method": "TEAw10_0.1", "aesthetic": 6.084433078765869, "clip_text": 27.497455596923828, "subj_cons": 0.9766839146614075, "imaging": 0.008089682087302208, "motion": 0.027825884521007538, "flicker": 0.0510106198489666}
{"phase": "fair", "prompt": 1, "seed": 3000, "method": "TEAw10_0.5", "aesthetic": 5.52601957321167, "clip_text": 27.15673065185547, "subj_cons": 0.9696282148361206, "imaging": 0.008998546749353409, "motion": 0.02985181100666523, "flicker": 0.05354824289679527}
{"phase": "fair", "prompt": 1, "seed": 3000, "method": "TEAw17_0.2", "aesthetic": 6.122607231140137, "clip_text": 27.468120574951172, "subj_cons": 0.9723317623138428, "imaging": 0.008807199075818062, "motion": 0.028581403195858, "flicker": 0.05276979133486748}
{"phase": "fair", "prompt": 1, "seed": 3000, "method": "TEAw17_0.5_GI", "aesthetic": 5.73778772354126, "clip_text": 27.779085159301758, "subj_cons": 0.9658459424972534, "imaging": 0.00962861068546772, "motion": 0.030382078140974045, "flicker": 0.0556015744805336}
{"phase": "fair", "prompt": 1, "seed": 3000, "method": "TSw17_n2", "aesthetic": 6.279714107513428, "clip_text": 27.1829833984375, "subj_cons": 0.9765229821205139, "imaging": 0.008287152275443077, "motion": 0.027611618861556053, "flicker": 0.05101878196001053}
{"phase": "fair", "prompt": 1, "seed": 3000, "method": "dpm25", "aesthetic": 6.516091823577881, "clip_text": 26.473690032958984, "subj_cons": 0.9834940433502197, "imaging": 0.00665472773835063, "motion": 0.030144905671477318, "flicker": 0.05305442214012146}
{"phase": "fair", "prompt": 1, "seed": 3000, "method": "full_perturb1e-2", "aesthetic": 6.399143695831299, "clip_text": 26.774200439453125, "subj_cons": 0.977440595626831, "imaging": 0.008083842694759369, "motion": 0.027652131393551826, "flicker": 0.05071931332349777}
{"phase": "fair", "prompt": 1, "seed": 3000, "method": "unipc30", "aesthetic": 6.21751070022583, "clip_text": 28.15997886657715, "subj_cons": 0.9868364334106445, "imaging": 0.006540104281157255, "motion": 0.03457820415496826, "flicker": 0.06252483278512955}
{"phase": "fair", "prompt": 2, "seed": 3000, "method": "FORAw17_n2", "aesthetic": 6.841265678405762, "clip_text": 27.944049835205078, "subj_cons": 0.9880635738372803, "imaging": 0.00931788794696331, "motion": 0.04068208858370781, "flicker": 0.06325738877058029}
{"phase": "fair", "prompt": 2, "seed": 3000, "method": "OURS_O3w13_B2", "aesthetic": 6.69711971282959, "clip_text": 27.72638511657715, "subj_cons": 0.9898725748062134, "imaging": 0.009172703139483929, "motion": 0.04035765677690506, "flicker": 0.0629340410232544}
{"phase": "fair", "prompt": 2, "seed": 3000, "method": "Oonly_O2w10", "aesthetic": 6.845443248748779, "clip_text": 27.616783142089844, "subj_cons": 0.9878784418106079, "imaging": 0.009448613040149212, "motion": 0.04019899666309357, "flicker": 0.06262297928333282}
{"phase": "fair", "prompt": 2, "seed": 3000, "method": "TEA_0.4", "aesthetic": 6.268241882324219, "clip_text": 30.32829475402832, "subj_cons": 0.9888405799865723, "imaging": 0.004016559571027756, "motion": 0.0259113572537899, "flicker": 0.03897462412714958}
{"phase": "fair", "prompt": 2, "seed": 3000, "method": "TEAw10_0.2", "aesthetic": 6.456311225891113, "clip_text": 28.636117935180664, "subj_cons": 0.9847358465194702, "imaging": 0.008987694047391415, "motion": 0.03951490297913551, "flicker": 0.061751630157232285}
{"phase": "fair", "prompt": 2, "seed": 3000, "method": "TEAw10_0.5_GI", "aesthetic": 6.014516353607178, "clip_text": 29.733034133911133, "subj_cons": 0.9807032346725464, "imaging": 0.007456253748387098, "motion": 0.03957848995923996, "flicker": 0.060996852815151215}
{"phase": "fair", "prompt": 2, "seed": 3000, "method": "TEAw17_0.2_GI", "aesthetic": 6.607275485992432, "clip_text": 27.821531295776367, "subj_cons": 0.9882553815841675, "imaging": 0.009076325222849846, "motion": 0.04056885838508606, "flicker": 0.06306032836437225}
{"phase": "fair", "prompt": 2, "seed": 3000, "method": "TEAw17_0.8", "aesthetic": 6.371728420257568, "clip_text": 29.660696029663086, "subj_cons": 0.9781577587127686, "imaging": 0.0071016279980540276, "motion": 0.0403335876762867, "flicker": 0.05974748730659485}
{"phase": "fair", "prompt": 2, "seed": 3000, "method": "TSw17_n3", "aesthetic": 6.898595333099365, "clip_text": 27.845996856689453, "subj_cons": 0.9880338907241821, "imaging": 0.009421233087778091, "motion": 0.0409165695309639, "flicker": 0.06358066946268082}
{"phase": "fair", "prompt": 2, "seed": 3000, "method": "dpm30", "aesthetic": 7.045000076293945, "clip_text": 31.548107147216797, "subj_cons": 0.9826382398605347, "imaging": 0.01041386928409338, "motion": 0.05048825219273567, "flicker": 0.08232896029949188}
{"phase": "fair", "prompt": 2, "seed": 3000, "method": "unipc15", "aesthetic": 6.735774993896484, "clip_text": 29.61785888671875, "subj_cons": 0.9878042936325073, "imaging": 0.024587314575910568, "motion": 0.09031334519386292, "flicker": 0.1489448845386505}
{"phase": "fair", "prompt": 3, "seed": 3000, "method": "FORAw10_n2", "aesthetic": 5.906576156616211, "clip_text": 27.907052993774414, "subj_cons": 0.9774754643440247, "imaging": 0.018722867593169212, "motion": 0.03330492600798607, "flicker": 0.05429986119270325}
{"phase": "fair", "prompt": 3, "seed": 3000, "method": "FORAw17_n3", "aesthetic": 5.939335346221924, "clip_text": 27.039119720458984, "subj_cons": 0.9753126502037048, "imaging": 0.01906927488744259, "motion": 0.03389802947640419, "flicker": 0.0553443543612957}
{"phase": "fair", "prompt": 3, "seed": 3000, "method": "OURS_O4w13_B2_GI", "aesthetic": 5.933618545532227, "clip_text": 26.947189331054688, "subj_cons": 0.9766167402267456, "imaging": 0.019476687535643578, "motion": 0.03367454186081886, "flicker": 0.05480385571718216}
{"phase": "fair", "prompt": 3, "seed": 3000, "method": "Oonly_O2w17", "aesthetic": 5.921582221984863, "clip_text": 27.171140670776367, "subj_cons": 0.9787578582763672, "imaging": 0.018889592960476875, "motion": 0.03301155939698219, "flicker": 0.053701967000961304}
{"phase": "fair", "prompt": 3, "seed": 3000, "method": "TEA_0.5", "aesthetic": 5.692577838897705, "clip_text": 27.638534545898438, "subj_cons": 0.981826663017273, "imaging": 0.015118627808988094, "motion": 0.027835262939333916, "flicker": 0.041294313967227936}
{"phase": "fair", "prompt": 3, "seed": 3000, "method": "TEAw10_0.2_GI", "aesthetic": 5.8842854499816895, "clip_text": 27.794408798217773, "subj_cons": 0.9730386137962341, "imaging": 0.016707463189959526, "motion": 0.03351159021258354, "flicker": 0.053822025656700134}
{"phase": "fair", "prompt": 3, "seed": 3000, "method": "TEAw10_0.8", "aesthetic": 5.760310649871826, "clip_text": 27.0603084564209, "subj_cons": 0.9696270823478699, "imaging": 0.010473761707544327, "motion": 0.036687906831502914, "flicker": 0.05521524325013161}
{"phase": "fair", "prompt": 3, "seed": 3000, "method": "TEAw17_0.3", "aesthetic": 5.86777400970459, "clip_text": 27.011131286621094, "subj_cons": 0.9712542295455933, "imaging": 0.017461560666561127, "motion": 0.034886617213487625, "flicker": 0.05623795464634895}
{"phase": "fair", "prompt": 3, "seed": 3000, "method": "TSw10_n2", "aesthetic": 5.906213283538818, "clip_text": 27.94123649597168, "subj_cons": 0.975780725479126, "imaging": 0.018982572481036186, "motion": 0.03317271173000336, "flicker": 0.05413547530770302}
{"phase": "fair", "prompt": 3, "seed": 3000, "method": "dpm15", "aesthetic": 5.310448169708252, "clip_text": 30.269189834594727, "subj_cons": 0.9839266538619995, "imaging": 0.002384086372330785, "motion": 0.017051752656698227, "flicker": 0.02800913155078888}
{"phase": "fair", "prompt": 3, "seed": 3000, "method": "dpm3_20", "aesthetic": 6.107123374938965, "clip_text": 29.80179214477539, "subj_cons": 0.9819025993347168, "imaging": 0.005566984415054321, "motion": 0.018977606669068336, "flicker": 0.03069450333714485}
{"phase": "fair", "prompt": 3, "seed": 3000, "method": "unipc20", "aesthetic": 6.2767558097839355, "clip_text": 29.67279052734375, "subj_cons": 0.9888625144958496, "imaging": 0.00599009869620204, "motion": 0.021912619471549988, "flicker": 0.03562558442354202}
