The config attributes {'invert_scale_latents': False} were passed to AutoencoderKLCogVideoX, but are not expected and will be ignored. Please verify your config.json configuration file.
/usr/local/lib64/python3.9/site-packages/torchvision/models/_utils.py:208: UserWarning: The parameter 'pretrained' is deprecated since 0.13 and may be removed in the future, please use 'weights' instead.
  warnings.warn(
/usr/local/lib64/python3.9/site-packages/torchvision/models/_utils.py:223: UserWarning: Arguments other than a weight enum or `None` for 'weights' are deprecated since 0.13 and may be removed in the future. The current behavior is equivalent to passing `weights=AlexNet_Weights.IMAGENET1K_V1`. You can also use `weights=AlexNet_Weights.DEFAULT` to get the most up-to-date weights.
  warnings.warn(msg)
/usr/local/lib64/python3.9/site-packages/torch/_utils.py:831: UserWarning: TypedStorage is deprecated. It will be removed in the future and UntypedStorage will be the only storage class. This should only matter to you if you are using storages directly.  To access UntypedStorage directly, use tensor.untyped_storage() instead of tensor.storage()
  return self.fget.__get__(instance, owner)()
{"phase": "fair", "prompt": 3, "seed": 3000, "method": "full", "clip_score": 27.171875, "frame_consistency": 0.98486328125, "motion": 0.03308219090104103, "sharpness": 0.018795255571603775, "psnr_to_full": null, "ssim_to_full": 1.0, "lpips_to_full": 0.0, "temporal_delta_error": 0.0}
{"phase": "fair", "prompt": 3, "seed": 3000, "method": "FORAw10_n2", "clip_score": 27.90625, "frame_consistency": 0.98388671875, "motion": 0.03330492600798607, "sharpness": 0.018722867593169212, "psnr_to_full": 31.318781998761214, "ssim_to_full": 0.9657192230224609, "lpips_to_full": 0.020875565707683563, "temporal_delta_error": 0.00068437255686149}
{"phase": "fair", "prompt": 3, "seed": 3000, "method": "FORAw10_n3", "clip_score": 28.125, "frame_consistency": 0.98388671875, "motion": 0.03350041061639786, "sharpness": 0.0179658904671669, "psnr_to_full": 27.9208276300152, "ssim_to_full": 0.934404730796814, "lpips_to_full": 0.038941215723752975, "temporal_delta_error": 0.001251641078852117}
{"phase": "fair", "prompt": 3, "seed": 3000, "method": "FORAw10_n4", "clip_score": 28.3125, "frame_consistency": 0.9833984375, "motion": 0.03391409292817116, "sharpness": 0.01794791966676712, "psnr_to_full": 25.888056887307876, "ssim_to_full": 0.8987759947776794, "lpips_to_full": 0.05422511324286461, "temporal_delta_error": 0.0020124539732933044}
{"phase": "fair", "prompt": 3, "seed": 3000, "method": "FORAw17_n2", "clip_score": 27.125, "frame_consistency": 0.984375, "motion": 0.033399082720279694, "sharpness": 0.0187672208994627, "psnr_to_full": 39.538507326763416, "ssim_to_full": 0.9934080243110657, "lpips_to_full": 0.0033970687072724104, "temporal_delta_error": 8.969885675469413e-05}
{"phase": "fair", "prompt": 3, "seed": 3000, "method": "FORAw17_n3", "clip_score": 27.046875, "frame_consistency": 0.98291015625, "motion": 0.03389802947640419, "sharpness": 0.01906927488744259, "psnr_to_full": 34.412526145818646, "ssim_to_full": 0.9760592579841614, "lpips_to_full": 0.01022646576166153, "temporal_delta_error": 0.0002599623112473637}
{"phase": "fair", "prompt": 3, "seed": 3000, "method": "FORAw17_n4", "clip_score": 27.125, "frame_consistency": 0.98193359375, "motion": 0.033989809453487396, "sharpness": 0.01850774697959423, "psnr_to_full": 32.692658243712806, "ssim_to_full": 0.9706404209136963, "lpips_to_full": 0.014929795637726784, "temporal_delta_error": 0.0003641305665951222}
{"phase": "fair", "prompt": 3, "seed": 3000, "method": "OURS_O3w10_B3", "clip_score": 27.765625, "frame_consistency": 0.98095703125, "motion": 0.0335877351462841, "sharpness": 0.01575332321226597, "psnr_to_full": 22.14726073155532, "ssim_to_full": 0.8030182719230652, "lpips_to_full": 0.11921991407871246, "temporal_delta_error": 0.003963238559663296}
{"phase": "fair", "prompt": 3, "seed": 3000, "method": "OURS_O3w13_B2", "clip_score": 27.0, "frame_consistency": 0.984375, "motion": 0.03403501212596893, "sharpness": 0.018430355936288834, "psnr_to_full": 25.754904132802498, "ssim_to_full": 0.9000400304794312, "lpips_to_full": 0.054486021399497986, "temporal_delta_error": 0.0017103245481848717}
{"phase": "fair", "prompt": 3, "seed": 3000, "method": "OURS_O4w13_B2_GI", "clip_score": 26.953125, "frame_consistency": 0.986328125, "motion": 0.03367454186081886, "sharpness": 0.019476687535643578, "psnr_to_full": 23.984813015215096, "ssim_to_full": 0.8684941530227661, "lpips_to_full": 0.07646618783473969, "temporal_delta_error": 0.0026727954391390085}
{"phase": "fair", "prompt": 3, "seed": 3000, "method": "OURS_Ow17_L4_GI", "clip_score": 27.265625, "frame_consistency": 0.98486328125, "motion": 0.03327356278896332, "sharpness": 0.01870451308786869, "psnr_to_full": 31.87491493528213, "ssim_to_full": 0.9652062058448792, "lpips_to_full": 0.01866278611123562, "temporal_delta_error": 0.0005118570406921208}
{"phase": "fair", "prompt": 3, "seed": 3000, "method": "OURS_Ow20_L4", "clip_score": 27.125, "frame_consistency": 0.9833984375, "motion": 0.03348268195986748, "sharpness": 0.01862039603292942, "psnr_to_full": 36.43226104046611, "ssim_to_full": 0.9860886931419373, "lpips_to_full": 0.007371865678578615, "temporal_delta_error": 0.00015789283497724682}
{"phase": "fair", "prompt": 3, "seed": 3000, "method": "Oonly_O2w10", "clip_score": 27.9375, "frame_consistency": 0.98291015625, "motion": 0.03282742574810982, "sharpness": 0.01930912956595421, "psnr_to_full": 31.088065315218042, "ssim_to_full": 0.9648431539535522, "lpips_to_full": 0.020011423155665398, "temporal_delta_error": 0.0007197322556748986}
{"phase": "fair", "prompt": 3, "seed": 3000, "method": "Oonly_O2w17", "clip_score": 27.171875, "frame_consistency": 0.98486328125, "motion": 0.03301155939698219, "sharpness": 0.018889592960476875, "psnr_to_full": 40.7230362633514, "ssim_to_full": 0.9950218796730042, "lpips_to_full": 0.0034095211885869503, "temporal_delta_error": 0.00010099762585014105}
{"phase": "fair", "prompt": 3, "seed": 3000, "method": "Oonly_O3w10", "clip_score": 28.265625, "frame_consistency": 0.98095703125, "motion": 0.032457493245601654, "sharpness": 0.01956147700548172, "psnr_to_full": 26.411402271757662, "ssim_to_full": 0.9160292744636536, "lpips_to_full": 0.046465914696455, "temporal_delta_error": 0.0017042418476194143}
{"phase": "fair", "prompt": 3, "seed": 3000, "method": "Oonly_O3w17", "clip_score": 27.21875, "frame_consistency": 0.984375, "motion": 0.03296912461519241, "sharpness": 0.018953796476125717, "psnr_to_full": 34.64324251913613, "ssim_to_full": 0.9815197587013245, "lpips_to_full": 0.010369163937866688, "temporal_delta_error": 0.0003171631251461804}
{"phase": "fair", "prompt": 3, "seed": 3000, "method": "TEA_0.4", "clip_score": 28.421875, "frame_consistency": 0.98583984375, "motion": 0.028254520148038864, "sharpness": 0.021477973088622093, "psnr_to_full": 11.76573322614049, "ssim_to_full": 0.4758557975292206, "lpips_to_full": 0.4169013202190399, "temporal_delta_error": 0.016247905790805817}
{"phase": "fair", "prompt": 3, "seed": 3000, "method": "TEA_0.5", "clip_score": 27.640625, "frame_consistency": 0.9912109375, "motion": 0.027835262939333916, "sharpness": 0.015118627808988094, "psnr_to_full": 11.87214116606264, "ssim_to_full": 0.45255663990974426, "lpips_to_full": 0.42732563614845276, "temporal_delta_error": 0.015148102305829525}
{"phase": "fair", "prompt": 3, "seed": 3000, "method": "TEA_0.8", "clip_score": 29.734375, "frame_consistency": 0.9833984375, "motion": 0.020837685093283653, "sharpness": 0.0037685553543269634, "psnr_to_full": 10.688108085455411, "ssim_to_full": 0.29730722308158875, "lpips_to_full": 0.5863506197929382, "temporal_delta_error": 0.012499535456299782}
{"phase": "fair", "prompt": 3, "seed": 3000, "method": "TEAw10_0.1", "clip_score": 27.484375, "frame_consistency": 0.982421875, "motion": 0.03349481523036957, "sharpness": 0.017732927575707436, "psnr_to_full": 29.549306347690127, "ssim_to_full": 0.9492959380149841, "lpips_to_full": 0.029655195772647858, "temporal_delta_error": 0.0008800850482657552}
{"phase": "fair", "prompt": 3, "seed": 3000, "method": "TEAw10_0.2", "clip_score": 27.734375, "frame_consistency": 0.98193359375, "motion": 0.03395719453692436, "sharpness": 0.016759132966399193, "psnr_to_full": 25.846110641659017, "ssim_to_full": 0.8948338031768799, "lpips_to_full": 0.0590648353099823, "temporal_delta_error": 0.0016045622760429978}
{"phase": "fair", "prompt": 3, "seed": 3000, "method": "TEAw10_0.2_GI", "clip_score": 27.8125, "frame_consistency": 0.98193359375, "motion": 0.03351159021258354, "sharpness": 0.016707463189959526, "psnr_to_full": 25.605853930418263, "ssim_to_full": 0.8876714110374451, "lpips_to_full": 0.06423865258693695, "temporal_delta_error": 0.0017312949057668447}
{"phase": "fair", "prompt": 3, "seed": 3000, "method": "TEAw10_0.3", "clip_score": 27.640625, "frame_consistency": 0.98095703125, "motion": 0.03458249941468239, "sharpness": 0.016008945181965828, "psnr_to_full": 24.193141191291797, "ssim_to_full": 0.8540189862251282, "lpips_to_full": 0.08523105829954147, "temporal_delta_error": 0.0023593702353537083}
{"phase": "fair", "prompt": 3, "seed": 3000, "method": "TEAw10_0.5", "clip_score": 26.90625, "frame_consistency": 0.98388671875, "motion": 0.03618881478905678, "sharpness": 0.012603907845914364, "psnr_to_full": 21.3408299837505, "ssim_to_full": 0.7523188591003418, "lpips_to_full": 0.15029442310333252, "temporal_delta_error": 0.004255275242030621}
{"phase": "fair", "prompt": 3, "seed": 3000, "method": "TEAw10_0.5_GI", "clip_score": 26.828125, "frame_consistency": 0.98486328125, "motion": 0.035852544009685516, "sharpness": 0.012319645844399929, "psnr_to_full": 21.243403569653697, "ssim_to_full": 0.7445021867752075, "lpips_to_full": 0.15898847579956055, "temporal_delta_error": 0.004285372793674469}
{"phase": "fair", "prompt": 3, "seed": 3000, "method": "TEAw10_0.8", "clip_score": 27.078125, "frame_consistency": 0.9833984375, "motion": 0.036687906831502914, "sharpness": 0.010473761707544327, "psnr_to_full": 19.503762335115088, "ssim_to_full": 0.6705482602119446, "lpips_to_full": 0.20918406546115875, "temporal_delta_error": 0.006382200866937637}
{"phase": "fair", "prompt": 3, "seed": 3000, "method": "TEAw17_0.1", "clip_score": 27.15625, "frame_consistency": 0.984375, "motion": 0.0336020365357399, "sharpness": 0.018642619252204895, "psnr_to_full": 36.886657841718346, "ssim_to_full": 0.9886005520820618, "lpips_to_full": 0.0060384441167116165, "temporal_delta_error": 0.00015654250455554575}
{"phase": "fair", "prompt": 3, "seed": 3000, "method": "TEAw17_0.2", "clip_score": 27.21875, "frame_consistency": 0.9833984375, "motion": 0.034296054393053055, "sharpness": 0.018152398988604546, "psnr_to_full": 30.899607201322734, "ssim_to_full": 0.9573242664337158, "lpips_to_full": 0.0224170945584774, "temporal_delta_error": 0.0005626566126011312}
{"phase": "fair", "prompt": 3, "seed": 3000, "method": "TEAw17_0.2_GI", "clip_score": 27.25, "frame_consistency": 0.984375, "motion": 0.0338997058570385, "sharpness": 0.018135972321033478, "psnr_to_full": 29.63326860559727, "ssim_to_full": 0.9445323944091797, "lpips_to_full": 0.03006894886493683, "temporal_delta_error": 0.0007965019322000444}
{"phase": "fair", "prompt": 3, "seed": 3000, "method": "TEAw17_0.3", "clip_score": 27.03125, "frame_consistency": 0.982421875, "motion": 0.034886617213487625, "sharpness": 0.017461560666561127, "psnr_to_full": 28.37434824903411, "ssim_to_full": 0.9286805987358093, "lpips_to_full": 0.03775157034397125, "temporal_delta_error": 0.0009099784656427801}
{"phase": "fair", "prompt": 3, "seed": 3000, "method": "TEAw17_0.5", "clip_score": 26.78125, "frame_consistency": 0.98193359375, "motion": 0.03678980842232704, "sharpness": 0.01571175642311573, "psnr_to_full": 24.48511476253214, "ssim_to_full": 0.8475907444953918, "lpips_to_full": 0.08384661376476288, "temporal_delta_error": 0.0020499113015830517}
{"phase": "fair", "prompt": 3, "seed": 3000, "method": "TEAw17_0.5_GI", "clip_score": 26.734375, "frame_consistency": 0.9833984375, "motion": 0.03646719828248024, "sharpness": 0.01519843190908432, "psnr_to_full": 24.07431729572732, "ssim_to_full": 0.8336658477783203, "lpips_to_full": 0.09486927837133408, "temporal_delta_error": 0.0022606831043958664}
{"phase": "fair", "prompt": 3, "seed": 3000, "method": "TEAw17_0.8", "clip_score": 26.65625, "frame_consistency": 0.98388671875, "motion": 0.04066550359129906, "sharpness": 0.013691287487745285, "psnr_to_full": 21.665195418603908, "ssim_to_full": 0.7443934082984924, "lpips_to_full": 0.14754493534564972, "temporal_delta_error": 0.003696851432323456}
{"phase": "fair", "prompt": 3, "seed": 3000, "method": "TSw10_n2", "clip_score": 27.953125, "frame_consistency": 0.98291015625, "motion": 0.03317271173000336, "sharpness": 0.018982572481036186, "psnr_to_full": 32.35480448885372, "ssim_to_full": 0.9736785292625427, "lpips_to_full": 0.01569497585296631, "temporal_delta_error": 0.0005579707794822752}
{"phase": "fair", "prompt": 3, "seed": 3000, "method": "TSw10_n3", "clip_score": 28.09375, "frame_consistency": 0.982421875, "motion": 0.03339280188083649, "sharpness": 0.018749315291643143, "psnr_to_full": 29.203649969687532, "ssim_to_full": 0.9534751176834106, "lpips_to_full": 0.02802463434636593, "temporal_delta_error": 0.0011424155673012137}
{"phase": "fair", "prompt": 3, "seed": 3000, "method": "TSw17_n2", "clip_score": 27.125, "frame_consistency": 0.98388671875, "motion": 0.03319605812430382, "sharpness": 0.0188688263297081, "psnr_to_full": 40.56465037526637, "ssim_to_full": 0.9949207305908203, "lpips_to_full": 0.0031359675340354443, "temporal_delta_error": 9.18192308745347e-05}
{"phase": "fair", "prompt": 3, "seed": 3000, "method": "TSw17_n3", "clip_score": 27.046875, "frame_consistency": 0.9833984375, "motion": 0.03348136693239212, "sharpness": 0.019162895157933235, "psnr_to_full": 35.742331331463184, "ssim_to_full": 0.9827982783317566, "lpips_to_full": 0.008503868244588375, "temporal_delta_error": 0.00022436637664213777}
{"phase": "fair", "prompt": 3, "seed": 3000, "method": "dpm15", "clip_score": 30.28125, "frame_consistency": 0.9873046875, "motion": 0.017051752656698227, "sharpness": 0.002384086372330785, "psnr_to_full": 10.156427811161318, "ssim_to_full": 0.3091602921485901, "lpips_to_full": 0.5340979695320129, "temporal_delta_error": 0.01535559631884098}
{"phase": "fair", "prompt": 3, "seed": 3000, "method": "dpm20", "clip_score": 29.734375, "frame_consistency": 0.990234375, "motion": 0.019698388874530792, "sharpness": 0.005532971117645502, "psnr_to_full": 10.836572011940504, "ssim_to_full": 0.352973610162735, "lpips_to_full": 0.5087786912918091, "temporal_delta_error": 0.015895668417215347}
{"phase": "fair", "prompt": 3, "seed": 3000, "method": "dpm25", "clip_score": 30.515625, "frame_consistency": 0.9951171875, "motion": 0.017213307321071625, "sharpness": 0.008052368648350239, "psnr_to_full": 11.241222242271114, "ssim_to_full": 0.38827478885650635, "lpips_to_full": 0.4879072904586792, "temporal_delta_error": 0.014393558725714684}
{"phase": "fair", "prompt": 3, "seed": 3000, "method": "dpm30", "clip_score": 30.4375, "frame_consistency": 0.99462890625, "motion": 0.018696995452046394, "sharpness": 0.011433041654527187, "psnr_to_full": 11.71732981010983, "ssim_to_full": 0.44204673171043396, "lpips_to_full": 0.4547622501850128, "temporal_delta_error": 0.014248710125684738}
{"phase": "fair", "prompt": 3, "seed": 3000, "method": "dpm3_20", "clip_score": 29.8125, "frame_consistency": 0.9892578125, "motion": 0.018977606669068336, "sharpness": 0.005566984415054321, "psnr_to_full": 10.720100394085033, "ssim_to_full": 0.3461138904094696, "lpips_to_full": 0.5124488472938538, "temporal_delta_error": 0.015807047486305237}
{"phase": "fair", "prompt": 3, "seed": 3000, "method": "full_perturb1e-2", "clip_score": 26.984375, "frame_consistency": 0.9814453125, "motion": 0.03318392485380173, "sharpness": 0.01889018714427948, "psnr_to_full": 33.96113205897986, "ssim_to_full": 0.9792867302894592, "lpips_to_full": 0.009922168217599392, "temporal_delta_error": 0.00046092155389487743}
{"phase": "fair", "prompt": 3, "seed": 3000, "method": "unipc15", "clip_score": 29.9375, "frame_consistency": 0.982421875, "motion": 0.023433761671185493, "sharpness": 0.003477696096524596, "psnr_to_full": 10.2922329395164, "ssim_to_full": 0.31105437874794006, "lpips_to_full": 0.5374962687492371, "temporal_delta_error": 0.018508585169911385}
{"phase": "fair", "prompt": 3, "seed": 3000, "method": "unipc20", "clip_score": 29.6875, "frame_consistency": 0.99169921875, "motion": 0.021912619471549988, "sharpness": 0.00599009869620204, "psnr_to_full": 11.279168628335015, "ssim_to_full": 0.3662269413471222, "lpips_to_full": 0.5082659125328064, "temporal_delta_error": 0.01626884751021862}
{"phase": "fair", "prompt": 3, "seed": 3000, "method": "unipc25", "clip_score": 30.21875, "frame_consistency": 0.9951171875, "motion": 0.017618903890252113, "sharpness": 0.012347170151770115, "psnr_to_full": 11.355111846985523, "ssim_to_full": 0.4239683449268341, "lpips_to_full": 0.45755577087402344, "temporal_delta_error": 0.014417036436498165}
{"phase": "fair", "prompt": 3, "seed": 3000, "method": "unipc30", "clip_score": 30.34375, "frame_consistency": 0.9912109375, "motion": 0.02120192162692547, "sharpness": 0.016297951340675354, "psnr_to_full": 11.16369620320852, "ssim_to_full": 0.4164074957370758, "lpips_to_full": 0.4709440767765045, "temporal_delta_error": 0.014812823385000229}
The config attributes {'invert_scale_latents': False} were passed to AutoencoderKLCogVideoX, but are not expected and will be ignored. Please verify your config.json configuration file.
/usr/local/lib64/python3.9/site-packages/torchvision/models/_utils.py:208: UserWarning: The parameter 'pretrained' is deprecated since 0.13 and may be removed in the future, please use 'weights' instead.
  warnings.warn(
/usr/local/lib64/python3.9/site-packages/torchvision/models/_utils.py:223: UserWarning: Arguments other than a weight enum or `None` for 'weights' are deprecated since 0.13 and may be removed in the future. The current behavior is equivalent to passing `weights=AlexNet_Weights.IMAGENET1K_V1`. You can also use `weights=AlexNet_Weights.DEFAULT` to get the most up-to-date weights.
  warnings.warn(msg)
/usr/local/lib64/python3.9/site-packages/torch/_utils.py:831: UserWarning: TypedStorage is deprecated. It will be removed in the future and UntypedStorage will be the only storage class. This should only matter to you if you are using storages directly.  To access UntypedStorage directly, use tensor.untyped_storage() instead of tensor.storage()
  return self.fget.__get__(instance, owner)()
{"phase": "fair", "prompt": 0, "seed": 3000, "method": "Oonly_O2w17", "clip_score": 28.6875, "frame_consistency": 0.998046875, "motion": 0.06812172383069992, "sharpness": 0.012876690365374088, "psnr_to_full": 47.78492839541208, "ssim_to_full": 0.9989507794380188, "lpips_to_full": 0.0005308446707203984, "temporal_delta_error": 1.99815294763539e-05}
{"phase": "fair", "prompt": 0, "seed": 3000, "method": "TEAw17_0.5_GI", "clip_score": 29.765625, "frame_consistency": 0.99658203125, "motion": 0.0658162459731102, "sharpness": 0.012856869958341122, "psnr_to_full": 26.854393381563355, "ssim_to_full": 0.8770682215690613, "lpips_to_full": 0.07216441631317139, "temporal_delta_error": 0.0027996825519949198}
{"phase": "fair", "prompt": 0, "seed": 3000, "method": "dpm20", "clip_score": 30.859375, "frame_consistency": 0.9970703125, "motion": 0.10615812987089157, "sharpness": 0.007352829910814762, "psnr_to_full": 10.076753377596223, "ssim_to_full": 0.23844493925571442, "lpips_to_full": 0.5131913423538208, "temporal_delta_error": 0.04433964937925339}
{"phase": "fair", "prompt": 0, "seed": 3000, "method": "dpm30", "clip_score": 29.4375, "frame_consistency": 0.99560546875, "motion": 0.0951511412858963, "sharpness": 0.011085145175457, "psnr_to_full": 11.724948816063526, "ssim_to_full": 0.3638589382171631, "lpips_to_full": 0.40721258521080017, "temporal_delta_error": 0.025357715785503387}
{"phase": "fair", "prompt": 0, "seed": 3000, "method": "unipc20", "clip_score": 30.15625, "frame_consistency": 0.99267578125, "motion": 0.10707040131092072, "sharpness": 0.012751586735248566, "psnr_to_full": 10.934727780089204, "ssim_to_full": 0.2744952440261841, "lpips_to_full": 0.445328950881958, "temporal_delta_error": 0.04115380346775055}
The config attributes {'invert_scale_latents': False} were passed to AutoencoderKLCogVideoX, but are not expected and will be ignored. Please verify your config.json configuration file.
/usr/local/lib64/python3.9/site-packages/torch/_utils.py:831: UserWarning: TypedStorage is deprecated. It will be removed in the future and UntypedStorage will be the only storage class. This should only matter to you if you are using storages directly.  To access UntypedStorage directly, use tensor.untyped_storage() instead of tensor.storage()
  return self.fget.__get__(instance, owner)()
{"phase": "fair", "prompt": 0, "seed": 3000, "method": "FORAw17_n2", "aesthetic": 5.3201727867126465, "clip_text": 28.66717529296875, "subj_cons": 0.9953853487968445, "imaging": 0.013033883646130562, "motion": 0.0683978721499443, "flicker": 0.10495445877313614}
{"phase": "fair", "prompt": 0, "seed": 3000, "method": "OURS_O3w13_B2", "aesthetic": 5.315777778625488, "clip_text": 28.859254837036133, "subj_cons": 0.9947620630264282, "imaging": 0.012819318100810051, "motion": 0.06828061491250992, "flicker": 0.10396596789360046}
{"phase": "fair", "prompt": 0, "seed": 3000, "method": "Oonly_O2w10", "aesthetic": 5.3072710037231445, "clip_text": 28.59033966064453, "subj_cons": 0.9955206513404846, "imaging": 0.012963088229298592, "motion": 0.0687393918633461, "flicker": 0.10577592253684998}
{"phase": "fair", "prompt": 0, "seed": 3000, "method": "TEA_0.4", "aesthetic": 4.867994785308838, "clip_text": 28.678119659423828, "subj_cons": 0.9842473864555359, "imaging": 0.022729119285941124, "motion": 0.057317689061164856, "flicker": 0.08829057216644287}
{"phase": "fair", "prompt": 0, "seed": 3000, "method": "TEAw10_0.2", "aesthetic": 5.321958065032959, "clip_text": 28.86623191833496, "subj_cons": 0.9933909773826599, "imaging": 0.012620080262422562, "motion": 0.06523381918668747, "flicker": 0.09983398020267487}
{"phase": "fair", "prompt": 0, "seed": 3000, "method": "TEAw10_0.5_GI", "aesthetic": 5.287541389465332, "clip_text": 29.947084426879883, "subj_cons": 0.9939731359481812, "imaging": 0.011279921978712082, "motion": 0.05968479439616203, "flicker": 0.08876797556877136}
{"phase": "fair", "prompt": 0, "seed": 3000, "method": "TEAw17_0.2_GI", "aesthetic": 5.301013469696045, "clip_text": 29.3358154296875, "subj_cons": 0.9937067031860352, "imaging": 0.013147719204425812, "motion": 0.06744953244924545, "flicker": 0.10256630182266235}
{"phase": "fair", "prompt": 0, "seed": 3000, "method": "TEAw17_0.8", "aesthetic": 5.016566753387451, "clip_text": 29.83497428894043, "subj_cons": 0.9907723665237427, "imaging": 0.012814481742680073, "motion": 0.06693532317876816, "flicker": 0.09687711298465729}
{"phase": "fair", "prompt": 0, "seed": 3000, "method": "TSw17_n3", "aesthetic": 5.343276500701904, "clip_text": 28.530029296875, "subj_cons": 0.99587082862854, "imaging": 0.013444293290376663, "motion": 0.0697546973824501, "flicker": 0.10739842057228088}
{"phase": "fair", "prompt": 0, "seed": 3000, "method": "dpm30", "aesthetic": 4.790686130523682, "clip_text": 29.459016799926758, "subj_cons": 0.9932364821434021, "imaging": 0.011085145175457, "motion": 0.0951511412858963, "flicker": 0.167771115899086}
{"phase": "fair", "prompt": 0, "seed": 3000, "method": "unipc15", "aesthetic": 5.291779041290283, "clip_text": 30.978843688964844, "subj_cons": 0.9923419952392578, "imaging": 0.007142126560211182, "motion": 0.07463982701301575, "flicker": 0.13672511279582977}
{"phase": "fair", "prompt": 1, "seed": 3000, "method": "FORAw10_n2", "aesthetic": 6.020269870758057, "clip_text": 27.517431259155273, "subj_cons": 0.9720995426177979, "imaging": 0.008559046313166618, "motion": 0.027828585356473923, "flicker": 0.0512843057513237}
{"phase": "fair", "prompt": 1, "seed": 3000, "method": "FORAw17_n3", "aesthetic": 6.204105377197266, "clip_text": 27.381250381469727, "subj_cons": 0.9774441719055176, "imaging": 0.00907061155885458, "motion": 0.02867661975324154, "flicker": 0.05305071920156479}
{"phase": "fair", "prompt": 1, "seed": 3000, "method": "OURS_O4w13_B2_GI", "aesthetic": 6.023041725158691, "clip_text": 27.36567497253418, "subj_cons": 0.9717628359794617, "imaging": 0.009064455516636372, "motion": 0.02881120890378952, "flicker": 0.05308844521641731}
{"phase": "fair", "prompt": 1, "seed": 3000, "method": "Oonly_O2w17", "aesthetic": 6.2861785888671875, "clip_text": 27.184242248535156, "subj_cons": 0.9761313199996948, "imaging": 0.008130375295877457, "motion": 0.027440164238214493, "flicker": 0.05066685378551483}
{"phase": "fair", "prompt": 1, "seed": 3000, "method": "TEA_0.5", "aesthetic": 5.705586910247803, "clip_text": 25.91916847229004, "subj_cons": 0.9644537568092346, "imaging": 0.00664881756529212, "motion": 0.03217289224267006, "flicker": 0.05418214946985245}
{"phase": "fair", "prompt": 1, "seed": 3000, "method": "TEAw10_0.2_GI", "aesthetic": 5.9138593673706055, "clip_text": 27.478498458862305, "subj_cons": 0.9746006727218628, "imaging": 0.00839023943990469, "motion": 0.027827199548482895, "flicker": 0.05107845738530159}
{"phase": "fair", "prompt": 1, "seed": 3000, "method": "TEAw10_0.8", "aesthetic": 5.675970554351807, "clip_text": 27.015777587890625, "subj_cons": 0.9653977155685425, "imaging": 0.009319392964243889, "motion": 0.031636759638786316, "flicker": 0.05664690583944321}
{"phase": "fair", "prompt": 1, "seed": 3000, "method": "TEAw17_0.3", "aesthetic": 6.02647066116333, "clip_text": 27.894840240478516, "subj_cons": 0.9664742946624756, "imaging": 0.009045307524502277, "motion": 0.02916453406214714, "flicker": 0.05378394573926926}
{"phase": "fair", "prompt": 1, "seed": 3000, "method": "TSw10_n2", "aesthetic": 6.1312713623046875, "clip_text": 27.49243927001953, "subj_cons": 0.9728673696517944, "imaging": 0.008596108295023441, "motion": 0.02751350775361061, "flicker": 0.05084306746721268}
{"phase": "fair", "prompt": 1, "seed": 3000, "method": "dpm15", "aesthetic": 6.612281322479248, "clip_text": 27.472257614135742, "subj_cons": 0.9894241690635681, "imaging": 0.005807573441416025, "motion": 0.015505400486290455, "flicker": 0.025975242257118225}
{"phase": "fair", "prompt": 1, "seed": 3000, "method": "dpm3_20", "aesthetic": 6.460777759552002, "clip_text": 26.776813507080078, "subj_cons": 0.9754717350006104, "imaging": 0.0054222592152655125, "motion": 0.01993553712964058, "flicker": 0.03441523760557175}
{"phase": "fair", "prompt": 1, "seed": 3000, "method": "unipc20", "aesthetic": 6.491002082824707, "clip_text": 26.432863235473633, "subj_cons": 0.9801696538925171, "imaging": 0.0052800592966377735, "motion": 0.025055091828107834, "flicker": 0.04443976283073425}
{"phase": "fair", "prompt": 2, "seed": 3000, "method": "FORAw10_n3", "aesthetic": 6.591185092926025, "clip_text": 29.040729522705078, "subj_cons": 0.9854129552841187, "imaging": 0.009184440597891808, "motion": 0.039324093610048294, "flicker": 0.06136297807097435}
{"phase": "fair", "prompt": 2, "seed": 3000, "method": "FORAw17_n4", "aesthetic": 6.8354926109313965, "clip_text": 27.612634658813477, "subj_cons": 0.9870553016662598, "imaging": 0.009328078478574753, "motion": 0.04082747548818588, "flicker": 0.06349273771047592}
{"phase": "fair", "prompt": 2, "seed": 3000, "method": "OURS_Ow17_L4_GI", "aesthetic": 6.827500343322754, "clip_text": 27.601455688476562, "subj_cons": 0.988966703414917, "imaging": 0.00923492293804884, "motion": 0.040792472660541534, "flicker": 0.06340847164392471}
{"phase": "fair", "prompt": 2, "seed": 3000, "method": "Oonly_O3w10", "aesthetic": 6.847939968109131, "clip_text": 27.911954879760742, "subj_cons": 0.9906449913978577, "imaging": 0.00949144084006548, "motion": 0.04002437740564346, "flicker": 0.06248749420046806}
{"phase": "fair", "prompt": 2, "seed": 3000, "method": "TEA_0.8", "aesthetic": 6.001163959503174, "clip_text": 32.85167694091797, "subj_cons": 0.9724536538124084, "imaging": 0.0026404194068163633, "motion": 0.03303942829370499, "flicker": 0.05130686238408089}
{"phase": "fair", "prompt": 2, "seed": 3000, "method": "TEAw10_0.3", "aesthetic": 6.3890204429626465, "clip_text": 28.343517303466797, "subj_cons": 0.9889811873435974, "imaging": 0.008545313030481339, "motion": 0.03915051370859146, "flicker": 0.06096786633133888}
{"phase": "fair", "prompt": 2, "seed": 3000, "method": "TEAw17_0.1", "aesthetic": 6.81381893157959, "clip_text": 27.867435455322266, "subj_cons": 0.9851241111755371, "imaging": 0.009284470230340958, "motion": 0.04058226943016052, "flicker": 0.06308472901582718}
{"phase": "fair", "prompt": 2, "seed": 3000, "method": "TEAw17_0.5", "aesthetic": 6.517045021057129, "clip_text": 29.170312881469727, "subj_cons": 0.9851733446121216, "imaging": 0.008441537618637085, "motion": 0.04126175120472908, "flicker": 0.06379080563783646}
{"phase": "fair", "prompt": 2, "seed": 3000, "method": "TSw10_n3", "aesthetic": 6.721261501312256, "clip_text": 28.5226993560791, "subj_cons": 0.9888536930084229, "imaging": 0.009380572475492954, "motion": 0.0398947112262249, "flicker": 0.06235269829630852}
{"phase": "fair", "prompt": 2, "seed": 3000, "method": "dpm20", "aesthetic": 6.80755090713501, "clip_text": 30.104026794433594, "subj_cons": 0.9926445484161377, "imaging": 0.01694382354617119, "motion": 0.07522886991500854, "flicker": 0.1239391341805458}
{"phase": "fair", "prompt": 2, "seed": 3000, "method": "full", "aesthetic": 6.86913537979126, "clip_text": 27.981889724731445, "subj_cons": 0.9885579943656921, "imaging": 0.009316680952906609, "motion": 0.04054364562034607, "flicker": 0.06300079822540283}
{"phase": "fair", "prompt": 2, "seed": 3000, "method": "unipc25", "aesthetic": 6.672060966491699, "clip_text": 32.14244842529297, "subj_cons": 0.9869397282600403, "imaging": 0.005775177851319313, "motion": 0.040399231016635895, "flicker": 0.06431104987859726}
{"phase": "fair", "prompt": 3, "seed": 3000, "method": "FORAw10_n4", "aesthetic": 5.8889055252075195, "clip_text": 28.303190231323242, "subj_cons": 0.9673938751220703, "imaging": 0.01794791966676712, "motion": 0.03391409292817116, "flicker": 0.05489664897322655}
{"phase": "fair", "prompt": 3, "seed": 3000, "method": "OURS_O3w10_B3", "aesthetic": 5.90217399597168, "clip_text": 27.738571166992188, "subj_cons": 0.9749134182929993, "imaging": 0.01575332321226597, "motion": 0.0335877351462841, "flicker": 0.05296352505683899}
{"phase": "fair", "prompt": 3, "seed": 3000, "method": "OURS_Ow20_L4", "aesthetic": 5.9306416511535645, "clip_text": 27.12160873413086, "subj_cons": 0.9778405427932739, "imaging": 0.01862039603292942, "motion": 0.03348268195986748, "flicker": 0.05441265553236008}
{"phase": "fair", "prompt": 3, "seed": 3000, "method": "Oonly_O3w17", "aesthetic": 5.903469562530518, "clip_text": 27.216306686401367, "subj_cons": 0.9783917665481567, "imaging": 0.018953796476125717, "motion": 0.03296912461519241, "flicker": 0.053736064583063126}
{"phase": "fair", "prompt": 3, "seed": 3000, "method": "TEAw10_0.1", "aesthetic": 5.908751010894775, "clip_text": 27.484506607055664, "subj_cons": 0.9761834144592285, "imaging": 0.017732927575707436, "motion": 0.03349481523036957, "flicker": 0.05447995290160179}
{"phase": "fair", "prompt": 3, "seed": 3000, "method": "TEAw10_0.5", "aesthetic": 5.7620625495910645, "clip_text": 26.89596176147461, "subj_cons": 0.9746915698051453, "imaging": 0.012603907845914364, "motion": 0.03618881478905678, "flicker": 0.05574720352888107}
{"phase": "fair", "prompt": 3, "seed": 3000, "method": "TEAw17_0.2", "aesthetic": 5.875744819641113, "clip_text": 27.220211029052734, "subj_cons": 0.9737327694892883, "imaging": 0.018152398988604546, "motion": 0.034296054393053055, "flicker": 0.05555904656648636}
{"phase": "fair", "prompt": 3, "seed": 3000, "method": "TEAw17_0.5_GI", "aesthetic": 5.837844371795654, "clip_text": 26.726707458496094, "subj_cons": 0.9760590195655823, "imaging": 0.01519843190908432, "motion": 0.03646719828248024, "flicker": 0.05742301419377327}
{"phase": "fair", "prompt": 3, "seed": 3000, "method": "TSw17_n2", "aesthetic": 5.922945022583008, "clip_text": 27.113399505615234, "subj_cons": 0.9780933856964111, "imaging": 0.0188688263297081, "motion": 0.03319605812430382, "flicker": 0.05402741953730583}
{"phase": "fair", "prompt": 3, "seed": 3000, "method": "dpm25", "aesthetic": 6.332163333892822, "clip_text": 30.496793746948242, "subj_cons": 0.9931342601776123, "imaging": 0.008052368648350239, "motion": 0.017213307321071625, "flicker": 0.02822965756058693}
{"phase": "fair", "prompt": 3, "seed": 3000, "method": "full_perturb1e-2", "aesthetic": 5.9488043785095215, "clip_text": 26.967365264892578, "subj_cons": 0.9772350192070007, "imaging": 0.01889018714427948, "motion": 0.03318392485380173, "flicker": 0.0539359524846077}
{"phase": "fair", "prompt": 3, "seed": 3000, "method": "unipc30", "aesthetic": 6.288722515106201, "clip_text": 30.334611892700195, "subj_cons": 0.9879478216171265, "imaging": 0.016297951340675354, "motion": 0.02120192162692547, "flicker": 0.0323944166302681}
