Using Ema!
/root/viewdit/experiments/video/preset_latte_semantic_boundary.py:101: FutureWarning: `torch.cuda.amp.autocast(args...)` is deprecated. Please use `torch.amp.autocast('cuda', args...)` instead.
  with torch.cuda.amp.autocast(dtype=torch.float16):
[base_classA] class=28 shape=(1, 16, 4, 32, 32)
[edit_classB] class=82 shape=(1, 16, 4, 32, 32)
ROW boundary_rank2 prefix_rms 0.007667 payload 8194
ROW boundary_rank4 prefix_rms 0.005404 payload 16388
ROW boundary_rank8 prefix_rms 0.004353 payload 32776
ROW boundary_rank16 prefix_rms 0.00229 payload 65552
ROW boundary_rank32 prefix_rms 0.0 payload 131104
ROW boundary_rank64 prefix_rms 0.0 payload 262208
ROW boundary_rank128 prefix_rms 0.0 payload 524416
{
  "complete": true,
  "protocol": {
    "model": "Latte-XL/2",
    "ckpt": "ucf101.pt",
    "steps": 6,
    "frames": 16,
    "prefix": 5,
    "ranks": [
      2,
      4,
      8,
      16,
      32,
      64,
      128
    ],
    "class_a": 28,
    "class_b": 82,
    "seed": 999,
    "note": "latent-domain mechanism probe on second DiT (Latte-XL/2, UCF101, extras=2). Regenerate future under different action class = semantic-edit proxy; test whether a compact rank-k boundary state preserves the committed prefix, vs storing the full prefix latent.",
    "decoder": "deferred pixel decode."
  },
  "rows": [
    {
      "method": "none",
      "prefix_latent_rms": 0.014739170670509338,
      "future_latent_rms": 0.0,
      "payload_bytes": null
    },
    {
      "method": "full_oracle",
      "prefix_latent_rms": 0.0,
      "future_latent_rms": 0.0,
      "payload_bytes": 81920
    },
    {
      "method": "boundary_rank2",
      "prefix_latent_rms": 0.007666586432605982,
      "future_latent_rms": 0.0,
      "payload_bytes": 8194
    },
    {
      "method": "boundary_rank4",
      "prefix_latent_rms": 0.005403686314821243,
      "future_latent_rms": 0.0,
      "payload_bytes": 16388
    },
    {
      "method": "boundary_rank8",
      "prefix_latent_rms": 0.0043527716770768166,
      "future_latent_rms": 0.0,
      "payload_bytes": 32776
    },
    {
      "method": "boundary_rank16",
      "prefix_latent_rms": 0.00229007750749588,
      "future_latent_rms": 0.0,
      "payload_bytes": 65552
    },
    {
      "method": "boundary_rank32",
      "prefix_latent_rms": 3.13093302395373e-08,
      "future_latent_rms": 0.0,
      "payload_bytes": 131104
    },
    {
      "method": "boundary_rank64",
      "prefix_latent_rms": 3.13093302395373e-08,
      "future_latent_rms": 0.0,
      "payload_bytes": 262208
    },
    {
      "method": "boundary_rank128",
      "prefix_latent_rms": 3.13093302395373e-08,
      "future_latent_rms": 0.0,
      "payload_bytes": 524416
    }
  ],
  "edit_distance_ab": 0.014465779066085815
}
LATTE_SEMANTIC_BOUNDARY_OK
