# CogVideoX-2b bench (bench), 49f 480x720, DDIM-50, CFG6, H20, paired wall-time speed (DiT only)

| method | n | speed | sec | PSNR | SSIM | LPIPS | dCLIP | sharp | motion | tdelta err |
|---|---|---|---|---|---|---|---|---|---|---|
| TEA_0.3 | 12/12 | 3.80 | 43.7 | 20.33 | 0.7846 | 0.2283 | -0.72 | 0.807 | 0.945 | 0.00850 |
| OURS_Ow7_L6_GI | 12/12 | 3.67 | 45.2 | 23.09 | 0.8447 | 0.1630 | -0.16 | 0.922 | 0.902 | 0.00616 |
| OURS_O4w10_B2 | 12/12 | 3.33 | 49.8 | 24.81 | 0.8675 | 0.1266 | +0.17 | 1.065 | 1.011 | 0.00525 |
| OURS_O3w10_B3 | 12/12 | 3.33 | 49.9 | 25.00 | 0.8732 | 0.1311 | -0.08 | 0.910 | 0.935 | 0.00487 |
| steps17 | 12/12 | 2.95 | 56.4 | 13.60 | 0.5921 | 0.5069 | -1.56 | 0.277 | 0.663 | 0.01789 |
| OURS_O5w13_B2 | 12/12 | 2.94 | 56.4 | 26.59 | 0.9022 | 0.0968 | -0.19 | 1.023 | 1.013 | 0.00414 |
| OURS_O4w13_B2_GI | 12/12 | 2.93 | 56.6 | 27.66 | 0.9185 | 0.0855 | -0.27 | 0.990 | 0.979 | 0.00341 |
| TEA_0.2 | 12/12 | 2.92 | 56.9 | 21.92 | 0.8198 | 0.1839 | -0.26 | 0.920 | 0.903 | 0.00746 |
| TS_n4 | 12/12 | 2.88 | 57.7 | 17.93 | 0.7178 | 0.2887 | +0.02 | 1.391 | 1.128 | 0.01383 |
| OURS_O4w13_B2 | 12/12 | 2.78 | 59.8 | 27.89 | 0.9207 | 0.0802 | -0.21 | 1.001 | 0.989 | 0.00343 |
| FORA_n3 | 12/12 | 2.62 | 63.5 | 19.13 | 0.7539 | 0.2632 | -0.66 | 0.800 | 0.930 | 0.00947 |
| steps20 | 12/12 | 2.50 | 66.3 | 13.68 | 0.5920 | 0.4854 | -1.35 | 0.365 | 0.705 | 0.01835 |
| OURS_O3w13_B2 | 12/12 | 2.50 | 66.4 | 29.41 | 0.9368 | 0.0630 | -0.17 | 0.991 | 0.991 | 0.00269 |
| TS_n3 | 12/12 | 2.46 | 67.5 | 20.31 | 0.7885 | 0.2237 | +0.01 | 1.113 | 1.039 | 0.00998 |
| TEA_0.15 | 12/12 | 2.37 | 70.1 | 23.40 | 0.8550 | 0.1496 | -0.15 | 0.947 | 0.969 | 0.00601 |
| OURS_O3w17_B2_GI | 12/12 | 2.27 | 73.2 | 31.87 | 0.9596 | 0.0422 | -0.16 | 0.964 | 0.979 | 0.00137 |
| OURS_O3w17_B2 | 12/12 | 2.18 | 76.4 | 32.58 | 0.9642 | 0.0362 | -0.07 | 0.963 | 0.990 | 0.00128 |
| OURS_Ow17_L4_GI | 12/12 | 2.07 | 80.1 | 33.44 | 0.9692 | 0.0314 | -0.07 | 1.018 | 0.994 | 0.00099 |
| steps25 | 12/12 | 2.00 | 82.9 | 14.85 | 0.6398 | 0.4257 | -0.80 | 0.461 | 0.802 | 0.01474 |
| OURS_Ow17_L4 | 12/12 | 1.92 | 86.3 | 35.24 | 0.9777 | 0.0220 | +0.03 | 1.017 | 1.002 | 0.00080 |
| FORA_n2 | 12/12 | 1.85 | 89.9 | 20.81 | 0.8101 | 0.1995 | -0.20 | 0.969 | 0.995 | 0.00819 |
| TEA_0.1 | 12/12 | 1.85 | 89.9 | 31.71 | 0.9531 | 0.0464 | -0.10 | 0.971 | 0.983 | 0.00219 |
| OURS_Ow20_L4 | 12/12 | 1.79 | 93.0 | 37.82 | 0.9863 | 0.0143 | +0.00 | 1.010 | 1.001 | 0.00046 |
| FC_v2_k3 | 12/12 | 1.68 | 99.1 | 30.93 | 0.9479 | 0.0523 | -0.03 | 0.911 | 0.944 | 0.00221 |
| PAB_k3 | 12/12 | 1.58 | 105.3 | 30.93 | 0.9478 | 0.0521 | -0.02 | 0.916 | 0.947 | 0.00223 |
| FC_v2 | 12/12 | 1.45 | 114.3 | 34.12 | 0.9664 | 0.0332 | +0.00 | 0.953 | 0.969 | 0.00141 |
| PAB_k2 | 12/12 | 1.40 | 119.0 | 34.15 | 0.9665 | 0.0330 | -0.01 | 0.954 | 0.970 | 0.00140 |
| full_perturb1e-2 | 12/12 | 1.00 | 165.9 | 31.61 | 0.9324 | 0.0645 | +0.02 | 1.005 | 1.003 | 0.00358 |
| full | 12/0 | 1.00 | 166.1 | nan | nan | nan | +0.00 | 1.000 | 1.000 | 0.00000 |
