/usr/local/lib64/python3.9/site-packages/torch/_utils.py:831: UserWarning: TypedStorage is deprecated. It will be removed in the future and UntypedStorage will be the only storage class. This should only matter to you if you are using storages directly.  To access UntypedStorage directly, use tensor.untyped_storage() instead of tensor.storage()
  return self.fget.__get__(instance, owner)()
{"phase": "bench", "prompt": 5, "seed": 3000, "method": "full", "latent_mse_to_full": 0.0, "seconds": 167.13420501584187, "kinds": {"F": 50, "C": 0, "G": 0, "O": 0}, "full": 3000, "reuse": 0, "attn_only": 0, "ffn_only": 0}
{"phase": "bench", "prompt": 5, "seed": 3000, "method": "full_perturb1e-2", "latent_mse_to_full": 0.025426488369703293, "seconds": 166.46030807914212, "kinds": {"F": 50, "C": 0, "G": 0, "O": 0}, "full": 3000, "reuse": 0, "attn_only": 0, "ffn_only": 0}
{"phase": "bench", "prompt": 5, "seed": 3000, "method": "FC_v2", "latent_mse_to_full": 0.0059593310579657555, "seconds": 114.69039837410673, "kinds": {"F": 33, "C": 17, "G": 0, "O": 0}, "full": 1980, "reuse": 0, "attn_only": 510, "ffn_only": 0}
{"phase": "bench", "prompt": 5, "seed": 3000, "method": "FC_v2_k3", "latent_mse_to_full": 0.01354294829070568, "seconds": 99.4814589091111, "kinds": {"F": 28, "C": 22, "G": 0, "O": 0}, "full": 1680, "reuse": 0, "attn_only": 660, "ffn_only": 0}
{"phase": "bench", "prompt": 5, "seed": 3000, "method": "steps25", "latent_mse_to_full": 0.40669190883636475, "seconds": 83.23569344799034, "kinds": {"F": 25, "C": 0, "G": 0, "O": 0}, "full": 1500, "reuse": 0, "attn_only": 0, "ffn_only": 0}
{"phase": "bench", "prompt": 5, "seed": 3000, "method": "steps20", "latent_mse_to_full": 0.5592026114463806, "seconds": 66.5928056158591, "kinds": {"F": 20, "C": 0, "G": 0, "O": 0}, "full": 1200, "reuse": 0, "attn_only": 0, "ffn_only": 0}
{"phase": "bench", "prompt": 5, "seed": 3000, "method": "steps17", "latent_mse_to_full": 0.5809792280197144, "seconds": 56.5928957730066, "kinds": {"F": 17, "C": 0, "G": 0, "O": 0}, "full": 1020, "reuse": 0, "attn_only": 0, "ffn_only": 0}
{"phase": "bench", "prompt": 5, "seed": 3000, "method": "PAB_k2", "latent_mse_to_full": 0.006099024787545204, "seconds": 119.48852814501151, "kinds": {"F": 50, "C": 0, "G": 0, "O": 0}, "full": 1980, "reuse": 0, "attn_only": 1020, "ffn_only": 0}
{"phase": "bench", "prompt": 5, "seed": 3000, "method": "PAB_k3", "latent_mse_to_full": 0.013459514826536179, "seconds": 105.66329873702489, "kinds": {"F": 50, "C": 0, "G": 0, "O": 0}, "full": 1680, "reuse": 0, "attn_only": 1320, "ffn_only": 0}
{"phase": "bench", "prompt": 5, "seed": 3000, "method": "FORA_n2", "latent_mse_to_full": 0.1596679836511612, "seconds": 90.21328523103148, "kinds": {"F": 50, "C": 0, "G": 0, "O": 0}, "full": 1620, "reuse": 1380, "attn_only": 0, "ffn_only": 0}
{"phase": "bench", "prompt": 5, "seed": 3000, "method": "FORA_n3", "latent_mse_to_full": 0.21731135249137878, "seconds": 63.71297664800659, "kinds": {"F": 50, "C": 0, "G": 0, "O": 0}, "full": 1140, "reuse": 1860, "attn_only": 0, "ffn_only": 0}
{"phase": "bench", "prompt": 5, "seed": 3000, "method": "TS_n3", "latent_mse_to_full": 0.16623827815055847, "seconds": 67.72317839902826, "kinds": {"F": 50, "C": 0, "G": 0, "O": 0}, "full": 1200, "reuse": 1800, "attn_only": 0, "ffn_only": 0}
{"phase": "bench", "prompt": 5, "seed": 3000, "method": "TS_n4", "latent_mse_to_full": 0.25172334909439087, "seconds": 57.82794972602278, "kinds": {"F": 50, "C": 0, "G": 0, "O": 0}, "full": 1020, "reuse": 1980, "attn_only": 0, "ffn_only": 0}
{"phase": "bench", "prompt": 5, "seed": 3000, "method": "TEA_0.1", "latent_mse_to_full": 0.021028928458690643, "seconds": 90.16727246693335, "kinds": {"F": 50, "C": 0, "G": 0, "O": 0}, "full": 1620, "reuse": 1380, "attn_only": 0, "ffn_only": 0}
{"phase": "bench", "prompt": 5, "seed": 3000, "method": "TEA_0.15", "latent_mse_to_full": 0.0848669782280922, "seconds": 70.29749259306118, "kinds": {"F": 50, "C": 0, "G": 0, "O": 0}, "full": 1260, "reuse": 1740, "attn_only": 0, "ffn_only": 0}
{"phase": "bench", "prompt": 5, "seed": 3000, "method": "TEA_0.2", "latent_mse_to_full": 0.10501608997583389, "seconds": 57.04597174981609, "kinds": {"F": 50, "C": 0, "G": 0, "O": 0}, "full": 1020, "reuse": 1980, "attn_only": 0, "ffn_only": 0}
{"phase": "bench", "prompt": 5, "seed": 3000, "method": "TEA_0.3", "latent_mse_to_full": 0.1740046739578247, "seconds": 43.793365966994315, "kinds": {"F": 50, "C": 0, "G": 0, "O": 0}, "full": 780, "reuse": 2220, "attn_only": 0, "ffn_only": 0}
{"phase": "bench", "prompt": 5, "seed": 3000, "method": "OURS_O3w10_B3", "latent_mse_to_full": 0.056186895817518234, "seconds": 50.04816777887754, "kinds": {"F": 24, "C": 0, "G": 0, "O": 26}, "full": 900, "reuse": 540, "attn_only": 0, "ffn_only": 0}
{"phase": "bench", "prompt": 5, "seed": 3000, "method": "OURS_O3w13_B2", "latent_mse_to_full": 0.027852782979607582, "seconds": 66.65211442415603, "kinds": {"F": 26, "C": 0, "G": 0, "O": 24}, "full": 1200, "reuse": 360, "attn_only": 0, "ffn_only": 0}
{"phase": "bench", "prompt": 5, "seed": 3000, "method": "OURS_Ow17_L4", "latent_mse_to_full": 0.008573886007070541, "seconds": 86.64248805888928, "kinds": {"F": 34, "C": 0, "G": 0, "O": 16}, "full": 1560, "reuse": 480, "attn_only": 0, "ffn_only": 0}
{"phase": "bench", "prompt": 5, "seed": 3000, "method": "OURS_O3w17_B2", "latent_mse_to_full": 0.016204312443733215, "seconds": 76.61342532210983, "kinds": {"F": 28, "C": 0, "G": 0, "O": 22}, "full": 1380, "reuse": 300, "attn_only": 0, "ffn_only": 0}
{"phase": "bench", "prompt": 5, "seed": 3000, "method": "OURS_Ow20_L4", "latent_mse_to_full": 0.003663475625216961, "seconds": 93.27943518804386, "kinds": {"F": 35, "C": 0, "G": 0, "O": 15}, "full": 1680, "reuse": 420, "attn_only": 0, "ffn_only": 0}
{"phase": "bench", "prompt": 5, "seed": 3000, "method": "OURS_Ow17_L4_GI", "latent_mse_to_full": 0.010568209923803806, "seconds": 80.359894661, "kinds": {"F": 27, "C": 0, "G": 7, "O": 16}, "full": 1440, "reuse": 390, "attn_only": 0, "ffn_only": 0}
{"phase": "bench", "prompt": 5, "seed": 3000, "method": "OURS_O3w17_B2_GI", "latent_mse_to_full": 0.016679372638463974, "seconds": 73.46518107806332, "kinds": {"F": 24, "C": 0, "G": 4, "O": 22}, "full": 1320, "reuse": 240, "attn_only": 0, "ffn_only": 0}
{"phase": "bench", "prompt": 5, "seed": 3000, "method": "OURS_O4w13_B2", "latent_mse_to_full": 0.03871249407529831, "seconds": 59.977852853015065, "kinds": {"F": 23, "C": 0, "G": 0, "O": 27}, "full": 1080, "reuse": 300, "attn_only": 0, "ffn_only": 0}
{"phase": "bench", "prompt": 5, "seed": 3000, "method": "OURS_Ow7_L6_GI", "latent_mse_to_full": 0.07641397416591644, "seconds": 45.40438229008578, "kinds": {"F": 22, "C": 0, "G": 7, "O": 21}, "full": 810, "reuse": 720, "attn_only": 0, "ffn_only": 0}
{"phase": "bench", "prompt": 5, "seed": 3000, "method": "OURS_O4w10_B2", "latent_mse_to_full": 0.055339910089969635, "seconds": 50.000514558982104, "kinds": {"F": 20, "C": 0, "G": 0, "O": 30}, "full": 900, "reuse": 300, "attn_only": 0, "ffn_only": 0}
{"phase": "bench", "prompt": 5, "seed": 3000, "method": "OURS_O5w13_B2", "latent_mse_to_full": 0.04893358424305916, "seconds": 56.636390757979825, "kinds": {"F": 21, "C": 0, "G": 0, "O": 29}, "full": 1020, "reuse": 240, "attn_only": 0, "ffn_only": 0}
{"phase": "bench", "prompt": 5, "seed": 3000, "method": "OURS_O4w13_B2_GI", "latent_mse_to_full": 0.03756547346711159, "seconds": 56.832721289014444, "kinds": {"F": 19, "C": 0, "G": 4, "O": 27}, "full": 1020, "reuse": 240, "attn_only": 0, "ffn_only": 0}
{"phase": "bench", "prompt": 8, "seed": 3000, "method": "full", "latent_mse_to_full": 0.0, "seconds": 166.3859391149599, "kinds": {"F": 50, "C": 0, "G": 0, "O": 0}, "full": 3000, "reuse": 0, "attn_only": 0, "ffn_only": 0}
{"phase": "bench", "prompt": 8, "seed": 3000, "method": "full_perturb1e-2", "latent_mse_to_full": 0.02563338167965412, "seconds": 166.39137139497325, "kinds": {"F": 50, "C": 0, "G": 0, "O": 0}, "full": 3000, "reuse": 0, "attn_only": 0, "ffn_only": 0}
{"phase": "bench", "prompt": 8, "seed": 3000, "method": "FC_v2", "latent_mse_to_full": 0.0075387791730463505, "seconds": 114.602723026881, "kinds": {"F": 33, "C": 17, "G": 0, "O": 0}, "full": 1980, "reuse": 0, "attn_only": 510, "ffn_only": 0}
{"phase": "bench", "prompt": 8, "seed": 3000, "method": "FC_v2_k3", "latent_mse_to_full": 0.019474675878882408, "seconds": 99.42668736819178, "kinds": {"F": 28, "C": 22, "G": 0, "O": 0}, "full": 1680, "reuse": 0, "attn_only": 660, "ffn_only": 0}
{"phase": "bench", "prompt": 8, "seed": 3000, "method": "steps25", "latent_mse_to_full": 0.36952781677246094, "seconds": 83.20800792588852, "kinds": {"F": 25, "C": 0, "G": 0, "O": 0}, "full": 1500, "reuse": 0, "attn_only": 0, "ffn_only": 0}
{"phase": "bench", "prompt": 8, "seed": 3000, "method": "steps20", "latent_mse_to_full": 0.4149915277957916, "seconds": 66.56306954706088, "kinds": {"F": 20, "C": 0, "G": 0, "O": 0}, "full": 1200, "reuse": 0, "attn_only": 0, "ffn_only": 0}
{"phase": "bench", "prompt": 8, "seed": 3000, "method": "steps17", "latent_mse_to_full": 0.36888840794563293, "seconds": 56.57046544901095, "kinds": {"F": 17, "C": 0, "G": 0, "O": 0}, "full": 1020, "reuse": 0, "attn_only": 0, "ffn_only": 0}
{"phase": "bench", "prompt": 8, "seed": 3000, "method": "PAB_k2", "latent_mse_to_full": 0.007512921933084726, "seconds": 119.4426848560106, "kinds": {"F": 50, "C": 0, "G": 0, "O": 0}, "full": 1980, "reuse": 0, "attn_only": 1020, "ffn_only": 0}
{"phase": "bench", "prompt": 8, "seed": 3000, "method": "PAB_k3", "latent_mse_to_full": 0.01983676478266716, "seconds": 105.65734352287836, "kinds": {"F": 50, "C": 0, "G": 0, "O": 0}, "full": 1680, "reuse": 0, "attn_only": 1320, "ffn_only": 0}
{"phase": "bench", "prompt": 8, "seed": 3000, "method": "FORA_n2", "latent_mse_to_full": 0.1633751392364502, "seconds": 90.22516554989852, "kinds": {"F": 50, "C": 0, "G": 0, "O": 0}, "full": 1620, "reuse": 1380, "attn_only": 0, "ffn_only": 0}
{"phase": "bench", "prompt": 8, "seed": 3000, "method": "FORA_n3", "latent_mse_to_full": 0.24062485992908478, "seconds": 63.71590080903843, "kinds": {"F": 50, "C": 0, "G": 0, "O": 0}, "full": 1140, "reuse": 1860, "attn_only": 0, "ffn_only": 0}
{"phase": "bench", "prompt": 8, "seed": 3000, "method": "TS_n3", "latent_mse_to_full": 0.16375961899757385, "seconds": 67.69911527098157, "kinds": {"F": 50, "C": 0, "G": 0, "O": 0}, "full": 1200, "reuse": 1800, "attn_only": 0, "ffn_only": 0}
{"phase": "bench", "prompt": 8, "seed": 3000, "method": "TS_n4", "latent_mse_to_full": 0.24752406775951385, "seconds": 57.82858547801152, "kinds": {"F": 50, "C": 0, "G": 0, "O": 0}, "full": 1020, "reuse": 1980, "attn_only": 0, "ffn_only": 0}
{"phase": "bench", "prompt": 8, "seed": 3000, "method": "TEA_0.1", "latent_mse_to_full": 0.023639393970370293, "seconds": 90.17678743880242, "kinds": {"F": 50, "C": 0, "G": 0, "O": 0}, "full": 1620, "reuse": 1380, "attn_only": 0, "ffn_only": 0}
{"phase": "bench", "prompt": 8, "seed": 3000, "method": "TEA_0.15", "latent_mse_to_full": 0.1149381622672081, "seconds": 70.29757249890827, "kinds": {"F": 50, "C": 0, "G": 0, "O": 0}, "full": 1260, "reuse": 1740, "attn_only": 0, "ffn_only": 0}
{"phase": "bench", "prompt": 8, "seed": 3000, "method": "TEA_0.2", "latent_mse_to_full": 0.1730133295059204, "seconds": 57.04545910190791, "kinds": {"F": 50, "C": 0, "G": 0, "O": 0}, "full": 1020, "reuse": 1980, "attn_only": 0, "ffn_only": 0}
{"phase": "bench", "prompt": 8, "seed": 3000, "method": "TEA_0.3", "latent_mse_to_full": 0.18061864376068115, "seconds": 43.791475581005216, "kinds": {"F": 50, "C": 0, "G": 0, "O": 0}, "full": 780, "reuse": 2220, "attn_only": 0, "ffn_only": 0}
{"phase": "bench", "prompt": 8, "seed": 3000, "method": "OURS_O3w10_B3", "latent_mse_to_full": 0.0662485659122467, "seconds": 50.05341033008881, "kinds": {"F": 24, "C": 0, "G": 0, "O": 26}, "full": 900, "reuse": 540, "attn_only": 0, "ffn_only": 0}
{"phase": "bench", "prompt": 8, "seed": 3000, "method": "OURS_O3w13_B2", "latent_mse_to_full": 0.025984441861510277, "seconds": 66.6455805329606, "kinds": {"F": 26, "C": 0, "G": 0, "O": 24}, "full": 1200, "reuse": 360, "attn_only": 0, "ffn_only": 0}
{"phase": "bench", "prompt": 8, "seed": 3000, "method": "OURS_Ow17_L4", "latent_mse_to_full": 0.006235084030777216, "seconds": 86.64599646697752, "kinds": {"F": 34, "C": 0, "G": 0, "O": 16}, "full": 1560, "reuse": 480, "attn_only": 0, "ffn_only": 0}
{"phase": "bench", "prompt": 8, "seed": 3000, "method": "OURS_O3w17_B2", "latent_mse_to_full": 0.01410782989114523, "seconds": 76.61193465604447, "kinds": {"F": 28, "C": 0, "G": 0, "O": 22}, "full": 1380, "reuse": 300, "attn_only": 0, "ffn_only": 0}
{"phase": "bench", "prompt": 8, "seed": 3000, "method": "OURS_Ow20_L4", "latent_mse_to_full": 0.0046436418779194355, "seconds": 93.2822797128465, "kinds": {"F": 35, "C": 0, "G": 0, "O": 15}, "full": 1680, "reuse": 420, "attn_only": 0, "ffn_only": 0}
{"phase": "bench", "prompt": 8, "seed": 3000, "method": "OURS_Ow17_L4_GI", "latent_mse_to_full": 0.009353729896247387, "seconds": 80.3946749609895, "kinds": {"F": 27, "C": 0, "G": 7, "O": 16}, "full": 1440, "reuse": 390, "attn_only": 0, "ffn_only": 0}
{"phase": "bench", "prompt": 8, "seed": 3000, "method": "OURS_O3w17_B2_GI", "latent_mse_to_full": 0.014922927133738995, "seconds": 73.48941547702998, "kinds": {"F": 24, "C": 0, "G": 4, "O": 22}, "full": 1320, "reuse": 240, "attn_only": 0, "ffn_only": 0}
{"phase": "bench", "prompt": 8, "seed": 3000, "method": "OURS_O4w13_B2", "latent_mse_to_full": 0.033511076122522354, "seconds": 60.00070598605089, "kinds": {"F": 23, "C": 0, "G": 0, "O": 27}, "full": 1080, "reuse": 300, "attn_only": 0, "ffn_only": 0}
{"phase": "bench", "prompt": 8, "seed": 3000, "method": "OURS_Ow7_L6_GI", "latent_mse_to_full": 0.06512397527694702, "seconds": 45.40976391010918, "kinds": {"F": 22, "C": 0, "G": 7, "O": 21}, "full": 810, "reuse": 720, "attn_only": 0, "ffn_only": 0}
{"phase": "bench", "prompt": 8, "seed": 3000, "method": "OURS_O4w10_B2", "latent_mse_to_full": 0.070524200797081, "seconds": 50.000048239016905, "kinds": {"F": 20, "C": 0, "G": 0, "O": 30}, "full": 900, "reuse": 300, "attn_only": 0, "ffn_only": 0}
{"phase": "bench", "prompt": 8, "seed": 3000, "method": "OURS_O5w13_B2", "latent_mse_to_full": 0.040573593229055405, "seconds": 56.63646886404604, "kinds": {"F": 21, "C": 0, "G": 0, "O": 29}, "full": 1020, "reuse": 240, "attn_only": 0, "ffn_only": 0}
{"phase": "bench", "prompt": 8, "seed": 3000, "method": "OURS_O4w13_B2_GI", "latent_mse_to_full": 0.0329088419675827, "seconds": 56.83310386608355, "kinds": {"F": 19, "C": 0, "G": 4, "O": 27}, "full": 1020, "reuse": 240, "attn_only": 0, "ffn_only": 0}
{"phase": "bench", "prompt": 11, "seed": 3000, "method": "full", "latent_mse_to_full": 0.0, "seconds": 166.39312358689494, "kinds": {"F": 50, "C": 0, "G": 0, "O": 0}, "full": 3000, "reuse": 0, "attn_only": 0, "ffn_only": 0}
{"phase": "bench", "prompt": 11, "seed": 3000, "method": "full_perturb1e-2", "latent_mse_to_full": 0.010069825686514378, "seconds": 166.39633582509123, "kinds": {"F": 50, "C": 0, "G": 0, "O": 0}, "full": 3000, "reuse": 0, "attn_only": 0, "ffn_only": 0}
{"phase": "bench", "prompt": 11, "seed": 3000, "method": "FC_v2", "latent_mse_to_full": 0.011160314083099365, "seconds": 114.62719365092926, "kinds": {"F": 33, "C": 17, "G": 0, "O": 0}, "full": 1980, "reuse": 0, "attn_only": 510, "ffn_only": 0}
{"phase": "bench", "prompt": 11, "seed": 3000, "method": "FC_v2_k3", "latent_mse_to_full": 0.01685766689479351, "seconds": 99.40587865794078, "kinds": {"F": 28, "C": 22, "G": 0, "O": 0}, "full": 1680, "reuse": 0, "attn_only": 660, "ffn_only": 0}
{"phase": "bench", "prompt": 11, "seed": 3000, "method": "steps25", "latent_mse_to_full": 0.3017139136791229, "seconds": 83.19999884720892, "kinds": {"F": 25, "C": 0, "G": 0, "O": 0}, "full": 1500, "reuse": 0, "attn_only": 0, "ffn_only": 0}
