/usr/local/lib64/python3.9/site-packages/torch/_utils.py:831: UserWarning: TypedStorage is deprecated. It will be removed in the future and UntypedStorage will be the only storage class. This should only matter to you if you are using storages directly.  To access UntypedStorage directly, use tensor.untyped_storage() instead of tensor.storage()
  return self.fget.__get__(instance, owner)()
{"phase": "tune", "prompt": 1, "seed": 3000, "method": "full", "latent_mse_to_full": 0.0, "seconds": 166.67336104507558, "kinds": {"F": 50, "C": 0, "G": 0, "O": 0}, "full": 3000, "reuse": 0, "attn_only": 0, "ffn_only": 0}
{"phase": "tune", "prompt": 1, "seed": 3000, "method": "full_perturb1e-2", "latent_mse_to_full": 0.011093239299952984, "seconds": 166.29242464597337, "kinds": {"F": 50, "C": 0, "G": 0, "O": 0}, "full": 3000, "reuse": 0, "attn_only": 0, "ffn_only": 0}
{"phase": "tune", "prompt": 1, "seed": 3000, "method": "TEA_0.05", "latent_mse_to_full": 0.00030200855690054595, "seconds": 136.48386316001415, "kinds": {"F": 50, "C": 0, "G": 0, "O": 0}, "full": 2460, "reuse": 540, "attn_only": 0, "ffn_only": 0}
{"phase": "tune", "prompt": 1, "seed": 3000, "method": "TEA_0.1", "latent_mse_to_full": 0.026010612025856972, "seconds": 90.10934842401184, "kinds": {"F": 50, "C": 0, "G": 0, "O": 0}, "full": 1620, "reuse": 1380, "attn_only": 0, "ffn_only": 0}
{"phase": "tune", "prompt": 1, "seed": 3000, "method": "TEA_0.15", "latent_mse_to_full": 0.14501523971557617, "seconds": 70.2453216589056, "kinds": {"F": 50, "C": 0, "G": 0, "O": 0}, "full": 1260, "reuse": 1740, "attn_only": 0, "ffn_only": 0}
{"phase": "tune", "prompt": 1, "seed": 3000, "method": "TEA_0.2", "latent_mse_to_full": 0.253424733877182, "seconds": 57.00501262699254, "kinds": {"F": 50, "C": 0, "G": 0, "O": 0}, "full": 1020, "reuse": 1980, "attn_only": 0, "ffn_only": 0}
{"phase": "tune", "prompt": 1, "seed": 3000, "method": "TEA_0.3", "latent_mse_to_full": 0.29160845279693604, "seconds": 43.757188081974164, "kinds": {"F": 50, "C": 0, "G": 0, "O": 0}, "full": 780, "reuse": 2220, "attn_only": 0, "ffn_only": 0}
{"phase": "tune", "prompt": 1, "seed": 3000, "method": "OURS_Ow10_L4", "latent_mse_to_full": 0.038150399923324585, "seconds": 66.64852658286691, "kinds": {"F": 30, "C": 0, "G": 0, "O": 20}, "full": 1200, "reuse": 600, "attn_only": 0, "ffn_only": 0}
{"phase": "tune", "prompt": 1, "seed": 3000, "method": "OURS_O3w10_B2", "latent_mse_to_full": 0.052389927208423615, "seconds": 56.631613662000746, "kinds": {"F": 24, "C": 0, "G": 0, "O": 26}, "full": 1020, "reuse": 420, "attn_only": 0, "ffn_only": 0}
{"phase": "tune", "prompt": 1, "seed": 3000, "method": "OURS_O3w10_B3", "latent_mse_to_full": 0.06643042713403702, "seconds": 50.01717919809744, "kinds": {"F": 24, "C": 0, "G": 0, "O": 26}, "full": 900, "reuse": 540, "attn_only": 0, "ffn_only": 0}
{"phase": "tune", "prompt": 1, "seed": 3000, "method": "OURS_Ow13_L4", "latent_mse_to_full": 0.010425498709082603, "seconds": 76.61731644603424, "kinds": {"F": 32, "C": 0, "G": 0, "O": 18}, "full": 1380, "reuse": 540, "attn_only": 0, "ffn_only": 0}
{"phase": "tune", "prompt": 1, "seed": 3000, "method": "OURS_O3w13_B2", "latent_mse_to_full": 0.017411792650818825, "seconds": 66.59805872500874, "kinds": {"F": 26, "C": 0, "G": 0, "O": 24}, "full": 1200, "reuse": 360, "attn_only": 0, "ffn_only": 0}
{"phase": "tune", "prompt": 1, "seed": 3000, "method": "OURS_O3w13_B3", "latent_mse_to_full": 0.03497125208377838, "seconds": 59.97924726619385, "kinds": {"F": 26, "C": 0, "G": 0, "O": 24}, "full": 1080, "reuse": 480, "attn_only": 0, "ffn_only": 0}
{"phase": "tune", "prompt": 1, "seed": 3000, "method": "OURS_Ow17_L4", "latent_mse_to_full": 0.0033873645588755608, "seconds": 86.59268664708361, "kinds": {"F": 34, "C": 0, "G": 0, "O": 16}, "full": 1560, "reuse": 480, "attn_only": 0, "ffn_only": 0}
{"phase": "tune", "prompt": 1, "seed": 3000, "method": "OURS_O3w17_B2", "latent_mse_to_full": 0.006768380757421255, "seconds": 76.56665255012922, "kinds": {"F": 28, "C": 0, "G": 0, "O": 22}, "full": 1380, "reuse": 300, "attn_only": 0, "ffn_only": 0}
{"phase": "tune", "prompt": 1, "seed": 3000, "method": "OURS_O3w17_B3", "latent_mse_to_full": 0.019846882671117783, "seconds": 69.94547233800404, "kinds": {"F": 28, "C": 0, "G": 0, "O": 22}, "full": 1260, "reuse": 420, "attn_only": 0, "ffn_only": 0}
{"phase": "tune", "prompt": 1, "seed": 3000, "method": "OURS_Ow20_L4", "latent_mse_to_full": 0.00255005806684494, "seconds": 93.22816221090034, "kinds": {"F": 35, "C": 0, "G": 0, "O": 15}, "full": 1680, "reuse": 420, "attn_only": 0, "ffn_only": 0}
{"phase": "tune", "prompt": 1, "seed": 3000, "method": "OURS_O3w20_B2", "latent_mse_to_full": 0.011009708978235722, "seconds": 83.22304998803884, "kinds": {"F": 30, "C": 0, "G": 0, "O": 20}, "full": 1500, "reuse": 300, "attn_only": 0, "ffn_only": 0}
{"phase": "tune", "prompt": 1, "seed": 3000, "method": "OURS_O3w20_B3", "latent_mse_to_full": 0.009988207370042801, "seconds": 79.89921311382204, "kinds": {"F": 30, "C": 0, "G": 0, "O": 20}, "full": 1440, "reuse": 360, "attn_only": 0, "ffn_only": 0}
{"phase": "tune", "prompt": 1, "seed": 3000, "method": "OURS_Ow17_L4_GI", "latent_mse_to_full": 0.004493317566812038, "seconds": 80.33154394896701, "kinds": {"F": 27, "C": 0, "G": 7, "O": 16}, "full": 1440, "reuse": 390, "attn_only": 0, "ffn_only": 0}
{"phase": "tune", "prompt": 1, "seed": 3000, "method": "OURS_O3w17_B2_GI", "latent_mse_to_full": 0.00676124868914485, "seconds": 73.43476098310202, "kinds": {"F": 24, "C": 0, "G": 4, "O": 22}, "full": 1320, "reuse": 240, "attn_only": 0, "ffn_only": 0}
{"phase": "tune", "prompt": 1, "seed": 3000, "method": "OURS_O4w17_B2", "latent_mse_to_full": 0.0136886490508914, "seconds": 73.23240069090389, "kinds": {"F": 26, "C": 0, "G": 0, "O": 24}, "full": 1320, "reuse": 240, "attn_only": 0, "ffn_only": 0}
{"phase": "tune", "prompt": 1, "seed": 3000, "method": "OURS_O4w13_B2", "latent_mse_to_full": 0.025180332362651825, "seconds": 59.94200064288452, "kinds": {"F": 23, "C": 0, "G": 0, "O": 27}, "full": 1080, "reuse": 300, "attn_only": 0, "ffn_only": 0}
{"phase": "tune", "prompt": 1, "seed": 3000, "method": "OURS_Ow17_L6", "latent_mse_to_full": 0.008795400150120258, "seconds": 76.65546888788231, "kinds": {"F": 34, "C": 0, "G": 0, "O": 16}, "full": 1380, "reuse": 660, "attn_only": 0, "ffn_only": 0}
{"phase": "tune", "prompt": 1, "seed": 3000, "method": "OURS_Ow7_L6_GI", "latent_mse_to_full": 0.12850886583328247, "seconds": 45.38197434996255, "kinds": {"F": 22, "C": 0, "G": 7, "O": 21}, "full": 810, "reuse": 720, "attn_only": 0, "ffn_only": 0}
{"phase": "tune", "prompt": 1, "seed": 3000, "method": "steps25", "latent_mse_to_full": 0.6890300512313843, "seconds": 83.1507567379158, "kinds": {"F": 25, "C": 0, "G": 0, "O": 0}, "full": 1500, "reuse": 0, "attn_only": 0, "ffn_only": 0}
{"phase": "tune", "prompt": 1, "seed": 3000, "method": "steps20", "latent_mse_to_full": 0.8338435888290405, "seconds": 66.51495761796832, "kinds": {"F": 20, "C": 0, "G": 0, "O": 0}, "full": 1200, "reuse": 0, "attn_only": 0, "ffn_only": 0}
{"phase": "tune", "prompt": 1, "seed": 3000, "method": "steps17", "latent_mse_to_full": 0.8344371318817139, "seconds": 56.53677402599715, "kinds": {"F": 17, "C": 0, "G": 0, "O": 0}, "full": 1020, "reuse": 0, "attn_only": 0, "ffn_only": 0}
{"phase": "tune", "prompt": 1, "seed": 3000, "method": "PAB_k2", "latent_mse_to_full": 0.0065100472420454025, "seconds": 119.35345418495126, "kinds": {"F": 50, "C": 0, "G": 0, "O": 0}, "full": 1980, "reuse": 0, "attn_only": 1020, "ffn_only": 0}
{"phase": "tune", "prompt": 1, "seed": 3000, "method": "PAB_k3", "latent_mse_to_full": 0.012934830971062183, "seconds": 105.54481032001786, "kinds": {"F": 50, "C": 0, "G": 0, "O": 0}, "full": 1680, "reuse": 0, "attn_only": 1320, "ffn_only": 0}
{"phase": "tune", "prompt": 1, "seed": 3000, "method": "FORA_n2", "latent_mse_to_full": 0.2977977395057678, "seconds": 90.11061502806842, "kinds": {"F": 50, "C": 0, "G": 0, "O": 0}, "full": 1620, "reuse": 1380, "attn_only": 0, "ffn_only": 0}
{"phase": "tune", "prompt": 1, "seed": 3000, "method": "FORA_n3", "latent_mse_to_full": 0.4010910093784332, "seconds": 63.6215743010398, "kinds": {"F": 50, "C": 0, "G": 0, "O": 0}, "full": 1140, "reuse": 1860, "attn_only": 0, "ffn_only": 0}
{"phase": "tune", "prompt": 1, "seed": 3000, "method": "TS_n3", "latent_mse_to_full": 0.3239620327949524, "seconds": 67.65843020309694, "kinds": {"F": 50, "C": 0, "G": 0, "O": 0}, "full": 1200, "reuse": 1800, "attn_only": 0, "ffn_only": 0}
{"phase": "tune", "prompt": 1, "seed": 3000, "method": "TS_n4", "latent_mse_to_full": 0.43662306666374207, "seconds": 57.787227338179946, "kinds": {"F": 50, "C": 0, "G": 0, "O": 0}, "full": 1020, "reuse": 1980, "attn_only": 0, "ffn_only": 0}
{"phase": "tune", "prompt": 1, "seed": 3000, "method": "FC_cfg", "latent_mse_to_full": 0.001334349624812603, "seconds": 139.75394099391997, "kinds": {"F": 33, "C": 17, "G": 0, "O": 0}, "full": 2490, "reuse": 0, "attn_only": 0, "ffn_only": 0}
{"phase": "tune", "prompt": 1, "seed": 3000, "method": "FC_cfg+pab", "latent_mse_to_full": 31.37897491455078, "seconds": 92.85395113308914, "kinds": {"F": 33, "C": 17, "G": 0, "O": 0}, "full": 1470, "reuse": 0, "attn_only": 1020, "ffn_only": 0}
