/usr/local/lib64/python3.9/site-packages/torch/_utils.py:831: UserWarning: TypedStorage is deprecated. It will be removed in the future and UntypedStorage will be the only storage class. This should only matter to you if you are using storages directly.  To access UntypedStorage directly, use tensor.untyped_storage() instead of tensor.storage()
  return self.fget.__get__(instance, owner)()
{"phase": "tune2", "prompt": 2, "seed": 3000, "method": "full", "latent_mse_to_full": 0.0, "seconds": 166.96659765392542, "kinds": {"F": 50, "C": 0, "G": 0, "O": 0}, "full": 3000, "reuse": 0, "attn_only": 0, "ffn_only": 0}
{"phase": "tune2", "prompt": 2, "seed": 3000, "method": "OURS_O4w10_B2", "latent_mse_to_full": 0.11075105518102646, "seconds": 49.99124338803813, "kinds": {"F": 20, "C": 0, "G": 0, "O": 30}, "full": 900, "reuse": 300, "attn_only": 0, "ffn_only": 0}
{"phase": "tune2", "prompt": 2, "seed": 3000, "method": "OURS_O4w10_B3", "latent_mse_to_full": 0.13318376243114471, "seconds": 46.67664224701002, "kinds": {"F": 20, "C": 0, "G": 0, "O": 30}, "full": 840, "reuse": 360, "attn_only": 0, "ffn_only": 0}
{"phase": "tune2", "prompt": 2, "seed": 3000, "method": "OURS_O4w13_B2", "latent_mse_to_full": 0.026666555553674698, "seconds": 59.973101158160716, "kinds": {"F": 23, "C": 0, "G": 0, "O": 27}, "full": 1080, "reuse": 300, "attn_only": 0, "ffn_only": 0}
{"phase": "tune2", "prompt": 2, "seed": 3000, "method": "OURS_O4w13_B3", "latent_mse_to_full": 0.07735399901866913, "seconds": 56.6529542140197, "kinds": {"F": 23, "C": 0, "G": 0, "O": 27}, "full": 1020, "reuse": 360, "attn_only": 0, "ffn_only": 0}
{"phase": "tune2", "prompt": 2, "seed": 3000, "method": "OURS_O5w13_B2", "latent_mse_to_full": 0.03664698451757431, "seconds": 56.62985931499861, "kinds": {"F": 21, "C": 0, "G": 0, "O": 29}, "full": 1020, "reuse": 240, "attn_only": 0, "ffn_only": 0}
{"phase": "tune2", "prompt": 2, "seed": 3000, "method": "OURS_O4w13_B2_GI", "latent_mse_to_full": 0.028640901669859886, "seconds": 56.84444205998443, "kinds": {"F": 19, "C": 0, "G": 4, "O": 27}, "full": 1020, "reuse": 240, "attn_only": 0, "ffn_only": 0}
{"phase": "tune2", "prompt": 2, "seed": 3000, "method": "OURS_O4w17_B3", "latent_mse_to_full": 0.04034919664263725, "seconds": 66.64486572495662, "kinds": {"F": 26, "C": 0, "G": 0, "O": 24}, "full": 1200, "reuse": 360, "attn_only": 0, "ffn_only": 0}
{"phase": "tune2", "prompt": 2, "seed": 3000, "method": "FC_v2", "latent_mse_to_full": 0.010928872041404247, "seconds": 114.60506461001933, "kinds": {"F": 33, "C": 17, "G": 0, "O": 0}, "full": 1980, "reuse": 0, "attn_only": 510, "ffn_only": 0}
{"phase": "tune2", "prompt": 2, "seed": 3000, "method": "FC_v2_k3", "latent_mse_to_full": 0.01914660818874836, "seconds": 99.38529062410817, "kinds": {"F": 28, "C": 22, "G": 0, "O": 0}, "full": 1680, "reuse": 0, "attn_only": 660, "ffn_only": 0}
The config attributes {'invert_scale_latents': False} were passed to AutoencoderKLCogVideoX, but are not expected and will be ignored. Please verify your config.json configuration file.
/usr/local/lib64/python3.9/site-packages/torchvision/models/_utils.py:208: UserWarning: The parameter 'pretrained' is deprecated since 0.13 and may be removed in the future, please use 'weights' instead.
  warnings.warn(
/usr/local/lib64/python3.9/site-packages/torchvision/models/_utils.py:223: UserWarning: Arguments other than a weight enum or `None` for 'weights' are deprecated since 0.13 and may be removed in the future. The current behavior is equivalent to passing `weights=AlexNet_Weights.IMAGENET1K_V1`. You can also use `weights=AlexNet_Weights.DEFAULT` to get the most up-to-date weights.
  warnings.warn(msg)
/usr/local/lib64/python3.9/site-packages/torch/_utils.py:831: UserWarning: TypedStorage is deprecated. It will be removed in the future and UntypedStorage will be the only storage class. This should only matter to you if you are using storages directly.  To access UntypedStorage directly, use tensor.untyped_storage() instead of tensor.storage()
  return self.fget.__get__(instance, owner)()
{"phase": "tune2", "prompt": 2, "seed": 3000, "method": "full", "clip_score": 27.984375, "frame_consistency": 0.99462890625, "motion": 0.04054364562034607, "sharpness": 0.009316680952906609, "psnr_to_full": null, "ssim_to_full": 1.0, "lpips_to_full": 0.0, "temporal_delta_error": 0.0}
{"phase": "tune2", "prompt": 2, "seed": 3000, "method": "FC_v2", "clip_score": 27.953125, "frame_consistency": 0.9951171875, "motion": 0.03975733742117882, "sharpness": 0.009146430529654026, "psnr_to_full": 32.47405822297348, "ssim_to_full": 0.970188319683075, "lpips_to_full": 0.020080439746379852, "temporal_delta_error": 0.0005636006244458258}
{"phase": "tune2", "prompt": 2, "seed": 3000, "method": "FC_v2_k3", "clip_score": 27.859375, "frame_consistency": 0.9951171875, "motion": 0.03909321129322052, "sharpness": 0.008988326415419579, "psnr_to_full": 29.773932521888995, "ssim_to_full": 0.9470716118812561, "lpips_to_full": 0.03507173806428909, "temporal_delta_error": 0.000978552270680666}
{"phase": "tune2", "prompt": 2, "seed": 3000, "method": "OURS_O4w10_B2", "clip_score": 29.171875, "frame_consistency": 0.9921875, "motion": 0.03847949206829071, "sharpness": 0.008824266493320465, "psnr_to_full": 22.892099929260603, "ssim_to_full": 0.6988610625267029, "lpips_to_full": 0.13671310245990753, "temporal_delta_error": 0.0049330852925777435}
{"phase": "tune2", "prompt": 2, "seed": 3000, "method": "OURS_O4w10_B3", "clip_score": 28.03125, "frame_consistency": 0.99267578125, "motion": 0.03670337796211243, "sharpness": 0.00747270230203867, "psnr_to_full": 22.211622993013044, "ssim_to_full": 0.6509050726890564, "lpips_to_full": 0.17016954720020294, "temporal_delta_error": 0.005065801087766886}
{"phase": "tune2", "prompt": 2, "seed": 3000, "method": "OURS_O4w13_B2", "clip_score": 27.53125, "frame_consistency": 0.9951171875, "motion": 0.039939749985933304, "sharpness": 0.009195911698043346, "psnr_to_full": 28.171993691803173, "ssim_to_full": 0.9264567494392395, "lpips_to_full": 0.05191822350025177, "temporal_delta_error": 0.001266283099539578}
{"phase": "tune2", "prompt": 2, "seed": 3000, "method": "OURS_O4w13_B2_GI", "clip_score": 27.34375, "frame_consistency": 0.994140625, "motion": 0.03971785306930542, "sharpness": 0.0090712308883667, "psnr_to_full": 27.860580386725758, "ssim_to_full": 0.9173409938812256, "lpips_to_full": 0.05801761895418167, "temporal_delta_error": 0.0013585137203335762}
{"phase": "tune2", "prompt": 2, "seed": 3000, "method": "OURS_O4w13_B3", "clip_score": 29.21875, "frame_consistency": 0.9912109375, "motion": 0.04038442671298981, "sharpness": 0.008328638039529324, "psnr_to_full": 24.625698131893238, "ssim_to_full": 0.7852485775947571, "lpips_to_full": 0.11486364901065826, "temporal_delta_error": 0.0032120102550834417}
{"phase": "tune2", "prompt": 2, "seed": 3000, "method": "OURS_O4w17_B3", "clip_score": 28.265625, "frame_consistency": 0.9931640625, "motion": 0.041112009435892105, "sharpness": 0.009180636145174503, "psnr_to_full": 27.22681001954667, "ssim_to_full": 0.8518947958946228, "lpips_to_full": 0.06925841420888901, "temporal_delta_error": 0.0018567899242043495}
{"phase": "tune2", "prompt": 2, "seed": 3000, "method": "OURS_O5w13_B2", "clip_score": 27.6875, "frame_consistency": 0.99365234375, "motion": 0.03988279774785042, "sharpness": 0.009217589162290096, "psnr_to_full": 26.877894265639387, "ssim_to_full": 0.8913610577583313, "lpips_to_full": 0.0680449903011322, "temporal_delta_error": 0.0017183744348585606}
