/usr/local/lib64/python3.9/site-packages/torch/_utils.py:831: UserWarning: TypedStorage is deprecated. It will be removed in the future and UntypedStorage will be the only storage class. This should only matter to you if you are using storages directly.  To access UntypedStorage directly, use tensor.untyped_storage() instead of tensor.storage()
  return self.fget.__get__(instance, owner)()
{"phase": "bench5b", "prompt": 0, "seed": 3000, "method": "full", "latent_mse_to_full": 0.0, "seconds": 435.9855306420941, "kinds": {"F": 50, "C": 0, "G": 0, "O": 0}, "full": 4200, "reuse": 0, "attn_only": 0, "ffn_only": 0}
{"phase": "bench5b", "prompt": 0, "seed": 3000, "method": "full_perturb1e-2", "latent_mse_to_full": 0.004980575758963823, "seconds": 434.3349688008893, "kinds": {"F": 50, "C": 0, "G": 0, "O": 0}, "full": 4200, "reuse": 0, "attn_only": 0, "ffn_only": 0}
{"phase": "bench5b", "prompt": 0, "seed": 3000, "method": "FC_v2", "latent_mse_to_full": 0.001876981696113944, "seconds": 303.26513533480465, "kinds": {"F": 33, "C": 17, "G": 0, "O": 0}, "full": 2772, "reuse": 0, "attn_only": 714, "ffn_only": 0}
{"phase": "bench5b", "prompt": 0, "seed": 3000, "method": "steps25", "latent_mse_to_full": 0.22376194596290588, "seconds": 217.20017168694176, "kinds": {"F": 25, "C": 0, "G": 0, "O": 0}, "full": 2100, "reuse": 0, "attn_only": 0, "ffn_only": 0}
{"phase": "bench5b", "prompt": 0, "seed": 3000, "method": "steps20", "latent_mse_to_full": 0.27017444372177124, "seconds": 174.30127520300448, "kinds": {"F": 20, "C": 0, "G": 0, "O": 0}, "full": 1680, "reuse": 0, "attn_only": 0, "ffn_only": 0}
{"phase": "bench5b", "prompt": 0, "seed": 3000, "method": "PAB_k2", "latent_mse_to_full": 0.0020518002565950155, "seconds": 321.6324443211779, "kinds": {"F": 50, "C": 0, "G": 0, "O": 0}, "full": 2772, "reuse": 0, "attn_only": 1428, "ffn_only": 0}
{"phase": "bench5b", "prompt": 0, "seed": 3000, "method": "PAB_k3", "latent_mse_to_full": 0.004634768236428499, "seconds": 287.6444788731169, "kinds": {"F": 50, "C": 0, "G": 0, "O": 0}, "full": 2352, "reuse": 0, "attn_only": 1848, "ffn_only": 0}
{"phase": "bench5b", "prompt": 0, "seed": 3000, "method": "FORA_n2", "latent_mse_to_full": 0.08350006490945816, "seconds": 236.244863800006, "kinds": {"F": 50, "C": 0, "G": 0, "O": 0}, "full": 2268, "reuse": 1932, "attn_only": 0, "ffn_only": 0}
{"phase": "bench5b", "prompt": 0, "seed": 3000, "method": "TS_n3", "latent_mse_to_full": 0.09721075743436813, "seconds": 176.2385511850007, "kinds": {"F": 50, "C": 0, "G": 0, "O": 0}, "full": 1680, "reuse": 2520, "attn_only": 0, "ffn_only": 0}
{"phase": "bench5b", "prompt": 0, "seed": 3000, "method": "TEA_0.1", "latent_mse_to_full": 0.0155172785744071, "seconds": 287.2761998260394, "kinds": {"F": 50, "C": 0, "G": 0, "O": 0}, "full": 2772, "reuse": 1428, "attn_only": 0, "ffn_only": 0}
{"phase": "bench5b", "prompt": 0, "seed": 3000, "method": "TEA_0.15", "latent_mse_to_full": 0.02847498655319214, "seconds": 217.95292893680744, "kinds": {"F": 50, "C": 0, "G": 0, "O": 0}, "full": 2100, "reuse": 2100, "attn_only": 0, "ffn_only": 0}
{"phase": "bench5b", "prompt": 0, "seed": 3000, "method": "TEA_0.2", "latent_mse_to_full": 0.03729185089468956, "seconds": 183.30840583704412, "kinds": {"F": 50, "C": 0, "G": 0, "O": 0}, "full": 1764, "reuse": 2436, "attn_only": 0, "ffn_only": 0}
{"phase": "bench5b", "prompt": 0, "seed": 3000, "method": "TEA_0.3", "latent_mse_to_full": 0.09290605038404465, "seconds": 140.01058300514705, "kinds": {"F": 50, "C": 0, "G": 0, "O": 0}, "full": 1344, "reuse": 2856, "attn_only": 0, "ffn_only": 0}
{"phase": "bench5b", "prompt": 0, "seed": 3000, "method": "OURS_O3w10_B3", "latent_mse_to_full": 0.031027857214212418, "seconds": 131.28341378318146, "kinds": {"F": 24, "C": 0, "G": 0, "O": 26}, "full": 1260, "reuse": 756, "attn_only": 0, "ffn_only": 0}
{"phase": "bench5b", "prompt": 0, "seed": 3000, "method": "OURS_O3w13_B2", "latent_mse_to_full": 0.012239866890013218, "seconds": 175.007823723834, "kinds": {"F": 26, "C": 0, "G": 0, "O": 24}, "full": 1680, "reuse": 504, "attn_only": 0, "ffn_only": 0}
{"phase": "bench5b", "prompt": 0, "seed": 3000, "method": "OURS_O3w17_B2", "latent_mse_to_full": 0.006214893888682127, "seconds": 201.2187834258657, "kinds": {"F": 28, "C": 0, "G": 0, "O": 22}, "full": 1932, "reuse": 420, "attn_only": 0, "ffn_only": 0}
{"phase": "bench5b", "prompt": 0, "seed": 3000, "method": "OURS_Ow20_L4", "latent_mse_to_full": 0.0020273870322853327, "seconds": 244.97356871282682, "kinds": {"F": 35, "C": 0, "G": 0, "O": 15}, "full": 2352, "reuse": 588, "attn_only": 0, "ffn_only": 0}
{"phase": "bench5b", "prompt": 0, "seed": 3000, "method": "OURS_Ow17_L4_GI", "latent_mse_to_full": 0.00419230991974473, "seconds": 210.9485365548171, "kinds": {"F": 27, "C": 0, "G": 7, "O": 16}, "full": 2016, "reuse": 546, "attn_only": 0, "ffn_only": 0}
{"phase": "bench5b", "prompt": 0, "seed": 3000, "method": "OURS_O4w13_B2", "latent_mse_to_full": 0.016023410484194756, "seconds": 156.6171930921264, "kinds": {"F": 23, "C": 0, "G": 0, "O": 27}, "full": 1512, "reuse": 420, "attn_only": 0, "ffn_only": 0}
{"phase": "bench5b", "prompt": 0, "seed": 3000, "method": "OURS_O4w10_B2", "latent_mse_to_full": 0.027504796162247658, "seconds": 130.53231010609306, "kinds": {"F": 20, "C": 0, "G": 0, "O": 30}, "full": 1260, "reuse": 420, "attn_only": 0, "ffn_only": 0}
{"phase": "bench5b", "prompt": 0, "seed": 3000, "method": "OURS_O4w13_B2_GI", "latent_mse_to_full": 0.01643821969628334, "seconds": 148.48282101703808, "kinds": {"F": 19, "C": 0, "G": 4, "O": 27}, "full": 1428, "reuse": 336, "attn_only": 0, "ffn_only": 0}
