The config attributes {'invert_scale_latents': False} were passed to AutoencoderKLCogVideoX, but are not expected and will be ignored. Please verify your config.json configuration file.
ROW {"clip": "car-shadow", "cut_latent": 3, "protected_frames": 9, "trial": 0, "selected_call": null, "state_payload_bytes": 0, "raw_prefix_max": 0.0, "restored_prefix_max": 0.0, "edited_max": 0.0, "restore_seconds_excluding_raw": 0.0017058979719877243}
ROW {"clip": "car-shadow", "cut_latent": 3, "protected_frames": 9, "trial": 1, "selected_call": null, "state_payload_bytes": 0, "raw_prefix_max": 0.0, "restored_prefix_max": 0.0, "edited_max": 0.0, "restore_seconds_excluding_raw": 0.0017253440455533564}
ROW {"clip": "car-shadow", "cut_latent": 4, "protected_frames": 13, "trial": 0, "selected_call": 1, "state_payload_bytes": 9472, "raw_prefix_max": 0.23497816920280457, "restored_prefix_max": 2.4139881134033203e-06, "edited_max": 0.0, "restore_seconds_excluding_raw": 1.5650012910482474}
ROW {"clip": "car-shadow", "cut_latent": 4, "protected_frames": 13, "trial": 1, "selected_call": 1, "state_payload_bytes": 9472, "raw_prefix_max": 0.2585003972053528, "restored_prefix_max": 2.4139881134033203e-06, "edited_max": 0.0, "restore_seconds_excluding_raw": 1.5674954970018007}
ROW {"clip": "car-shadow", "cut_latent": 5, "protected_frames": 17, "trial": 0, "selected_call": null, "state_payload_bytes": 0, "raw_prefix_max": 0.0, "restored_prefix_max": 0.0, "edited_max": 0.0, "restore_seconds_excluding_raw": 0.0018561020260676742}
ROW {"clip": "car-shadow", "cut_latent": 5, "protected_frames": 17, "trial": 1, "selected_call": null, "state_payload_bytes": 0, "raw_prefix_max": 0.0, "restored_prefix_max": 0.0, "edited_max": 0.0, "restore_seconds_excluding_raw": 0.0019032270065508783}
ROW {"clip": "car-shadow", "cut_latent": 6, "protected_frames": 21, "trial": 0, "selected_call": 2, "state_payload_bytes": 9472, "raw_prefix_max": 0.29839709401130676, "restored_prefix_max": 1.9371509552001953e-06, "edited_max": 0.0, "restore_seconds_excluding_raw": 1.5740424449904822}
ROW {"clip": "car-shadow", "cut_latent": 6, "protected_frames": 21, "trial": 1, "selected_call": 2, "state_payload_bytes": 9472, "raw_prefix_max": 0.23958483338356018, "restored_prefix_max": 1.9371509552001953e-06, "edited_max": 0.0, "restore_seconds_excluding_raw": 1.5775647980044596}
ROW {"clip": "car-shadow", "cut_latent": 7, "protected_frames": 25, "trial": 0, "selected_call": null, "state_payload_bytes": 0, "raw_prefix_max": 0.0, "restored_prefix_max": 0.0, "edited_max": 0.0, "restore_seconds_excluding_raw": 0.0019919410115107894}
ROW {"clip": "car-shadow", "cut_latent": 7, "protected_frames": 25, "trial": 1, "selected_call": null, "state_payload_bytes": 0, "raw_prefix_max": 0.0, "restored_prefix_max": 0.0, "edited_max": 0.0, "restore_seconds_excluding_raw": 0.002045478962827474}
ROW {"clip": "car-shadow", "cut_latent": 8, "protected_frames": 29, "trial": 0, "selected_call": 3, "state_payload_bytes": 9472, "raw_prefix_max": 0.23494169116020203, "restored_prefix_max": 2.6971101760864258e-06, "edited_max": 0.0, "restore_seconds_excluding_raw": 1.5820537030231208}
ROW {"clip": "car-shadow", "cut_latent": 8, "protected_frames": 29, "trial": 1, "selected_call": 3, "state_payload_bytes": 9472, "raw_prefix_max": 0.24145565927028656, "restored_prefix_max": 2.6971101760864258e-06, "edited_max": 0.0, "restore_seconds_excluding_raw": 1.5818675320479088}
ROW {"clip": "cows", "cut_latent": 3, "protected_frames": 9, "trial": 0, "selected_call": null, "state_payload_bytes": 0, "raw_prefix_max": 0.0, "restored_prefix_max": 0.0, "edited_max": 0.0, "restore_seconds_excluding_raw": 0.0016561379889026284}
ROW {"clip": "cows", "cut_latent": 3, "protected_frames": 9, "trial": 1, "selected_call": null, "state_payload_bytes": 0, "raw_prefix_max": 0.0, "restored_prefix_max": 0.0, "edited_max": 0.0, "restore_seconds_excluding_raw": 0.0016418679733760655}
ROW {"clip": "cows", "cut_latent": 4, "protected_frames": 13, "trial": 0, "selected_call": 1, "state_payload_bytes": 9472, "raw_prefix_max": 0.1844159960746765, "restored_prefix_max": 1.1622905731201172e-06, "edited_max": 0.0, "restore_seconds_excluding_raw": 1.5827016780385748}
ROW {"clip": "cows", "cut_latent": 4, "protected_frames": 13, "trial": 1, "selected_call": 1, "state_payload_bytes": 9472, "raw_prefix_max": 0.18096336722373962, "restored_prefix_max": 1.1622905731201172e-06, "edited_max": 0.0, "restore_seconds_excluding_raw": 1.5806550809647888}
ROW {"clip": "cows", "cut_latent": 5, "protected_frames": 17, "trial": 0, "selected_call": null, "state_payload_bytes": 0, "raw_prefix_max": 0.0, "restored_prefix_max": 0.0, "edited_max": 0.0, "restore_seconds_excluding_raw": 0.0019121560035273433}
ROW {"clip": "cows", "cut_latent": 5, "protected_frames": 17, "trial": 1, "selected_call": null, "state_payload_bytes": 0, "raw_prefix_max": 0.0, "restored_prefix_max": 0.0, "edited_max": 0.0, "restore_seconds_excluding_raw": 0.0018389790202490985}
ROW {"clip": "cows", "cut_latent": 6, "protected_frames": 21, "trial": 0, "selected_call": 2, "state_payload_bytes": 9472, "raw_prefix_max": 0.150202214717865, "restored_prefix_max": 1.341104507446289e-06, "edited_max": 0.0, "restore_seconds_excluding_raw": 1.5822444390505552}
ROW {"clip": "cows", "cut_latent": 6, "protected_frames": 21, "trial": 1, "selected_call": 2, "state_payload_bytes": 9472, "raw_prefix_max": 0.14844352006912231, "restored_prefix_max": 1.341104507446289e-06, "edited_max": 0.0, "restore_seconds_excluding_raw": 1.5791784700122662}
ROW {"clip": "cows", "cut_latent": 7, "protected_frames": 25, "trial": 0, "selected_call": null, "state_payload_bytes": 0, "raw_prefix_max": 0.0, "restored_prefix_max": 0.0, "edited_max": 0.0, "restore_seconds_excluding_raw": 0.0020386960241012275}
ROW {"clip": "cows", "cut_latent": 7, "protected_frames": 25, "trial": 1, "selected_call": null, "state_payload_bytes": 0, "raw_prefix_max": 0.0, "restored_prefix_max": 0.0, "edited_max": 0.0, "restore_seconds_excluding_raw": 0.002057489997241646}
ROW {"clip": "cows", "cut_latent": 8, "protected_frames": 29, "trial": 0, "selected_call": 3, "state_payload_bytes": 9472, "raw_prefix_max": 0.13362836837768555, "restored_prefix_max": 1.519918441772461e-06, "edited_max": 0.0, "restore_seconds_excluding_raw": 1.5878769119735807}
ROW {"clip": "cows", "cut_latent": 8, "protected_frames": 29, "trial": 1, "selected_call": 3, "state_payload_bytes": 9472, "raw_prefix_max": 0.11467275023460388, "restored_prefix_max": 1.519918441772461e-06, "edited_max": 0.0, "restore_seconds_excluding_raw": 1.584193053015042}
ROW {"clip": "elephant", "cut_latent": 3, "protected_frames": 9, "trial": 0, "selected_call": null, "state_payload_bytes": 0, "raw_prefix_max": 0.0, "restored_prefix_max": 0.0, "edited_max": 0.0, "restore_seconds_excluding_raw": 0.0016397659783251584}
ROW {"clip": "elephant", "cut_latent": 3, "protected_frames": 9, "trial": 1, "selected_call": null, "state_payload_bytes": 0, "raw_prefix_max": 0.0, "restored_prefix_max": 0.0, "edited_max": 0.0, "restore_seconds_excluding_raw": 0.0016687739989720285}
ROW {"clip": "elephant", "cut_latent": 4, "protected_frames": 13, "trial": 0, "selected_call": 1, "state_payload_bytes": 9472, "raw_prefix_max": 0.10962726175785065, "restored_prefix_max": 1.1920928955078125e-06, "edited_max": 0.0, "restore_seconds_excluding_raw": 1.5789452649769373}
ROW {"clip": "elephant", "cut_latent": 4, "protected_frames": 13, "trial": 1, "selected_call": 1, "state_payload_bytes": 9472, "raw_prefix_max": 0.11966462433338165, "restored_prefix_max": 1.1920928955078125e-06, "edited_max": 0.0, "restore_seconds_excluding_raw": 1.581923236954026}
ROW {"clip": "elephant", "cut_latent": 5, "protected_frames": 17, "trial": 0, "selected_call": null, "state_payload_bytes": 0, "raw_prefix_max": 0.0, "restored_prefix_max": 0.0, "edited_max": 0.0, "restore_seconds_excluding_raw": 0.0018276679911650717}
ROW {"clip": "elephant", "cut_latent": 5, "protected_frames": 17, "trial": 1, "selected_call": null, "state_payload_bytes": 0, "raw_prefix_max": 0.0, "restored_prefix_max": 0.0, "edited_max": 0.0, "restore_seconds_excluding_raw": 0.0018861509743146598}
ROW {"clip": "elephant", "cut_latent": 6, "protected_frames": 21, "trial": 0, "selected_call": 2, "state_payload_bytes": 9472, "raw_prefix_max": 0.08022946119308472, "restored_prefix_max": 9.834766387939453e-07, "edited_max": 0.0, "restore_seconds_excluding_raw": 1.5817726259701885}
ROW {"clip": "elephant", "cut_latent": 6, "protected_frames": 21, "trial": 1, "selected_call": 2, "state_payload_bytes": 9472, "raw_prefix_max": 0.08194148540496826, "restored_prefix_max": 9.834766387939453e-07, "edited_max": 0.0, "restore_seconds_excluding_raw": 1.5798575110384263}
ROW {"clip": "elephant", "cut_latent": 7, "protected_frames": 25, "trial": 0, "selected_call": null, "state_payload_bytes": 0, "raw_prefix_max": 0.0, "restored_prefix_max": 0.0, "edited_max": 0.0, "restore_seconds_excluding_raw": 0.002033808035776019}
ROW {"clip": "elephant", "cut_latent": 7, "protected_frames": 25, "trial": 1, "selected_call": null, "state_payload_bytes": 0, "raw_prefix_max": 0.0, "restored_prefix_max": 0.0, "edited_max": 0.0, "restore_seconds_excluding_raw": 0.0020038760267198086}
ROW {"clip": "elephant", "cut_latent": 8, "protected_frames": 29, "trial": 0, "selected_call": 3, "state_payload_bytes": 9472, "raw_prefix_max": 0.11233486235141754, "restored_prefix_max": 1.4156103134155273e-06, "edited_max": 0.0, "restore_seconds_excluding_raw": 1.5868638110114262}
ROW {"clip": "elephant", "cut_latent": 8, "protected_frames": 29, "trial": 1, "selected_call": 3, "state_payload_bytes": 9472, "raw_prefix_max": 0.10438862442970276, "restored_prefix_max": 1.4156103134155273e-06, "edited_max": 0.0, "restore_seconds_excluding_raw": 1.5839813990169205}
ROW {"clip": "goat", "cut_latent": 3, "protected_frames": 9, "trial": 0, "selected_call": null, "state_payload_bytes": 0, "raw_prefix_max": 0.0, "restored_prefix_max": 0.0, "edited_max": 0.0, "restore_seconds_excluding_raw": 0.0016342480084858835}
ROW {"clip": "goat", "cut_latent": 3, "protected_frames": 9, "trial": 1, "selected_call": null, "state_payload_bytes": 0, "raw_prefix_max": 0.0, "restored_prefix_max": 0.0, "edited_max": 0.0, "restore_seconds_excluding_raw": 0.0018257930059917271}
ROW {"clip": "goat", "cut_latent": 4, "protected_frames": 13, "trial": 0, "selected_call": 1, "state_payload_bytes": 9472, "raw_prefix_max": 0.17378932237625122, "restored_prefix_max": 1.996755599975586e-06, "edited_max": 0.0, "restore_seconds_excluding_raw": 1.5817142539890483}
ROW {"clip": "goat", "cut_latent": 4, "protected_frames": 13, "trial": 1, "selected_call": 1, "state_payload_bytes": 9472, "raw_prefix_max": 0.21080179512500763, "restored_prefix_max": 1.996755599975586e-06, "edited_max": 0.0, "restore_seconds_excluding_raw": 1.5823323609656654}
ROW {"clip": "goat", "cut_latent": 5, "protected_frames": 17, "trial": 0, "selected_call": null, "state_payload_bytes": 0, "raw_prefix_max": 0.0, "restored_prefix_max": 0.0, "edited_max": 0.0, "restore_seconds_excluding_raw": 0.0018262420198880136}
ROW {"clip": "goat", "cut_latent": 5, "protected_frames": 17, "trial": 1, "selected_call": null, "state_payload_bytes": 0, "raw_prefix_max": 0.0, "restored_prefix_max": 0.0, "edited_max": 0.0, "restore_seconds_excluding_raw": 0.0018212970462627709}
ROW {"clip": "goat", "cut_latent": 6, "protected_frames": 21, "trial": 0, "selected_call": 2, "state_payload_bytes": 9472, "raw_prefix_max": 0.16614189743995667, "restored_prefix_max": 1.6689300537109375e-06, "edited_max": 0.0, "restore_seconds_excluding_raw": 1.5836665639653802}
ROW {"clip": "goat", "cut_latent": 6, "protected_frames": 21, "trial": 1, "selected_call": 2, "state_payload_bytes": 9472, "raw_prefix_max": 0.1586996465921402, "restored_prefix_max": 1.6689300537109375e-06, "edited_max": 0.0, "restore_seconds_excluding_raw": 1.5839529460063204}
ROW {"clip": "goat", "cut_latent": 7, "protected_frames": 25, "trial": 0, "selected_call": null, "state_payload_bytes": 0, "raw_prefix_max": 0.0, "restored_prefix_max": 0.0, "edited_max": 0.0, "restore_seconds_excluding_raw": 0.00202219799393788}
ROW {"clip": "goat", "cut_latent": 7, "protected_frames": 25, "trial": 1, "selected_call": null, "state_payload_bytes": 0, "raw_prefix_max": 0.0, "restored_prefix_max": 0.0, "edited_max": 0.0, "restore_seconds_excluding_raw": 0.001997533021494746}
ROW {"clip": "goat", "cut_latent": 8, "protected_frames": 29, "trial": 0, "selected_call": 3, "state_payload_bytes": 9472, "raw_prefix_max": 0.18398873507976532, "restored_prefix_max": 1.4379620552062988e-06, "edited_max": 0.0, "restore_seconds_excluding_raw": 1.5839387620217167}
ROW {"clip": "goat", "cut_latent": 8, "protected_frames": 29, "trial": 1, "selected_call": 3, "state_payload_bytes": 9472, "raw_prefix_max": 0.17144176363945007, "restored_prefix_max": 1.4379620552062988e-06, "edited_max": 0.0, "restore_seconds_excluding_raw": 1.5857955039828084}
COMPLETE
