grid w=1.0 K=15 {"speedup": 3.33, "taylor1": 0.15616963196030187, "hold": 0.3458439172472402, "hold_beats_taylor1_rate": 0.125, "taylor1_advantage_median": 0.6067163735204708}
grid w=1.0 K=20 {"speedup": 2.5, "taylor1": 0.11689677570463125, "hold": 0.31628960019160884, "hold_beats_taylor1_rate": 0.0, "taylor1_advantage_median": 0.514778508833364}
grid w=1.0 K=25 {"speedup": 2.0, "taylor1": 0.0974653290318796, "hold": 0.20529263865827685, "hold_beats_taylor1_rate": 0.0, "taylor1_advantage_median": 0.5156218603468896}
grid w=1.0 K=30 {"speedup": 1.67, "taylor1": 0.06369582329955775, "hold": 0.11546130277429392, "hold_beats_taylor1_rate": 0.0, "taylor1_advantage_median": 0.6695042923467301}
grid w=2.0 K=15 {"speedup": 3.33, "taylor1": 0.20959540830458534, "hold": 0.41948889310463355, "hold_beats_taylor1_rate": 0.0, "taylor1_advantage_median": 0.3900024789488722}
grid w=2.0 K=20 {"speedup": 2.5, "taylor1": 0.18754426679612735, "hold": 0.33336868647168594, "hold_beats_taylor1_rate": 0.125, "taylor1_advantage_median": 0.3838051818711825}
grid w=2.0 K=25 {"speedup": 2.0, "taylor1": 0.12709113991387505, "hold": 0.15847273943841367, "hold_beats_taylor1_rate": 0.125, "taylor1_advantage_median": 0.29444214139600156}
grid w=2.0 K=30 {"speedup": 1.67, "taylor1": 0.07117759677232047, "hold": 0.15373702711722725, "hold_beats_taylor1_rate": 0.0, "taylor1_advantage_median": 0.4849630361748683}
grid w=4.0 K=15 {"speedup": 3.33, "taylor1": 0.4366331362694019, "hold": 0.5027036994337452, "hold_beats_taylor1_rate": 0.375, "taylor1_advantage_median": 0.08672626267152084}
grid w=4.0 K=20 {"speedup": 2.5, "taylor1": 0.2802533585376127, "hold": 0.3065181595226367, "hold_beats_taylor1_rate": 0.25, "taylor1_advantage_median": 0.2525198929804015}
grid w=4.0 K=25 {"speedup": 2.0, "taylor1": 0.2634760179356634, "hold": 0.2890064731893914, "hold_beats_taylor1_rate": 0.25, "taylor1_advantage_median": 0.25866108209649147}
grid w=4.0 K=30 {"speedup": 1.67, "taylor1": 0.3072206875016314, "hold": 0.287861233429858, "hold_beats_taylor1_rate": 0.625, "taylor1_advantage_median": -0.04350765244885045}
grid w=7.0 K=15 {"speedup": 3.33, "taylor1": 0.8755349737839737, "hold": 0.710375811906673, "hold_beats_taylor1_rate": 0.625, "taylor1_advantage_median": -0.07383642126199154}
grid w=7.0 K=20 {"speedup": 2.5, "taylor1": 0.615763428242815, "hold": 0.7011016786745238, "hold_beats_taylor1_rate": 0.375, "taylor1_advantage_median": 0.011957838681423472}
grid w=7.0 K=25 {"speedup": 2.0, "taylor1": 0.4552500727561927, "hold": 0.6479622752915281, "hold_beats_taylor1_rate": 0.375, "taylor1_advantage_median": 0.06971202342871427}
grid w=7.0 K=30 {"speedup": 1.67, "taylor1": 0.4163249419216074, "hold": 0.581643660379419, "hold_beats_taylor1_rate": 0.25, "taylor1_advantage_median": 0.10691756498000665}
/root/miniconda3/lib/python3.10/site-packages/torchvision/models/_utils.py:208: UserWarning: The parameter 'pretrained' is deprecated since 0.13 and may be removed in the future, please use 'weights' instead.
  warnings.warn(
/root/miniconda3/lib/python3.10/site-packages/torchvision/models/_utils.py:223: UserWarning: Arguments other than a weight enum or `None` for 'weights' are deprecated since 0.13 and may be removed in the future. The current behavior is equivalent to passing `weights=AlexNet_Weights.IMAGENET1K_V1`. You can also use `weights=AlexNet_Weights.DEFAULT` to get the most up-to-date weights.
  warnings.warn(msg)
Setting up [LPIPS] perceptual loss: trunk [alex], v[0.1], spatial [off]
Loading model from: /root/miniconda3/lib/python3.10/site-packages/lpips/weights/v0.1/alex.pth
main 0 {'full': (0.0, 0.0), 'taylor1_guided': (0.857, 0.3953), 'hold_guided': (0.7331, 0.3078), 'taylor2_guided': (1.1453, 0.6933), 'split_c2_d0': (0.5136, 0.1963), 'split_c2_d0s8': (0.5413, 0.2104), 'split_c2_d0_online': (0.5312, 0.2026), 'split_c2_d0_norm': (0.839, 0.3954), 'split_c1_d0_online': (0.5242, 0.199), 'realloc_p10': (nan, nan), 'realloc_p8': (nan, nan)}
main 1 {'full': (0.0, 0.0), 'taylor1_guided': (0.5613, 0.0821), 'hold_guided': (0.1976, 0.0243), 'taylor2_guided': (0.6263, 0.0992), 'split_c2_d0': (0.1134, 0.0077), 'split_c2_d0s8': (0.4952, 0.0691), 'split_c2_d0_online': (0.4183, 0.0549), 'split_c2_d0_norm': (0.2087, 0.0272), 'split_c1_d0_online': (0.4464, 0.0631), 'realloc_p10': (nan, nan), 'realloc_p8': (75.3251, 0.9102)}
main 2 {'full': (0.0, 0.0), 'taylor1_guided': (0.3088, 0.0607), 'hold_guided': (1.2952, 0.7039), 'taylor2_guided': (0.6253, 0.1399), 'split_c2_d0': (0.5689, 0.1256), 'split_c2_d0s8': (0.3735, 0.0765), 'split_c2_d0_online': (0.3895, 0.0804), 'split_c2_d0_norm': (1.2613, 0.7128), 'split_c1_d0_online': (0.3495, 0.0707), 'realloc_p10': (nan, nan), 'realloc_p8': (nan, nan)}
main 3 {'full': (0.0, 0.0), 'taylor1_guided': (0.4758, 0.2561), 'hold_guided': (0.5397, 0.3101), 'taylor2_guided': (0.6322, 0.386), 'split_c2_d0': (0.6254, 0.3906), 'split_c2_d0s8': (0.6185, 0.3849), 'split_c2_d0_online': (0.6339, 0.4012), 'split_c2_d0_norm': (0.615, 0.3741), 'split_c1_d0_online': (0.6116, 0.375), 'realloc_p10': (nan, nan), 'realloc_p8': (nan, nan)}
main 4 {'full': (0.0, 0.0), 'taylor1_guided': (0.7831, 0.2577), 'hold_guided': (0.7999, 0.3198), 'taylor2_guided': (0.8228, 0.3355), 'split_c2_d0': (0.8038, 0.3176), 'split_c2_d0s8': (0.813, 0.354), 'split_c2_d0_online': (0.8094, 0.3417), 'split_c2_d0_norm': (0.7677, 0.2597), 'split_c1_d0_online': (0.8105, 0.346), 'realloc_p10': (nan, nan), 'realloc_p8': (nan, nan)}
main 5 {'full': (0.0, 0.0), 'taylor1_guided': (0.4347, 0.1542), 'hold_guided': (0.7478, 0.4032), 'taylor2_guided': (0.5059, 0.1974), 'split_c2_d0': (0.601, 0.2901), 'split_c2_d0s8': (0.8492, 0.5347), 'split_c2_d0_online': (0.6317, 0.3205), 'split_c2_d0_norm': (0.6619, 0.3265), 'split_c1_d0_online': (0.6027, 0.2912), 'realloc_p10': (nan, nan), 'realloc_p8': (nan, nan)}
main 6 {'full': (0.0, 0.0), 'taylor1_guided': (0.2629, 0.1386), 'hold_guided': (0.5628, 0.3785), 'taylor2_guided': (0.3635, 0.185), 'split_c2_d0': (0.5033, 0.3161), 'split_c2_d0s8': (0.474, 0.2954), 'split_c2_d0_online': (0.4916, 0.3105), 'split_c2_d0_norm': (0.5706, 0.3753), 'split_c1_d0_online': (0.4782, 0.2987), 'realloc_p10': (nan, nan), 'realloc_p8': (nan, nan)}
main 7 {'full': (0.0, 0.0), 'taylor1_guided': (0.1095, 0.0172), 'hold_guided': (0.0744, 0.0107), 'taylor2_guided': (0.2312, 0.078), 'split_c2_d0': (0.0907, 0.0113), 'split_c2_d0s8': (0.1058, 0.013), 'split_c2_d0_online': (0.1009, 0.0128), 'split_c2_d0_norm': (0.0558, 0.0049), 'split_c1_d0_online': (0.1023, 0.0134), 'realloc_p10': (nan, nan), 'realloc_p8': (nan, nan)}
main 8 {'full': (0.0, 0.0), 'taylor1_guided': (0.4415, 0.1165), 'hold_guided': (0.3744, 0.0942), 'taylor2_guided': (0.5534, 0.1826), 'split_c2_d0': (0.3076, 0.0648), 'split_c2_d0s8': (0.3265, 0.0705), 'split_c2_d0_online': (0.3724, 0.0897), 'split_c2_d0_norm': (0.3954, 0.1008), 'split_c1_d0_online': (0.3774, 0.0933), 'realloc_p10': (nan, nan), 'realloc_p8': (nan, nan)}
main 9 {'full': (0.0, 0.0), 'taylor1_guided': (0.1393, 0.0196), 'hold_guided': (0.272, 0.0759), 'taylor2_guided': (0.329, 0.1029), 'split_c2_d0': (0.2679, 0.0726), 'split_c2_d0s8': (0.2813, 0.0777), 'split_c2_d0_online': (0.465, 0.1394), 'split_c2_d0_norm': (0.456, 0.1161), 'split_c1_d0_online': (0.4566, 0.1362), 'realloc_p10': (nan, nan), 'realloc_p8': (nan, nan)}
main 10 {'full': (0.0, 0.0), 'taylor1_guided': (0.37, 0.1182), 'hold_guided': (0.3172, 0.1034), 'taylor2_guided': (0.6655, 0.3113), 'split_c2_d0': (0.3458, 0.1028), 'split_c2_d0s8': (0.3562, 0.1121), 'split_c2_d0_online': (0.3607, 0.1158), 'split_c2_d0_norm': (0.3538, 0.1073), 'split_c1_d0_online': (0.3326, 0.1034), 'realloc_p10': (nan, nan), 'realloc_p8': (nan, nan)}
main 11 {'full': (0.0, 0.0), 'taylor1_guided': (0.4664, 0.1338), 'hold_guided': (0.4942, 0.1504), 'taylor2_guided': (0.7468, 0.4668), 'split_c2_d0': (1.128, 0.7208), 'split_c2_d0s8': (1.1298, 0.7201), 'split_c2_d0_online': (1.1315, 0.7194), 'split_c2_d0_norm': (1.1043, 0.7157), 'split_c1_d0_online': (1.1314, 0.7195), 'realloc_p10': (nan, nan), 'realloc_p8': (nan, nan)}
main 12 {'full': (0.0, 0.0), 'taylor1_guided': (0.6187, 0.2587), 'hold_guided': (1.082, 0.6419), 'taylor2_guided': (0.6069, 0.2551), 'split_c2_d0': (0.5562, 0.2246), 'split_c2_d0s8': (0.5685, 0.2313), 'split_c2_d0_online': (0.5126, 0.1941), 'split_c2_d0_norm': (0.4158, 0.1354), 'split_c1_d0_online': (0.5419, 0.2214), 'realloc_p10': (nan, nan), 'realloc_p8': (nan, nan)}
main 13 {'full': (0.0, 0.0), 'taylor1_guided': (0.3829, 0.132), 'hold_guided': (0.4426, 0.1589), 'taylor2_guided': (0.4315, 0.1482), 'split_c2_d0': (0.4894, 0.1921), 'split_c2_d0s8': (0.6353, 0.3013), 'split_c2_d0_online': (0.5394, 0.2284), 'split_c2_d0_norm': (0.426, 0.1462), 'split_c1_d0_online': (0.5292, 0.218), 'realloc_p10': (nan, nan), 'realloc_p8': (nan, nan)}
main 14 {'full': (0.0, 0.0), 'taylor1_guided': (0.1485, 0.0495), 'hold_guided': (0.3701, 0.2059), 'taylor2_guided': (0.1798, 0.0683), 'split_c2_d0': (0.222, 0.0952), 'split_c2_d0s8': (0.2152, 0.093), 'split_c2_d0_online': (0.2484, 0.1113), 'split_c2_d0_norm': (0.2838, 0.1302), 'split_c1_d0_online': (0.208, 0.0877), 'realloc_p10': (nan, nan), 'realloc_p8': (nan, nan)}
main 15 {'full': (0.0, 0.0), 'taylor1_guided': (0.7091, 0.2482), 'hold_guided': (0.7144, 0.2503), 'taylor2_guided': (0.8104, 0.3149), 'split_c2_d0': (0.6852, 0.2339), 'split_c2_d0s8': (0.7064, 0.2456), 'split_c2_d0_online': (0.7149, 0.2479), 'split_c2_d0_norm': (0.7181, 0.253), 'split_c1_d0_online': (0.713, 0.2489), 'realloc_p10': (nan, nan), 'realloc_p8': (nan, nan)}
KEEPS latent: ['full'] | lpips: ['full'] | baseline: taylor1_guided
