gauge 0 {"norm_cv_eps": 0.6501315664225537, "hold_err_eps": 0.5703934670725985, "norm_cv_x0": 0.6617745085707359, "hold_err_x0": 0.7424230216681441, "norm_cv_v": 0.5036009372493961, "hold_err_v": 0.626113354258767, "cos_delta_adj": 0.8988095619240586, "norm_ratio_adj_mean": 1.0607853738629087, "norm_ratio_adj_cv": 0.10736019801167948}
gauge 1 {"norm_cv_eps": 0.6165807682234423, "hold_err_eps": 0.5273275125490707, "norm_cv_x0": 1.3263706450117532, "hold_err_x0": 0.7203304157227897, "norm_cv_v": 1.2058446976508452, "hold_err_v": 0.6263729840338886, "cos_delta_adj": 0.9148049468592722, "norm_ratio_adj_mean": 1.0640308674500913, "norm_ratio_adj_cv": 0.1187584205746761}
gauge 2 {"norm_cv_eps": 0.5656758259068286, "hold_err_eps": 0.4884559952873124, "norm_cv_x0": 0.722648589092647, "hold_err_x0": 0.6519999416968448, "norm_cv_v": 0.5861233309438895, "hold_err_v": 0.5374051426161482, "cos_delta_adj": 0.9220681868645609, "norm_ratio_adj_mean": 1.0617428032719358, "norm_ratio_adj_cv": 0.0754900132947937}
/root/miniconda3/lib/python3.10/site-packages/torchvision/models/_utils.py:208: UserWarning: The parameter 'pretrained' is deprecated since 0.13 and may be removed in the future, please use 'weights' instead.
  warnings.warn(
/root/miniconda3/lib/python3.10/site-packages/torchvision/models/_utils.py:223: UserWarning: Arguments other than a weight enum or `None` for 'weights' are deprecated since 0.13 and may be removed in the future. The current behavior is equivalent to passing `weights=AlexNet_Weights.IMAGENET1K_V1`. You can also use `weights=AlexNet_Weights.DEFAULT` to get the most up-to-date weights.
  warnings.warn(msg)
Setting up [LPIPS] perceptual loss: trunk [alex], v[0.1], spatial [off]
Loading model from: /root/miniconda3/lib/python3.10/site-packages/lpips/weights/v0.1/alex.pth
main 0 {'full': 0.0, 'taylor1_guided': 1.2597, 'hold_guided': 0.6909, 'split_ud': 0.6632, 'split_ud_s8': 0.6382, 'gdc_p100': 0.6787, 'gdc_p100_s8': 0.6609, 'gdc_p100_x0': 0.7971, 'gdc_p100_v': 0.7771, 'gdc_p80': 0.8077, 'gdc_p60': 0.7559, 'gdc_p40': 0.8495, 'gdc_p60_s8': 0.7407, 'gdc_p60_x0': 1.17, 'fc_struct_p60': 0.7808, 'fc_struct_p40': 0.8722, 'mirror_p60': 9.4582}
main 1 {'full': 0.0, 'taylor1_guided': 0.6109, 'hold_guided': 0.5402, 'split_ud': 0.3659, 'split_ud_s8': 0.3182, 'gdc_p100': 0.4109, 'gdc_p100_s8': 0.2801, 'gdc_p100_x0': 0.568, 'gdc_p100_v': 0.5622, 'gdc_p80': 0.6259, 'gdc_p60': 0.3948, 'gdc_p40': 0.7014, 'gdc_p60_s8': 0.4053, 'gdc_p60_x0': 0.8466, 'fc_struct_p60': 0.7393, 'fc_struct_p40': 0.6653, 'mirror_p60': 7.883}
main 2 {'full': 0.0, 'taylor1_guided': 1.311, 'hold_guided': 1.389, 'split_ud': 1.0111, 'split_ud_s8': 0.4771, 'gdc_p100': 0.6101, 'gdc_p100_s8': 0.4606, 'gdc_p100_x0': 1.4384, 'gdc_p100_v': 1.4556, 'gdc_p80': 1.4513, 'gdc_p60': 1.3113, 'gdc_p40': 1.44, 'gdc_p60_s8': 0.5994, 'gdc_p60_x0': 1.5826, 'fc_struct_p60': 0.6119, 'fc_struct_p40': 0.8164, 'mirror_p60': 9.0048}
main 3 {'full': 0.0, 'taylor1_guided': 0.7357, 'hold_guided': 0.6527, 'split_ud': 0.6555, 'split_ud_s8': 0.6491, 'gdc_p100': 0.65, 'gdc_p100_s8': 0.58, 'gdc_p100_x0': 0.7524, 'gdc_p100_v': 0.7468, 'gdc_p80': 0.6613, 'gdc_p60': 0.6798, 'gdc_p40': 0.6961, 'gdc_p60_s8': 0.6807, 'gdc_p60_x0': 0.7706, 'fc_struct_p60': 0.7348, 'fc_struct_p40': 0.718, 'mirror_p60': 6.0677}
main 4 {'full': 0.0, 'taylor1_guided': 0.9425, 'hold_guided': 0.9235, 'split_ud': 0.9448, 'split_ud_s8': 0.9764, 'gdc_p100': 0.8976, 'gdc_p100_s8': 0.9156, 'gdc_p100_x0': 0.8572, 'gdc_p100_v': 0.8327, 'gdc_p80': 0.8759, 'gdc_p60': 1.1149, 'gdc_p40': 1.2622, 'gdc_p60_s8': 1.1689, 'gdc_p60_x0': 1.1316, 'fc_struct_p60': 0.9847, 'fc_struct_p40': 0.9561, 'mirror_p60': 8.1901}
main 5 {'full': 0.0, 'taylor1_guided': 0.8086, 'hold_guided': 1.1702, 'split_ud': 0.8271, 'split_ud_s8': 0.8695, 'gdc_p100': 0.7667, 'gdc_p100_s8': 0.6809, 'gdc_p100_x0': 1.122, 'gdc_p100_v': 1.113, 'gdc_p80': 0.7239, 'gdc_p60': 1.077, 'gdc_p40': 0.9875, 'gdc_p60_s8': 0.8315, 'gdc_p60_x0': 1.1982, 'fc_struct_p60': 0.8831, 'fc_struct_p40': 1.1163, 'mirror_p60': 7.5927}
main 6 {'full': 0.0, 'taylor1_guided': 0.6101, 'hold_guided': 0.7298, 'split_ud': 0.6285, 'split_ud_s8': 0.5815, 'gdc_p100': 0.6239, 'gdc_p100_s8': 0.5641, 'gdc_p100_x0': 0.7237, 'gdc_p100_v': 0.7145, 'gdc_p80': 0.69, 'gdc_p60': 0.6867, 'gdc_p40': 0.712, 'gdc_p60_s8': 0.6482, 'gdc_p60_x0': 0.956, 'fc_struct_p60': 0.7284, 'fc_struct_p40': 1.0449, 'mirror_p60': 6.7152}
main 7 {'full': 0.0, 'taylor1_guided': 1.0495, 'hold_guided': 0.2147, 'split_ud': 0.1525, 'split_ud_s8': 0.1485, 'gdc_p100': 0.2001, 'gdc_p100_s8': 0.2045, 'gdc_p100_x0': 0.3624, 'gdc_p100_v': 0.3277, 'gdc_p80': 0.1924, 'gdc_p60': 0.3759, 'gdc_p40': 0.3566, 'gdc_p60_s8': 0.3274, 'gdc_p60_x0': 0.6137, 'fc_struct_p60': 0.4453, 'fc_struct_p40': 0.3082, 'mirror_p60': 7.4933}
main 8 {'full': 0.0, 'taylor1_guided': 0.8134, 'hold_guided': 0.6265, 'split_ud': 0.4807, 'split_ud_s8': 0.422, 'gdc_p100': 0.5001, 'gdc_p100_s8': 0.4901, 'gdc_p100_x0': 0.621, 'gdc_p100_v': 0.6131, 'gdc_p80': 0.6852, 'gdc_p60': 0.7181, 'gdc_p40': 0.8932, 'gdc_p60_s8': 0.6715, 'gdc_p60_x0': 1.1179, 'fc_struct_p60': 0.5401, 'fc_struct_p40': 1.2385, 'mirror_p60': 8.227}
main 9 {'full': 0.0, 'taylor1_guided': 0.5815, 'hold_guided': 0.337, 'split_ud': 0.3495, 'split_ud_s8': 0.3737, 'gdc_p100': 0.3749, 'gdc_p100_s8': 0.3809, 'gdc_p100_x0': 0.3759, 'gdc_p100_v': 0.3672, 'gdc_p80': 0.5282, 'gdc_p60': 0.6141, 'gdc_p40': 0.5767, 'gdc_p60_s8': 0.5888, 'gdc_p60_x0': 0.651, 'fc_struct_p60': 0.5682, 'fc_struct_p40': 0.6103, 'mirror_p60': 6.4107}
main 10 {'full': 0.0, 'taylor1_guided': 0.727, 'hold_guided': 0.6334, 'split_ud': 0.555, 'split_ud_s8': 0.5448, 'gdc_p100': 0.5578, 'gdc_p100_s8': 0.5233, 'gdc_p100_x0': 0.6736, 'gdc_p100_v': 0.6615, 'gdc_p80': 0.4943, 'gdc_p60': 0.6515, 'gdc_p40': 0.755, 'gdc_p60_s8': 0.625, 'gdc_p60_x0': 0.773, 'fc_struct_p60': 0.5797, 'fc_struct_p40': 1.0102, 'mirror_p60': 7.8647}
main 11 {'full': 0.0, 'taylor1_guided': 0.7208, 'hold_guided': 0.5862, 'split_ud': 1.1157, 'split_ud_s8': 1.15, 'gdc_p100': 1.0588, 'gdc_p100_s8': 1.1635, 'gdc_p100_x0': 0.6003, 'gdc_p100_v': 0.5923, 'gdc_p80': 1.142, 'gdc_p60': 1.1569, 'gdc_p40': 1.0666, 'gdc_p60_s8': 1.1558, 'gdc_p60_x0': 0.6604, 'fc_struct_p60': 1.1478, 'fc_struct_p40': 1.201, 'mirror_p60': 6.5451}
main 12 {'full': 0.0, 'taylor1_guided': 1.0119, 'hold_guided': 1.0844, 'split_ud': 1.0011, 'split_ud_s8': 0.6588, 'gdc_p100': 0.8032, 'gdc_p100_s8': 0.5966, 'gdc_p100_x0': 1.1056, 'gdc_p100_v': 1.1028, 'gdc_p80': 0.7472, 'gdc_p60': 0.7532, 'gdc_p40': 1.1891, 'gdc_p60_s8': 0.6776, 'gdc_p60_x0': 1.172, 'fc_struct_p60': 0.68, 'fc_struct_p40': 1.0733, 'mirror_p60': 7.3995}
main 13 {'full': 0.0, 'taylor1_guided': 0.6475, 'hold_guided': 0.497, 'split_ud': 0.459, 'split_ud_s8': 0.5435, 'gdc_p100': 0.3655, 'gdc_p100_s8': 0.4879, 'gdc_p100_x0': 0.6466, 'gdc_p100_v': 0.6376, 'gdc_p80': 0.8569, 'gdc_p60': 0.5964, 'gdc_p40': 0.8921, 'gdc_p60_s8': 0.6384, 'gdc_p60_x0': 0.7012, 'fc_struct_p60': 0.5888, 'fc_struct_p40': 0.94, 'mirror_p60': 6.8876}
main 14 {'full': 0.0, 'taylor1_guided': 0.2996, 'hold_guided': 0.4565, 'split_ud': 0.2732, 'split_ud_s8': 0.2979, 'gdc_p100': 0.2079, 'gdc_p100_s8': 0.2536, 'gdc_p100_x0': 0.372, 'gdc_p100_v': 0.3542, 'gdc_p80': 0.4281, 'gdc_p60': 0.4183, 'gdc_p40': 0.5719, 'gdc_p60_s8': 0.4441, 'gdc_p60_x0': 0.5182, 'fc_struct_p60': 0.569, 'fc_struct_p40': 0.803, 'mirror_p60': 6.8333}
main 15 {'full': 0.0, 'taylor1_guided': 1.0538, 'hold_guided': 0.859, 'split_ud': 0.7817, 'split_ud_s8': 0.7725, 'gdc_p100': 0.8061, 'gdc_p100_s8': 0.7766, 'gdc_p100_x0': 0.8639, 'gdc_p100_v': 0.8409, 'gdc_p80': 0.8399, 'gdc_p60': 0.9269, 'gdc_p40': 0.9121, 'gdc_p60_s8': 0.8482, 'gdc_p60_x0': 1.2021, 'fc_struct_p60': 0.802, 'fc_struct_p40': 0.8497, 'mirror_p60': 7.7742}
{
  "norm_cv_eps": 0.6107960535176081,
  "hold_err_eps": 0.5287256583029939,
  "norm_cv_x0": 0.9035979142250454,
  "hold_err_x0": 0.7049177930292596,
  "norm_cv_v": 0.765189655281377,
  "hold_err_v": 0.596630493636268,
  "cos_delta_adj": 0.9118942318826306,
  "norm_ratio_adj_mean": 1.0621863481949785,
  "norm_ratio_adj_cv": 0.10053621062704976
}
baseline: gdc_p100_s8 | KEEPS latent: ['full'] | lpips: ['full']
