[load] model
Loading checkpoint shards:   0%|          | 0/2 [00:00<?, ?it/s]Loading checkpoint shards:  50%|█████     | 1/2 [00:00<00:00,  2.13it/s]Loading checkpoint shards: 100%|██████████| 2/2 [00:00<00:00,  2.16it/s]Loading checkpoint shards: 100%|██████████| 2/2 [00:00<00:00,  2.15it/s]
[embed] 12 prompts
[run] p0_s3000: A white swan swims slowly across a calm ...
    max_rel_div=0.1949 at t=29, top10%_token_frac=0.225, early_late_corr=0.689
[run] p0_s3001: A white swan swims slowly across a calm ...
    max_rel_div=0.2004 at t=29, top10%_token_frac=0.214, early_late_corr=0.739
[run] p1_s3000: A red bus drives slowly along a city str...
    max_rel_div=0.3950 at t=29, top10%_token_frac=0.176, early_late_corr=0.816
[run] p1_s3001: A red bus drives slowly along a city str...
    max_rel_div=0.2875 at t=29, top10%_token_frac=0.217, early_late_corr=0.664
[run] p2_s3000: A brown bear walks along a river bank in...
    max_rel_div=0.1013 at t=29, top10%_token_frac=0.196, early_late_corr=0.425
[run] p2_s3001: A brown bear walks along a river bank in...
    max_rel_div=0.0829 at t=29, top10%_token_frac=0.212, early_late_corr=0.261
[run] p3_s3000: A panda eats bamboo while sitting in a l...
    max_rel_div=0.2033 at t=29, top10%_token_frac=0.206, early_late_corr=0.639
[run] p3_s3001: A panda eats bamboo while sitting in a l...
    max_rel_div=0.2483 at t=29, top10%_token_frac=0.179, early_late_corr=0.382
[run] p4_s3000: Fireworks explode over a city skyline at...
    max_rel_div=0.3269 at t=29, top10%_token_frac=0.153, early_late_corr=0.359
[run] p4_s3001: Fireworks explode over a city skyline at...
    max_rel_div=0.3430 at t=29, top10%_token_frac=0.214, early_late_corr=0.851
[run] p5_s3000: A cat stretches and yawns on a sunny win...
    max_rel_div=0.1563 at t=29, top10%_token_frac=0.197, early_late_corr=0.213
[run] p5_s3001: A cat stretches and yawns on a sunny win...
    max_rel_div=0.2282 at t=29, top10%_token_frac=0.213, early_late_corr=0.540
[done] /root/viewdit/results/video/influence_probe_20261010/influence.json
