load Latte-XL/2 /root/viewdit/weights/Latte/ffs.pt steps 50 ddim
Using Ema!
equivalence relL2 0.0
fit seed 0
fit seed 1
fit seed 2
fit seed 3
fit seed 4
fit seed 5
fit seed 6
fit seed 7
/root/miniconda3/lib/python3.10/site-packages/torchvision/models/_utils.py:208: UserWarning: The parameter 'pretrained' is deprecated since 0.13 and may be removed in the future, please use 'weights' instead.
  warnings.warn(
/root/miniconda3/lib/python3.10/site-packages/torchvision/models/_utils.py:223: UserWarning: Arguments other than a weight enum or `None` for 'weights' are deprecated since 0.13 and may be removed in the future. The current behavior is equivalent to passing `weights=AlexNet_Weights.IMAGENET1K_V1`. You can also use `weights=AlexNet_Weights.DEFAULT` to get the most up-to-date weights.
  warnings.warn(msg)
seed 0 B0_reuse relL2=0.1761 lpips=0.0171 ffe=15.00 sec=1.2 (full 4.1s)
seed 0 B1_taylor1 relL2=0.0813 lpips=0.0048 ffe=15.00 sec=1.2 (full 4.1s)
seed 0 B2_taylor1s relL2=0.1279 lpips=0.0089 ffe=15.00 sec=1.2 (full 4.1s)
seed 0 D1_sched_p0.75 relL2=0.2203 lpips=0.0179 ffe=15.00 sec=1.2 (full 4.1s)
seed 0 D1_sched_p1.5 relL2=0.1014 lpips=0.0082 ffe=15.00 sec=1.2 (full 4.1s)
seed 0 D2_retro_taylor1s relL2=0.0704 lpips=0.0137 ffe=15.00 sec=1.2 (full 4.1s)
seed 0 D2_retro_reuse relL2=0.0698 lpips=0.0139 ffe=15.00 sec=1.2 (full 4.1s)
seed 0 D3_block_m0 relL2=0.2239 lpips=0.0212 ffe=15.00 sec=1.3 (full 4.1s)
seed 0 D3_block_m2 relL2=0.6944 lpips=0.3957 ffe=14.86 sec=1.3 (full 4.1s)
seed 0 D4_hybrid_m0 relL2=0.1654 lpips=0.0120 ffe=15.00 sec=1.3 (full 4.1s)
seed 0 D4_hybrid_m2 relL2=0.4105 lpips=0.0877 ffe=14.86 sec=1.3 (full 4.1s)
seed 0 D5_stasym relL2=0.7159 lpips=0.3476 ffe=15.00 sec=1.3 (full 4.1s)
seed 0 D5_depthhalf relL2=0.5344 lpips=0.2015 ffe=15.00 sec=1.3 (full 4.1s)
seed 0 D6_learn relL2=0.1293 lpips=0.0080 ffe=15.00 sec=1.2 (full 4.1s)
seed 0 D7_dpmpp2m relL2=0.1613 lpips=0.0307 ffe=15.00 sec=1.2 (full 4.1s)
seed 1 B0_reuse relL2=0.4917 lpips=0.1225 ffe=15.00 sec=1.3 (full 4.1s)
seed 1 B1_taylor1 relL2=0.5261 lpips=0.1334 ffe=15.00 sec=1.2 (full 4.1s)
seed 1 B2_taylor1s relL2=0.5134 lpips=0.1254 ffe=15.00 sec=1.2 (full 4.1s)
seed 1 D1_sched_p0.75 relL2=0.5173 lpips=0.1278 ffe=15.00 sec=1.2 (full 4.1s)
seed 1 D1_sched_p1.5 relL2=0.5230 lpips=0.1334 ffe=15.00 sec=1.2 (full 4.1s)
seed 1 D2_retro_taylor1s relL2=0.5389 lpips=0.1433 ffe=15.00 sec=1.2 (full 4.1s)
seed 1 D2_retro_reuse relL2=0.5313 lpips=0.1408 ffe=15.00 sec=1.2 (full 4.1s)
seed 1 D3_block_m0 relL2=0.2392 lpips=0.0517 ffe=15.00 sec=1.3 (full 4.1s)
seed 1 D3_block_m2 relL2=0.5220 lpips=0.1979 ffe=14.86 sec=1.3 (full 4.1s)
seed 1 D4_hybrid_m0 relL2=0.4549 lpips=0.0948 ffe=15.00 sec=1.3 (full 4.1s)
seed 1 D4_hybrid_m2 relL2=0.4248 lpips=0.1113 ffe=14.86 sec=1.3 (full 4.1s)
seed 1 D5_stasym relL2=0.3652 lpips=0.1020 ffe=15.00 sec=1.3 (full 4.1s)
seed 1 D5_depthhalf relL2=0.4256 lpips=0.1436 ffe=15.00 sec=1.3 (full 4.1s)
seed 1 D6_learn relL2=0.5098 lpips=0.1237 ffe=15.00 sec=1.2 (full 4.1s)
seed 1 D7_dpmpp2m relL2=0.5408 lpips=0.1613 ffe=15.00 sec=1.2 (full 4.1s)
seed 2 B0_reuse relL2=0.3786 lpips=0.1155 ffe=15.00 sec=1.2 (full 4.1s)
seed 2 B1_taylor1 relL2=0.0937 lpips=0.0085 ffe=15.00 sec=1.2 (full 4.1s)
seed 2 B2_taylor1s relL2=0.2650 lpips=0.0477 ffe=15.00 sec=1.2 (full 4.1s)
seed 2 D1_sched_p0.75 relL2=0.4131 lpips=0.1296 ffe=15.00 sec=1.2 (full 4.1s)
seed 2 D1_sched_p1.5 relL2=0.2071 lpips=0.0329 ffe=15.00 sec=1.2 (full 4.1s)
seed 2 D2_retro_taylor1s relL2=0.1175 lpips=0.0189 ffe=15.00 sec=1.2 (full 4.1s)
seed 2 D2_retro_reuse relL2=0.0844 lpips=0.0191 ffe=15.00 sec=1.2 (full 4.1s)
seed 2 D3_block_m0 relL2=0.4590 lpips=0.1718 ffe=15.00 sec=1.3 (full 4.1s)
seed 2 D3_block_m2 relL2=0.5891 lpips=0.3205 ffe=14.86 sec=1.3 (full 4.1s)
seed 2 D4_hybrid_m0 relL2=0.3179 lpips=0.0627 ffe=15.00 sec=1.3 (full 4.1s)
seed 2 D4_hybrid_m2 relL2=0.5858 lpips=0.2696 ffe=14.86 sec=1.3 (full 4.1s)
seed 2 D5_stasym relL2=0.5492 lpips=0.2374 ffe=15.00 sec=1.3 (full 4.1s)
seed 2 D5_depthhalf relL2=0.5268 lpips=0.2514 ffe=15.00 sec=1.3 (full 4.1s)
seed 2 D6_learn relL2=0.3194 lpips=0.0687 ffe=15.00 sec=1.2 (full 4.1s)
seed 2 D7_dpmpp2m relL2=0.1785 lpips=0.0771 ffe=15.00 sec=1.2 (full 4.1s)
seed 3 B0_reuse relL2=0.2781 lpips=0.0347 ffe=15.00 sec=1.2 (full 4.1s)
seed 3 B1_taylor1 relL2=0.1791 lpips=0.0157 ffe=15.00 sec=1.2 (full 4.1s)
seed 3 B2_taylor1s relL2=0.2797 lpips=0.0290 ffe=15.00 sec=1.2 (full 4.1s)
seed 3 D1_sched_p0.75 relL2=0.3392 lpips=0.0399 ffe=15.00 sec=1.2 (full 4.1s)
seed 3 D1_sched_p1.5 relL2=0.2411 lpips=0.0241 ffe=15.00 sec=1.2 (full 4.1s)
seed 3 D2_retro_taylor1s relL2=0.1453 lpips=0.0206 ffe=15.00 sec=1.3 (full 4.1s)
seed 3 D2_retro_reuse relL2=0.1357 lpips=0.0205 ffe=15.00 sec=1.3 (full 4.1s)
seed 3 D3_block_m0 relL2=0.3840 lpips=0.0568 ffe=15.00 sec=1.3 (full 4.1s)
seed 3 D3_block_m2 relL2=0.6582 lpips=0.3580 ffe=14.86 sec=1.3 (full 4.1s)
seed 3 D4_hybrid_m0 relL2=0.3250 lpips=0.0342 ffe=15.00 sec=1.3 (full 4.1s)
seed 3 D4_hybrid_m2 relL2=0.5208 lpips=0.1707 ffe=14.86 sec=1.3 (full 4.1s)
seed 3 D5_stasym relL2=0.4712 lpips=0.1217 ffe=15.00 sec=1.3 (full 4.1s)
seed 3 D5_depthhalf relL2=0.4879 lpips=0.1869 ffe=15.00 sec=1.3 (full 4.1s)
seed 3 D6_learn relL2=0.2769 lpips=0.0270 ffe=15.00 sec=1.2 (full 4.1s)
seed 3 D7_dpmpp2m relL2=0.2738 lpips=0.0545 ffe=15.00 sec=1.2 (full 4.1s)
seed 4 B0_reuse relL2=0.4172 lpips=0.1259 ffe=15.00 sec=1.2 (full 4.1s)
seed 4 B1_taylor1 relL2=0.0845 lpips=0.0085 ffe=15.00 sec=1.2 (full 4.1s)
seed 4 B2_taylor1s relL2=0.2995 lpips=0.0678 ffe=15.00 sec=1.2 (full 4.1s)
seed 4 D1_sched_p0.75 relL2=0.4669 lpips=0.1385 ffe=15.00 sec=1.2 (full 4.1s)
seed 4 D1_sched_p1.5 relL2=0.2249 lpips=0.0471 ffe=15.00 sec=1.2 (full 4.1s)
seed 4 D2_retro_taylor1s relL2=0.0723 lpips=0.0137 ffe=15.00 sec=1.2 (full 4.1s)
seed 4 D2_retro_reuse relL2=0.0706 lpips=0.0141 ffe=15.00 sec=1.2 (full 4.1s)
seed 4 D3_block_m0 relL2=0.5271 lpips=0.2056 ffe=15.00 sec=1.3 (full 4.1s)
seed 4 D3_block_m2 relL2=0.5683 lpips=0.2866 ffe=14.86 sec=1.3 (full 4.1s)
seed 4 D4_hybrid_m0 relL2=0.3533 lpips=0.0924 ffe=15.00 sec=1.3 (full 4.1s)
seed 4 D4_hybrid_m2 relL2=0.6371 lpips=0.2848 ffe=14.86 sec=1.3 (full 4.1s)
seed 4 D5_stasym relL2=0.5706 lpips=0.2477 ffe=15.00 sec=1.3 (full 4.1s)
seed 4 D5_depthhalf relL2=0.5329 lpips=0.2566 ffe=15.00 sec=1.3 (full 4.1s)
seed 4 D6_learn relL2=0.3486 lpips=0.0914 ffe=15.00 sec=1.2 (full 4.1s)
seed 4 D7_dpmpp2m relL2=0.2324 lpips=0.0837 ffe=15.00 sec=1.2 (full 4.1s)
seed 5 B0_reuse relL2=0.3171 lpips=0.0385 ffe=15.00 sec=1.2 (full 4.1s)
seed 5 B1_taylor1 relL2=0.1931 lpips=0.0146 ffe=15.00 sec=1.2 (full 4.1s)
seed 5 B2_taylor1s relL2=0.2780 lpips=0.0287 ffe=15.00 sec=1.2 (full 4.1s)
seed 5 D1_sched_p0.75 relL2=0.3019 lpips=0.0312 ffe=15.00 sec=1.3 (full 4.1s)
seed 5 D1_sched_p1.5 relL2=0.2601 lpips=0.0273 ffe=15.00 sec=1.2 (full 4.1s)
seed 5 D2_retro_taylor1s relL2=0.0979 lpips=0.0151 ffe=15.00 sec=1.2 (full 4.1s)
seed 5 D2_retro_reuse relL2=0.2283 lpips=0.0297 ffe=15.00 sec=1.2 (full 4.1s)
seed 5 D3_block_m0 relL2=0.3156 lpips=0.0376 ffe=15.00 sec=1.3 (full 4.1s)
seed 5 D3_block_m2 relL2=0.4996 lpips=0.1692 ffe=14.86 sec=1.3 (full 4.1s)
seed 5 D4_hybrid_m0 relL2=0.2842 lpips=0.0289 ffe=15.00 sec=1.3 (full 4.1s)
seed 5 D4_hybrid_m2 relL2=0.4554 lpips=0.0822 ffe=14.86 sec=1.3 (full 4.1s)
seed 5 D5_stasym relL2=0.4839 lpips=0.0915 ffe=15.00 sec=1.3 (full 4.1s)
seed 5 D5_depthhalf relL2=0.4474 lpips=0.1233 ffe=15.00 sec=1.3 (full 4.1s)
seed 5 D6_learn relL2=0.2951 lpips=0.0308 ffe=15.00 sec=1.2 (full 4.1s)
seed 5 D7_dpmpp2m relL2=0.2900 lpips=0.0497 ffe=15.00 sec=1.3 (full 4.1s)
seed 6 B0_reuse relL2=0.1870 lpips=0.0372 ffe=15.00 sec=1.2 (full 4.1s)
seed 6 B1_taylor1 relL2=0.1156 lpips=0.0169 ffe=15.00 sec=1.2 (full 4.1s)
seed 6 B2_taylor1s relL2=0.0818 lpips=0.0113 ffe=15.00 sec=1.2 (full 4.1s)
seed 6 D1_sched_p0.75 relL2=0.2358 lpips=0.0550 ffe=15.00 sec=1.2 (full 4.1s)
seed 6 D1_sched_p1.5 relL2=0.0983 lpips=0.0199 ffe=15.00 sec=1.2 (full 4.1s)
seed 6 D2_retro_taylor1s relL2=0.1203 lpips=0.0261 ffe=15.00 sec=1.2 (full 4.1s)
seed 6 D2_retro_reuse relL2=0.1088 lpips=0.0239 ffe=15.00 sec=1.2 (full 4.1s)
seed 6 D3_block_m0 relL2=0.2710 lpips=0.0831 ffe=15.00 sec=1.3 (full 4.1s)
seed 6 D3_block_m2 relL2=0.4541 lpips=0.2318 ffe=14.86 sec=1.3 (full 4.1s)
seed 6 D4_hybrid_m0 relL2=0.0779 lpips=0.0079 ffe=15.00 sec=1.3 (full 4.1s)
seed 6 D4_hybrid_m2 relL2=0.4219 lpips=0.1467 ffe=14.86 sec=1.3 (full 4.1s)
seed 6 D5_stasym relL2=0.4167 lpips=0.1546 ffe=15.00 sec=1.3 (full 4.1s)
seed 6 D5_depthhalf relL2=0.4035 lpips=0.1690 ffe=15.00 sec=1.3 (full 4.1s)
seed 6 D6_learn relL2=0.1324 lpips=0.0157 ffe=15.00 sec=1.2 (full 4.1s)
seed 6 D7_dpmpp2m relL2=0.1908 lpips=0.0914 ffe=15.00 sec=1.2 (full 4.1s)
seed 7 B0_reuse relL2=0.2451 lpips=0.0462 ffe=15.00 sec=1.2 (full 4.1s)
seed 7 B1_taylor1 relL2=0.0945 lpips=0.0075 ffe=15.00 sec=1.2 (full 4.1s)
seed 7 B2_taylor1s relL2=0.1791 lpips=0.0224 ffe=15.00 sec=1.2 (full 4.1s)
seed 7 D1_sched_p0.75 relL2=0.2398 lpips=0.0371 ffe=15.00 sec=1.2 (full 4.1s)
seed 7 D1_sched_p1.5 relL2=0.1386 lpips=0.0171 ffe=15.00 sec=1.2 (full 4.1s)
seed 7 D2_retro_taylor1s relL2=0.0897 lpips=0.0148 ffe=15.00 sec=1.2 (full 4.1s)
seed 7 D2_retro_reuse relL2=0.1299 lpips=0.0204 ffe=15.00 sec=1.2 (full 4.1s)
seed 7 D3_block_m0 relL2=0.4073 lpips=0.1182 ffe=15.00 sec=1.3 (full 4.1s)
seed 7 D3_block_m2 relL2=0.5951 lpips=0.2625 ffe=14.86 sec=1.3 (full 4.1s)
seed 7 D4_hybrid_m0 relL2=0.2327 lpips=0.0338 ffe=15.00 sec=1.3 (full 4.1s)
seed 7 D4_hybrid_m2 relL2=0.6338 lpips=0.2476 ffe=14.86 sec=1.3 (full 4.1s)
seed 7 D5_stasym relL2=0.6229 lpips=0.2521 ffe=15.00 sec=1.3 (full 4.1s)
seed 7 D5_depthhalf relL2=0.5750 lpips=0.2355 ffe=15.00 sec=1.3 (full 4.1s)
seed 7 D6_learn relL2=0.2100 lpips=0.0285 ffe=15.00 sec=1.2 (full 4.1s)
seed 7 D7_dpmpp2m relL2=0.1893 lpips=0.0518 ffe=15.00 sec=1.2 (full 4.1s)
seed 8 B0_reuse relL2=0.5429 lpips=0.1877 ffe=15.00 sec=1.2 (full 4.1s)
seed 8 B1_taylor1 relL2=0.1470 lpips=0.0273 ffe=15.00 sec=1.2 (full 4.1s)
seed 8 B2_taylor1s relL2=0.4209 lpips=0.1307 ffe=15.00 sec=1.2 (full 4.1s)
seed 8 D1_sched_p0.75 relL2=0.6450 lpips=0.2175 ffe=15.00 sec=1.3 (full 4.1s)
seed 8 D1_sched_p1.5 relL2=0.1835 lpips=0.0398 ffe=15.00 sec=1.3 (full 4.1s)
seed 8 D2_retro_taylor1s relL2=0.0957 lpips=0.0211 ffe=15.00 sec=1.3 (full 4.1s)
seed 8 D2_retro_reuse relL2=0.2040 lpips=0.0468 ffe=15.00 sec=1.3 (full 4.1s)
seed 8 D3_block_m0 relL2=0.6396 lpips=0.2330 ffe=15.00 sec=1.3 (full 4.1s)
seed 8 D3_block_m2 relL2=0.6840 lpips=0.2817 ffe=14.86 sec=1.3 (full 4.1s)
seed 8 D4_hybrid_m0 relL2=0.5119 lpips=0.1652 ffe=15.00 sec=1.3 (full 4.1s)
seed 8 D4_hybrid_m2 relL2=0.6701 lpips=0.2357 ffe=14.86 sec=1.3 (full 4.1s)
seed 8 D5_stasym relL2=0.7169 lpips=0.2636 ffe=15.00 sec=1.3 (full 4.1s)
seed 8 D5_depthhalf relL2=0.6606 lpips=0.2623 ffe=15.00 sec=1.3 (full 4.1s)
seed 8 D6_learn relL2=0.5031 lpips=0.1607 ffe=15.00 sec=1.2 (full 4.1s)
seed 8 D7_dpmpp2m relL2=0.1986 lpips=0.0927 ffe=15.00 sec=1.2 (full 4.1s)
seed 9 B0_reuse relL2=0.3349 lpips=0.0987 ffe=15.00 sec=1.2 (full 4.1s)
seed 9 B1_taylor1 relL2=0.4857 lpips=0.1648 ffe=15.00 sec=1.2 (full 4.1s)
seed 9 B2_taylor1s relL2=0.3290 lpips=0.0834 ffe=15.00 sec=1.2 (full 4.1s)
seed 9 D1_sched_p0.75 relL2=0.4088 lpips=0.0886 ffe=15.00 sec=1.2 (full 4.1s)
seed 9 D1_sched_p1.5 relL2=0.4800 lpips=0.1700 ffe=15.00 sec=1.2 (full 4.1s)
seed 9 D2_retro_taylor1s relL2=0.4763 lpips=0.1715 ffe=15.00 sec=1.2 (full 4.1s)
seed 9 D2_retro_reuse relL2=0.4415 lpips=0.1532 ffe=15.00 sec=1.2 (full 4.1s)
seed 9 D3_block_m0 relL2=0.3705 lpips=0.0796 ffe=15.00 sec=1.3 (full 4.1s)
seed 9 D3_block_m2 relL2=0.5658 lpips=0.2711 ffe=14.86 sec=1.3 (full 4.1s)
seed 9 D4_hybrid_m0 relL2=0.2611 lpips=0.0545 ffe=15.00 sec=1.3 (full 4.1s)
seed 9 D4_hybrid_m2 relL2=0.5385 lpips=0.1972 ffe=14.86 sec=1.3 (full 4.1s)
seed 9 D5_stasym relL2=0.3898 lpips=0.0879 ffe=15.00 sec=1.3 (full 4.1s)
seed 9 D5_depthhalf relL2=0.3960 lpips=0.1454 ffe=15.00 sec=1.3 (full 4.1s)
seed 9 D6_learn relL2=0.3182 lpips=0.0823 ffe=15.00 sec=1.3 (full 4.1s)
seed 9 D7_dpmpp2m relL2=0.4966 lpips=0.2234 ffe=15.00 sec=1.2 (full 4.1s)
seed 10 B0_reuse relL2=0.1045 lpips=0.0124 ffe=15.00 sec=1.3 (full 4.1s)
seed 10 B1_taylor1 relL2=0.1067 lpips=0.0055 ffe=15.00 sec=1.3 (full 4.1s)
seed 10 B2_taylor1s relL2=0.0992 lpips=0.0071 ffe=15.00 sec=1.3 (full 4.1s)
seed 10 D1_sched_p0.75 relL2=0.0921 lpips=0.0058 ffe=15.00 sec=1.3 (full 4.1s)
seed 10 D1_sched_p1.5 relL2=0.1080 lpips=0.0097 ffe=15.00 sec=1.3 (full 4.1s)
seed 10 D2_retro_taylor1s relL2=0.0871 lpips=0.0154 ffe=15.00 sec=1.3 (full 4.1s)
seed 10 D2_retro_reuse relL2=0.0852 lpips=0.0160 ffe=15.00 sec=1.3 (full 4.1s)
seed 10 D3_block_m0 relL2=0.1022 lpips=0.0119 ffe=15.00 sec=1.3 (full 4.1s)
seed 10 D3_block_m2 relL2=0.3899 lpips=0.1535 ffe=14.86 sec=1.3 (full 4.1s)
seed 10 D4_hybrid_m0 relL2=0.0821 lpips=0.0037 ffe=15.00 sec=1.3 (full 4.1s)
seed 10 D4_hybrid_m2 relL2=0.2524 lpips=0.0418 ffe=14.86 sec=1.3 (full 4.1s)
seed 10 D5_stasym relL2=0.2754 lpips=0.0410 ffe=15.00 sec=1.3 (full 4.1s)
seed 10 D5_depthhalf relL2=0.3504 lpips=0.1107 ffe=15.00 sec=1.3 (full 4.1s)
seed 10 D6_learn relL2=0.0808 lpips=0.0042 ffe=15.00 sec=1.3 (full 4.1s)
seed 10 D7_dpmpp2m relL2=0.1687 lpips=0.0408 ffe=15.00 sec=1.3 (full 4.1s)
seed 11 B0_reuse relL2=0.6427 lpips=0.2285 ffe=15.00 sec=1.3 (full 4.1s)
seed 11 B1_taylor1 relL2=0.4633 lpips=0.0908 ffe=15.00 sec=1.3 (full 4.1s)
seed 11 B2_taylor1s relL2=0.5877 lpips=0.1356 ffe=15.00 sec=1.3 (full 4.1s)
seed 11 D1_sched_p0.75 relL2=0.8193 lpips=0.3801 ffe=15.00 sec=1.3 (full 4.1s)
seed 11 D1_sched_p1.5 relL2=0.5311 lpips=0.1181 ffe=15.00 sec=1.3 (full 4.1s)
seed 11 D2_retro_taylor1s relL2=0.3554 lpips=0.0735 ffe=15.00 sec=1.3 (full 4.1s)
seed 11 D2_retro_reuse relL2=0.4865 lpips=0.1057 ffe=15.00 sec=1.3 (full 4.1s)
seed 11 D3_block_m0 relL2=0.6578 lpips=0.2476 ffe=15.00 sec=1.3 (full 4.1s)
seed 11 D3_block_m2 relL2=0.6253 lpips=0.2985 ffe=14.86 sec=1.3 (full 4.1s)
seed 11 D4_hybrid_m0 relL2=0.5952 lpips=0.1376 ffe=15.00 sec=1.3 (full 4.1s)
seed 11 D4_hybrid_m2 relL2=0.6137 lpips=0.2040 ffe=14.86 sec=1.3 (full 4.1s)
seed 11 D5_stasym relL2=0.6725 lpips=0.2797 ffe=15.00 sec=1.3 (full 4.1s)
seed 11 D5_depthhalf relL2=0.5912 lpips=0.2287 ffe=15.00 sec=1.3 (full 4.1s)
seed 11 D6_learn relL2=0.6210 lpips=0.1677 ffe=15.00 sec=1.3 (full 4.1s)
seed 11 D7_dpmpp2m relL2=0.5317 lpips=0.1449 ffe=15.00 sec=1.3 (full 4.1s)
seed 12 B0_reuse relL2=0.1982 lpips=0.0168 ffe=15.00 sec=1.3 (full 4.1s)
seed 12 B1_taylor1 relL2=0.0603 lpips=0.0033 ffe=15.00 sec=1.3 (full 4.1s)
seed 12 B2_taylor1s relL2=0.0799 lpips=0.0050 ffe=15.00 sec=1.2 (full 4.1s)
seed 12 D1_sched_p0.75 relL2=0.1584 lpips=0.0089 ffe=15.00 sec=1.3 (full 4.1s)
seed 12 D1_sched_p1.5 relL2=0.0915 lpips=0.0076 ffe=15.00 sec=1.3 (full 4.1s)
seed 12 D2_retro_taylor1s relL2=0.0793 lpips=0.0148 ffe=15.00 sec=1.3 (full 4.1s)
seed 12 D2_retro_reuse relL2=0.0816 lpips=0.0156 ffe=15.00 sec=1.3 (full 4.1s)
seed 12 D3_block_m0 relL2=0.2565 lpips=0.0241 ffe=15.00 sec=1.3 (full 4.1s)
seed 12 D3_block_m2 relL2=0.5855 lpips=0.2208 ffe=14.86 sec=1.3 (full 4.1s)
seed 12 D4_hybrid_m0 relL2=0.1088 lpips=0.0053 ffe=15.00 sec=1.3 (full 4.1s)
seed 12 D4_hybrid_m2 relL2=0.4002 lpips=0.0605 ffe=14.86 sec=1.3 (full 4.1s)
seed 12 D5_stasym relL2=0.4325 lpips=0.0724 ffe=15.00 sec=1.3 (full 4.1s)
seed 12 D5_depthhalf relL2=0.4181 lpips=0.1022 ffe=15.00 sec=1.3 (full 4.1s)
seed 12 D6_learn relL2=0.1255 lpips=0.0074 ffe=15.00 sec=1.3 (full 4.1s)
seed 12 D7_dpmpp2m relL2=0.1032 lpips=0.0179 ffe=15.00 sec=1.3 (full 4.1s)
seed 13 B0_reuse relL2=0.6301 lpips=0.1814 ffe=15.00 sec=1.3 (full 4.1s)
seed 13 B1_taylor1 relL2=0.3132 lpips=0.0247 ffe=15.00 sec=1.3 (full 4.1s)
seed 13 B2_taylor1s relL2=0.4997 lpips=0.0722 ffe=15.00 sec=1.3 (full 4.1s)
seed 13 D1_sched_p0.75 relL2=0.6202 lpips=0.1304 ffe=15.00 sec=1.3 (full 4.1s)
seed 13 D1_sched_p1.5 relL2=0.4762 lpips=0.0671 ffe=15.00 sec=1.3 (full 4.1s)
seed 13 D2_retro_taylor1s relL2=0.2905 lpips=0.0320 ffe=15.00 sec=1.3 (full 4.1s)
seed 13 D2_retro_reuse relL2=0.3075 lpips=0.0333 ffe=15.00 sec=1.3 (full 4.1s)
seed 13 D3_block_m0 relL2=0.6567 lpips=0.2550 ffe=15.00 sec=1.3 (full 4.1s)
seed 13 D3_block_m2 relL2=0.7376 lpips=0.3964 ffe=14.86 sec=1.3 (full 4.1s)
seed 13 D4_hybrid_m0 relL2=0.5910 lpips=0.1098 ffe=15.00 sec=1.3 (full 4.1s)
seed 13 D4_hybrid_m2 relL2=0.7438 lpips=0.3236 ffe=14.86 sec=1.3 (full 4.1s)
seed 13 D5_stasym relL2=0.7130 lpips=0.3504 ffe=15.00 sec=1.3 (full 4.1s)
seed 13 D5_depthhalf relL2=0.7029 lpips=0.3734 ffe=15.00 sec=1.3 (full 4.1s)
seed 13 D6_learn relL2=0.5985 lpips=0.1111 ffe=15.00 sec=1.3 (full 4.1s)
seed 13 D7_dpmpp2m relL2=0.4405 lpips=0.0751 ffe=15.00 sec=1.3 (full 4.1s)
seed 14 B0_reuse relL2=0.3427 lpips=0.1023 ffe=15.00 sec=1.3 (full 4.1s)
seed 14 B1_taylor1 relL2=0.2941 lpips=0.0464 ffe=15.00 sec=1.3 (full 4.1s)
seed 14 B2_taylor1s relL2=0.2005 lpips=0.0323 ffe=15.00 sec=1.3 (full 4.1s)
seed 14 D1_sched_p0.75 relL2=0.3436 lpips=0.0913 ffe=15.00 sec=1.3 (full 4.1s)
seed 14 D1_sched_p1.5 relL2=0.2490 lpips=0.0658 ffe=15.00 sec=1.3 (full 4.1s)
seed 14 D2_retro_taylor1s relL2=0.3858 lpips=0.1297 ffe=15.00 sec=1.3 (full 4.1s)
seed 14 D2_retro_reuse relL2=0.2836 lpips=0.0575 ffe=15.00 sec=1.3 (full 4.1s)
seed 14 D3_block_m0 relL2=0.3862 lpips=0.1384 ffe=15.00 sec=1.3 (full 4.1s)
seed 14 D3_block_m2 relL2=0.4304 lpips=0.2134 ffe=14.86 sec=1.3 (full 4.1s)
seed 14 D4_hybrid_m0 relL2=0.2288 lpips=0.0461 ffe=15.00 sec=1.3 (full 4.1s)
seed 14 D4_hybrid_m2 relL2=0.3702 lpips=0.1361 ffe=14.86 sec=1.3 (full 4.1s)
seed 14 D5_stasym relL2=0.4514 lpips=0.1738 ffe=15.00 sec=1.3 (full 4.1s)
seed 14 D5_depthhalf relL2=0.3964 lpips=0.1760 ffe=15.00 sec=1.3 (full 4.1s)
seed 14 D6_learn relL2=0.2524 lpips=0.0485 ffe=15.00 sec=1.3 (full 4.1s)
seed 14 D7_dpmpp2m relL2=0.2803 lpips=0.1346 ffe=15.00 sec=1.3 (full 4.1s)
seed 15 B0_reuse relL2=0.4261 lpips=0.0961 ffe=15.00 sec=1.3 (full 4.1s)
seed 15 B1_taylor1 relL2=0.1480 lpips=0.0105 ffe=15.00 sec=1.2 (full 4.1s)
seed 15 B2_taylor1s relL2=0.2151 lpips=0.0303 ffe=15.00 sec=1.3 (full 4.1s)
seed 15 D1_sched_p0.75 relL2=0.2428 lpips=0.0491 ffe=15.00 sec=1.3 (full 4.1s)
seed 15 D1_sched_p1.5 relL2=0.1925 lpips=0.0324 ffe=15.00 sec=1.2 (full 4.1s)
seed 15 D2_retro_taylor1s relL2=0.1441 lpips=0.0194 ffe=15.00 sec=1.3 (full 4.1s)
seed 15 D2_retro_reuse relL2=0.1667 lpips=0.0283 ffe=15.00 sec=1.2 (full 4.1s)
seed 15 D3_block_m0 relL2=0.5190 lpips=0.1690 ffe=15.00 sec=1.3 (full 4.1s)
seed 15 D3_block_m2 relL2=0.6552 lpips=0.4218 ffe=14.86 sec=1.3 (full 4.1s)
seed 15 D4_hybrid_m0 relL2=0.2396 lpips=0.0363 ffe=15.00 sec=1.3 (full 4.1s)
seed 15 D4_hybrid_m2 relL2=0.5370 lpips=0.2352 ffe=14.86 sec=1.3 (full 4.1s)
seed 15 D5_stasym relL2=0.5341 lpips=0.2578 ffe=15.00 sec=1.3 (full 4.1s)
seed 15 D5_depthhalf relL2=0.5215 lpips=0.2670 ffe=15.00 sec=1.3 (full 4.1s)
seed 15 D6_learn relL2=0.3002 lpips=0.0476 ffe=15.00 sec=1.3 (full 4.1s)
seed 15 D7_dpmpp2m relL2=0.2247 lpips=0.0805 ffe=15.00 sec=1.3 (full 4.1s)
