load Latte-XL/2 /root/viewdit/weights/Latte/ffs.pt steps 50 ddim
Using Ema!
/root/miniconda3/lib/python3.10/site-packages/torchvision/models/_utils.py:208: UserWarning: The parameter 'pretrained' is deprecated since 0.13 and may be removed in the future, please use 'weights' instead.
  warnings.warn(
/root/miniconda3/lib/python3.10/site-packages/torchvision/models/_utils.py:223: UserWarning: Arguments other than a weight enum or `None` for 'weights' are deprecated since 0.13 and may be removed in the future. The current behavior is equivalent to passing `weights=AlexNet_Weights.IMAGENET1K_V1`. You can also use `weights=AlexNet_Weights.DEFAULT` to get the most up-to-date weights.
  warnings.warn(msg)
seed 0 B1_T1@10 relL2=0.1128 lpips=0.0091 ffe=10.00
seed 0 C_p1.0_w0.25@10 relL2=0.1012 lpips=0.0062 ffe=10.00
seed 0 C_p1.0_w0.5@10 relL2=0.1143 lpips=0.0147 ffe=10.00
seed 0 C_p1.0_w0.75@10 relL2=0.1593 lpips=0.0445 ffe=10.00
seed 0 C_p1.25_w0.25@10 relL2=0.1214 lpips=0.0090 ffe=10.00
seed 0 C_p1.25_w0.5@10 relL2=0.1458 lpips=0.0290 ffe=10.00
seed 0 C_p1.25_w0.75@10 relL2=0.2305 lpips=0.0864 ffe=10.00
seed 0 C_T1+SC1.25@10 relL2=0.1478 lpips=0.0110 ffe=10.00
seed 0 B1_T1@15 relL2=0.0748 lpips=0.0036 ffe=15.00
seed 0 C_p1.0_w0.25@15 relL2=0.0678 lpips=0.0023 ffe=15.00
seed 0 C_p1.0_w0.5@15 relL2=0.0680 lpips=0.0035 ffe=15.00
seed 0 C_p1.0_w0.75@15 relL2=0.0734 lpips=0.0076 ffe=15.00
seed 0 C_p1.25_w0.25@15 relL2=0.0683 lpips=0.0024 ffe=15.00
seed 0 C_p1.25_w0.5@15 relL2=0.0687 lpips=0.0039 ffe=15.00
seed 0 C_p1.25_w0.75@15 relL2=0.0754 lpips=0.0085 ffe=15.00
seed 0 C_T1+SC1.25@15 relL2=0.0766 lpips=0.0037 ffe=15.00
seed 0 B1_T1@20 relL2=0.0283 lpips=0.0009 ffe=20.00
seed 0 C_p1.0_w0.25@20 relL2=0.0199 lpips=0.0004 ffe=20.00
seed 0 C_p1.0_w0.5@20 relL2=0.0211 lpips=0.0010 ffe=20.00
seed 0 C_p1.0_w0.75@20 relL2=0.0308 lpips=0.0027 ffe=20.00
seed 0 C_p1.25_w0.25@20 relL2=0.0294 lpips=0.0006 ffe=20.00
seed 0 C_p1.25_w0.5@20 relL2=0.0267 lpips=0.0010 ffe=20.00
seed 0 C_p1.25_w0.75@20 relL2=0.0329 lpips=0.0027 ffe=20.00
seed 0 C_T1+SC1.25@20 relL2=0.0396 lpips=0.0013 ffe=20.00
seed 1 B1_T1@10 relL2=0.2584 lpips=0.0230 ffe=10.00
seed 1 C_p1.0_w0.25@10 relL2=0.2523 lpips=0.0200 ffe=10.00
seed 1 C_p1.0_w0.5@10 relL2=0.2801 lpips=0.0330 ffe=10.00
seed 1 C_p1.0_w0.75@10 relL2=0.3097 lpips=0.0634 ffe=10.00
seed 1 C_p1.25_w0.25@10 relL2=0.2603 lpips=0.0223 ffe=10.00
seed 1 C_p1.25_w0.5@10 relL2=0.2745 lpips=0.0381 ffe=10.00
seed 1 C_p1.25_w0.75@10 relL2=0.3131 lpips=0.0849 ffe=10.00
seed 1 C_T1+SC1.25@10 relL2=0.2646 lpips=0.0243 ffe=10.00
seed 1 B1_T1@15 relL2=0.1071 lpips=0.0059 ffe=15.00
seed 1 C_p1.0_w0.25@15 relL2=0.1013 lpips=0.0047 ffe=15.00
seed 1 C_p1.0_w0.5@15 relL2=0.1054 lpips=0.0066 ffe=15.00
seed 1 C_p1.0_w0.75@15 relL2=0.1164 lpips=0.0120 ffe=15.00
seed 1 C_p1.25_w0.25@15 relL2=0.1021 lpips=0.0048 ffe=15.00
seed 1 C_p1.25_w0.5@15 relL2=0.1027 lpips=0.0069 ffe=15.00
seed 1 C_p1.25_w0.75@15 relL2=0.1085 lpips=0.0124 ffe=15.00
seed 1 C_T1+SC1.25@15 relL2=0.1157 lpips=0.0063 ffe=15.00
seed 1 B1_T1@20 relL2=0.1001 lpips=0.0047 ffe=20.00
seed 1 C_p1.0_w0.25@20 relL2=0.0775 lpips=0.0029 ffe=20.00
seed 1 C_p1.0_w0.5@20 relL2=0.0749 lpips=0.0034 ffe=20.00
seed 1 C_p1.0_w0.75@20 relL2=0.0767 lpips=0.0053 ffe=20.00
seed 1 C_p1.25_w0.25@20 relL2=0.0962 lpips=0.0022 ffe=20.00
seed 1 C_p1.25_w0.5@20 relL2=0.0612 lpips=0.0022 ffe=20.00
seed 1 C_p1.25_w0.75@20 relL2=0.0536 lpips=0.0040 ffe=20.00
seed 1 C_T1+SC1.25@20 relL2=0.1123 lpips=0.0033 ffe=20.00
seed 2 B1_T1@10 relL2=0.3302 lpips=0.0603 ffe=10.00
seed 2 C_p1.0_w0.25@10 relL2=0.3294 lpips=0.0617 ffe=10.00
seed 2 C_p1.0_w0.5@10 relL2=0.3507 lpips=0.0734 ffe=10.00
seed 2 C_p1.0_w0.75@10 relL2=0.4169 lpips=0.1135 ffe=10.00
seed 2 C_p1.25_w0.25@10 relL2=0.3420 lpips=0.0643 ffe=10.00
seed 2 C_p1.25_w0.5@10 relL2=0.3442 lpips=0.0721 ffe=10.00
seed 2 C_p1.25_w0.75@10 relL2=0.3579 lpips=0.1013 ffe=10.00
seed 2 C_T1+SC1.25@10 relL2=0.3557 lpips=0.0713 ffe=10.00
seed 2 B1_T1@15 relL2=0.1781 lpips=0.0179 ffe=15.00
seed 2 C_p1.0_w0.25@15 relL2=0.1445 lpips=0.0125 ffe=15.00
seed 2 C_p1.0_w0.5@15 relL2=0.1375 lpips=0.0118 ffe=15.00
seed 2 C_p1.0_w0.75@15 relL2=0.1240 lpips=0.0123 ffe=15.00
seed 2 C_p1.25_w0.25@15 relL2=0.1363 lpips=0.0113 ffe=15.00
seed 2 C_p1.25_w0.5@15 relL2=0.0901 lpips=0.0068 ffe=15.00
seed 2 C_p1.25_w0.75@15 relL2=0.0864 lpips=0.0098 ffe=15.00
seed 2 C_T1+SC1.25@15 relL2=0.1872 lpips=0.0191 ffe=15.00
seed 2 B1_T1@20 relL2=0.1387 lpips=0.0132 ffe=20.00
seed 2 C_p1.0_w0.25@20 relL2=0.1153 lpips=0.0096 ffe=20.00
seed 2 C_p1.0_w0.5@20 relL2=0.0902 lpips=0.0066 ffe=20.00
seed 2 C_p1.0_w0.75@20 relL2=0.0645 lpips=0.0048 ffe=20.00
seed 2 C_p1.25_w0.25@20 relL2=0.0711 lpips=0.0043 ffe=20.00
seed 2 C_p1.25_w0.5@20 relL2=0.0425 lpips=0.0022 ffe=20.00
seed 2 C_p1.25_w0.75@20 relL2=0.0482 lpips=0.0033 ffe=20.00
seed 2 C_T1+SC1.25@20 relL2=0.0969 lpips=0.0076 ffe=20.00
seed 3 B1_T1@10 relL2=0.1204 lpips=0.0191 ffe=10.00
seed 3 C_p1.0_w0.25@10 relL2=0.0944 lpips=0.0108 ffe=10.00
seed 3 C_p1.0_w0.5@10 relL2=0.1145 lpips=0.0175 ffe=10.00
seed 3 C_p1.0_w0.75@10 relL2=0.1711 lpips=0.0440 ffe=10.00
seed 3 C_p1.25_w0.25@10 relL2=0.1086 lpips=0.0146 ffe=10.00
seed 3 C_p1.25_w0.5@10 relL2=0.1149 lpips=0.0226 ffe=10.00
seed 3 C_p1.25_w0.75@10 relL2=0.1651 lpips=0.0611 ffe=10.00
seed 3 C_T1+SC1.25@10 relL2=0.1442 lpips=0.0244 ffe=10.00
seed 3 B1_T1@15 relL2=0.0777 lpips=0.0086 ffe=15.00
seed 3 C_p1.0_w0.25@15 relL2=0.0724 lpips=0.0064 ffe=15.00
seed 3 C_p1.0_w0.5@15 relL2=0.0730 lpips=0.0071 ffe=15.00
seed 3 C_p1.0_w0.75@15 relL2=0.0791 lpips=0.0109 ffe=15.00
seed 3 C_p1.25_w0.25@15 relL2=0.0655 lpips=0.0059 ffe=15.00
seed 3 C_p1.25_w0.5@15 relL2=0.0668 lpips=0.0068 ffe=15.00
seed 3 C_p1.25_w0.75@15 relL2=0.0773 lpips=0.0118 ffe=15.00
seed 3 C_T1+SC1.25@15 relL2=0.0755 lpips=0.0088 ffe=15.00
seed 3 B1_T1@20 relL2=0.0529 lpips=0.0048 ffe=20.00
seed 3 C_p1.0_w0.25@20 relL2=0.0455 lpips=0.0032 ffe=20.00
seed 3 C_p1.0_w0.5@20 relL2=0.0439 lpips=0.0032 ffe=20.00
seed 3 C_p1.0_w0.75@20 relL2=0.0480 lpips=0.0048 ffe=20.00
seed 3 C_p1.25_w0.25@20 relL2=0.0390 lpips=0.0032 ffe=20.00
seed 3 C_p1.25_w0.5@20 relL2=0.0328 lpips=0.0027 ffe=20.00
seed 3 C_p1.25_w0.75@20 relL2=0.0368 lpips=0.0040 ffe=20.00
seed 3 C_T1+SC1.25@20 relL2=0.0559 lpips=0.0056 ffe=20.00
seed 4 B1_T1@10 relL2=0.2257 lpips=0.0222 ffe=10.00
seed 4 C_p1.0_w0.25@10 relL2=0.2231 lpips=0.0191 ffe=10.00
seed 4 C_p1.0_w0.5@10 relL2=0.2502 lpips=0.0288 ffe=10.00
seed 4 C_p1.0_w0.75@10 relL2=0.3486 lpips=0.0655 ffe=10.00
seed 4 C_p1.25_w0.25@10 relL2=0.3181 lpips=0.0336 ffe=10.00
seed 4 C_p1.25_w0.5@10 relL2=0.3254 lpips=0.0434 ffe=10.00
seed 4 C_p1.25_w0.75@10 relL2=0.3458 lpips=0.0819 ffe=10.00
seed 4 C_T1+SC1.25@10 relL2=0.3186 lpips=0.0375 ffe=10.00
seed 4 B1_T1@15 relL2=0.1471 lpips=0.0105 ffe=15.00
seed 4 C_p1.0_w0.25@15 relL2=0.1352 lpips=0.0083 ffe=15.00
seed 4 C_p1.0_w0.5@15 relL2=0.1297 lpips=0.0090 ffe=15.00
seed 4 C_p1.0_w0.75@15 relL2=0.1391 lpips=0.0139 ffe=15.00
seed 4 C_p1.25_w0.25@15 relL2=0.1325 lpips=0.0082 ffe=15.00
seed 4 C_p1.25_w0.5@15 relL2=0.1311 lpips=0.0099 ffe=15.00
seed 4 C_p1.25_w0.75@15 relL2=0.1383 lpips=0.0151 ffe=15.00
seed 4 C_T1+SC1.25@15 relL2=0.1497 lpips=0.0103 ffe=15.00
seed 4 B1_T1@20 relL2=0.1188 lpips=0.0064 ffe=20.00
seed 4 C_p1.0_w0.25@20 relL2=0.1054 lpips=0.0052 ffe=20.00
seed 4 C_p1.0_w0.5@20 relL2=0.0993 lpips=0.0052 ffe=20.00
seed 4 C_p1.0_w0.75@20 relL2=0.0935 lpips=0.0065 ffe=20.00
seed 4 C_p1.25_w0.25@20 relL2=0.1102 lpips=0.0056 ffe=20.00
seed 4 C_p1.25_w0.5@20 relL2=0.1007 lpips=0.0054 ffe=20.00
seed 4 C_p1.25_w0.75@20 relL2=0.0576 lpips=0.0041 ffe=20.00
seed 4 C_T1+SC1.25@20 relL2=0.1248 lpips=0.0071 ffe=20.00
seed 5 B1_T1@10 relL2=0.4678 lpips=0.0764 ffe=10.00
seed 5 C_p1.0_w0.25@10 relL2=0.4365 lpips=0.0677 ffe=10.00
seed 5 C_p1.0_w0.5@10 relL2=0.4231 lpips=0.0701 ffe=10.00
seed 5 C_p1.0_w0.75@10 relL2=0.4184 lpips=0.0880 ffe=10.00
seed 5 C_p1.25_w0.25@10 relL2=0.3298 lpips=0.0445 ffe=10.00
seed 5 C_p1.25_w0.5@10 relL2=0.3731 lpips=0.0669 ffe=10.00
seed 5 C_p1.25_w0.75@10 relL2=0.4273 lpips=0.1151 ffe=10.00
seed 5 C_T1+SC1.25@10 relL2=0.3161 lpips=0.0412 ffe=10.00
seed 5 B1_T1@15 relL2=0.2310 lpips=0.0230 ffe=15.00
seed 5 C_p1.0_w0.25@15 relL2=0.2483 lpips=0.0274 ffe=15.00
seed 5 C_p1.0_w0.5@15 relL2=0.3290 lpips=0.0401 ffe=15.00
seed 5 C_p1.0_w0.75@15 relL2=0.3524 lpips=0.0493 ffe=15.00
seed 5 C_p1.25_w0.25@15 relL2=0.2679 lpips=0.0312 ffe=15.00
seed 5 C_p1.25_w0.5@15 relL2=0.3401 lpips=0.0428 ffe=15.00
seed 5 C_p1.25_w0.75@15 relL2=0.3649 lpips=0.0516 ffe=15.00
seed 5 C_T1+SC1.25@15 relL2=0.2208 lpips=0.0213 ffe=15.00
seed 5 B1_T1@20 relL2=0.1223 lpips=0.0084 ffe=20.00
seed 5 C_p1.0_w0.25@20 relL2=0.1333 lpips=0.0093 ffe=20.00
seed 5 C_p1.0_w0.5@20 relL2=0.1491 lpips=0.0117 ffe=20.00
seed 5 C_p1.0_w0.75@20 relL2=0.1956 lpips=0.0187 ffe=20.00
seed 5 C_p1.25_w0.25@20 relL2=0.1431 lpips=0.0092 ffe=20.00
seed 5 C_p1.25_w0.5@20 relL2=0.0900 lpips=0.0049 ffe=20.00
seed 5 C_p1.25_w0.75@20 relL2=0.0401 lpips=0.0030 ffe=20.00
seed 5 C_T1+SC1.25@20 relL2=0.1952 lpips=0.0167 ffe=20.00
seed 6 B1_T1@10 relL2=0.2179 lpips=0.0760 ffe=10.00
seed 6 C_p1.0_w0.25@10 relL2=0.1850 lpips=0.0533 ffe=10.00
seed 6 C_p1.0_w0.5@10 relL2=0.0888 lpips=0.0198 ffe=10.00
seed 6 C_p1.0_w0.75@10 relL2=0.2431 lpips=0.1163 ffe=10.00
seed 6 C_p1.25_w0.25@10 relL2=0.2085 lpips=0.0669 ffe=10.00
seed 6 C_p1.25_w0.5@10 relL2=0.3858 lpips=0.1844 ffe=10.00
seed 6 C_p1.25_w0.75@10 relL2=0.6470 lpips=0.3596 ffe=10.00
seed 6 C_T1+SC1.25@10 relL2=0.1599 lpips=0.0543 ffe=10.00
seed 6 B1_T1@15 relL2=0.1140 lpips=0.0257 ffe=15.00
seed 6 C_p1.0_w0.25@15 relL2=0.0637 lpips=0.0071 ffe=15.00
seed 6 C_p1.0_w0.5@15 relL2=0.2892 lpips=0.1210 ffe=15.00
seed 6 C_p1.0_w0.75@15 relL2=0.7436 lpips=0.3816 ffe=15.00
seed 6 C_p1.25_w0.25@15 relL2=0.1879 lpips=0.0594 ffe=15.00
seed 6 C_p1.25_w0.5@15 relL2=0.2753 lpips=0.1139 ffe=15.00
seed 6 C_p1.25_w0.75@15 relL2=0.5051 lpips=0.2606 ffe=15.00
seed 6 C_T1+SC1.25@15 relL2=0.1521 lpips=0.0392 ffe=15.00
seed 6 B1_T1@20 relL2=0.2391 lpips=0.0946 ffe=20.00
seed 6 C_p1.0_w0.25@20 relL2=0.5163 lpips=0.2681 ffe=20.00
seed 6 C_p1.0_w0.5@20 relL2=0.7449 lpips=0.3822 ffe=20.00
seed 6 C_p1.0_w0.75@20 relL2=0.7721 lpips=0.3941 ffe=20.00
seed 6 C_p1.25_w0.25@20 relL2=0.7799 lpips=0.3976 ffe=20.00
seed 6 C_p1.25_w0.5@20 relL2=0.7723 lpips=0.3944 ffe=20.00
seed 6 C_p1.25_w0.75@20 relL2=0.7635 lpips=0.3906 ffe=20.00
seed 6 C_T1+SC1.25@20 relL2=0.7855 lpips=0.4001 ffe=20.00
seed 7 B1_T1@10 relL2=0.3941 lpips=0.0780 ffe=10.00
seed 7 C_p1.0_w0.25@10 relL2=0.3657 lpips=0.0634 ffe=10.00
seed 7 C_p1.0_w0.5@10 relL2=0.3461 lpips=0.0610 ffe=10.00
seed 7 C_p1.0_w0.75@10 relL2=0.2441 lpips=0.0528 ffe=10.00
seed 7 C_p1.25_w0.25@10 relL2=0.3348 lpips=0.0583 ffe=10.00
seed 7 C_p1.25_w0.5@10 relL2=0.3287 lpips=0.0637 ffe=10.00
seed 7 C_p1.25_w0.75@10 relL2=0.3373 lpips=0.0933 ffe=10.00
seed 7 C_T1+SC1.25@10 relL2=0.3499 lpips=0.0638 ffe=10.00
seed 7 B1_T1@15 relL2=0.1675 lpips=0.0221 ffe=15.00
seed 7 C_p1.0_w0.25@15 relL2=0.1649 lpips=0.0218 ffe=15.00
seed 7 C_p1.0_w0.5@15 relL2=0.1603 lpips=0.0219 ffe=15.00
seed 7 C_p1.0_w0.75@15 relL2=0.1620 lpips=0.0250 ffe=15.00
seed 7 C_p1.25_w0.25@15 relL2=0.1625 lpips=0.0208 ffe=15.00
seed 7 C_p1.25_w0.5@15 relL2=0.1582 lpips=0.0215 ffe=15.00
seed 7 C_p1.25_w0.75@15 relL2=0.1581 lpips=0.0247 ffe=15.00
seed 7 C_T1+SC1.25@15 relL2=0.1703 lpips=0.0223 ffe=15.00
seed 7 B1_T1@20 relL2=0.0715 lpips=0.0040 ffe=20.00
seed 7 C_p1.0_w0.25@20 relL2=0.0388 lpips=0.0017 ffe=20.00
seed 7 C_p1.0_w0.5@20 relL2=0.0482 lpips=0.0026 ffe=20.00
seed 7 C_p1.0_w0.75@20 relL2=0.0638 lpips=0.0049 ffe=20.00
seed 7 C_p1.25_w0.25@20 relL2=0.0645 lpips=0.0041 ffe=20.00
seed 7 C_p1.25_w0.5@20 relL2=0.0594 lpips=0.0037 ffe=20.00
seed 7 C_p1.25_w0.75@20 relL2=0.0702 lpips=0.0056 ffe=20.00
seed 7 C_T1+SC1.25@20 relL2=0.0766 lpips=0.0056 ffe=20.00
seed 8 B1_T1@10 relL2=0.3390 lpips=0.0588 ffe=10.00
seed 8 C_p1.0_w0.25@10 relL2=0.3234 lpips=0.0516 ffe=10.00
seed 8 C_p1.0_w0.5@10 relL2=0.3188 lpips=0.0544 ffe=10.00
seed 8 C_p1.0_w0.75@10 relL2=0.3249 lpips=0.0741 ffe=10.00
seed 8 C_p1.25_w0.25@10 relL2=0.3867 lpips=0.0739 ffe=10.00
seed 8 C_p1.25_w0.5@10 relL2=0.3937 lpips=0.0822 ffe=10.00
seed 8 C_p1.25_w0.75@10 relL2=0.4085 lpips=0.1166 ffe=10.00
seed 8 C_T1+SC1.25@10 relL2=0.3638 lpips=0.0705 ffe=10.00
seed 8 B1_T1@15 relL2=0.3250 lpips=0.0540 ffe=15.00
seed 8 C_p1.0_w0.25@15 relL2=0.3285 lpips=0.0546 ffe=15.00
seed 8 C_p1.0_w0.5@15 relL2=0.3341 lpips=0.0566 ffe=15.00
seed 8 C_p1.0_w0.75@15 relL2=0.3737 lpips=0.0705 ffe=15.00
seed 8 C_p1.25_w0.25@15 relL2=0.3341 lpips=0.0559 ffe=15.00
seed 8 C_p1.25_w0.5@15 relL2=0.3309 lpips=0.0566 ffe=15.00
seed 8 C_p1.25_w0.75@15 relL2=0.3196 lpips=0.0593 ffe=15.00
seed 8 C_T1+SC1.25@15 relL2=0.3406 lpips=0.0578 ffe=15.00
seed 8 B1_T1@20 relL2=0.0790 lpips=0.0066 ffe=20.00
seed 8 C_p1.0_w0.25@20 relL2=0.1201 lpips=0.0116 ffe=20.00
seed 8 C_p1.0_w0.5@20 relL2=0.1461 lpips=0.0150 ffe=20.00
seed 8 C_p1.0_w0.75@20 relL2=0.1839 lpips=0.0201 ffe=20.00
seed 8 C_p1.25_w0.25@20 relL2=0.3054 lpips=0.0488 ffe=20.00
seed 8 C_p1.25_w0.5@20 relL2=0.2882 lpips=0.0458 ffe=20.00
seed 8 C_p1.25_w0.75@20 relL2=0.2697 lpips=0.0437 ffe=20.00
seed 8 C_T1+SC1.25@20 relL2=0.3150 lpips=0.0519 ffe=20.00
seed 9 B1_T1@10 relL2=0.3437 lpips=0.0806 ffe=10.00
seed 9 C_p1.0_w0.25@10 relL2=0.3187 lpips=0.0690 ffe=10.00
seed 9 C_p1.0_w0.5@10 relL2=0.3209 lpips=0.0701 ffe=10.00
seed 9 C_p1.0_w0.75@10 relL2=0.3473 lpips=0.0982 ffe=10.00
seed 9 C_p1.25_w0.25@10 relL2=0.3093 lpips=0.0608 ffe=10.00
seed 9 C_p1.25_w0.5@10 relL2=0.2984 lpips=0.0643 ffe=10.00
seed 9 C_p1.25_w0.75@10 relL2=0.3068 lpips=0.0982 ffe=10.00
seed 9 C_T1+SC1.25@10 relL2=0.3294 lpips=0.0722 ffe=10.00
seed 9 B1_T1@15 relL2=0.2637 lpips=0.0551 ffe=15.00
seed 9 C_p1.0_w0.25@15 relL2=0.2597 lpips=0.0534 ffe=15.00
seed 9 C_p1.0_w0.5@15 relL2=0.3048 lpips=0.0597 ffe=15.00
seed 9 C_p1.0_w0.75@15 relL2=0.3198 lpips=0.0685 ffe=15.00
seed 9 C_p1.25_w0.25@15 relL2=0.2391 lpips=0.0441 ffe=15.00
seed 9 C_p1.25_w0.5@15 relL2=0.2274 lpips=0.0418 ffe=15.00
seed 9 C_p1.25_w0.75@15 relL2=0.2173 lpips=0.0415 ffe=15.00
seed 9 C_T1+SC1.25@15 relL2=0.2590 lpips=0.0523 ffe=15.00
seed 9 B1_T1@20 relL2=0.2365 lpips=0.0474 ffe=20.00
seed 9 C_p1.0_w0.25@20 relL2=0.2146 lpips=0.0374 ffe=20.00
seed 9 C_p1.0_w0.5@20 relL2=0.1850 lpips=0.0291 ffe=20.00
seed 9 C_p1.0_w0.75@20 relL2=0.1490 lpips=0.0256 ffe=20.00
seed 9 C_p1.25_w0.25@20 relL2=0.1747 lpips=0.0273 ffe=20.00
seed 9 C_p1.25_w0.5@20 relL2=0.1269 lpips=0.0203 ffe=20.00
seed 9 C_p1.25_w0.75@20 relL2=0.0693 lpips=0.0101 ffe=20.00
seed 9 C_T1+SC1.25@20 relL2=0.1981 lpips=0.0351 ffe=20.00
seed 10 B1_T1@10 relL2=0.1916 lpips=0.0148 ffe=10.00
seed 10 C_p1.0_w0.25@10 relL2=0.1950 lpips=0.0143 ffe=10.00
seed 10 C_p1.0_w0.5@10 relL2=0.1963 lpips=0.0217 ffe=10.00
seed 10 C_p1.0_w0.75@10 relL2=0.2477 lpips=0.0493 ffe=10.00
seed 10 C_p1.25_w0.25@10 relL2=0.3510 lpips=0.0357 ffe=10.00
seed 10 C_p1.25_w0.5@10 relL2=0.3717 lpips=0.0555 ffe=10.00
seed 10 C_p1.25_w0.75@10 relL2=0.3758 lpips=0.1064 ffe=10.00
seed 10 C_T1+SC1.25@10 relL2=0.3370 lpips=0.0338 ffe=10.00
seed 10 B1_T1@15 relL2=0.1430 lpips=0.0084 ffe=15.00
seed 10 C_p1.0_w0.25@15 relL2=0.1345 lpips=0.0074 ffe=15.00
seed 10 C_p1.0_w0.5@15 relL2=0.1354 lpips=0.0087 ffe=15.00
seed 10 C_p1.0_w0.75@15 relL2=0.1363 lpips=0.0123 ffe=15.00
seed 10 C_p1.25_w0.25@15 relL2=0.1360 lpips=0.0075 ffe=15.00
seed 10 C_p1.25_w0.5@15 relL2=0.1369 lpips=0.0091 ffe=15.00
seed 10 C_p1.25_w0.75@15 relL2=0.1350 lpips=0.0132 ffe=15.00
seed 10 C_T1+SC1.25@15 relL2=0.1447 lpips=0.0085 ffe=15.00
seed 10 B1_T1@20 relL2=0.0546 lpips=0.0019 ffe=20.00
seed 10 C_p1.0_w0.25@20 relL2=0.0341 lpips=0.0009 ffe=20.00
seed 10 C_p1.0_w0.5@20 relL2=0.0405 lpips=0.0018 ffe=20.00
seed 10 C_p1.0_w0.75@20 relL2=0.0580 lpips=0.0040 ffe=20.00
seed 10 C_p1.25_w0.25@20 relL2=0.0345 lpips=0.0009 ffe=20.00
seed 10 C_p1.25_w0.5@20 relL2=0.0311 lpips=0.0014 ffe=20.00
seed 10 C_p1.25_w0.75@20 relL2=0.0440 lpips=0.0035 ffe=20.00
seed 10 C_T1+SC1.25@20 relL2=0.0565 lpips=0.0019 ffe=20.00
seed 11 B1_T1@10 relL2=0.4341 lpips=0.1405 ffe=10.00
seed 11 C_p1.0_w0.25@10 relL2=0.4217 lpips=0.1341 ffe=10.00
seed 11 C_p1.0_w0.5@10 relL2=0.4094 lpips=0.1317 ffe=10.00
seed 11 C_p1.0_w0.75@10 relL2=0.4082 lpips=0.1437 ffe=10.00
seed 11 C_p1.25_w0.25@10 relL2=0.3844 lpips=0.1172 ffe=10.00
seed 11 C_p1.25_w0.5@10 relL2=0.3810 lpips=0.1202 ffe=10.00
seed 11 C_p1.25_w0.75@10 relL2=0.3854 lpips=0.1435 ffe=10.00
seed 11 C_T1+SC1.25@10 relL2=0.3944 lpips=0.1231 ffe=10.00
seed 11 B1_T1@15 relL2=0.3321 lpips=0.0906 ffe=15.00
seed 11 C_p1.0_w0.25@15 relL2=0.3076 lpips=0.0800 ffe=15.00
seed 11 C_p1.0_w0.5@15 relL2=0.2584 lpips=0.0602 ffe=15.00
seed 11 C_p1.0_w0.75@15 relL2=0.2212 lpips=0.0466 ffe=15.00
seed 11 C_p1.25_w0.25@15 relL2=0.2908 lpips=0.0725 ffe=15.00
seed 11 C_p1.25_w0.5@15 relL2=0.2473 lpips=0.0553 ffe=15.00
seed 11 C_p1.25_w0.75@15 relL2=0.2154 lpips=0.0448 ffe=15.00
seed 11 C_T1+SC1.25@15 relL2=0.3233 lpips=0.0856 ffe=15.00
seed 11 B1_T1@20 relL2=0.2261 lpips=0.0454 ffe=20.00
seed 11 C_p1.0_w0.25@20 relL2=0.2019 lpips=0.0361 ffe=20.00
seed 11 C_p1.0_w0.5@20 relL2=0.1781 lpips=0.0281 ffe=20.00
seed 11 C_p1.0_w0.75@20 relL2=0.1341 lpips=0.0167 ffe=20.00
seed 11 C_p1.25_w0.25@20 relL2=0.0853 lpips=0.0065 ffe=20.00
seed 11 C_p1.25_w0.5@20 relL2=0.0293 lpips=0.0014 ffe=20.00
seed 11 C_p1.25_w0.75@20 relL2=0.0606 lpips=0.0050 ffe=20.00
seed 11 C_T1+SC1.25@20 relL2=0.1362 lpips=0.0158 ffe=20.00
seed 12 B1_T1@10 relL2=0.4141 lpips=0.1164 ffe=10.00
seed 12 C_p1.0_w0.25@10 relL2=0.4106 lpips=0.1153 ffe=10.00
seed 12 C_p1.0_w0.5@10 relL2=0.4124 lpips=0.1213 ffe=10.00
seed 12 C_p1.0_w0.75@10 relL2=0.4298 lpips=0.1447 ffe=10.00
seed 12 C_p1.25_w0.25@10 relL2=0.4057 lpips=0.1178 ffe=10.00
seed 12 C_p1.25_w0.5@10 relL2=0.4231 lpips=0.1281 ffe=10.00
seed 12 C_p1.25_w0.75@10 relL2=0.4397 lpips=0.1577 ffe=10.00
seed 12 C_T1+SC1.25@10 relL2=0.4091 lpips=0.1229 ffe=10.00
seed 12 B1_T1@15 relL2=0.2826 lpips=0.0639 ffe=15.00
seed 12 C_p1.0_w0.25@15 relL2=0.2539 lpips=0.0519 ffe=15.00
seed 12 C_p1.0_w0.5@15 relL2=0.1624 lpips=0.0330 ffe=15.00
seed 12 C_p1.0_w0.75@15 relL2=0.1213 lpips=0.0186 ffe=15.00
seed 12 C_p1.25_w0.25@15 relL2=0.2598 lpips=0.0542 ffe=15.00
seed 12 C_p1.25_w0.5@15 relL2=0.1832 lpips=0.0368 ffe=15.00
seed 12 C_p1.25_w0.75@15 relL2=0.1259 lpips=0.0206 ffe=15.00
seed 12 C_T1+SC1.25@15 relL2=0.2918 lpips=0.0672 ffe=15.00
seed 12 B1_T1@20 relL2=0.1922 lpips=0.0291 ffe=20.00
seed 12 C_p1.0_w0.25@20 relL2=0.1729 lpips=0.0201 ffe=20.00
seed 12 C_p1.0_w0.5@20 relL2=0.1596 lpips=0.0150 ffe=20.00
seed 12 C_p1.0_w0.75@20 relL2=0.1565 lpips=0.0221 ffe=20.00
seed 12 C_p1.25_w0.25@20 relL2=0.1669 lpips=0.0233 ffe=20.00
seed 12 C_p1.25_w0.5@20 relL2=0.1418 lpips=0.0133 ffe=20.00
seed 12 C_p1.25_w0.75@20 relL2=0.1223 lpips=0.0091 ffe=20.00
seed 12 C_T1+SC1.25@20 relL2=0.2062 lpips=0.0380 ffe=20.00
seed 13 B1_T1@10 relL2=0.6968 lpips=0.2572 ffe=10.00
seed 13 C_p1.0_w0.25@10 relL2=0.5574 lpips=0.1605 ffe=10.00
seed 13 C_p1.0_w0.5@10 relL2=0.5029 lpips=0.1238 ffe=10.00
seed 13 C_p1.0_w0.75@10 relL2=0.4893 lpips=0.1379 ffe=10.00
seed 13 C_p1.25_w0.25@10 relL2=0.7134 lpips=0.2772 ffe=10.00
seed 13 C_p1.25_w0.5@10 relL2=0.6517 lpips=0.2384 ffe=10.00
seed 13 C_p1.25_w0.75@10 relL2=0.6100 lpips=0.2361 ffe=10.00
seed 13 C_T1+SC1.25@10 relL2=0.7360 lpips=0.2998 ffe=10.00
seed 13 B1_T1@15 relL2=0.4979 lpips=0.1027 ffe=15.00
seed 13 C_p1.0_w0.25@15 relL2=0.3391 lpips=0.0524 ffe=15.00
seed 13 C_p1.0_w0.5@15 relL2=0.2688 lpips=0.0373 ffe=15.00
seed 13 C_p1.0_w0.75@15 relL2=0.2897 lpips=0.0436 ffe=15.00
seed 13 C_p1.25_w0.25@15 relL2=0.3187 lpips=0.0487 ffe=15.00
seed 13 C_p1.25_w0.5@15 relL2=0.2358 lpips=0.0336 ffe=15.00
seed 13 C_p1.25_w0.75@15 relL2=0.2637 lpips=0.0417 ffe=15.00
seed 13 C_T1+SC1.25@15 relL2=0.4430 lpips=0.0945 ffe=15.00
seed 13 B1_T1@20 relL2=0.2528 lpips=0.0358 ffe=20.00
seed 13 C_p1.0_w0.25@20 relL2=0.1309 lpips=0.0106 ffe=20.00
seed 13 C_p1.0_w0.5@20 relL2=0.1514 lpips=0.0114 ffe=20.00
seed 13 C_p1.0_w0.75@20 relL2=0.1556 lpips=0.0098 ffe=20.00
seed 13 C_p1.25_w0.25@20 relL2=0.1955 lpips=0.0192 ffe=20.00
seed 13 C_p1.25_w0.5@20 relL2=0.2049 lpips=0.0217 ffe=20.00
seed 13 C_p1.25_w0.75@20 relL2=0.2140 lpips=0.0254 ffe=20.00
seed 13 C_T1+SC1.25@20 relL2=0.2005 lpips=0.0217 ffe=20.00
seed 14 B1_T1@10 relL2=0.1754 lpips=0.0320 ffe=10.00
seed 14 C_p1.0_w0.25@10 relL2=0.1838 lpips=0.0334 ffe=10.00
seed 14 C_p1.0_w0.5@10 relL2=0.2008 lpips=0.0424 ffe=10.00
seed 14 C_p1.0_w0.75@10 relL2=0.2337 lpips=0.0718 ffe=10.00
seed 14 C_p1.25_w0.25@10 relL2=0.2503 lpips=0.0583 ffe=10.00
seed 14 C_p1.25_w0.5@10 relL2=0.2560 lpips=0.0658 ffe=10.00
seed 14 C_p1.25_w0.75@10 relL2=0.2685 lpips=0.0969 ffe=10.00
seed 14 C_T1+SC1.25@10 relL2=0.2548 lpips=0.0650 ffe=10.00
seed 14 B1_T1@15 relL2=0.1119 lpips=0.0149 ffe=15.00
seed 14 C_p1.0_w0.25@15 relL2=0.1006 lpips=0.0119 ffe=15.00
seed 14 C_p1.0_w0.5@15 relL2=0.0911 lpips=0.0109 ffe=15.00
seed 14 C_p1.0_w0.75@15 relL2=0.0893 lpips=0.0134 ffe=15.00
seed 14 C_p1.25_w0.25@15 relL2=0.0997 lpips=0.0107 ffe=15.00
seed 14 C_p1.25_w0.5@15 relL2=0.0795 lpips=0.0089 ffe=15.00
seed 14 C_p1.25_w0.75@15 relL2=0.0724 lpips=0.0109 ffe=15.00
seed 14 C_T1+SC1.25@15 relL2=0.1227 lpips=0.0166 ffe=15.00
seed 14 B1_T1@20 relL2=0.0543 lpips=0.0047 ffe=20.00
seed 14 C_p1.0_w0.25@20 relL2=0.0439 lpips=0.0032 ffe=20.00
seed 14 C_p1.0_w0.5@20 relL2=0.0352 lpips=0.0025 ffe=20.00
seed 14 C_p1.0_w0.75@20 relL2=0.0338 lpips=0.0033 ffe=20.00
seed 14 C_p1.25_w0.25@20 relL2=0.0497 lpips=0.0038 ffe=20.00
seed 14 C_p1.25_w0.5@20 relL2=0.0453 lpips=0.0039 ffe=20.00
seed 14 C_p1.25_w0.75@20 relL2=0.0450 lpips=0.0051 ffe=20.00
seed 14 C_T1+SC1.25@20 relL2=0.0604 lpips=0.0053 ffe=20.00
seed 15 B1_T1@10 relL2=0.2270 lpips=0.0468 ffe=10.00
seed 15 C_p1.0_w0.25@10 relL2=0.1196 lpips=0.0129 ffe=10.00
seed 15 C_p1.0_w0.5@10 relL2=0.1754 lpips=0.0221 ffe=10.00
seed 15 C_p1.0_w0.75@10 relL2=0.2778 lpips=0.0683 ffe=10.00
seed 15 C_p1.25_w0.25@10 relL2=0.1740 lpips=0.0204 ffe=10.00
seed 15 C_p1.25_w0.5@10 relL2=0.1995 lpips=0.0392 ffe=10.00
seed 15 C_p1.25_w0.75@10 relL2=0.2485 lpips=0.0908 ffe=10.00
seed 15 C_T1+SC1.25@10 relL2=0.1344 lpips=0.0189 ffe=10.00
seed 15 B1_T1@15 relL2=0.0620 lpips=0.0049 ffe=15.00
seed 15 C_p1.0_w0.25@15 relL2=0.1148 lpips=0.0091 ffe=15.00
seed 15 C_p1.0_w0.5@15 relL2=0.1757 lpips=0.0190 ffe=15.00
seed 15 C_p1.0_w0.75@15 relL2=0.2113 lpips=0.0306 ffe=15.00
seed 15 C_p1.25_w0.25@15 relL2=0.1182 lpips=0.0095 ffe=15.00
seed 15 C_p1.25_w0.5@15 relL2=0.1375 lpips=0.0130 ffe=15.00
seed 15 C_p1.25_w0.75@15 relL2=0.1558 lpips=0.0197 ffe=15.00
seed 15 C_T1+SC1.25@15 relL2=0.1145 lpips=0.0102 ffe=15.00
seed 15 B1_T1@20 relL2=0.0903 lpips=0.0079 ffe=20.00
seed 15 C_p1.0_w0.25@20 relL2=0.0907 lpips=0.0074 ffe=20.00
seed 15 C_p1.0_w0.5@20 relL2=0.0956 lpips=0.0082 ffe=20.00
seed 15 C_p1.0_w0.75@20 relL2=0.1024 lpips=0.0100 ffe=20.00
seed 15 C_p1.25_w0.25@20 relL2=0.1771 lpips=0.0183 ffe=20.00
seed 15 C_p1.25_w0.5@20 relL2=0.1547 lpips=0.0150 ffe=20.00
seed 15 C_p1.25_w0.75@20 relL2=0.1163 lpips=0.0118 ffe=20.00
seed 15 C_T1+SC1.25@20 relL2=0.1960 lpips=0.0223 ffe=20.00
