load Latte-XL/2 /root/viewdit/weights/Latte/ffs.pt steps 50 ddim
Using Ema!
equivalence relL2 0.0
fit seed 0
/root/miniconda3/lib/python3.10/site-packages/torchvision/models/_utils.py:208: UserWarning: The parameter 'pretrained' is deprecated since 0.13 and may be removed in the future, please use 'weights' instead.
  warnings.warn(
/root/miniconda3/lib/python3.10/site-packages/torchvision/models/_utils.py:223: UserWarning: Arguments other than a weight enum or `None` for 'weights' are deprecated since 0.13 and may be removed in the future. The current behavior is equivalent to passing `weights=AlexNet_Weights.IMAGENET1K_V1`. You can also use `weights=AlexNet_Weights.DEFAULT` to get the most up-to-date weights.
  warnings.warn(msg)
seed 0 B0_reuse relL2=0.1761 lpips=0.0171 ffe=15.00 sec=1.2 (full 4.1s)
seed 0 B1_taylor1 relL2=0.0813 lpips=0.0048 ffe=15.00 sec=1.2 (full 4.1s)
seed 0 B2_taylor1s relL2=0.1279 lpips=0.0089 ffe=15.00 sec=1.2 (full 4.1s)
seed 0 D1_sched_p0.75 relL2=0.2203 lpips=0.0179 ffe=15.00 sec=1.2 (full 4.1s)
seed 0 D1_sched_p1.5 relL2=0.1014 lpips=0.0082 ffe=15.00 sec=1.2 (full 4.1s)
seed 0 D2_retro_taylor1s relL2=0.0704 lpips=0.0137 ffe=15.00 sec=1.2 (full 4.1s)
seed 0 D2_retro_reuse relL2=0.0698 lpips=0.0139 ffe=15.00 sec=1.2 (full 4.1s)
seed 0 D3_block_m0 relL2=0.2239 lpips=0.0212 ffe=15.00 sec=1.3 (full 4.1s)
seed 0 D3_block_m2 relL2=0.6944 lpips=0.3957 ffe=14.86 sec=1.3 (full 4.1s)
seed 0 D4_hybrid_m0 relL2=0.1654 lpips=0.0120 ffe=15.00 sec=1.3 (full 4.1s)
seed 0 D4_hybrid_m2 relL2=0.4105 lpips=0.0877 ffe=14.86 sec=1.3 (full 4.1s)
seed 0 D5_stasym relL2=0.7159 lpips=0.3476 ffe=15.00 sec=1.3 (full 4.1s)
seed 0 D5_depthhalf relL2=0.5344 lpips=0.2015 ffe=15.00 sec=1.3 (full 4.1s)
seed 0 D6_learn relL2=0.1138 lpips=0.0065 ffe=15.00 sec=1.2 (full 4.1s)
seed 0 D7_dpmpp2m relL2=0.1613 lpips=0.0307 ffe=15.00 sec=1.2 (full 4.1s)
