===== wait_night start 2026-09-20T20:01:46+08:00 =====
===== DDPM closed-loop done 2026-09-20T20:02:17+08:00 =====
{
  "full": {
    "latent_relL2": 0.0,
    "nfe": 250.0
  },
  "uniform": {
    "latent_relL2": 1.0900314605540988,
    "nfe": 75.0
  },
  "teacache": {
    "latent_relL2": 1.1835541723980034,
    "nfe": 250.0
  },
  "taylor1": {
    "latent_relL2": 1.1920598526345068,
    "nfe": 75.0
  },
  "taylor2": {
    "latent_relL2": 1.0635469753001006,
    "nfe": 75.0,
    "rel_drop_vs_taylor1": 0.1078074033366587,
    "keep": false
  },
  "taylor2d": {
    "latent_relL2": 8.786579570357151,
    "nfe": 75.0,
    "rel_drop_vs_taylor1": -6.370921477590583,
    "keep": false
  },
  "late_x0": {
    "latent_relL2": 1.1069623200271645,
    "nfe": 75.0,
    "rel_drop_vs_taylor1": 0.07138696301135616,
    "keep": false
  },
  "key4_all": {
    "latent_relL2": 271.4479927955666,
    "nfe": 62.5,
    "rel_drop_vs_taylor1": -226.71339223920188,
    "keep": false
  },
  "stagger": {
    "latent_relL2": 185.2982895027858,
    "nfe": 62.5,
    "rel_drop_vs_taylor1": -154.44378001932378,
    "keep": false
  }
}
===== DDIM-50 remapped 2026-09-20T20:02:17+08:00 =====
load Latte-XL/2 /root/viewdit/weights/Latte/ffs.pt steps 50 ddim
Using Ema!
dump 0 T=50 peak_mib=2599
dump 1 T=50 peak_mib=2599
wrote /root/viewdit/results/video/xl_ddim/full_ddim50_grid.png decode_std 0.3813233971595764
{
  "n": 2,
  "T": 50,
  "F": 16,
  "K": 15,
  "sampler": "ddim",
  "model": "Latte-XL/2",
  "V1_cos_adj_frame": -0.007204617129372667,
  "V1_cos_same_frame_next_t": 0.9977707960935454,
  "V2_frame_step_energy_maxmin": 1.5244140625,
  "V3_top4_frames_share_of_taylor_residual": 0.28809640066964287,
  "V4_2d_rel_drop": -13.370560555997166,
  "V6_tf_vs_image_0.056": 0.040590822041388884,
  "V7_keyframe4": 1.099141915715444,
  "V8_rank90": 13.98,
  "V9_shift_gain": 0.0,
  "V20_x0_adj": 0.8985930983341384,
  "V20_x0_adj_late": 0.7935507035588557,
  "decode_std": 0.3813233971595764,
  "looks_like_noise": false
}
- V1 adj-frame cos=-0.007  KILL frame-reuse
- V2 max/min=1.52  KEEP
- V3 top4=0.288  KILL
- V4 TF 1D=0.0406 2D=0.5833128661634834 drop=-13.370560555997166  2D not a method
- V6 TF 1D=0.0406 vs 0.056  TaylorSeer-world
- V7 key4=1.0991  KILL
- V8 rank=14.0  KILL
- V9 shift-gain=0.000  KILL
- V20 x0 adj=0.899 late=0.794  KEEP x0-manifold
loop vid=0 full nfe=50.0
loop vid=0 uniform nfe=15.0
loop vid=0 teacache nfe=20.0
loop vid=0 taylor1 nfe=15.0
loop vid=0 taylor2 nfe=15.0
loop vid=0 taylor2d nfe=15.0
loop vid=0 late_x0 nfe=15.0
loop vid=0 key4_all nfe=12.5
loop vid=0 key4_x0 nfe=12.5
loop vid=0 stagger nfe=12.5
loop vid=1 full nfe=50.0
loop vid=1 uniform nfe=15.0
loop vid=1 teacache nfe=20.0
loop vid=1 taylor1 nfe=15.0
loop vid=1 taylor2 nfe=15.0
loop vid=1 taylor2d nfe=15.0
loop vid=1 late_x0 nfe=15.0
loop vid=1 key4_all nfe=12.5
loop vid=1 key4_x0 nfe=12.5
loop vid=1 stagger nfe=12.5
loop vid=2 full nfe=50.0
loop vid=2 uniform nfe=15.0
loop vid=2 teacache nfe=22.0
loop vid=2 taylor1 nfe=15.0
loop vid=2 taylor2 nfe=15.0
loop vid=2 taylor2d nfe=15.0
loop vid=2 late_x0 nfe=15.0
loop vid=2 key4_all nfe=12.5
loop vid=2 key4_x0 nfe=12.5
loop vid=2 stagger nfe=12.5
loop vid=3 full nfe=50.0
loop vid=3 uniform nfe=15.0
loop vid=3 teacache nfe=20.0
loop vid=3 taylor1 nfe=15.0
loop vid=3 taylor2 nfe=15.0
loop vid=3 taylor2d nfe=15.0
loop vid=3 late_x0 nfe=15.0
loop vid=3 key4_all nfe=12.5
loop vid=3 key4_x0 nfe=12.5
loop vid=3 stagger nfe=12.5
# Latte-XL/2 gate

{
  "field": {
    "n": 2,
    "T": 50,
    "F": 16,
    "K": 15,
    "sampler": "ddim",
    "model": "Latte-XL/2",
    "V1_cos_adj_frame": -0.007204617129372667,
    "V1_cos_same_frame_next_t": 0.9977707960935454,
    "V2_frame_step_energy_maxmin": 1.5244140625,
    "V3_top4_frames_share_of_taylor_residual": 0.28809640066964287,
    "V4_tf_taylor1": 0.040590822041388884,
    "V4_tf_2d": 0.5833128661634834,
    "V4_2d_rel_drop": -13.370560555997166,
    "V6_tf_vs_image_0.056": 0.040590822041388884,
    "V7_keyframe4": 1.099141915715444,
    "V8_rank90": 13.98,
    "V9_shift_gain": 0.0,
    "V20_x0_adj": 0.8985930983341384,
    "V20_x0_adj_late": 0.7935507035588557,
    "decode_std": 0.3813233971595764,
    "looks_like_noise": false
  },
  "closed_loop": {
    "full": {
      "latent_relL2": 0.0,
      "nfe": 50.0
    },
    "uniform": {
      "latent_relL2": 0.3399043832835842,
      "nfe": 15.0
    },
    "teacache": {
      "latent_relL2": 0.32589853584809175,
      "nfe": 20.5
    },
    "taylor1": {
      "latent_relL2": 0.25658961873859526,
      "nfe": 15.0
    },
    "taylor2": {
      "latent_relL2": 0.20298817635913075,
      "nfe": 15.0,
      "rel_drop_vs_taylor1": 0.20889949734900162,
      "keep": false
    },
    "taylor2d": {
      "latent_relL2": 16.682689107085878,
      "nfe": 15.0,
      "rel_drop_vs_taylor1": -64.01700727059279,
      "keep": false
    },
    "late_x0": {
      "latent_relL2": 0.2778884481782095,
      "nfe": 15.0,
      "rel_drop_vs_taylor1": -0.08300737007334959,
      "keep": false
    },
    "key4_all": {
      "latent_relL2": 211.41556006387677,
      "nfe": 12.5,
      "rel_drop_vs_taylor1": -822.9443244165685,
      "keep": false
    },
    "key4_x0": {
      "latent_relL2": 1.310279929330712,
      "nfe": 12.5,
      "rel_drop_vs_taylor1": -4.10651964710069,
      "keep": false
    },
    "stagger": {
      "latent_relL2": 151.61816092295223,
      "nfe": 12.5,
      "rel_drop_vs_taylor1": -589.8974870780553,
      "keep": false
    }
  }
}

## Field gates

- V1 adj-frame cos=-0.007  KILL frame-reuse
- V2 max/min=1.52  KEEP
- V3 top4=0.288  KILL
- V4 TF 1D=0.0406 2D=0.5833128661634834 drop=-13.370560555997166  2D not a method
- V6 TF 1D=0.0406 vs 0.056  TaylorSeer-world
- V7 key4=1.0991  KILL
- V8 rank=14.0  KILL
- V9 shift-gain=0.000  KILL
- V20 x0 adj=0.899 late=0.794  KEEP x0-manifold

===== phase2 x0 DDPM 2026-09-20T20:04:01+08:00 =====
load Latte-XL/2 /root/viewdit/weights/Latte/ffs.pt steps 250 ddpm
Using Ema!
wrote /root/viewdit/results/video/xl_x0/phase2_full.png decode_std 0.4714488685131073
vid=0 ('taylor1', None, False) nfe=75.0
vid=0 ('smooth', 0.25, True) nfe=75
vid=0 ('smooth', 0.5, True) nfe=75
vid=0 ('smooth', 0.75, True) nfe=75
vid=0 ('smooth', 0.5, False) nfe=75
vid=0 ('motion', 0.35, True) nfe=75
vid=0 ('motion', 0.6, True) nfe=75
vid=0 ('anchor', 0.4, True) nfe=75
vid=0 ('anchor', 0.7, True) nfe=75
vid=0 ('key4_x0', None, False) nfe=62.5
/root/viewdit/experiments/video/wait_night.sh: line 33: 1679122 Terminated              python /root/viewdit/experiments/video/phase2_x0.py
phase2 fail 143
BEST None
===== wait_night done 2026-09-20T20:06:13+08:00 =====
