Last metadata expiration check: 0:12:29 ago on Fri 18 Sep 2026 07:40:43 PM CST.
Package make-1:4.2.1-11.tl3.x86_64 is already installed.
Package gcc-8.5.0-28.tl3.ap.1.x86_64 is already installed.
Dependencies resolved.
================================================================================
 Package                  Arch       Version                  Repository   Size
================================================================================
Downgrading:
 dkms                     noarch     3.4.3-2.el8              epel        123 k
 kernel-tlinux4-devel     x86_64     5.4.203-1.0011.3.tl3     Updates      15 M

Transaction Summary
================================================================================
Downgrade  2 Packages

Total download size: 15 M
Downloading Packages:
(1/2): dkms-3.4.3-2.el8.noarch.rpm              396 kB/s | 123 kB     00:00    
(2/2): kernel-tlinux4-devel-5.4.203-1.0011.3.tl 6.4 MB/s |  15 MB     00:02    
--------------------------------------------------------------------------------
Total                                           6.4 MB/s |  15 MB     00:02     
Running transaction check
Transaction check succeeded.
Running transaction test
Transaction test succeeded.
Running transaction
  Preparing        :                                                        1/1 
  Running scriptlet: kernel-tlinux4-devel-5.4.203-1.0011.3.tl3.x86_64       1/1 
  Downgrading      : kernel-tlinux4-devel-5.4.203-1.0011.3.tl3.x86_64       1/4 
  Downgrading      : dkms-3.4.3-2.el8.noarch                                2/4 
  Running scriptlet: dkms-3.4.3-2.el8.noarch                                2/4 
  Running scriptlet: dkms-1:3.4.1-1.tl3.noarch                              3/4 
  Cleanup          : dkms-1:3.4.1-1.tl3.noarch                              3/4 
  Running scriptlet: dkms-1:3.4.1-1.tl3.noarch                              3/4 
  Cleanup          : kernel-tlinux4-devel-5.4.241-1.0025.10.tl3.x86_64      4/4 
  Running scriptlet: kernel-tlinux4-devel-5.4.241-1.0025.10.tl3.x86_64      4/4 
/sbin/ldconfig: /usr/local/cuda-12.8/targets/x86_64-linux/lib/libcudnn_heuristic.so.9 is not a symbolic link

/sbin/ldconfig: /usr/local/cuda-12.8/targets/x86_64-linux/lib/libcudnn_cnn.so.9 is not a symbolic link

/sbin/ldconfig: /usr/local/cuda-12.8/targets/x86_64-linux/lib/libcudnn_adv.so.9 is not a symbolic link

/sbin/ldconfig: /usr/local/cuda-12.8/targets/x86_64-linux/lib/libcudnn.so.9 is not a symbolic link

/sbin/ldconfig: /usr/local/cuda-12.8/targets/x86_64-linux/lib/libcudnn_engines_precompiled.so.9 is not a symbolic link

/sbin/ldconfig: /usr/local/cuda-12.8/targets/x86_64-linux/lib/libcudnn_ops.so.9 is not a symbolic link

/sbin/ldconfig: /usr/local/cuda-12.8/targets/x86_64-linux/lib/libcudnn_engines_runtime_compiled.so.9 is not a symbolic link

/sbin/ldconfig: /usr/local/cuda-12.8/targets/x86_64-linux/lib/libcudnn_graph.so.9 is not a symbolic link


  Verifying        : kernel-tlinux4-devel-5.4.203-1.0011.3.tl3.x86_64       1/4 
  Verifying        : kernel-tlinux4-devel-5.4.241-1.0025.10.tl3.x86_64      2/4 
  Verifying        : dkms-3.4.3-2.el8.noarch                                3/4 
  Verifying        : dkms-1:3.4.1-1.tl3.noarch                              4/4 

Downgraded:
  dkms-3.4.3-2.el8.noarch    kernel-tlinux4-devel-5.4.203-1.0011.3.tl3.x86_64   

Complete!
