{"phase": "screen", "prompt": 0, "seed": 3000, "method": "full", "latent_mse_to_full": 0.0, "seconds": 43.61379733105423, "kinds": {"F": 30, "C": 0, "G": 0, "O": 0}, "full": 1800, "reuse": 0, "attn_only": 0, "ffn_only": 0}
{"phase": "screen", "prompt": 0, "seed": 3000, "method": "full_perturb1e-2", "latent_mse_to_full": 0.0013906056992709637, "seconds": 43.44947210600367, "kinds": {"F": 30, "C": 0, "G": 0, "O": 0}, "full": 1800, "reuse": 0, "attn_only": 0, "ffn_only": 0}
{"phase": "screen", "prompt": 0, "seed": 3000, "method": "full_perturb1e-3", "latent_mse_to_full": 4.200234616291709e-05, "seconds": 43.50250249000965, "kinds": {"F": 30, "C": 0, "G": 0, "O": 0}, "full": 1800, "reuse": 0, "attn_only": 0, "ffn_only": 0}
{"phase": "screen", "prompt": 0, "seed": 3000, "method": "steps20", "latent_mse_to_full": 0.29310134053230286, "seconds": 28.97986621398013, "kinds": {"F": 20, "C": 0, "G": 0, "O": 0}, "full": 1200, "reuse": 0, "attn_only": 0, "ffn_only": 0}
{"phase": "screen", "prompt": 0, "seed": 3000, "method": "steps15", "latent_mse_to_full": 0.3570456802845001, "seconds": 21.767513732018415, "kinds": {"F": 15, "C": 0, "G": 0, "O": 0}, "full": 900, "reuse": 0, "attn_only": 0, "ffn_only": 0}
{"phase": "screen", "prompt": 0, "seed": 3000, "method": "steps12", "latent_mse_to_full": 0.45812976360321045, "seconds": 17.388653668982442, "kinds": {"F": 12, "C": 0, "G": 0, "O": 0}, "full": 720, "reuse": 0, "attn_only": 0, "ffn_only": 0}
{"phase": "screen", "prompt": 0, "seed": 3000, "method": "BR_L4", "latent_mse_to_full": 0.0145909134298563, "seconds": 23.825150395045057, "kinds": {"F": 30, "C": 0, "G": 0, "O": 0}, "full": 900, "reuse": 900, "attn_only": 0, "ffn_only": 0}
{"phase": "screen", "prompt": 0, "seed": 3000, "method": "BR_L3_w7", "latent_mse_to_full": 0.016946453601121902, "seconds": 23.81212770496495, "kinds": {"F": 30, "C": 0, "G": 0, "O": 0}, "full": 900, "reuse": 900, "attn_only": 0, "ffn_only": 0}
{"phase": "screen", "prompt": 0, "seed": 3000, "method": "BR_L6_w10", "latent_mse_to_full": 0.02505519613623619, "seconds": 22.523935379984323, "kinds": {"F": 30, "C": 0, "G": 0, "O": 0}, "full": 840, "reuse": 960, "attn_only": 0, "ffn_only": 0}
{"phase": "screen", "prompt": 0, "seed": 3000, "method": "BR_L4_t1", "latent_mse_to_full": 0.014589776284992695, "seconds": 24.197677817952354, "kinds": {"F": 30, "C": 0, "G": 0, "O": 0}, "full": 900, "reuse": 900, "attn_only": 0, "ffn_only": 0}
{"phase": "screen", "prompt": 0, "seed": 3000, "method": "OP_attn_L4", "latent_mse_to_full": 0.012593738734722137, "seconds": 29.430464290024247, "kinds": {"F": 30, "C": 0, "G": 0, "O": 0}, "full": 900, "reuse": 0, "attn_only": 900, "ffn_only": 0}
{"phase": "screen", "prompt": 0, "seed": 3000, "method": "OP_attn_L2_w5", "latent_mse_to_full": 0.0110501479357481, "seconds": 32.33880438003689, "kinds": {"F": 30, "C": 0, "G": 0, "O": 0}, "full": 1080, "reuse": 0, "attn_only": 720, "ffn_only": 0}
{"phase": "screen", "prompt": 0, "seed": 3000, "method": "OP_ffn_L4", "latent_mse_to_full": 0.05654812231659889, "seconds": 38.77937105903402, "kinds": {"F": 30, "C": 0, "G": 0, "O": 0}, "full": 900, "reuse": 0, "attn_only": 0, "ffn_only": 900}
{"phase": "screen", "prompt": 0, "seed": 3000, "method": "CF_all_k2", "latent_mse_to_full": 0.02004813589155674, "seconds": 34.5424688779749, "kinds": {"F": 16, "C": 14, "G": 0, "O": 0}, "full": 1380, "reuse": 0, "attn_only": 0, "ffn_only": 0}
{"phase": "screen", "prompt": 0, "seed": 3000, "method": "CF_all_k3", "latent_mse_to_full": 0.25452807545661926, "seconds": 31.235782595002092, "kinds": {"F": 11, "C": 19, "G": 0, "O": 0}, "full": 1230, "reuse": 0, "attn_only": 0, "ffn_only": 0}
{"phase": "screen", "prompt": 0, "seed": 3000, "method": "CF_w10_every", "latent_mse_to_full": 0.10949179530143738, "seconds": 31.191477478016168, "kinds": {"F": 11, "C": 19, "G": 0, "O": 0}, "full": 1230, "reuse": 0, "attn_only": 0, "ffn_only": 0}
{"phase": "screen", "prompt": 0, "seed": 3000, "method": "GI_last8", "latent_mse_to_full": 0.003910035360604525, "seconds": 38.53283021302195, "kinds": {"F": 22, "C": 0, "G": 8, "O": 0}, "full": 1560, "reuse": 0, "attn_only": 0, "ffn_only": 0}
{"phase": "screen", "prompt": 0, "seed": 3000, "method": "GI_last12", "latent_mse_to_full": 0.009129091165959835, "seconds": 35.85690474999137, "kinds": {"F": 18, "C": 0, "G": 12, "O": 0}, "full": 1440, "reuse": 0, "attn_only": 0, "ffn_only": 0}
{"phase": "screen", "prompt": 0, "seed": 3000, "method": "GI_first2", "latent_mse_to_full": 0.24349500238895416, "seconds": 42.501931066042744, "kinds": {"F": 28, "C": 0, "G": 2, "O": 0}, "full": 1740, "reuse": 0, "attn_only": 0, "ffn_only": 0}
{"phase": "screen", "prompt": 0, "seed": 3000, "method": "OS_v1_k2", "latent_mse_to_full": 0.033341184258461, "seconds": 24.81309021700872, "kinds": {"F": 17, "C": 0, "G": 0, "O": 13}, "full": 1020, "reuse": 0, "attn_only": 0, "ffn_only": 0}
{"phase": "screen", "prompt": 0, "seed": 3000, "method": "OS_x01_k2", "latent_mse_to_full": 0.0309770330786705, "seconds": 24.835566220979672, "kinds": {"F": 17, "C": 0, "G": 0, "O": 13}, "full": 1020, "reuse": 0, "attn_only": 0, "ffn_only": 0}
{"phase": "screen", "prompt": 0, "seed": 3000, "method": "OS_reuse_k2", "latent_mse_to_full": 0.04585275426506996, "seconds": 24.858924585976638, "kinds": {"F": 17, "C": 0, "G": 0, "O": 13}, "full": 1020, "reuse": 0, "attn_only": 0, "ffn_only": 0}
{"phase": "screen", "prompt": 0, "seed": 3000, "method": "OS_v1_k2_r25", "latent_mse_to_full": 0.032691795378923416, "seconds": 24.83928182499949, "kinds": {"F": 17, "C": 0, "G": 0, "O": 13}, "full": 1020, "reuse": 0, "attn_only": 0, "ffn_only": 0}
{"phase": "screen", "prompt": 0, "seed": 3000, "method": "CB_L4+CF", "latent_mse_to_full": 4.961494445800781, "seconds": 17.982501071994193, "kinds": {"F": 11, "C": 19, "G": 0, "O": 0}, "full": 630, "reuse": 600, "attn_only": 0, "ffn_only": 0}
{"phase": "screen", "prompt": 0, "seed": 3000, "method": "CB_L4+GI8", "latent_mse_to_full": 0.019958654418587685, "seconds": 22.575486977992114, "kinds": {"F": 22, "C": 0, "G": 8, "O": 0}, "full": 840, "reuse": 720, "attn_only": 0, "ffn_only": 0}
{"phase": "screen", "prompt": 0, "seed": 3000, "method": "CB_L4+CF+GI8", "latent_mse_to_full": 0.5586106777191162, "seconds": 17.852638550044503, "kinds": {"F": 9, "C": 13, "G": 8, "O": 0}, "full": 630, "reuse": 540, "attn_only": 0, "ffn_only": 0}
{"phase": "screen", "prompt": 0, "seed": 3000, "method": "CB_OSx0+L4", "latent_mse_to_full": 0.038782812654972076, "seconds": 18.239700273028575, "kinds": {"F": 17, "C": 0, "G": 0, "O": 13}, "full": 720, "reuse": 300, "attn_only": 0, "ffn_only": 0}
{"phase": "screen", "prompt": 0, "seed": 3000, "method": "CB_attnL2+CF", "latent_mse_to_full": 143.66220092773438, "seconds": 23.184347939968575, "kinds": {"F": 16, "C": 14, "G": 0, "O": 0}, "full": 660, "reuse": 0, "attn_only": 720, "ffn_only": 0}
{"phase": "screen", "prompt": 0, "seed": 3000, "method": "CB_steps20+L4s", "latent_mse_to_full": 0.28687307238578796, "seconds": 18.65598973899614, "kinds": {"F": 20, "C": 0, "G": 0, "O": 0}, "full": 720, "reuse": 480, "attn_only": 0, "ffn_only": 0}
{"phase": "screen", "prompt": 1, "seed": 3000, "method": "full", "latent_mse_to_full": 0.0, "seconds": 43.90619603404775, "kinds": {"F": 30, "C": 0, "G": 0, "O": 0}, "full": 1800, "reuse": 0, "attn_only": 0, "ffn_only": 0}
{"phase": "screen", "prompt": 1, "seed": 3000, "method": "full_perturb1e-2", "latent_mse_to_full": 0.09539719671010971, "seconds": 43.849281542992685, "kinds": {"F": 30, "C": 0, "G": 0, "O": 0}, "full": 1800, "reuse": 0, "attn_only": 0, "ffn_only": 0}
{"phase": "screen", "prompt": 1, "seed": 3000, "method": "full_perturb1e-3", "latent_mse_to_full": 0.007692995015531778, "seconds": 43.8399622879806, "kinds": {"F": 30, "C": 0, "G": 0, "O": 0}, "full": 1800, "reuse": 0, "attn_only": 0, "ffn_only": 0}
{"phase": "screen", "prompt": 1, "seed": 3000, "method": "steps20", "latent_mse_to_full": 0.4395006000995636, "seconds": 29.22733587800758, "kinds": {"F": 20, "C": 0, "G": 0, "O": 0}, "full": 1200, "reuse": 0, "attn_only": 0, "ffn_only": 0}
{"phase": "screen", "prompt": 1, "seed": 3000, "method": "steps15", "latent_mse_to_full": 0.48816800117492676, "seconds": 21.93875669100089, "kinds": {"F": 15, "C": 0, "G": 0, "O": 0}, "full": 900, "reuse": 0, "attn_only": 0, "ffn_only": 0}
{"phase": "screen", "prompt": 1, "seed": 3000, "method": "steps12", "latent_mse_to_full": 0.6249901056289673, "seconds": 17.525547566008754, "kinds": {"F": 12, "C": 0, "G": 0, "O": 0}, "full": 720, "reuse": 0, "attn_only": 0, "ffn_only": 0}
{"phase": "screen", "prompt": 1, "seed": 3000, "method": "BR_L4", "latent_mse_to_full": 0.021137505769729614, "seconds": 24.02964454499306, "kinds": {"F": 30, "C": 0, "G": 0, "O": 0}, "full": 900, "reuse": 900, "attn_only": 0, "ffn_only": 0}
{"phase": "screen", "prompt": 1, "seed": 3000, "method": "BR_L3_w7", "latent_mse_to_full": 0.03018105961382389, "seconds": 24.009782387001906, "kinds": {"F": 30, "C": 0, "G": 0, "O": 0}, "full": 900, "reuse": 900, "attn_only": 0, "ffn_only": 0}
{"phase": "screen", "prompt": 1, "seed": 3000, "method": "BR_L6_w10", "latent_mse_to_full": 0.030464597046375275, "seconds": 22.71376746398164, "kinds": {"F": 30, "C": 0, "G": 0, "O": 0}, "full": 840, "reuse": 960, "attn_only": 0, "ffn_only": 0}
{"phase": "screen", "prompt": 1, "seed": 3000, "method": "BR_L4_t1", "latent_mse_to_full": 0.02554887719452381, "seconds": 24.392379516968504, "kinds": {"F": 30, "C": 0, "G": 0, "O": 0}, "full": 900, "reuse": 900, "attn_only": 0, "ffn_only": 0}
{"phase": "screen", "prompt": 1, "seed": 3000, "method": "OP_attn_L4", "latent_mse_to_full": 0.017586324363946915, "seconds": 29.524677764973603, "kinds": {"F": 30, "C": 0, "G": 0, "O": 0}, "full": 900, "reuse": 0, "attn_only": 900, "ffn_only": 0}
{"phase": "screen", "prompt": 1, "seed": 3000, "method": "OP_attn_L2_w5", "latent_mse_to_full": 0.082754947245121, "seconds": 32.528405549994204, "kinds": {"F": 30, "C": 0, "G": 0, "O": 0}, "full": 1080, "reuse": 0, "attn_only": 720, "ffn_only": 0}
{"phase": "screen", "prompt": 1, "seed": 3000, "method": "OP_ffn_L4", "latent_mse_to_full": 0.06827578693628311, "seconds": 38.846717406006064, "kinds": {"F": 30, "C": 0, "G": 0, "O": 0}, "full": 900, "reuse": 0, "attn_only": 0, "ffn_only": 900}
{"phase": "screen", "prompt": 1, "seed": 3000, "method": "CF_all_k2", "latent_mse_to_full": 0.386834055185318, "seconds": 34.62843317002989, "kinds": {"F": 16, "C": 14, "G": 0, "O": 0}, "full": 1380, "reuse": 0, "attn_only": 0, "ffn_only": 0}
{"phase": "screen", "prompt": 1, "seed": 3000, "method": "CF_all_k3", "latent_mse_to_full": 0.5050801634788513, "seconds": 31.272392872022465, "kinds": {"F": 11, "C": 19, "G": 0, "O": 0}, "full": 1230, "reuse": 0, "attn_only": 0, "ffn_only": 0}
{"phase": "screen", "prompt": 1, "seed": 3000, "method": "CF_w10_every", "latent_mse_to_full": 0.14617277681827545, "seconds": 31.347777124959975, "kinds": {"F": 11, "C": 19, "G": 0, "O": 0}, "full": 1230, "reuse": 0, "attn_only": 0, "ffn_only": 0}
{"phase": "screen", "prompt": 1, "seed": 3000, "method": "GI_last8", "latent_mse_to_full": 0.005199297331273556, "seconds": 38.62311509298161, "kinds": {"F": 22, "C": 0, "G": 8, "O": 0}, "full": 1560, "reuse": 0, "attn_only": 0, "ffn_only": 0}
{"phase": "screen", "prompt": 1, "seed": 3000, "method": "GI_last12", "latent_mse_to_full": 0.011963088065385818, "seconds": 35.96434379002312, "kinds": {"F": 18, "C": 0, "G": 12, "O": 0}, "full": 1440, "reuse": 0, "attn_only": 0, "ffn_only": 0}
{"phase": "screen", "prompt": 1, "seed": 3000, "method": "GI_first2", "latent_mse_to_full": 0.6204577088356018, "seconds": 42.512155539006926, "kinds": {"F": 28, "C": 0, "G": 2, "O": 0}, "full": 1740, "reuse": 0, "attn_only": 0, "ffn_only": 0}
{"phase": "screen", "prompt": 1, "seed": 3000, "method": "OS_v1_k2", "latent_mse_to_full": 0.18812890350818634, "seconds": 24.87313764798455, "kinds": {"F": 17, "C": 0, "G": 0, "O": 13}, "full": 1020, "reuse": 0, "attn_only": 0, "ffn_only": 0}
{"phase": "screen", "prompt": 1, "seed": 3000, "method": "OS_x01_k2", "latent_mse_to_full": 0.18415924906730652, "seconds": 24.846077056019567, "kinds": {"F": 17, "C": 0, "G": 0, "O": 13}, "full": 1020, "reuse": 0, "attn_only": 0, "ffn_only": 0}
{"phase": "screen", "prompt": 1, "seed": 3000, "method": "OS_reuse_k2", "latent_mse_to_full": 0.14388571679592133, "seconds": 24.88032685703365, "kinds": {"F": 17, "C": 0, "G": 0, "O": 13}, "full": 1020, "reuse": 0, "attn_only": 0, "ffn_only": 0}
{"phase": "screen", "prompt": 1, "seed": 3000, "method": "OS_v1_k2_r25", "latent_mse_to_full": 0.18291573226451874, "seconds": 24.896105633990373, "kinds": {"F": 17, "C": 0, "G": 0, "O": 13}, "full": 1020, "reuse": 0, "attn_only": 0, "ffn_only": 0}
{"phase": "screen", "prompt": 1, "seed": 3000, "method": "CB_L4+CF", "latent_mse_to_full": 6.882625102996826, "seconds": 17.942163674975745, "kinds": {"F": 11, "C": 19, "G": 0, "O": 0}, "full": 630, "reuse": 600, "attn_only": 0, "ffn_only": 0}
{"phase": "screen", "prompt": 1, "seed": 3000, "method": "CB_L4+GI8", "latent_mse_to_full": 0.02380785159766674, "seconds": 22.648999309982173, "kinds": {"F": 22, "C": 0, "G": 8, "O": 0}, "full": 840, "reuse": 720, "attn_only": 0, "ffn_only": 0}
{"phase": "screen", "prompt": 1, "seed": 3000, "method": "CB_L4+CF+GI8", "latent_mse_to_full": 1.3433903455734253, "seconds": 17.976610686979257, "kinds": {"F": 9, "C": 13, "G": 8, "O": 0}, "full": 630, "reuse": 540, "attn_only": 0, "ffn_only": 0}
{"phase": "screen", "prompt": 1, "seed": 3000, "method": "CB_OSx0+L4", "latent_mse_to_full": 0.19045977294445038, "seconds": 18.233577676001005, "kinds": {"F": 17, "C": 0, "G": 0, "O": 13}, "full": 720, "reuse": 300, "attn_only": 0, "ffn_only": 0}
{"phase": "screen", "prompt": 1, "seed": 3000, "method": "CB_attnL2+CF", "latent_mse_to_full": 118.25245666503906, "seconds": 23.16562205197988, "kinds": {"F": 16, "C": 14, "G": 0, "O": 0}, "full": 660, "reuse": 0, "attn_only": 720, "ffn_only": 0}
{"phase": "screen", "prompt": 1, "seed": 3000, "method": "CB_steps20+L4s", "latent_mse_to_full": 0.43634629249572754, "seconds": 18.689649740001187, "kinds": {"F": 20, "C": 0, "G": 0, "O": 0}, "full": 720, "reuse": 480, "attn_only": 0, "ffn_only": 0}
{"phase": "screen", "prompt": 2, "seed": 3000, "method": "full", "latent_mse_to_full": 0.0, "seconds": 43.957890563004185, "kinds": {"F": 30, "C": 0, "G": 0, "O": 0}, "full": 1800, "reuse": 0, "attn_only": 0, "ffn_only": 0}
{"phase": "screen", "prompt": 2, "seed": 3000, "method": "full_perturb1e-2", "latent_mse_to_full": 0.03551752120256424, "seconds": 43.96035078697605, "kinds": {"F": 30, "C": 0, "G": 0, "O": 0}, "full": 1800, "reuse": 0, "attn_only": 0, "ffn_only": 0}
{"phase": "screen", "prompt": 2, "seed": 3000, "method": "full_perturb1e-3", "latent_mse_to_full": 0.0055208648554980755, "seconds": 43.95249886700185, "kinds": {"F": 30, "C": 0, "G": 0, "O": 0}, "full": 1800, "reuse": 0, "attn_only": 0, "ffn_only": 0}
{"phase": "screen", "prompt": 2, "seed": 3000, "method": "steps20", "latent_mse_to_full": 0.4418298602104187, "seconds": 29.27262734301621, "kinds": {"F": 20, "C": 0, "G": 0, "O": 0}, "full": 1200, "reuse": 0, "attn_only": 0, "ffn_only": 0}
{"phase": "screen", "prompt": 2, "seed": 3000, "method": "steps15", "latent_mse_to_full": 0.4324455261230469, "seconds": 21.977093791996595, "kinds": {"F": 15, "C": 0, "G": 0, "O": 0}, "full": 900, "reuse": 0, "attn_only": 0, "ffn_only": 0}
{"phase": "screen", "prompt": 2, "seed": 3000, "method": "steps12", "latent_mse_to_full": 0.5489667057991028, "seconds": 17.60871290101204, "kinds": {"F": 12, "C": 0, "G": 0, "O": 0}, "full": 720, "reuse": 0, "attn_only": 0, "ffn_only": 0}
{"phase": "screen", "prompt": 2, "seed": 3000, "method": "BR_L4", "latent_mse_to_full": 0.016267944127321243, "seconds": 24.072027784015518, "kinds": {"F": 30, "C": 0, "G": 0, "O": 0}, "full": 900, "reuse": 900, "attn_only": 0, "ffn_only": 0}
{"phase": "screen", "prompt": 2, "seed": 3000, "method": "BR_L3_w7", "latent_mse_to_full": 0.052617285400629044, "seconds": 24.063918230996933, "kinds": {"F": 30, "C": 0, "G": 0, "O": 0}, "full": 900, "reuse": 900, "attn_only": 0, "ffn_only": 0}
{"phase": "screen", "prompt": 2, "seed": 3000, "method": "BR_L6_w10", "latent_mse_to_full": 0.026306238025426865, "seconds": 22.709927562973462, "kinds": {"F": 30, "C": 0, "G": 0, "O": 0}, "full": 840, "reuse": 960, "attn_only": 0, "ffn_only": 0}
{"phase": "screen", "prompt": 2, "seed": 3000, "method": "BR_L4_t1", "latent_mse_to_full": 0.019115641713142395, "seconds": 24.335273975972086, "kinds": {"F": 30, "C": 0, "G": 0, "O": 0}, "full": 900, "reuse": 900, "attn_only": 0, "ffn_only": 0}
{"phase": "screen", "prompt": 2, "seed": 3000, "method": "OP_attn_L4", "latent_mse_to_full": 0.014801861718297005, "seconds": 29.60955253796419, "kinds": {"F": 30, "C": 0, "G": 0, "O": 0}, "full": 900, "reuse": 0, "attn_only": 900, "ffn_only": 0}
{"phase": "screen", "prompt": 2, "seed": 3000, "method": "OP_attn_L2_w5", "latent_mse_to_full": 0.03526461124420166, "seconds": 32.50710010895273, "kinds": {"F": 30, "C": 0, "G": 0, "O": 0}, "full": 1080, "reuse": 0, "attn_only": 720, "ffn_only": 0}
{"phase": "screen", "prompt": 2, "seed": 3000, "method": "OP_ffn_L4", "latent_mse_to_full": 0.07806309312582016, "seconds": 38.89436851104256, "kinds": {"F": 30, "C": 0, "G": 0, "O": 0}, "full": 900, "reuse": 0, "attn_only": 0, "ffn_only": 900}
{"phase": "screen", "prompt": 2, "seed": 3000, "method": "CF_all_k2", "latent_mse_to_full": 0.11226080358028412, "seconds": 34.6764969729702, "kinds": {"F": 16, "C": 14, "G": 0, "O": 0}, "full": 1380, "reuse": 0, "attn_only": 0, "ffn_only": 0}
{"phase": "screen", "prompt": 2, "seed": 3000, "method": "CF_all_k3", "latent_mse_to_full": 0.31645262241363525, "seconds": 31.355603695032187, "kinds": {"F": 11, "C": 19, "G": 0, "O": 0}, "full": 1230, "reuse": 0, "attn_only": 0, "ffn_only": 0}
{"phase": "screen", "prompt": 2, "seed": 3000, "method": "CF_w10_every", "latent_mse_to_full": 0.12065731734037399, "seconds": 31.30175830598455, "kinds": {"F": 11, "C": 19, "G": 0, "O": 0}, "full": 1230, "reuse": 0, "attn_only": 0, "ffn_only": 0}
{"phase": "screen", "prompt": 2, "seed": 3000, "method": "GI_last8", "latent_mse_to_full": 0.006210266146808863, "seconds": 38.64023472898407, "kinds": {"F": 22, "C": 0, "G": 8, "O": 0}, "full": 1560, "reuse": 0, "attn_only": 0, "ffn_only": 0}
{"phase": "screen", "prompt": 2, "seed": 3000, "method": "GI_last12", "latent_mse_to_full": 0.013879031874239445, "seconds": 35.893634477979504, "kinds": {"F": 18, "C": 0, "G": 12, "O": 0}, "full": 1440, "reuse": 0, "attn_only": 0, "ffn_only": 0}
{"phase": "screen", "prompt": 2, "seed": 3000, "method": "GI_first2", "latent_mse_to_full": 0.6099777221679688, "seconds": 42.65559151297202, "kinds": {"F": 28, "C": 0, "G": 2, "O": 0}, "full": 1740, "reuse": 0, "attn_only": 0, "ffn_only": 0}
{"phase": "screen", "prompt": 2, "seed": 3000, "method": "OS_v1_k2", "latent_mse_to_full": 0.09735686331987381, "seconds": 24.88522091699997, "kinds": {"F": 17, "C": 0, "G": 0, "O": 13}, "full": 1020, "reuse": 0, "attn_only": 0, "ffn_only": 0}
{"phase": "screen", "prompt": 2, "seed": 3000, "method": "OS_x01_k2", "latent_mse_to_full": 0.09599938243627548, "seconds": 24.891042521980125, "kinds": {"F": 17, "C": 0, "G": 0, "O": 13}, "full": 1020, "reuse": 0, "attn_only": 0, "ffn_only": 0}
{"phase": "screen", "prompt": 2, "seed": 3000, "method": "OS_reuse_k2", "latent_mse_to_full": 0.047991055995225906, "seconds": 24.901771578006446, "kinds": {"F": 17, "C": 0, "G": 0, "O": 13}, "full": 1020, "reuse": 0, "attn_only": 0, "ffn_only": 0}
{"phase": "screen", "prompt": 2, "seed": 3000, "method": "OS_v1_k2_r25", "latent_mse_to_full": 0.09173312783241272, "seconds": 24.91352863999782, "kinds": {"F": 17, "C": 0, "G": 0, "O": 13}, "full": 1020, "reuse": 0, "attn_only": 0, "ffn_only": 0}
{"phase": "screen", "prompt": 2, "seed": 3000, "method": "CB_L4+CF", "latent_mse_to_full": 6.78754997253418, "seconds": 17.96465234400239, "kinds": {"F": 11, "C": 19, "G": 0, "O": 0}, "full": 630, "reuse": 600, "attn_only": 0, "ffn_only": 0}
{"phase": "screen", "prompt": 2, "seed": 3000, "method": "CB_L4+GI8", "latent_mse_to_full": 0.02122281864285469, "seconds": 22.587679335963912, "kinds": {"F": 22, "C": 0, "G": 8, "O": 0}, "full": 840, "reuse": 720, "attn_only": 0, "ffn_only": 0}
{"phase": "screen", "prompt": 2, "seed": 3000, "method": "CB_L4+CF+GI8", "latent_mse_to_full": 0.7370440363883972, "seconds": 17.988037967006676, "kinds": {"F": 9, "C": 13, "G": 8, "O": 0}, "full": 630, "reuse": 540, "attn_only": 0, "ffn_only": 0}
{"phase": "screen", "prompt": 2, "seed": 3000, "method": "CB_OSx0+L4", "latent_mse_to_full": 0.09918732941150665, "seconds": 18.247802286001388, "kinds": {"F": 17, "C": 0, "G": 0, "O": 13}, "full": 720, "reuse": 300, "attn_only": 0, "ffn_only": 0}
{"phase": "screen", "prompt": 2, "seed": 3000, "method": "CB_attnL2+CF", "latent_mse_to_full": 95.55754852294922, "seconds": 23.269278299005236, "kinds": {"F": 16, "C": 14, "G": 0, "O": 0}, "full": 660, "reuse": 0, "attn_only": 720, "ffn_only": 0}
{"phase": "screen", "prompt": 2, "seed": 3000, "method": "CB_steps20+L4s", "latent_mse_to_full": 0.4239436089992523, "seconds": 18.696359927998856, "kinds": {"F": 20, "C": 0, "G": 0, "O": 0}, "full": 720, "reuse": 480, "attn_only": 0, "ffn_only": 0}
{"phase": "screen", "prompt": 3, "seed": 3000, "method": "full", "latent_mse_to_full": 0.0, "seconds": 44.00720493198605, "kinds": {"F": 30, "C": 0, "G": 0, "O": 0}, "full": 1800, "reuse": 0, "attn_only": 0, "ffn_only": 0}
{"phase": "screen", "prompt": 3, "seed": 3000, "method": "full_perturb1e-2", "latent_mse_to_full": 0.05569472163915634, "seconds": 44.00725370500004, "kinds": {"F": 30, "C": 0, "G": 0, "O": 0}, "full": 1800, "reuse": 0, "attn_only": 0, "ffn_only": 0}
{"phase": "screen", "prompt": 3, "seed": 3000, "method": "full_perturb1e-3", "latent_mse_to_full": 0.10131748020648956, "seconds": 44.02866401494248, "kinds": {"F": 30, "C": 0, "G": 0, "O": 0}, "full": 1800, "reuse": 0, "attn_only": 0, "ffn_only": 0}
{"phase": "screen", "prompt": 3, "seed": 3000, "method": "steps20", "latent_mse_to_full": 0.7810917496681213, "seconds": 29.320561229018494, "kinds": {"F": 20, "C": 0, "G": 0, "O": 0}, "full": 1200, "reuse": 0, "attn_only": 0, "ffn_only": 0}
{"phase": "screen", "prompt": 3, "seed": 3000, "method": "steps15", "latent_mse_to_full": 0.7143012285232544, "seconds": 22.003684476017952, "kinds": {"F": 15, "C": 0, "G": 0, "O": 0}, "full": 900, "reuse": 0, "attn_only": 0, "ffn_only": 0}
{"phase": "screen", "prompt": 3, "seed": 3000, "method": "steps12", "latent_mse_to_full": 0.8138609528541565, "seconds": 17.566700721974485, "kinds": {"F": 12, "C": 0, "G": 0, "O": 0}, "full": 720, "reuse": 0, "attn_only": 0, "ffn_only": 0}
{"phase": "screen", "prompt": 3, "seed": 3000, "method": "BR_L4", "latent_mse_to_full": 0.03138864040374756, "seconds": 24.073603021039162, "kinds": {"F": 30, "C": 0, "G": 0, "O": 0}, "full": 900, "reuse": 900, "attn_only": 0, "ffn_only": 0}
{"phase": "screen", "prompt": 3, "seed": 3000, "method": "BR_L3_w7", "latent_mse_to_full": 0.03768617659807205, "seconds": 24.06776926497696, "kinds": {"F": 30, "C": 0, "G": 0, "O": 0}, "full": 900, "reuse": 900, "attn_only": 0, "ffn_only": 0}
{"phase": "screen", "prompt": 3, "seed": 3000, "method": "BR_L6_w10", "latent_mse_to_full": 0.045843787491321564, "seconds": 22.768208723980933, "kinds": {"F": 30, "C": 0, "G": 0, "O": 0}, "full": 840, "reuse": 960, "attn_only": 0, "ffn_only": 0}
{"phase": "screen", "prompt": 3, "seed": 3000, "method": "BR_L4_t1", "latent_mse_to_full": 0.029078902676701546, "seconds": 24.44043194700498, "kinds": {"F": 30, "C": 0, "G": 0, "O": 0}, "full": 900, "reuse": 900, "attn_only": 0, "ffn_only": 0}
{"phase": "screen", "prompt": 3, "seed": 3000, "method": "OP_attn_L4", "latent_mse_to_full": 0.02890799567103386, "seconds": 29.632506192021538, "kinds": {"F": 30, "C": 0, "G": 0, "O": 0}, "full": 900, "reuse": 0, "attn_only": 900, "ffn_only": 0}
{"phase": "screen", "prompt": 3, "seed": 3000, "method": "OP_attn_L2_w5", "latent_mse_to_full": 0.04892517626285553, "seconds": 32.542586269031744, "kinds": {"F": 30, "C": 0, "G": 0, "O": 0}, "full": 1080, "reuse": 0, "attn_only": 720, "ffn_only": 0}
{"phase": "screen", "prompt": 3, "seed": 3000, "method": "OP_ffn_L4", "latent_mse_to_full": 0.09891998767852783, "seconds": 38.94645103003131, "kinds": {"F": 30, "C": 0, "G": 0, "O": 0}, "full": 900, "reuse": 0, "attn_only": 0, "ffn_only": 900}
{"phase": "screen", "prompt": 3, "seed": 3000, "method": "CF_all_k2", "latent_mse_to_full": 0.21422860026359558, "seconds": 34.71844189899275, "kinds": {"F": 16, "C": 14, "G": 0, "O": 0}, "full": 1380, "reuse": 0, "attn_only": 0, "ffn_only": 0}
{"phase": "screen", "prompt": 3, "seed": 3000, "method": "CF_all_k3", "latent_mse_to_full": 0.2985475957393646, "seconds": 31.340176125988364, "kinds": {"F": 11, "C": 19, "G": 0, "O": 0}, "full": 1230, "reuse": 0, "attn_only": 0, "ffn_only": 0}
{"phase": "screen", "prompt": 3, "seed": 3000, "method": "CF_w10_every", "latent_mse_to_full": 0.18414096534252167, "seconds": 31.392265522037633, "kinds": {"F": 11, "C": 19, "G": 0, "O": 0}, "full": 1230, "reuse": 0, "attn_only": 0, "ffn_only": 0}
{"phase": "screen", "prompt": 3, "seed": 3000, "method": "GI_last8", "latent_mse_to_full": 0.009014145471155643, "seconds": 38.71251669700723, "kinds": {"F": 22, "C": 0, "G": 8, "O": 0}, "full": 1560, "reuse": 0, "attn_only": 0, "ffn_only": 0}
{"phase": "screen", "prompt": 3, "seed": 3000, "method": "GI_last12", "latent_mse_to_full": 0.019553102552890778, "seconds": 36.06930522003677, "kinds": {"F": 18, "C": 0, "G": 12, "O": 0}, "full": 1440, "reuse": 0, "attn_only": 0, "ffn_only": 0}
