{"phase": "screen2", "prompt": 0, "seed": 3000, "method": "full", "latent_mse_to_full": 0.0, "seconds": 44.271271275007166, "kinds": {"F": 30, "C": 0, "G": 0, "O": 0}, "full": 1800, "reuse": 0, "attn_only": 0, "ffn_only": 0}
{"phase": "screen2", "prompt": 0, "seed": 3000, "method": "full_perturb1e-2", "latent_mse_to_full": 0.0013906056992709637, "seconds": 43.9257934410125, "kinds": {"F": 30, "C": 0, "G": 0, "O": 0}, "full": 1800, "reuse": 0, "attn_only": 0, "ffn_only": 0}
{"phase": "screen2", "prompt": 0, "seed": 3000, "method": "full_perturb1e-3", "latent_mse_to_full": 4.200234616291709e-05, "seconds": 43.92415891500423, "kinds": {"F": 30, "C": 0, "G": 0, "O": 0}, "full": 1800, "reuse": 0, "attn_only": 0, "ffn_only": 0}
{"phase": "screen2", "prompt": 0, "seed": 3000, "method": "steps14", "latent_mse_to_full": 0.4167691767215729, "seconds": 20.462398180970922, "kinds": {"F": 14, "C": 0, "G": 0, "O": 0}, "full": 840, "reuse": 0, "attn_only": 0, "ffn_only": 0}
{"phase": "screen2", "prompt": 0, "seed": 3000, "method": "steps13", "latent_mse_to_full": 0.4068447947502136, "seconds": 18.97348130500177, "kinds": {"F": 13, "C": 0, "G": 0, "O": 0}, "full": 780, "reuse": 0, "attn_only": 0, "ffn_only": 0}
{"phase": "screen2", "prompt": 0, "seed": 3000, "method": "steps11", "latent_mse_to_full": 0.4247993230819702, "seconds": 16.114911247976124, "kinds": {"F": 11, "C": 0, "G": 0, "O": 0}, "full": 660, "reuse": 0, "attn_only": 0, "ffn_only": 0}
{"phase": "screen2", "prompt": 0, "seed": 3000, "method": "steps10", "latent_mse_to_full": 0.5512199997901917, "seconds": 14.571951758989599, "kinds": {"F": 10, "C": 0, "G": 0, "O": 0}, "full": 600, "reuse": 0, "attn_only": 0, "ffn_only": 0}
{"phase": "screen2", "prompt": 0, "seed": 3000, "method": "S2_L4+CFe", "latent_mse_to_full": 0.03122664988040924, "seconds": 21.402479159005452, "kinds": {"F": 26, "C": 4, "G": 0, "O": 0}, "full": 780, "reuse": 900, "attn_only": 0, "ffn_only": 0}
{"phase": "screen2", "prompt": 0, "seed": 3000, "method": "S2_L4+CFe+GI8", "latent_mse_to_full": 0.035137686878442764, "seconds": 20.012263434997294, "kinds": {"F": 18, "C": 4, "G": 8, "O": 0}, "full": 720, "reuse": 720, "attn_only": 0, "ffn_only": 0}
{"phase": "screen2", "prompt": 0, "seed": 3000, "method": "S2_L4+GI12", "latent_mse_to_full": 0.026741988956928253, "seconds": 22.00674992694985, "kinds": {"F": 18, "C": 0, "G": 12, "O": 0}, "full": 810, "reuse": 630, "attn_only": 0, "ffn_only": 0}
{"phase": "screen2", "prompt": 0, "seed": 3000, "method": "S2_OS+L4+GI8", "latent_mse_to_full": 0.04058448225259781, "seconds": 16.936423771025147, "kinds": {"F": 13, "C": 0, "G": 4, "O": 13}, "full": 660, "reuse": 240, "attn_only": 0, "ffn_only": 0}
{"phase": "screen2", "prompt": 0, "seed": 3000, "method": "S2_OS+L4+CFe", "latent_mse_to_full": 0.13418400287628174, "seconds": 16.3238710219739, "kinds": {"F": 14, "C": 3, "G": 0, "O": 13}, "full": 630, "reuse": 300, "attn_only": 0, "ffn_only": 0}
{"phase": "screen2", "prompt": 0, "seed": 3000, "method": "S2_OS+L4+CFe+GI8", "latent_mse_to_full": 0.12960562109947205, "seconds": 14.946522983023897, "kinds": {"F": 10, "C": 3, "G": 4, "O": 13}, "full": 570, "reuse": 240, "attn_only": 0, "ffn_only": 0}
{"phase": "screen2", "prompt": 0, "seed": 3000, "method": "S2_OSlate+L4", "latent_mse_to_full": 0.012848300859332085, "seconds": 22.648349145019893, "kinds": {"F": 20, "C": 0, "G": 0, "O": 10}, "full": 900, "reuse": 300, "attn_only": 0, "ffn_only": 0}
{"phase": "screen2", "prompt": 0, "seed": 3000, "method": "S2_OSlate+L4+CFe+GI8", "latent_mse_to_full": 0.03339217230677605, "seconds": 18.641452946001664, "kinds": {"F": 12, "C": 4, "G": 4, "O": 10}, "full": 720, "reuse": 240, "attn_only": 0, "ffn_only": 0}
{"phase": "screen2", "prompt": 0, "seed": 3000, "method": "S2_OSv1+L4", "latent_mse_to_full": 0.04197534918785095, "seconds": 18.252080895996187, "kinds": {"F": 17, "C": 0, "G": 0, "O": 13}, "full": 720, "reuse": 300, "attn_only": 0, "ffn_only": 0}
{"phase": "screen2", "prompt": 0, "seed": 3000, "method": "S2_OS3x0", "latent_mse_to_full": 0.1191892921924591, "seconds": 19.00893381302012, "kinds": {"F": 13, "C": 0, "G": 0, "O": 17}, "full": 780, "reuse": 0, "attn_only": 0, "ffn_only": 0}
{"phase": "screen2", "prompt": 0, "seed": 3000, "method": "S2_OS3x0+Bhalf", "latent_mse_to_full": 0.10928209871053696, "seconds": 15.046203879988752, "kinds": {"F": 13, "C": 0, "G": 0, "O": 17}, "full": 600, "reuse": 180, "attn_only": 0, "ffn_only": 0}
{"phase": "screen2", "prompt": 0, "seed": 3000, "method": "S2_attnL4+OS", "latent_mse_to_full": 0.035757895559072495, "seconds": 20.05686676001642, "kinds": {"F": 17, "C": 0, "G": 0, "O": 13}, "full": 720, "reuse": 0, "attn_only": 300, "ffn_only": 0}
{"phase": "screen2", "prompt": 0, "seed": 3000, "method": "S2_L6+OS", "latent_mse_to_full": 0.040628883987665176, "seconds": 16.902184648963157, "kinds": {"F": 17, "C": 0, "G": 0, "O": 13}, "full": 660, "reuse": 360, "attn_only": 0, "ffn_only": 0}
{"phase": "screen2", "prompt": 0, "seed": 3000, "method": "S2_attnL2w5+CFodd", "latent_mse_to_full": 0.011087283492088318, "seconds": 30.141092030971777, "kinds": {"F": 18, "C": 12, "G": 0, "O": 0}, "full": 1080, "reuse": 0, "attn_only": 360, "ffn_only": 0}
{"phase": "screen2", "prompt": 0, "seed": 3000, "method": "S2_L4+CFlate", "latent_mse_to_full": 0.01464765053242445, "seconds": 23.821215182950255, "kinds": {"F": 15, "C": 15, "G": 0, "O": 0}, "full": 900, "reuse": 450, "attn_only": 0, "ffn_only": 0}
{"phase": "screen2", "prompt": 0, "seed": 3000, "method": "S2_OS+L4_r25", "latent_mse_to_full": 0.03820151463150978, "seconds": 18.18173680099426, "kinds": {"F": 17, "C": 0, "G": 0, "O": 13}, "full": 720, "reuse": 300, "attn_only": 0, "ffn_only": 0}
{"phase": "screen2", "prompt": 1, "seed": 3000, "method": "full", "latent_mse_to_full": 0.0, "seconds": 43.79870610899525, "kinds": {"F": 30, "C": 0, "G": 0, "O": 0}, "full": 1800, "reuse": 0, "attn_only": 0, "ffn_only": 0}
{"phase": "screen2", "prompt": 1, "seed": 3000, "method": "full_perturb1e-2", "latent_mse_to_full": 0.09539719671010971, "seconds": 43.88068540301174, "kinds": {"F": 30, "C": 0, "G": 0, "O": 0}, "full": 1800, "reuse": 0, "attn_only": 0, "ffn_only": 0}
{"phase": "screen2", "prompt": 1, "seed": 3000, "method": "full_perturb1e-3", "latent_mse_to_full": 0.007692995015531778, "seconds": 43.9017676510266, "kinds": {"F": 30, "C": 0, "G": 0, "O": 0}, "full": 1800, "reuse": 0, "attn_only": 0, "ffn_only": 0}
{"phase": "screen2", "prompt": 1, "seed": 3000, "method": "steps14", "latent_mse_to_full": 0.5070805549621582, "seconds": 20.484678228967823, "kinds": {"F": 14, "C": 0, "G": 0, "O": 0}, "full": 840, "reuse": 0, "attn_only": 0, "ffn_only": 0}
{"phase": "screen2", "prompt": 1, "seed": 3000, "method": "steps13", "latent_mse_to_full": 0.582028329372406, "seconds": 18.992904366983566, "kinds": {"F": 13, "C": 0, "G": 0, "O": 0}, "full": 780, "reuse": 0, "attn_only": 0, "ffn_only": 0}
{"phase": "screen2", "prompt": 1, "seed": 3000, "method": "steps11", "latent_mse_to_full": 0.6670140624046326, "seconds": 16.064201786997728, "kinds": {"F": 11, "C": 0, "G": 0, "O": 0}, "full": 660, "reuse": 0, "attn_only": 0, "ffn_only": 0}
{"phase": "screen2", "prompt": 1, "seed": 3000, "method": "steps10", "latent_mse_to_full": 0.6557177901268005, "seconds": 14.625779871013947, "kinds": {"F": 10, "C": 0, "G": 0, "O": 0}, "full": 600, "reuse": 0, "attn_only": 0, "ffn_only": 0}
{"phase": "screen2", "prompt": 1, "seed": 3000, "method": "S2_L4+CFe", "latent_mse_to_full": 0.4103081226348877, "seconds": 21.323199325008318, "kinds": {"F": 26, "C": 4, "G": 0, "O": 0}, "full": 780, "reuse": 900, "attn_only": 0, "ffn_only": 0}
{"phase": "screen2", "prompt": 1, "seed": 3000, "method": "S2_L4+CFe+GI8", "latent_mse_to_full": 0.402937114238739, "seconds": 20.059368596994318, "kinds": {"F": 18, "C": 4, "G": 8, "O": 0}, "full": 720, "reuse": 720, "attn_only": 0, "ffn_only": 0}
{"phase": "screen2", "prompt": 1, "seed": 3000, "method": "S2_L4+GI12", "latent_mse_to_full": 0.030406417325139046, "seconds": 21.997958896041382, "kinds": {"F": 18, "C": 0, "G": 12, "O": 0}, "full": 810, "reuse": 630, "attn_only": 0, "ffn_only": 0}
{"phase": "screen2", "prompt": 1, "seed": 3000, "method": "S2_OS+L4+GI8", "latent_mse_to_full": 0.1845690757036209, "seconds": 16.891707647999283, "kinds": {"F": 13, "C": 0, "G": 4, "O": 13}, "full": 660, "reuse": 240, "attn_only": 0, "ffn_only": 0}
{"phase": "screen2", "prompt": 1, "seed": 3000, "method": "S2_OS+L4+CFe", "latent_mse_to_full": 0.4041678011417389, "seconds": 16.28138028999092, "kinds": {"F": 14, "C": 3, "G": 0, "O": 13}, "full": 630, "reuse": 300, "attn_only": 0, "ffn_only": 0}
{"phase": "screen2", "prompt": 1, "seed": 3000, "method": "S2_OS+L4+CFe+GI8", "latent_mse_to_full": 0.3977389931678772, "seconds": 14.943095160007942, "kinds": {"F": 10, "C": 3, "G": 4, "O": 13}, "full": 570, "reuse": 240, "attn_only": 0, "ffn_only": 0}
{"phase": "screen2", "prompt": 1, "seed": 3000, "method": "S2_OSlate+L4", "latent_mse_to_full": 0.020342234522104263, "seconds": 22.668531570991036, "kinds": {"F": 20, "C": 0, "G": 0, "O": 10}, "full": 900, "reuse": 300, "attn_only": 0, "ffn_only": 0}
{"phase": "screen2", "prompt": 1, "seed": 3000, "method": "S2_OSlate+L4+CFe+GI8", "latent_mse_to_full": 0.4063321650028229, "seconds": 18.697373104980215, "kinds": {"F": 12, "C": 4, "G": 4, "O": 10}, "full": 720, "reuse": 240, "attn_only": 0, "ffn_only": 0}
{"phase": "screen2", "prompt": 1, "seed": 3000, "method": "S2_OSv1+L4", "latent_mse_to_full": 0.1947152018547058, "seconds": 18.24574408197077, "kinds": {"F": 17, "C": 0, "G": 0, "O": 13}, "full": 720, "reuse": 300, "attn_only": 0, "ffn_only": 0}
{"phase": "screen2", "prompt": 1, "seed": 3000, "method": "S2_OS3x0", "latent_mse_to_full": 0.2513912320137024, "seconds": 19.02097179205157, "kinds": {"F": 13, "C": 0, "G": 0, "O": 17}, "full": 780, "reuse": 0, "attn_only": 0, "ffn_only": 0}
{"phase": "screen2", "prompt": 1, "seed": 3000, "method": "S2_OS3x0+Bhalf", "latent_mse_to_full": 0.23566724359989166, "seconds": 15.057897053018678, "kinds": {"F": 13, "C": 0, "G": 0, "O": 17}, "full": 600, "reuse": 180, "attn_only": 0, "ffn_only": 0}
{"phase": "screen2", "prompt": 1, "seed": 3000, "method": "S2_attnL4+OS", "latent_mse_to_full": 0.17976732552051544, "seconds": 20.14437618100783, "kinds": {"F": 17, "C": 0, "G": 0, "O": 13}, "full": 720, "reuse": 0, "attn_only": 300, "ffn_only": 0}
{"phase": "screen2", "prompt": 1, "seed": 3000, "method": "S2_L6+OS", "latent_mse_to_full": 0.17124779522418976, "seconds": 16.973999694979284, "kinds": {"F": 17, "C": 0, "G": 0, "O": 13}, "full": 660, "reuse": 360, "attn_only": 0, "ffn_only": 0}
{"phase": "screen2", "prompt": 1, "seed": 3000, "method": "S2_attnL2w5+CFodd", "latent_mse_to_full": 0.0826917439699173, "seconds": 30.285483432002366, "kinds": {"F": 18, "C": 12, "G": 0, "O": 0}, "full": 1080, "reuse": 0, "attn_only": 360, "ffn_only": 0}
{"phase": "screen2", "prompt": 1, "seed": 3000, "method": "S2_L4+CFlate", "latent_mse_to_full": 0.021047931164503098, "seconds": 23.969817076984327, "kinds": {"F": 15, "C": 15, "G": 0, "O": 0}, "full": 900, "reuse": 450, "attn_only": 0, "ffn_only": 0}
{"phase": "screen2", "prompt": 1, "seed": 3000, "method": "S2_OS+L4_r25", "latent_mse_to_full": 0.187433660030365, "seconds": 18.25510712596588, "kinds": {"F": 17, "C": 0, "G": 0, "O": 13}, "full": 720, "reuse": 300, "attn_only": 0, "ffn_only": 0}
{"phase": "screen2", "prompt": 2, "seed": 3000, "method": "full", "latent_mse_to_full": 0.0, "seconds": 82.6168956719921, "kinds": {"F": 30, "C": 0, "G": 0, "O": 0}, "full": 1800, "reuse": 0, "attn_only": 0, "ffn_only": 0}
{"phase": "screen2", "prompt": 2, "seed": 3000, "method": "full_perturb1e-2", "latent_mse_to_full": 0.03551752120256424, "seconds": 48.521381383005064, "kinds": {"F": 30, "C": 0, "G": 0, "O": 0}, "full": 1800, "reuse": 0, "attn_only": 0, "ffn_only": 0}
{"phase": "screen2", "prompt": 2, "seed": 3000, "method": "full_perturb1e-3", "latent_mse_to_full": 0.0055208648554980755, "seconds": 43.85164910799358, "kinds": {"F": 30, "C": 0, "G": 0, "O": 0}, "full": 1800, "reuse": 0, "attn_only": 0, "ffn_only": 0}
{"phase": "screen2", "prompt": 2, "seed": 3000, "method": "steps14", "latent_mse_to_full": 0.4715302586555481, "seconds": 20.444723816995975, "kinds": {"F": 14, "C": 0, "G": 0, "O": 0}, "full": 840, "reuse": 0, "attn_only": 0, "ffn_only": 0}
{"phase": "screen2", "prompt": 2, "seed": 3000, "method": "steps13", "latent_mse_to_full": 0.4721398949623108, "seconds": 18.985244279028848, "kinds": {"F": 13, "C": 0, "G": 0, "O": 0}, "full": 780, "reuse": 0, "attn_only": 0, "ffn_only": 0}
{"phase": "screen2", "prompt": 2, "seed": 3000, "method": "steps11", "latent_mse_to_full": 0.5092801451683044, "seconds": 16.064838413964026, "kinds": {"F": 11, "C": 0, "G": 0, "O": 0}, "full": 660, "reuse": 0, "attn_only": 0, "ffn_only": 0}
{"phase": "screen2", "prompt": 2, "seed": 3000, "method": "steps10", "latent_mse_to_full": 0.5883228778839111, "seconds": 14.588363334012683, "kinds": {"F": 10, "C": 0, "G": 0, "O": 0}, "full": 600, "reuse": 0, "attn_only": 0, "ffn_only": 0}
{"phase": "screen2", "prompt": 2, "seed": 3000, "method": "S2_L4+CFe", "latent_mse_to_full": 0.10490952432155609, "seconds": 21.34160950599471, "kinds": {"F": 26, "C": 4, "G": 0, "O": 0}, "full": 780, "reuse": 900, "attn_only": 0, "ffn_only": 0}
{"phase": "screen2", "prompt": 2, "seed": 3000, "method": "S2_L4+CFe+GI8", "latent_mse_to_full": 0.10175391286611557, "seconds": 19.95331301103579, "kinds": {"F": 18, "C": 4, "G": 8, "O": 0}, "full": 720, "reuse": 720, "attn_only": 0, "ffn_only": 0}
{"phase": "screen2", "prompt": 2, "seed": 3000, "method": "S2_L4+GI12", "latent_mse_to_full": 0.027886195108294487, "seconds": 21.848827857000288, "kinds": {"F": 18, "C": 0, "G": 12, "O": 0}, "full": 810, "reuse": 630, "attn_only": 0, "ffn_only": 0}
{"phase": "screen2", "prompt": 2, "seed": 3000, "method": "S2_OS+L4+GI8", "latent_mse_to_full": 0.09389214962720871, "seconds": 16.821665547962766, "kinds": {"F": 13, "C": 0, "G": 4, "O": 13}, "full": 660, "reuse": 240, "attn_only": 0, "ffn_only": 0}
{"phase": "screen2", "prompt": 2, "seed": 3000, "method": "S2_OS+L4+CFe", "latent_mse_to_full": 0.16411954164505005, "seconds": 16.22519777197158, "kinds": {"F": 14, "C": 3, "G": 0, "O": 13}, "full": 630, "reuse": 300, "attn_only": 0, "ffn_only": 0}
{"phase": "screen2", "prompt": 2, "seed": 3000, "method": "S2_OS+L4+CFe+GI8", "latent_mse_to_full": 0.15955163538455963, "seconds": 14.895029218052514, "kinds": {"F": 10, "C": 3, "G": 4, "O": 13}, "full": 570, "reuse": 240, "attn_only": 0, "ffn_only": 0}
{"phase": "screen2", "prompt": 2, "seed": 3000, "method": "S2_OSlate+L4", "latent_mse_to_full": 0.013365262188017368, "seconds": 22.556144175003283, "kinds": {"F": 20, "C": 0, "G": 0, "O": 10}, "full": 900, "reuse": 300, "attn_only": 0, "ffn_only": 0}
{"phase": "screen2", "prompt": 2, "seed": 3000, "method": "S2_OSlate+L4+CFe+GI8", "latent_mse_to_full": 0.10370926558971405, "seconds": 18.618656247970648, "kinds": {"F": 12, "C": 4, "G": 4, "O": 10}, "full": 720, "reuse": 240, "attn_only": 0, "ffn_only": 0}
{"phase": "screen2", "prompt": 2, "seed": 3000, "method": "S2_OSv1+L4", "latent_mse_to_full": 0.10202416777610779, "seconds": 18.217662133974954, "kinds": {"F": 17, "C": 0, "G": 0, "O": 13}, "full": 720, "reuse": 300, "attn_only": 0, "ffn_only": 0}
{"phase": "screen2", "prompt": 2, "seed": 3000, "method": "S2_OS3x0", "latent_mse_to_full": 0.1733635663986206, "seconds": 19.004697788041085, "kinds": {"F": 13, "C": 0, "G": 0, "O": 17}, "full": 780, "reuse": 0, "attn_only": 0, "ffn_only": 0}
{"phase": "screen2", "prompt": 2, "seed": 3000, "method": "S2_OS3x0+Bhalf", "latent_mse_to_full": 0.15946845710277557, "seconds": 15.016843758989125, "kinds": {"F": 13, "C": 0, "G": 0, "O": 17}, "full": 600, "reuse": 180, "attn_only": 0, "ffn_only": 0}
{"phase": "screen2", "prompt": 2, "seed": 3000, "method": "S2_attnL4+OS", "latent_mse_to_full": 0.09311239421367645, "seconds": 20.07727542403154, "kinds": {"F": 17, "C": 0, "G": 0, "O": 13}, "full": 720, "reuse": 0, "attn_only": 300, "ffn_only": 0}
{"phase": "screen2", "prompt": 2, "seed": 3000, "method": "S2_L6+OS", "latent_mse_to_full": 0.09251294285058975, "seconds": 16.90222932700999, "kinds": {"F": 17, "C": 0, "G": 0, "O": 13}, "full": 660, "reuse": 360, "attn_only": 0, "ffn_only": 0}
{"phase": "screen2", "prompt": 2, "seed": 3000, "method": "S2_attnL2w5+CFodd", "latent_mse_to_full": 0.03438310697674751, "seconds": 30.171318373002578, "kinds": {"F": 18, "C": 12, "G": 0, "O": 0}, "full": 1080, "reuse": 0, "attn_only": 360, "ffn_only": 0}
{"phase": "screen2", "prompt": 2, "seed": 3000, "method": "S2_L4+CFlate", "latent_mse_to_full": 0.01632544957101345, "seconds": 23.878397037042305, "kinds": {"F": 15, "C": 15, "G": 0, "O": 0}, "full": 900, "reuse": 450, "attn_only": 0, "ffn_only": 0}
{"phase": "screen2", "prompt": 2, "seed": 3000, "method": "S2_OS+L4_r25", "latent_mse_to_full": 0.09264256060123444, "seconds": 18.212169885984622, "kinds": {"F": 17, "C": 0, "G": 0, "O": 13}, "full": 720, "reuse": 300, "attn_only": 0, "ffn_only": 0}
{"phase": "screen2", "prompt": 3, "seed": 3000, "method": "full", "latent_mse_to_full": 0.0, "seconds": 43.85063295497093, "kinds": {"F": 30, "C": 0, "G": 0, "O": 0}, "full": 1800, "reuse": 0, "attn_only": 0, "ffn_only": 0}
{"phase": "screen2", "prompt": 3, "seed": 3000, "method": "full_perturb1e-2", "latent_mse_to_full": 0.05569472163915634, "seconds": 43.871750960010104, "kinds": {"F": 30, "C": 0, "G": 0, "O": 0}, "full": 1800, "reuse": 0, "attn_only": 0, "ffn_only": 0}
{"phase": "screen2", "prompt": 3, "seed": 3000, "method": "full_perturb1e-3", "latent_mse_to_full": 0.10131748020648956, "seconds": 43.83759313396877, "kinds": {"F": 30, "C": 0, "G": 0, "O": 0}, "full": 1800, "reuse": 0, "attn_only": 0, "ffn_only": 0}
{"phase": "screen2", "prompt": 3, "seed": 3000, "method": "steps14", "latent_mse_to_full": 0.7674872875213623, "seconds": 20.44595731800655, "kinds": {"F": 14, "C": 0, "G": 0, "O": 0}, "full": 840, "reuse": 0, "attn_only": 0, "ffn_only": 0}
{"phase": "screen2", "prompt": 3, "seed": 3000, "method": "steps13", "latent_mse_to_full": 0.7659544348716736, "seconds": 18.951640252023935, "kinds": {"F": 13, "C": 0, "G": 0, "O": 0}, "full": 780, "reuse": 0, "attn_only": 0, "ffn_only": 0}
{"phase": "screen2", "prompt": 3, "seed": 3000, "method": "steps11", "latent_mse_to_full": 0.7985112071037292, "seconds": 20.674697837035637, "kinds": {"F": 11, "C": 0, "G": 0, "O": 0}, "full": 660, "reuse": 0, "attn_only": 0, "ffn_only": 0}
{"phase": "screen2", "prompt": 3, "seed": 3000, "method": "steps10", "latent_mse_to_full": 0.8842499852180481, "seconds": 22.73252812802093, "kinds": {"F": 10, "C": 0, "G": 0, "O": 0}, "full": 600, "reuse": 0, "attn_only": 0, "ffn_only": 0}
{"phase": "screen2", "prompt": 3, "seed": 3000, "method": "S2_L4+CFe", "latent_mse_to_full": 0.22307467460632324, "seconds": 21.28239049500553, "kinds": {"F": 26, "C": 4, "G": 0, "O": 0}, "full": 780, "reuse": 900, "attn_only": 0, "ffn_only": 0}
{"phase": "screen2", "prompt": 3, "seed": 3000, "method": "S2_L4+CFe+GI8", "latent_mse_to_full": 0.21380223333835602, "seconds": 19.985640742001124, "kinds": {"F": 18, "C": 4, "G": 8, "O": 0}, "full": 720, "reuse": 720, "attn_only": 0, "ffn_only": 0}
{"phase": "screen2", "prompt": 3, "seed": 3000, "method": "S2_L4+GI12", "latent_mse_to_full": 0.044363051652908325, "seconds": 21.95806500094477, "kinds": {"F": 18, "C": 0, "G": 12, "O": 0}, "full": 810, "reuse": 630, "attn_only": 0, "ffn_only": 0}
{"phase": "screen2", "prompt": 3, "seed": 3000, "method": "S2_OS+L4+GI8", "latent_mse_to_full": 0.10641501843929291, "seconds": 16.875348626985215, "kinds": {"F": 13, "C": 0, "G": 4, "O": 13}, "full": 660, "reuse": 240, "attn_only": 0, "ffn_only": 0}
{"phase": "screen2", "prompt": 3, "seed": 3000, "method": "S2_OS+L4+CFe", "latent_mse_to_full": 0.34965163469314575, "seconds": 16.22838349099038, "kinds": {"F": 14, "C": 3, "G": 0, "O": 13}, "full": 630, "reuse": 300, "attn_only": 0, "ffn_only": 0}
{"phase": "screen2", "prompt": 3, "seed": 3000, "method": "S2_OS+L4+CFe+GI8", "latent_mse_to_full": 0.33469608426094055, "seconds": 14.954327975981869, "kinds": {"F": 10, "C": 3, "G": 4, "O": 13}, "full": 570, "reuse": 240, "attn_only": 0, "ffn_only": 0}
{"phase": "screen2", "prompt": 3, "seed": 3000, "method": "S2_OSlate+L4", "latent_mse_to_full": 0.027943912893533707, "seconds": 22.695849380048458, "kinds": {"F": 20, "C": 0, "G": 0, "O": 10}, "full": 900, "reuse": 300, "attn_only": 0, "ffn_only": 0}
{"phase": "screen2", "prompt": 3, "seed": 3000, "method": "S2_OSlate+L4+CFe+GI8", "latent_mse_to_full": 0.21563838422298431, "seconds": 18.655207918956876, "kinds": {"F": 12, "C": 4, "G": 4, "O": 10}, "full": 720, "reuse": 240, "attn_only": 0, "ffn_only": 0}
{"phase": "screen2", "prompt": 3, "seed": 3000, "method": "S2_OSv1+L4", "latent_mse_to_full": 0.11790379136800766, "seconds": 18.250373155984562, "kinds": {"F": 17, "C": 0, "G": 0, "O": 13}, "full": 720, "reuse": 300, "attn_only": 0, "ffn_only": 0}
{"phase": "screen2", "prompt": 3, "seed": 3000, "method": "S2_OS3x0", "latent_mse_to_full": 0.20848065614700317, "seconds": 19.016081710986327, "kinds": {"F": 13, "C": 0, "G": 0, "O": 17}, "full": 780, "reuse": 0, "attn_only": 0, "ffn_only": 0}
{"phase": "screen2", "prompt": 3, "seed": 3000, "method": "S2_OS3x0+Bhalf", "latent_mse_to_full": 0.20051360130310059, "seconds": 15.02527436800301, "kinds": {"F": 13, "C": 0, "G": 0, "O": 17}, "full": 600, "reuse": 180, "attn_only": 0, "ffn_only": 0}
{"phase": "screen2", "prompt": 3, "seed": 3000, "method": "S2_attnL4+OS", "latent_mse_to_full": 0.10838302969932556, "seconds": 20.059135455987416, "kinds": {"F": 17, "C": 0, "G": 0, "O": 13}, "full": 720, "reuse": 0, "attn_only": 300, "ffn_only": 0}
{"phase": "screen2", "prompt": 3, "seed": 3000, "method": "S2_L6+OS", "latent_mse_to_full": 0.10825046896934509, "seconds": 16.920860280981287, "kinds": {"F": 17, "C": 0, "G": 0, "O": 13}, "full": 660, "reuse": 360, "attn_only": 0, "ffn_only": 0}
{"phase": "screen2", "prompt": 3, "seed": 3000, "method": "S2_attnL2w5+CFodd", "latent_mse_to_full": 0.04862988740205765, "seconds": 30.218640259001404, "kinds": {"F": 18, "C": 12, "G": 0, "O": 0}, "full": 1080, "reuse": 0, "attn_only": 360, "ffn_only": 0}
{"phase": "screen2", "prompt": 3, "seed": 3000, "method": "S2_L4+CFlate", "latent_mse_to_full": 0.03126519173383713, "seconds": 23.959693832031917, "kinds": {"F": 15, "C": 15, "G": 0, "O": 0}, "full": 900, "reuse": 450, "attn_only": 0, "ffn_only": 0}
{"phase": "screen2", "prompt": 3, "seed": 3000, "method": "S2_OS+L4_r25", "latent_mse_to_full": 0.11242197453975677, "seconds": 18.239149556029588, "kinds": {"F": 17, "C": 0, "G": 0, "O": 13}, "full": 720, "reuse": 300, "attn_only": 0, "ffn_only": 0}
{"phase": "screen2", "prompt": 4, "seed": 3000, "method": "full", "latent_mse_to_full": 0.0, "seconds": 43.88279036997119, "kinds": {"F": 30, "C": 0, "G": 0, "O": 0}, "full": 1800, "reuse": 0, "attn_only": 0, "ffn_only": 0}
{"phase": "screen2", "prompt": 4, "seed": 3000, "method": "full_perturb1e-2", "latent_mse_to_full": 0.008287394419312477, "seconds": 43.81138318794547, "kinds": {"F": 30, "C": 0, "G": 0, "O": 0}, "full": 1800, "reuse": 0, "attn_only": 0, "ffn_only": 0}
{"phase": "screen2", "prompt": 4, "seed": 3000, "method": "full_perturb1e-3", "latent_mse_to_full": 0.000603355816565454, "seconds": 43.85824022901943, "kinds": {"F": 30, "C": 0, "G": 0, "O": 0}, "full": 1800, "reuse": 0, "attn_only": 0, "ffn_only": 0}
{"phase": "screen2", "prompt": 4, "seed": 3000, "method": "steps14", "latent_mse_to_full": 0.22306926548480988, "seconds": 20.467762173037045, "kinds": {"F": 14, "C": 0, "G": 0, "O": 0}, "full": 840, "reuse": 0, "attn_only": 0, "ffn_only": 0}
{"phase": "screen2", "prompt": 4, "seed": 3000, "method": "steps13", "latent_mse_to_full": 0.24682720005512238, "seconds": 19.00164847599808, "kinds": {"F": 13, "C": 0, "G": 0, "O": 0}, "full": 780, "reuse": 0, "attn_only": 0, "ffn_only": 0}
{"phase": "screen2", "prompt": 4, "seed": 3000, "method": "steps11", "latent_mse_to_full": 0.29097095131874084, "seconds": 16.039518019009847, "kinds": {"F": 11, "C": 0, "G": 0, "O": 0}, "full": 660, "reuse": 0, "attn_only": 0, "ffn_only": 0}
{"phase": "screen2", "prompt": 4, "seed": 3000, "method": "steps10", "latent_mse_to_full": 0.2915973365306854, "seconds": 14.585234188998584, "kinds": {"F": 10, "C": 0, "G": 0, "O": 0}, "full": 600, "reuse": 0, "attn_only": 0, "ffn_only": 0}
{"phase": "screen2", "prompt": 4, "seed": 3000, "method": "S2_L4+CFe", "latent_mse_to_full": 0.2675762474536896, "seconds": 21.38946146296803, "kinds": {"F": 26, "C": 4, "G": 0, "O": 0}, "full": 780, "reuse": 900, "attn_only": 0, "ffn_only": 0}
{"phase": "screen2", "prompt": 4, "seed": 3000, "method": "S2_L4+CFe+GI8", "latent_mse_to_full": 0.25903797149658203, "seconds": 19.99273803003598, "kinds": {"F": 18, "C": 4, "G": 8, "O": 0}, "full": 720, "reuse": 720, "attn_only": 0, "ffn_only": 0}
{"phase": "screen2", "prompt": 4, "seed": 3000, "method": "S2_L4+GI12", "latent_mse_to_full": 0.025219358503818512, "seconds": 21.971238142985385, "kinds": {"F": 18, "C": 0, "G": 12, "O": 0}, "full": 810, "reuse": 630, "attn_only": 0, "ffn_only": 0}
{"phase": "screen2", "prompt": 4, "seed": 3000, "method": "S2_OS+L4+GI8", "latent_mse_to_full": 0.11666163802146912, "seconds": 16.88857295300113, "kinds": {"F": 13, "C": 0, "G": 4, "O": 13}, "full": 660, "reuse": 240, "attn_only": 0, "ffn_only": 0}
{"phase": "screen2", "prompt": 4, "seed": 3000, "method": "S2_OS+L4+CFe", "latent_mse_to_full": 0.21773803234100342, "seconds": 16.224157825985458, "kinds": {"F": 14, "C": 3, "G": 0, "O": 13}, "full": 630, "reuse": 300, "attn_only": 0, "ffn_only": 0}
{"phase": "screen2", "prompt": 4, "seed": 3000, "method": "S2_OS+L4+CFe+GI8", "latent_mse_to_full": 0.20646528899669647, "seconds": 14.906523470010143, "kinds": {"F": 10, "C": 3, "G": 4, "O": 13}, "full": 570, "reuse": 240, "attn_only": 0, "ffn_only": 0}
{"phase": "screen2", "prompt": 4, "seed": 3000, "method": "S2_OSlate+L4", "latent_mse_to_full": 0.015564950183033943, "seconds": 22.630961626011413, "kinds": {"F": 20, "C": 0, "G": 0, "O": 10}, "full": 900, "reuse": 300, "attn_only": 0, "ffn_only": 0}
{"phase": "screen2", "prompt": 4, "seed": 3000, "method": "S2_OSlate+L4+CFe+GI8", "latent_mse_to_full": 0.2618247866630554, "seconds": 18.634123411029577, "kinds": {"F": 12, "C": 4, "G": 4, "O": 10}, "full": 720, "reuse": 240, "attn_only": 0, "ffn_only": 0}
{"phase": "screen2", "prompt": 4, "seed": 3000, "method": "S2_OSv1+L4", "latent_mse_to_full": 0.12397371977567673, "seconds": 18.193266966030933, "kinds": {"F": 17, "C": 0, "G": 0, "O": 13}, "full": 720, "reuse": 300, "attn_only": 0, "ffn_only": 0}
{"phase": "screen2", "prompt": 4, "seed": 3000, "method": "S2_OS3x0", "latent_mse_to_full": 0.13796894252300262, "seconds": 18.971794128010515, "kinds": {"F": 13, "C": 0, "G": 0, "O": 17}, "full": 780, "reuse": 0, "attn_only": 0, "ffn_only": 0}
{"phase": "screen2", "prompt": 4, "seed": 3000, "method": "S2_OS3x0+Bhalf", "latent_mse_to_full": 0.13323956727981567, "seconds": 15.011134294967633, "kinds": {"F": 13, "C": 0, "G": 0, "O": 17}, "full": 600, "reuse": 180, "attn_only": 0, "ffn_only": 0}
{"phase": "screen2", "prompt": 4, "seed": 3000, "method": "S2_attnL4+OS", "latent_mse_to_full": 0.11320744454860687, "seconds": 20.071783847000916, "kinds": {"F": 17, "C": 0, "G": 0, "O": 13}, "full": 720, "reuse": 0, "attn_only": 300, "ffn_only": 0}
{"phase": "screen2", "prompt": 4, "seed": 3000, "method": "S2_L6+OS", "latent_mse_to_full": 0.11342133581638336, "seconds": 16.958211523015052, "kinds": {"F": 17, "C": 0, "G": 0, "O": 13}, "full": 660, "reuse": 360, "attn_only": 0, "ffn_only": 0}
{"phase": "screen2", "prompt": 4, "seed": 3000, "method": "S2_attnL2w5+CFodd", "latent_mse_to_full": 0.031226253136992455, "seconds": 30.149637198017444, "kinds": {"F": 18, "C": 12, "G": 0, "O": 0}, "full": 1080, "reuse": 0, "attn_only": 360, "ffn_only": 0}
{"phase": "screen2", "prompt": 4, "seed": 3000, "method": "S2_L4+CFlate", "latent_mse_to_full": 0.016543731093406677, "seconds": 23.984904935001396, "kinds": {"F": 15, "C": 15, "G": 0, "O": 0}, "full": 900, "reuse": 450, "attn_only": 0, "ffn_only": 0}
{"phase": "screen2", "prompt": 4, "seed": 3000, "method": "S2_OS+L4_r25", "latent_mse_to_full": 0.12269968539476395, "seconds": 18.240115655004047, "kinds": {"F": 17, "C": 0, "G": 0, "O": 13}, "full": 720, "reuse": 300, "attn_only": 0, "ffn_only": 0}
{"phase": "screen2", "prompt": 5, "seed": 3000, "method": "full", "latent_mse_to_full": 0.0, "seconds": 44.01087862701388, "kinds": {"F": 30, "C": 0, "G": 0, "O": 0}, "full": 1800, "reuse": 0, "attn_only": 0, "ffn_only": 0}
{"phase": "screen2", "prompt": 5, "seed": 3000, "method": "full_perturb1e-2", "latent_mse_to_full": 0.024261539801955223, "seconds": 43.98510365898255, "kinds": {"F": 30, "C": 0, "G": 0, "O": 0}, "full": 1800, "reuse": 0, "attn_only": 0, "ffn_only": 0}
{"phase": "screen2", "prompt": 5, "seed": 3000, "method": "full_perturb1e-3", "latent_mse_to_full": 0.016315484419465065, "seconds": 43.9343773489818, "kinds": {"F": 30, "C": 0, "G": 0, "O": 0}, "full": 1800, "reuse": 0, "attn_only": 0, "ffn_only": 0}
{"phase": "screen2", "prompt": 5, "seed": 3000, "method": "steps14", "latent_mse_to_full": 0.3653966188430786, "seconds": 20.494351467001252, "kinds": {"F": 14, "C": 0, "G": 0, "O": 0}, "full": 840, "reuse": 0, "attn_only": 0, "ffn_only": 0}
{"phase": "screen2", "prompt": 5, "seed": 3000, "method": "steps13", "latent_mse_to_full": 0.3623940348625183, "seconds": 19.02873906097375, "kinds": {"F": 13, "C": 0, "G": 0, "O": 0}, "full": 780, "reuse": 0, "attn_only": 0, "ffn_only": 0}
{"phase": "screen2", "prompt": 5, "seed": 3000, "method": "steps11", "latent_mse_to_full": 0.39251649379730225, "seconds": 16.105452945048455, "kinds": {"F": 11, "C": 0, "G": 0, "O": 0}, "full": 660, "reuse": 0, "attn_only": 0, "ffn_only": 0}
{"phase": "screen2", "prompt": 5, "seed": 3000, "method": "steps10", "latent_mse_to_full": 0.4380730390548706, "seconds": 14.621774843952153, "kinds": {"F": 10, "C": 0, "G": 0, "O": 0}, "full": 600, "reuse": 0, "attn_only": 0, "ffn_only": 0}
{"phase": "screen2", "prompt": 5, "seed": 3000, "method": "S2_L4+CFe", "latent_mse_to_full": 0.11138810217380524, "seconds": 21.385516476992052, "kinds": {"F": 26, "C": 4, "G": 0, "O": 0}, "full": 780, "reuse": 900, "attn_only": 0, "ffn_only": 0}
{"phase": "screen2", "prompt": 5, "seed": 3000, "method": "S2_L4+CFe+GI8", "latent_mse_to_full": 0.10390967130661011, "seconds": 20.02858278801432, "kinds": {"F": 18, "C": 4, "G": 8, "O": 0}, "full": 720, "reuse": 720, "attn_only": 0, "ffn_only": 0}
{"phase": "screen2", "prompt": 5, "seed": 3000, "method": "S2_L4+GI12", "latent_mse_to_full": 0.03716535493731499, "seconds": 21.940091538010165, "kinds": {"F": 18, "C": 0, "G": 12, "O": 0}, "full": 810, "reuse": 630, "attn_only": 0, "ffn_only": 0}
{"phase": "screen2", "prompt": 5, "seed": 3000, "method": "S2_OS+L4+GI8", "latent_mse_to_full": 0.04450922831892967, "seconds": 16.910671155026648, "kinds": {"F": 13, "C": 0, "G": 4, "O": 13}, "full": 660, "reuse": 240, "attn_only": 0, "ffn_only": 0}
{"phase": "screen2", "prompt": 5, "seed": 3000, "method": "S2_OS+L4+CFe", "latent_mse_to_full": 0.20081473886966705, "seconds": 16.256268849014305, "kinds": {"F": 14, "C": 3, "G": 0, "O": 13}, "full": 630, "reuse": 300, "attn_only": 0, "ffn_only": 0}
{"phase": "screen2", "prompt": 5, "seed": 3000, "method": "S2_OS+L4+CFe+GI8", "latent_mse_to_full": 0.1953740268945694, "seconds": 14.943412446998991, "kinds": {"F": 10, "C": 3, "G": 4, "O": 13}, "full": 570, "reuse": 240, "attn_only": 0, "ffn_only": 0}
{"phase": "screen2", "prompt": 5, "seed": 3000, "method": "S2_OSlate+L4", "latent_mse_to_full": 0.03256763890385628, "seconds": 22.66465510299895, "kinds": {"F": 20, "C": 0, "G": 0, "O": 10}, "full": 900, "reuse": 300, "attn_only": 0, "ffn_only": 0}
{"phase": "screen2", "prompt": 5, "seed": 3000, "method": "S2_OSlate+L4+CFe+GI8", "latent_mse_to_full": 0.10445612668991089, "seconds": 18.66585001599742, "kinds": {"F": 12, "C": 4, "G": 4, "O": 10}, "full": 720, "reuse": 240, "attn_only": 0, "ffn_only": 0}
{"phase": "screen2", "prompt": 5, "seed": 3000, "method": "S2_OSv1+L4", "latent_mse_to_full": 0.050918810069561005, "seconds": 18.288871156983078, "kinds": {"F": 17, "C": 0, "G": 0, "O": 13}, "full": 720, "reuse": 300, "attn_only": 0, "ffn_only": 0}
{"phase": "screen2", "prompt": 5, "seed": 3000, "method": "S2_OS3x0", "latent_mse_to_full": 0.08235671371221542, "seconds": 19.04336658603279, "kinds": {"F": 13, "C": 0, "G": 0, "O": 17}, "full": 780, "reuse": 0, "attn_only": 0, "ffn_only": 0}
{"phase": "screen2", "prompt": 5, "seed": 3000, "method": "S2_OS3x0+Bhalf", "latent_mse_to_full": 0.08012304455041885, "seconds": 15.105347680975683, "kinds": {"F": 13, "C": 0, "G": 0, "O": 17}, "full": 600, "reuse": 180, "attn_only": 0, "ffn_only": 0}
{"phase": "screen2", "prompt": 5, "seed": 3000, "method": "S2_attnL4+OS", "latent_mse_to_full": 0.046365149319171906, "seconds": 20.11323007196188, "kinds": {"F": 17, "C": 0, "G": 0, "O": 13}, "full": 720, "reuse": 0, "attn_only": 300, "ffn_only": 0}
{"phase": "screen2", "prompt": 5, "seed": 3000, "method": "S2_L6+OS", "latent_mse_to_full": 0.05126570910215378, "seconds": 16.923581414972432, "kinds": {"F": 17, "C": 0, "G": 0, "O": 13}, "full": 660, "reuse": 360, "attn_only": 0, "ffn_only": 0}
{"phase": "screen2", "prompt": 5, "seed": 3000, "method": "S2_attnL2w5+CFodd", "latent_mse_to_full": 0.04517735168337822, "seconds": 30.25781100196764, "kinds": {"F": 18, "C": 12, "G": 0, "O": 0}, "full": 1080, "reuse": 0, "attn_only": 360, "ffn_only": 0}
{"phase": "screen2", "prompt": 5, "seed": 3000, "method": "S2_L4+CFlate", "latent_mse_to_full": 0.03198845311999321, "seconds": 23.90241200098535, "kinds": {"F": 15, "C": 15, "G": 0, "O": 0}, "full": 900, "reuse": 450, "attn_only": 0, "ffn_only": 0}
{"phase": "screen2", "prompt": 5, "seed": 3000, "method": "S2_OS+L4_r25", "latent_mse_to_full": 0.04901653528213501, "seconds": 18.236911160987802, "kinds": {"F": 17, "C": 0, "G": 0, "O": 13}, "full": 720, "reuse": 300, "attn_only": 0, "ffn_only": 0}
{"phase": "screen2", "prompt": 6, "seed": 3000, "method": "full", "latent_mse_to_full": 0.0, "seconds": 43.929458155995235, "kinds": {"F": 30, "C": 0, "G": 0, "O": 0}, "full": 1800, "reuse": 0, "attn_only": 0, "ffn_only": 0}
{"phase": "screen2", "prompt": 6, "seed": 3000, "method": "full_perturb1e-2", "latent_mse_to_full": 0.0009110383107326925, "seconds": 43.89069887297228, "kinds": {"F": 30, "C": 0, "G": 0, "O": 0}, "full": 1800, "reuse": 0, "attn_only": 0, "ffn_only": 0}
{"phase": "screen2", "prompt": 6, "seed": 3000, "method": "full_perturb1e-3", "latent_mse_to_full": 0.00020886765560135245, "seconds": 43.89600403798977, "kinds": {"F": 30, "C": 0, "G": 0, "O": 0}, "full": 1800, "reuse": 0, "attn_only": 0, "ffn_only": 0}
{"phase": "screen2", "prompt": 6, "seed": 3000, "method": "steps14", "latent_mse_to_full": 0.26024121046066284, "seconds": 20.484647152014077, "kinds": {"F": 14, "C": 0, "G": 0, "O": 0}, "full": 840, "reuse": 0, "attn_only": 0, "ffn_only": 0}
{"phase": "screen2", "prompt": 6, "seed": 3000, "method": "steps13", "latent_mse_to_full": 0.24920780956745148, "seconds": 18.980070143996272, "kinds": {"F": 13, "C": 0, "G": 0, "O": 0}, "full": 780, "reuse": 0, "attn_only": 0, "ffn_only": 0}
{"phase": "screen2", "prompt": 6, "seed": 3000, "method": "steps11", "latent_mse_to_full": 0.2812650501728058, "seconds": 16.09450778696919, "kinds": {"F": 11, "C": 0, "G": 0, "O": 0}, "full": 660, "reuse": 0, "attn_only": 0, "ffn_only": 0}
{"phase": "screen2", "prompt": 6, "seed": 3000, "method": "steps10", "latent_mse_to_full": 0.32423466444015503, "seconds": 14.600528350973036, "kinds": {"F": 10, "C": 0, "G": 0, "O": 0}, "full": 600, "reuse": 0, "attn_only": 0, "ffn_only": 0}
{"phase": "screen2", "prompt": 6, "seed": 3000, "method": "S2_L4+CFe", "latent_mse_to_full": 0.047927942126989365, "seconds": 21.393004612007644, "kinds": {"F": 26, "C": 4, "G": 0, "O": 0}, "full": 780, "reuse": 900, "attn_only": 0, "ffn_only": 0}
{"phase": "screen2", "prompt": 6, "seed": 3000, "method": "S2_L4+CFe+GI8", "latent_mse_to_full": 0.045450855046510696, "seconds": 19.962842768989503, "kinds": {"F": 18, "C": 4, "G": 8, "O": 0}, "full": 720, "reuse": 720, "attn_only": 0, "ffn_only": 0}
{"phase": "screen2", "prompt": 6, "seed": 3000, "method": "S2_L4+GI12", "latent_mse_to_full": 0.0221457127481699, "seconds": 22.001092679041903, "kinds": {"F": 18, "C": 0, "G": 12, "O": 0}, "full": 810, "reuse": 630, "attn_only": 0, "ffn_only": 0}
{"phase": "screen2", "prompt": 6, "seed": 3000, "method": "S2_OS+L4+GI8", "latent_mse_to_full": 0.022132743149995804, "seconds": 16.887479214987252, "kinds": {"F": 13, "C": 0, "G": 4, "O": 13}, "full": 660, "reuse": 240, "attn_only": 0, "ffn_only": 0}
