{"phase": "screen5", "prompt": 0, "seed": 3000, "method": "full", "latent_mse_to_full": 0.0, "seconds": 44.051637217984535, "kinds": {"F": 30, "C": 0, "G": 0, "O": 0}, "full": 1800, "reuse": 0, "attn_only": 0, "ffn_only": 0}
{"phase": "screen5", "prompt": 0, "seed": 3000, "method": "S5_Ow6_L4", "latent_mse_to_full": 0.0424606129527092, "seconds": 18.264078145031817, "kinds": {"F": 18, "C": 0, "G": 0, "O": 12}, "full": 720, "reuse": 360, "attn_only": 0, "ffn_only": 0}
{"phase": "screen5", "prompt": 0, "seed": 3000, "method": "S5_Ow8_L4", "latent_mse_to_full": 0.020269956439733505, "seconds": 21.079542048973963, "kinds": {"F": 19, "C": 0, "G": 0, "O": 11}, "full": 840, "reuse": 300, "attn_only": 0, "ffn_only": 0}
{"phase": "screen5", "prompt": 0, "seed": 3000, "method": "S5_Ow10_L4", "latent_mse_to_full": 0.012848300859332085, "seconds": 22.52085170999635, "kinds": {"F": 20, "C": 0, "G": 0, "O": 10}, "full": 900, "reuse": 300, "attn_only": 0, "ffn_only": 0}
{"phase": "screen5", "prompt": 0, "seed": 3000, "method": "S5_Ow12_L4", "latent_mse_to_full": 0.004062835592776537, "seconds": 25.269505729025695, "kinds": {"F": 21, "C": 0, "G": 0, "O": 9}, "full": 1020, "reuse": 240, "attn_only": 0, "ffn_only": 0}
{"phase": "screen5", "prompt": 0, "seed": 3000, "method": "S5_Ow14_L4", "latent_mse_to_full": 0.006711517460644245, "seconds": 26.736800276034046, "kinds": {"F": 22, "C": 0, "G": 0, "O": 8}, "full": 1080, "reuse": 240, "attn_only": 0, "ffn_only": 0}
{"phase": "screen5", "prompt": 0, "seed": 3000, "method": "S5_Ow10_noB", "latent_mse_to_full": 0.0023071877658367157, "seconds": 29.09462220495334, "kinds": {"F": 20, "C": 0, "G": 0, "O": 10}, "full": 1200, "reuse": 0, "attn_only": 0, "ffn_only": 0}
{"phase": "screen5", "prompt": 0, "seed": 3000, "method": "S5_Ow10_L6", "latent_mse_to_full": 0.020647751167416573, "seconds": 21.156595848035067, "kinds": {"F": 20, "C": 0, "G": 0, "O": 10}, "full": 840, "reuse": 360, "attn_only": 0, "ffn_only": 0}
{"phase": "screen5", "prompt": 0, "seed": 3000, "method": "S5_Ow8_L6", "latent_mse_to_full": 0.04061000794172287, "seconds": 18.37561819900293, "kinds": {"F": 19, "C": 0, "G": 0, "O": 11}, "full": 720, "reuse": 420, "attn_only": 0, "ffn_only": 0}
{"phase": "screen5", "prompt": 0, "seed": 3000, "method": "S5_Ow10_L4_GI22", "latent_mse_to_full": 0.01753503642976284, "seconds": 21.166800096980296, "kinds": {"F": 16, "C": 0, "G": 4, "O": 10}, "full": 840, "reuse": 240, "attn_only": 0, "ffn_only": 0}
{"phase": "screen5", "prompt": 0, "seed": 3000, "method": "S5_Ow10_L4_GI18", "latent_mse_to_full": 0.024079259485006332, "seconds": 20.544174930953886, "kinds": {"F": 14, "C": 0, "G": 6, "O": 10}, "full": 810, "reuse": 210, "attn_only": 0, "ffn_only": 0}
{"phase": "screen5", "prompt": 0, "seed": 3000, "method": "S5_Ow8_L4_GI22", "latent_mse_to_full": 0.024684732779860497, "seconds": 19.73852071998408, "kinds": {"F": 15, "C": 0, "G": 4, "O": 11}, "full": 780, "reuse": 240, "attn_only": 0, "ffn_only": 0}
{"phase": "screen5", "prompt": 0, "seed": 3000, "method": "S5_Ow10_attnL4", "latent_mse_to_full": 0.012668595649302006, "seconds": 24.399904807971325, "kinds": {"F": 20, "C": 0, "G": 0, "O": 10}, "full": 900, "reuse": 0, "attn_only": 300, "ffn_only": 0}
{"phase": "screen5", "prompt": 0, "seed": 3000, "method": "S5_Ow10_L4_d75", "latent_mse_to_full": 0.012257102876901627, "seconds": 22.57013512798585, "kinds": {"F": 20, "C": 0, "G": 0, "O": 10}, "full": 900, "reuse": 300, "attn_only": 0, "ffn_only": 0}
{"phase": "screen5", "prompt": 0, "seed": 3000, "method": "S5_Ow10_L4_mid", "latent_mse_to_full": 0.012890154495835304, "seconds": 23.5047279529972, "kinds": {"F": 20, "C": 0, "G": 0, "O": 10}, "full": 940, "reuse": 260, "attn_only": 0, "ffn_only": 0}
{"phase": "screen5", "prompt": 0, "seed": 3000, "method": "S5_O3w10_B2", "latent_mse_to_full": 0.01746586710214615, "seconds": 20.774086888995953, "kinds": {"F": 17, "C": 0, "G": 0, "O": 13}, "full": 840, "reuse": 180, "attn_only": 0, "ffn_only": 0}
{"phase": "screen5", "prompt": 0, "seed": 3000, "method": "S5_O3w10_noB", "latent_mse_to_full": 0.010023161768913269, "seconds": 24.73578098800499, "kinds": {"F": 17, "C": 0, "G": 0, "O": 13}, "full": 1020, "reuse": 0, "attn_only": 0, "ffn_only": 0}
{"phase": "screen5", "prompt": 0, "seed": 3000, "method": "S5_O3w12_B2", "latent_mse_to_full": 0.018148696050047874, "seconds": 22.30744446598692, "kinds": {"F": 18, "C": 0, "G": 0, "O": 12}, "full": 900, "reuse": 180, "attn_only": 0, "ffn_only": 0}
{"phase": "screen5", "prompt": 0, "seed": 3000, "method": "S5_O3w10_B2_GI22", "latent_mse_to_full": 0.024379849433898926, "seconds": 19.358246307994705, "kinds": {"F": 14, "C": 0, "G": 3, "O": 13}, "full": 780, "reuse": 150, "attn_only": 0, "ffn_only": 0}
{"phase": "screen5", "prompt": 0, "seed": 3000, "method": "S5_Ow10_L4+earlyMid", "latent_mse_to_full": 0.05685405805706978, "seconds": 20.745185528998263, "kinds": {"F": 20, "C": 0, "G": 0, "O": 10}, "full": 820, "reuse": 380, "attn_only": 0, "ffn_only": 0}
{"phase": "screen5", "prompt": 0, "seed": 3000, "method": "steps12", "latent_mse_to_full": 0.45812976360321045, "seconds": 17.4980800919584, "kinds": {"F": 12, "C": 0, "G": 0, "O": 0}, "full": 720, "reuse": 0, "attn_only": 0, "ffn_only": 0}
{"phase": "screen5", "prompt": 0, "seed": 3000, "method": "steps14", "latent_mse_to_full": 0.4167691767215729, "seconds": 20.41029815300135, "kinds": {"F": 14, "C": 0, "G": 0, "O": 0}, "full": 840, "reuse": 0, "attn_only": 0, "ffn_only": 0}
{"phase": "screen5", "prompt": 0, "seed": 3000, "method": "steps16", "latent_mse_to_full": 0.34752002358436584, "seconds": 23.29262664000271, "kinds": {"F": 16, "C": 0, "G": 0, "O": 0}, "full": 960, "reuse": 0, "attn_only": 0, "ffn_only": 0}
{"phase": "screen5", "prompt": 1, "seed": 3000, "method": "full", "latent_mse_to_full": 0.0, "seconds": 43.802785736043006, "kinds": {"F": 30, "C": 0, "G": 0, "O": 0}, "full": 1800, "reuse": 0, "attn_only": 0, "ffn_only": 0}
{"phase": "screen5", "prompt": 1, "seed": 3000, "method": "S5_Ow6_L4", "latent_mse_to_full": 0.06817185133695602, "seconds": 18.27469504601322, "kinds": {"F": 18, "C": 0, "G": 0, "O": 12}, "full": 720, "reuse": 360, "attn_only": 0, "ffn_only": 0}
{"phase": "screen5", "prompt": 1, "seed": 3000, "method": "S5_Ow8_L4", "latent_mse_to_full": 0.03369720280170441, "seconds": 21.16354998497991, "kinds": {"F": 19, "C": 0, "G": 0, "O": 11}, "full": 840, "reuse": 300, "attn_only": 0, "ffn_only": 0}
{"phase": "screen5", "prompt": 1, "seed": 3000, "method": "S5_Ow10_L4", "latent_mse_to_full": 0.020342234522104263, "seconds": 22.622484538005665, "kinds": {"F": 20, "C": 0, "G": 0, "O": 10}, "full": 900, "reuse": 300, "attn_only": 0, "ffn_only": 0}
{"phase": "screen5", "prompt": 1, "seed": 3000, "method": "S5_Ow12_L4", "latent_mse_to_full": 0.00824341643601656, "seconds": 25.34221203700872, "kinds": {"F": 21, "C": 0, "G": 0, "O": 9}, "full": 1020, "reuse": 240, "attn_only": 0, "ffn_only": 0}
{"phase": "screen5", "prompt": 1, "seed": 3000, "method": "S5_Ow14_L4", "latent_mse_to_full": 0.011496884748339653, "seconds": 26.854246224975213, "kinds": {"F": 22, "C": 0, "G": 0, "O": 8}, "full": 1080, "reuse": 240, "attn_only": 0, "ffn_only": 0}
