{"phase": "confirm", "prompt": 8, "seed": 3000, "method": "full", "latent_mse_to_full": 0.0, "seconds": 44.225308513036, "kinds": {"F": 30, "C": 0, "G": 0, "O": 0}, "full": 1800, "reuse": 0, "attn_only": 0, "ffn_only": 0}
{"phase": "confirm", "prompt": 8, "seed": 3000, "method": "full_perturb1e-2", "latent_mse_to_full": 0.005154918879270554, "seconds": 43.881179374002386, "kinds": {"F": 30, "C": 0, "G": 0, "O": 0}, "full": 1800, "reuse": 0, "attn_only": 0, "ffn_only": 0}
{"phase": "confirm", "prompt": 8, "seed": 3000, "method": "steps16", "latent_mse_to_full": 0.1471971869468689, "seconds": 23.38600227003917, "kinds": {"F": 16, "C": 0, "G": 0, "O": 0}, "full": 960, "reuse": 0, "attn_only": 0, "ffn_only": 0}
{"phase": "confirm", "prompt": 8, "seed": 3000, "method": "steps12", "latent_mse_to_full": 0.28861501812934875, "seconds": 17.527438893041108, "kinds": {"F": 12, "C": 0, "G": 0, "O": 0}, "full": 720, "reuse": 0, "attn_only": 0, "ffn_only": 0}
{"phase": "confirm", "prompt": 8, "seed": 3000, "method": "BR_L4", "latent_mse_to_full": 0.017309634014964104, "seconds": 24.037500288977753, "kinds": {"F": 30, "C": 0, "G": 0, "O": 0}, "full": 900, "reuse": 900, "attn_only": 0, "ffn_only": 0}
{"phase": "confirm", "prompt": 8, "seed": 3000, "method": "BR_L6_w10", "latent_mse_to_full": 0.031270913779735565, "seconds": 22.72525943000801, "kinds": {"F": 30, "C": 0, "G": 0, "O": 0}, "full": 840, "reuse": 960, "attn_only": 0, "ffn_only": 0}
{"phase": "confirm", "prompt": 8, "seed": 3000, "method": "OP_attn_L4", "latent_mse_to_full": 0.011470419354736805, "seconds": 29.530299987993203, "kinds": {"F": 30, "C": 0, "G": 0, "O": 0}, "full": 900, "reuse": 0, "attn_only": 900, "ffn_only": 0}
{"phase": "confirm", "prompt": 8, "seed": 3000, "method": "CB_L4+GI8", "latent_mse_to_full": 0.01930115558207035, "seconds": 22.67818884702865, "kinds": {"F": 22, "C": 0, "G": 8, "O": 0}, "full": 840, "reuse": 720, "attn_only": 0, "ffn_only": 0}
{"phase": "confirm", "prompt": 8, "seed": 3000, "method": "CB_L6+GI8", "latent_mse_to_full": 0.03465839847922325, "seconds": 21.414996706997044, "kinds": {"F": 22, "C": 0, "G": 8, "O": 0}, "full": 780, "reuse": 780, "attn_only": 0, "ffn_only": 0}
{"phase": "confirm", "prompt": 8, "seed": 3000, "method": "CB_OSx0+L4", "latent_mse_to_full": 0.04368259012699127, "seconds": 18.25192450702889, "kinds": {"F": 17, "C": 0, "G": 0, "O": 13}, "full": 720, "reuse": 300, "attn_only": 0, "ffn_only": 0}
{"phase": "confirm", "prompt": 8, "seed": 3000, "method": "CB_OSx0+L4+GI", "latent_mse_to_full": 0.04316522926092148, "seconds": 16.917209801031277, "kinds": {"F": 13, "C": 0, "G": 4, "O": 13}, "full": 660, "reuse": 240, "attn_only": 0, "ffn_only": 0}
{"phase": "confirm", "prompt": 8, "seed": 4000, "method": "full", "latent_mse_to_full": 0.0, "seconds": 43.79843104397878, "kinds": {"F": 30, "C": 0, "G": 0, "O": 0}, "full": 1800, "reuse": 0, "attn_only": 0, "ffn_only": 0}
{"phase": "confirm", "prompt": 8, "seed": 4000, "method": "full_perturb1e-2", "latent_mse_to_full": 0.014029148034751415, "seconds": 43.84633365605259, "kinds": {"F": 30, "C": 0, "G": 0, "O": 0}, "full": 1800, "reuse": 0, "attn_only": 0, "ffn_only": 0}
{"phase": "confirm", "prompt": 8, "seed": 4000, "method": "steps16", "latent_mse_to_full": 0.3658100366592407, "seconds": 23.349949260998983, "kinds": {"F": 16, "C": 0, "G": 0, "O": 0}, "full": 960, "reuse": 0, "attn_only": 0, "ffn_only": 0}
{"phase": "confirm", "prompt": 8, "seed": 4000, "method": "steps12", "latent_mse_to_full": 0.6004597544670105, "seconds": 17.490820572013035, "kinds": {"F": 12, "C": 0, "G": 0, "O": 0}, "full": 720, "reuse": 0, "attn_only": 0, "ffn_only": 0}
{"phase": "confirm", "prompt": 8, "seed": 4000, "method": "BR_L4", "latent_mse_to_full": 0.021503601223230362, "seconds": 23.96879226900637, "kinds": {"F": 30, "C": 0, "G": 0, "O": 0}, "full": 900, "reuse": 900, "attn_only": 0, "ffn_only": 0}
{"phase": "confirm", "prompt": 8, "seed": 4000, "method": "BR_L6_w10", "latent_mse_to_full": 0.03155171126127243, "seconds": 22.622676581027918, "kinds": {"F": 30, "C": 0, "G": 0, "O": 0}, "full": 840, "reuse": 960, "attn_only": 0, "ffn_only": 0}
{"phase": "confirm", "prompt": 8, "seed": 4000, "method": "OP_attn_L4", "latent_mse_to_full": 0.019150380045175552, "seconds": 29.493167426029686, "kinds": {"F": 30, "C": 0, "G": 0, "O": 0}, "full": 900, "reuse": 0, "attn_only": 900, "ffn_only": 0}
{"phase": "confirm", "prompt": 8, "seed": 4000, "method": "CB_L4+GI8", "latent_mse_to_full": 0.02212483435869217, "seconds": 22.589291781012435, "kinds": {"F": 22, "C": 0, "G": 8, "O": 0}, "full": 840, "reuse": 720, "attn_only": 0, "ffn_only": 0}
{"phase": "confirm", "prompt": 8, "seed": 4000, "method": "CB_L6+GI8", "latent_mse_to_full": 0.03356936201453209, "seconds": 21.275747334002517, "kinds": {"F": 22, "C": 0, "G": 8, "O": 0}, "full": 780, "reuse": 780, "attn_only": 0, "ffn_only": 0}
{"phase": "confirm", "prompt": 8, "seed": 4000, "method": "CB_OSx0+L4", "latent_mse_to_full": 0.10553333908319473, "seconds": 18.18857018498238, "kinds": {"F": 17, "C": 0, "G": 0, "O": 13}, "full": 720, "reuse": 300, "attn_only": 0, "ffn_only": 0}
{"phase": "confirm", "prompt": 8, "seed": 4000, "method": "CB_OSx0+L4+GI", "latent_mse_to_full": 0.10101597756147385, "seconds": 16.899545199004933, "kinds": {"F": 13, "C": 0, "G": 4, "O": 13}, "full": 660, "reuse": 240, "attn_only": 0, "ffn_only": 0}
{"phase": "confirm", "prompt": 9, "seed": 3000, "method": "full", "latent_mse_to_full": 0.0, "seconds": 43.8138083560043, "kinds": {"F": 30, "C": 0, "G": 0, "O": 0}, "full": 1800, "reuse": 0, "attn_only": 0, "ffn_only": 0}
{"phase": "confirm", "prompt": 9, "seed": 3000, "method": "full_perturb1e-2", "latent_mse_to_full": 0.001007507904432714, "seconds": 43.813252991007175, "kinds": {"F": 30, "C": 0, "G": 0, "O": 0}, "full": 1800, "reuse": 0, "attn_only": 0, "ffn_only": 0}
{"phase": "confirm", "prompt": 9, "seed": 3000, "method": "steps16", "latent_mse_to_full": 0.25348690152168274, "seconds": 23.302323816984426, "kinds": {"F": 16, "C": 0, "G": 0, "O": 0}, "full": 960, "reuse": 0, "attn_only": 0, "ffn_only": 0}
{"phase": "confirm", "prompt": 9, "seed": 3000, "method": "steps12", "latent_mse_to_full": 0.29356083273887634, "seconds": 17.507374498003628, "kinds": {"F": 12, "C": 0, "G": 0, "O": 0}, "full": 720, "reuse": 0, "attn_only": 0, "ffn_only": 0}
{"phase": "confirm", "prompt": 9, "seed": 3000, "method": "BR_L4", "latent_mse_to_full": 0.00796408113092184, "seconds": 23.995646866969764, "kinds": {"F": 30, "C": 0, "G": 0, "O": 0}, "full": 900, "reuse": 900, "attn_only": 0, "ffn_only": 0}
{"phase": "confirm", "prompt": 9, "seed": 3000, "method": "BR_L6_w10", "latent_mse_to_full": 0.01760074496269226, "seconds": 22.647028945968486, "kinds": {"F": 30, "C": 0, "G": 0, "O": 0}, "full": 840, "reuse": 960, "attn_only": 0, "ffn_only": 0}
{"phase": "confirm", "prompt": 9, "seed": 3000, "method": "OP_attn_L4", "latent_mse_to_full": 0.005403396673500538, "seconds": 29.61176015000092, "kinds": {"F": 30, "C": 0, "G": 0, "O": 0}, "full": 900, "reuse": 0, "attn_only": 900, "ffn_only": 0}
{"phase": "confirm", "prompt": 9, "seed": 3000, "method": "CB_L4+GI8", "latent_mse_to_full": 0.011153159663081169, "seconds": 22.615731597994454, "kinds": {"F": 22, "C": 0, "G": 8, "O": 0}, "full": 840, "reuse": 720, "attn_only": 0, "ffn_only": 0}
{"phase": "confirm", "prompt": 9, "seed": 3000, "method": "CB_L6+GI8", "latent_mse_to_full": 0.022417530417442322, "seconds": 21.243877901986707, "kinds": {"F": 22, "C": 0, "G": 8, "O": 0}, "full": 780, "reuse": 780, "attn_only": 0, "ffn_only": 0}
{"phase": "confirm", "prompt": 9, "seed": 3000, "method": "CB_OSx0+L4", "latent_mse_to_full": 0.009650502353906631, "seconds": 18.190523239027243, "kinds": {"F": 17, "C": 0, "G": 0, "O": 13}, "full": 720, "reuse": 300, "attn_only": 0, "ffn_only": 0}
{"phase": "confirm", "prompt": 9, "seed": 3000, "method": "CB_OSx0+L4+GI", "latent_mse_to_full": 0.011998826637864113, "seconds": 16.849154219031334, "kinds": {"F": 13, "C": 0, "G": 4, "O": 13}, "full": 660, "reuse": 240, "attn_only": 0, "ffn_only": 0}
{"phase": "confirm", "prompt": 9, "seed": 4000, "method": "full", "latent_mse_to_full": 0.0, "seconds": 43.767647964996286, "kinds": {"F": 30, "C": 0, "G": 0, "O": 0}, "full": 1800, "reuse": 0, "attn_only": 0, "ffn_only": 0}
{"phase": "confirm", "prompt": 9, "seed": 4000, "method": "full_perturb1e-2", "latent_mse_to_full": 0.00021901920263189822, "seconds": 43.75883390096715, "kinds": {"F": 30, "C": 0, "G": 0, "O": 0}, "full": 1800, "reuse": 0, "attn_only": 0, "ffn_only": 0}
{"phase": "confirm", "prompt": 9, "seed": 4000, "method": "steps16", "latent_mse_to_full": 0.32268691062927246, "seconds": 23.292346631991677, "kinds": {"F": 16, "C": 0, "G": 0, "O": 0}, "full": 960, "reuse": 0, "attn_only": 0, "ffn_only": 0}
{"phase": "confirm", "prompt": 9, "seed": 4000, "method": "steps12", "latent_mse_to_full": 0.40698277950286865, "seconds": 17.488563197955955, "kinds": {"F": 12, "C": 0, "G": 0, "O": 0}, "full": 720, "reuse": 0, "attn_only": 0, "ffn_only": 0}
{"phase": "confirm", "prompt": 9, "seed": 4000, "method": "BR_L4", "latent_mse_to_full": 0.007125666365027428, "seconds": 23.920160548004787, "kinds": {"F": 30, "C": 0, "G": 0, "O": 0}, "full": 900, "reuse": 900, "attn_only": 0, "ffn_only": 0}
{"phase": "confirm", "prompt": 9, "seed": 4000, "method": "BR_L6_w10", "latent_mse_to_full": 0.012736528180539608, "seconds": 22.585593785042875, "kinds": {"F": 30, "C": 0, "G": 0, "O": 0}, "full": 840, "reuse": 960, "attn_only": 0, "ffn_only": 0}
{"phase": "confirm", "prompt": 9, "seed": 4000, "method": "OP_attn_L4", "latent_mse_to_full": 0.005036911461502314, "seconds": 29.426812479039654, "kinds": {"F": 30, "C": 0, "G": 0, "O": 0}, "full": 900, "reuse": 0, "attn_only": 900, "ffn_only": 0}
{"phase": "confirm", "prompt": 9, "seed": 4000, "method": "CB_L4+GI8", "latent_mse_to_full": 0.009401606395840645, "seconds": 22.57471825700486, "kinds": {"F": 22, "C": 0, "G": 8, "O": 0}, "full": 840, "reuse": 720, "attn_only": 0, "ffn_only": 0}
{"phase": "confirm", "prompt": 9, "seed": 4000, "method": "CB_L6+GI8", "latent_mse_to_full": 0.01630053110420704, "seconds": 21.267257628031075, "kinds": {"F": 22, "C": 0, "G": 8, "O": 0}, "full": 780, "reuse": 780, "attn_only": 0, "ffn_only": 0}
{"phase": "confirm", "prompt": 9, "seed": 4000, "method": "CB_OSx0+L4", "latent_mse_to_full": 0.007385827135294676, "seconds": 18.19944164896151, "kinds": {"F": 17, "C": 0, "G": 0, "O": 13}, "full": 720, "reuse": 300, "attn_only": 0, "ffn_only": 0}
{"phase": "confirm", "prompt": 9, "seed": 4000, "method": "CB_OSx0+L4+GI", "latent_mse_to_full": 0.009551050141453743, "seconds": 16.8489109390066, "kinds": {"F": 13, "C": 0, "G": 4, "O": 13}, "full": 660, "reuse": 240, "attn_only": 0, "ffn_only": 0}
{"phase": "confirm", "prompt": 10, "seed": 3000, "method": "full", "latent_mse_to_full": 0.0, "seconds": 43.80980761401588, "kinds": {"F": 30, "C": 0, "G": 0, "O": 0}, "full": 1800, "reuse": 0, "attn_only": 0, "ffn_only": 0}
{"phase": "confirm", "prompt": 10, "seed": 3000, "method": "full_perturb1e-2", "latent_mse_to_full": 0.0512271486222744, "seconds": 43.889153274009004, "kinds": {"F": 30, "C": 0, "G": 0, "O": 0}, "full": 1800, "reuse": 0, "attn_only": 0, "ffn_only": 0}
{"phase": "confirm", "prompt": 10, "seed": 3000, "method": "steps16", "latent_mse_to_full": 0.6681068539619446, "seconds": 23.414414566010237, "kinds": {"F": 16, "C": 0, "G": 0, "O": 0}, "full": 960, "reuse": 0, "attn_only": 0, "ffn_only": 0}
{"phase": "confirm", "prompt": 10, "seed": 3000, "method": "steps12", "latent_mse_to_full": 0.7098034024238586, "seconds": 17.51786673400784, "kinds": {"F": 12, "C": 0, "G": 0, "O": 0}, "full": 720, "reuse": 0, "attn_only": 0, "ffn_only": 0}
{"phase": "confirm", "prompt": 10, "seed": 3000, "method": "BR_L4", "latent_mse_to_full": 0.02174413576722145, "seconds": 23.99631086998852, "kinds": {"F": 30, "C": 0, "G": 0, "O": 0}, "full": 900, "reuse": 900, "attn_only": 0, "ffn_only": 0}
{"phase": "confirm", "prompt": 10, "seed": 3000, "method": "BR_L6_w10", "latent_mse_to_full": 0.031562428921461105, "seconds": 22.629347378970124, "kinds": {"F": 30, "C": 0, "G": 0, "O": 0}, "full": 840, "reuse": 960, "attn_only": 0, "ffn_only": 0}
{"phase": "confirm", "prompt": 10, "seed": 3000, "method": "OP_attn_L4", "latent_mse_to_full": 0.018295077607035637, "seconds": 29.490525327972136, "kinds": {"F": 30, "C": 0, "G": 0, "O": 0}, "full": 900, "reuse": 0, "attn_only": 900, "ffn_only": 0}
{"phase": "confirm", "prompt": 10, "seed": 3000, "method": "CB_L4+GI8", "latent_mse_to_full": 0.02250443957746029, "seconds": 22.589054326992482, "kinds": {"F": 22, "C": 0, "G": 8, "O": 0}, "full": 840, "reuse": 720, "attn_only": 0, "ffn_only": 0}
{"phase": "confirm", "prompt": 10, "seed": 3000, "method": "CB_L6+GI8", "latent_mse_to_full": 0.034410543739795685, "seconds": 21.299111480999272, "kinds": {"F": 22, "C": 0, "G": 8, "O": 0}, "full": 780, "reuse": 780, "attn_only": 0, "ffn_only": 0}
{"phase": "confirm", "prompt": 10, "seed": 3000, "method": "CB_OSx0+L4", "latent_mse_to_full": 0.19096317887306213, "seconds": 18.19612437998876, "kinds": {"F": 17, "C": 0, "G": 0, "O": 13}, "full": 720, "reuse": 300, "attn_only": 0, "ffn_only": 0}
{"phase": "confirm", "prompt": 10, "seed": 3000, "method": "CB_OSx0+L4+GI", "latent_mse_to_full": 0.18290214240550995, "seconds": 16.87682143499842, "kinds": {"F": 13, "C": 0, "G": 4, "O": 13}, "full": 660, "reuse": 240, "attn_only": 0, "ffn_only": 0}
{"phase": "confirm", "prompt": 10, "seed": 4000, "method": "full", "latent_mse_to_full": 0.0, "seconds": 43.86595253797714, "kinds": {"F": 30, "C": 0, "G": 0, "O": 0}, "full": 1800, "reuse": 0, "attn_only": 0, "ffn_only": 0}
{"phase": "confirm", "prompt": 10, "seed": 4000, "method": "full_perturb1e-2", "latent_mse_to_full": 0.034806881099939346, "seconds": 43.86509291100083, "kinds": {"F": 30, "C": 0, "G": 0, "O": 0}, "full": 1800, "reuse": 0, "attn_only": 0, "ffn_only": 0}
{"phase": "confirm", "prompt": 10, "seed": 4000, "method": "steps16", "latent_mse_to_full": 0.4499533772468567, "seconds": 23.34966212802101, "kinds": {"F": 16, "C": 0, "G": 0, "O": 0}, "full": 960, "reuse": 0, "attn_only": 0, "ffn_only": 0}
{"phase": "confirm", "prompt": 10, "seed": 4000, "method": "steps12", "latent_mse_to_full": 0.5419889092445374, "seconds": 17.561433084018063, "kinds": {"F": 12, "C": 0, "G": 0, "O": 0}, "full": 720, "reuse": 0, "attn_only": 0, "ffn_only": 0}
{"phase": "confirm", "prompt": 10, "seed": 4000, "method": "BR_L4", "latent_mse_to_full": 0.036475662142038345, "seconds": 24.012646000017412, "kinds": {"F": 30, "C": 0, "G": 0, "O": 0}, "full": 900, "reuse": 900, "attn_only": 0, "ffn_only": 0}
{"phase": "confirm", "prompt": 10, "seed": 4000, "method": "BR_L6_w10", "latent_mse_to_full": 0.04580295458436012, "seconds": 22.66411529603647, "kinds": {"F": 30, "C": 0, "G": 0, "O": 0}, "full": 840, "reuse": 960, "attn_only": 0, "ffn_only": 0}
{"phase": "confirm", "prompt": 10, "seed": 4000, "method": "OP_attn_L4", "latent_mse_to_full": 0.03218553215265274, "seconds": 29.55370094999671, "kinds": {"F": 30, "C": 0, "G": 0, "O": 0}, "full": 900, "reuse": 0, "attn_only": 900, "ffn_only": 0}
{"phase": "confirm", "prompt": 10, "seed": 4000, "method": "CB_L4+GI8", "latent_mse_to_full": 0.03546568378806114, "seconds": 22.662780095008202, "kinds": {"F": 22, "C": 0, "G": 8, "O": 0}, "full": 840, "reuse": 720, "attn_only": 0, "ffn_only": 0}
{"phase": "confirm", "prompt": 10, "seed": 4000, "method": "CB_L6+GI8", "latent_mse_to_full": 0.045188937336206436, "seconds": 21.32957504497608, "kinds": {"F": 22, "C": 0, "G": 8, "O": 0}, "full": 780, "reuse": 780, "attn_only": 0, "ffn_only": 0}
{"phase": "confirm", "prompt": 10, "seed": 4000, "method": "CB_OSx0+L4", "latent_mse_to_full": 0.1373026967048645, "seconds": 18.26316588098416, "kinds": {"F": 17, "C": 0, "G": 0, "O": 13}, "full": 720, "reuse": 300, "attn_only": 0, "ffn_only": 0}
{"phase": "confirm", "prompt": 10, "seed": 4000, "method": "CB_OSx0+L4+GI", "latent_mse_to_full": 0.13007287681102753, "seconds": 16.882877957017627, "kinds": {"F": 13, "C": 0, "G": 4, "O": 13}, "full": 660, "reuse": 240, "attn_only": 0, "ffn_only": 0}
{"phase": "confirm", "prompt": 11, "seed": 3000, "method": "full", "latent_mse_to_full": 0.0, "seconds": 43.89452028897358, "kinds": {"F": 30, "C": 0, "G": 0, "O": 0}, "full": 1800, "reuse": 0, "attn_only": 0, "ffn_only": 0}
{"phase": "confirm", "prompt": 11, "seed": 3000, "method": "full_perturb1e-2", "latent_mse_to_full": 0.007996002212166786, "seconds": 43.903555374999996, "kinds": {"F": 30, "C": 0, "G": 0, "O": 0}, "full": 1800, "reuse": 0, "attn_only": 0, "ffn_only": 0}
{"phase": "confirm", "prompt": 11, "seed": 3000, "method": "steps16", "latent_mse_to_full": 0.24217389523983002, "seconds": 23.38704487704672, "kinds": {"F": 16, "C": 0, "G": 0, "O": 0}, "full": 960, "reuse": 0, "attn_only": 0, "ffn_only": 0}
{"phase": "confirm", "prompt": 11, "seed": 3000, "method": "steps12", "latent_mse_to_full": 0.3037227690219879, "seconds": 17.53196350397775, "kinds": {"F": 12, "C": 0, "G": 0, "O": 0}, "full": 720, "reuse": 0, "attn_only": 0, "ffn_only": 0}
{"phase": "confirm", "prompt": 11, "seed": 3000, "method": "BR_L4", "latent_mse_to_full": 0.023369891569018364, "seconds": 24.02733090799302, "kinds": {"F": 30, "C": 0, "G": 0, "O": 0}, "full": 900, "reuse": 900, "attn_only": 0, "ffn_only": 0}
{"phase": "confirm", "prompt": 11, "seed": 3000, "method": "BR_L6_w10", "latent_mse_to_full": 0.03413846343755722, "seconds": 22.755056747002527, "kinds": {"F": 30, "C": 0, "G": 0, "O": 0}, "full": 840, "reuse": 960, "attn_only": 0, "ffn_only": 0}
{"phase": "confirm", "prompt": 11, "seed": 3000, "method": "OP_attn_L4", "latent_mse_to_full": 0.022288678213953972, "seconds": 29.593915581004694, "kinds": {"F": 30, "C": 0, "G": 0, "O": 0}, "full": 900, "reuse": 0, "attn_only": 900, "ffn_only": 0}
{"phase": "confirm", "prompt": 11, "seed": 3000, "method": "CB_L4+GI8", "latent_mse_to_full": 0.025850631296634674, "seconds": 22.63265629397938, "kinds": {"F": 22, "C": 0, "G": 8, "O": 0}, "full": 840, "reuse": 720, "attn_only": 0, "ffn_only": 0}
{"phase": "confirm", "prompt": 11, "seed": 3000, "method": "CB_L6+GI8", "latent_mse_to_full": 0.03888570889830589, "seconds": 21.26524027204141, "kinds": {"F": 22, "C": 0, "G": 8, "O": 0}, "full": 780, "reuse": 780, "attn_only": 0, "ffn_only": 0}
{"phase": "confirm", "prompt": 11, "seed": 3000, "method": "CB_OSx0+L4", "latent_mse_to_full": 0.054211463779211044, "seconds": 18.16753511002753, "kinds": {"F": 17, "C": 0, "G": 0, "O": 13}, "full": 720, "reuse": 300, "attn_only": 0, "ffn_only": 0}
{"phase": "confirm", "prompt": 11, "seed": 3000, "method": "CB_OSx0+L4+GI", "latent_mse_to_full": 0.051143843680620193, "seconds": 16.93530029297108, "kinds": {"F": 13, "C": 0, "G": 4, "O": 13}, "full": 660, "reuse": 240, "attn_only": 0, "ffn_only": 0}
{"phase": "confirm", "prompt": 11, "seed": 4000, "method": "full", "latent_mse_to_full": 0.0, "seconds": 43.95081864495296, "kinds": {"F": 30, "C": 0, "G": 0, "O": 0}, "full": 1800, "reuse": 0, "attn_only": 0, "ffn_only": 0}
{"phase": "confirm", "prompt": 11, "seed": 4000, "method": "full_perturb1e-2", "latent_mse_to_full": 0.011382308788597584, "seconds": 44.049056502000894, "kinds": {"F": 30, "C": 0, "G": 0, "O": 0}, "full": 1800, "reuse": 0, "attn_only": 0, "ffn_only": 0}
{"phase": "confirm", "prompt": 11, "seed": 4000, "method": "steps16", "latent_mse_to_full": 0.27583855390548706, "seconds": 23.435781313979533, "kinds": {"F": 16, "C": 0, "G": 0, "O": 0}, "full": 960, "reuse": 0, "attn_only": 0, "ffn_only": 0}
{"phase": "confirm", "prompt": 11, "seed": 4000, "method": "steps12", "latent_mse_to_full": 0.33043837547302246, "seconds": 17.56494924495928, "kinds": {"F": 12, "C": 0, "G": 0, "O": 0}, "full": 720, "reuse": 0, "attn_only": 0, "ffn_only": 0}
{"phase": "confirm", "prompt": 11, "seed": 4000, "method": "BR_L4", "latent_mse_to_full": 0.02480742335319519, "seconds": 24.020138575986493, "kinds": {"F": 30, "C": 0, "G": 0, "O": 0}, "full": 900, "reuse": 900, "attn_only": 0, "ffn_only": 0}
{"phase": "confirm", "prompt": 11, "seed": 4000, "method": "BR_L6_w10", "latent_mse_to_full": 0.04206716641783714, "seconds": 22.610949852038175, "kinds": {"F": 30, "C": 0, "G": 0, "O": 0}, "full": 840, "reuse": 960, "attn_only": 0, "ffn_only": 0}
{"phase": "confirm", "prompt": 11, "seed": 4000, "method": "OP_attn_L4", "latent_mse_to_full": 0.02352772280573845, "seconds": 29.522353130974807, "kinds": {"F": 30, "C": 0, "G": 0, "O": 0}, "full": 900, "reuse": 0, "attn_only": 900, "ffn_only": 0}
{"phase": "confirm", "prompt": 11, "seed": 4000, "method": "CB_L4+GI8", "latent_mse_to_full": 0.028110897168517113, "seconds": 22.647259844990913, "kinds": {"F": 22, "C": 0, "G": 8, "O": 0}, "full": 840, "reuse": 720, "attn_only": 0, "ffn_only": 0}
{"phase": "confirm", "prompt": 11, "seed": 4000, "method": "CB_L6+GI8", "latent_mse_to_full": 0.04750547930598259, "seconds": 21.259461477049626, "kinds": {"F": 22, "C": 0, "G": 8, "O": 0}, "full": 780, "reuse": 780, "attn_only": 0, "ffn_only": 0}
{"phase": "confirm", "prompt": 11, "seed": 4000, "method": "CB_OSx0+L4", "latent_mse_to_full": 0.08908618986606598, "seconds": 18.243736791948322, "kinds": {"F": 17, "C": 0, "G": 0, "O": 13}, "full": 720, "reuse": 300, "attn_only": 0, "ffn_only": 0}
{"phase": "confirm", "prompt": 11, "seed": 4000, "method": "CB_OSx0+L4+GI", "latent_mse_to_full": 0.08229534327983856, "seconds": 16.895860260003246, "kinds": {"F": 13, "C": 0, "G": 4, "O": 13}, "full": 660, "reuse": 240, "attn_only": 0, "ffn_only": 0}
{"phase": "confirm", "prompt": 12, "seed": 3000, "method": "full", "latent_mse_to_full": 0.0, "seconds": 43.97718695399817, "kinds": {"F": 30, "C": 0, "G": 0, "O": 0}, "full": 1800, "reuse": 0, "attn_only": 0, "ffn_only": 0}
{"phase": "confirm", "prompt": 12, "seed": 3000, "method": "full_perturb1e-2", "latent_mse_to_full": 0.0392911322414875, "seconds": 43.90844248299254, "kinds": {"F": 30, "C": 0, "G": 0, "O": 0}, "full": 1800, "reuse": 0, "attn_only": 0, "ffn_only": 0}
{"phase": "confirm", "prompt": 12, "seed": 3000, "method": "steps16", "latent_mse_to_full": 0.7373331189155579, "seconds": 23.420140588015784, "kinds": {"F": 16, "C": 0, "G": 0, "O": 0}, "full": 960, "reuse": 0, "attn_only": 0, "ffn_only": 0}
{"phase": "confirm", "prompt": 12, "seed": 3000, "method": "steps12", "latent_mse_to_full": 0.8665748834609985, "seconds": 17.548980790015776, "kinds": {"F": 12, "C": 0, "G": 0, "O": 0}, "full": 720, "reuse": 0, "attn_only": 0, "ffn_only": 0}
{"phase": "confirm", "prompt": 12, "seed": 3000, "method": "BR_L4", "latent_mse_to_full": 0.06632613390684128, "seconds": 24.02295672800392, "kinds": {"F": 30, "C": 0, "G": 0, "O": 0}, "full": 900, "reuse": 900, "attn_only": 0, "ffn_only": 0}
{"phase": "confirm", "prompt": 12, "seed": 3000, "method": "BR_L6_w10", "latent_mse_to_full": 0.08490650355815887, "seconds": 22.674033188959584, "kinds": {"F": 30, "C": 0, "G": 0, "O": 0}, "full": 840, "reuse": 960, "attn_only": 0, "ffn_only": 0}
{"phase": "confirm", "prompt": 12, "seed": 3000, "method": "OP_attn_L4", "latent_mse_to_full": 0.0633666068315506, "seconds": 29.572543944988865, "kinds": {"F": 30, "C": 0, "G": 0, "O": 0}, "full": 900, "reuse": 0, "attn_only": 900, "ffn_only": 0}
{"phase": "confirm", "prompt": 12, "seed": 3000, "method": "CB_L4+GI8", "latent_mse_to_full": 0.06928800046443939, "seconds": 22.627397169009782, "kinds": {"F": 22, "C": 0, "G": 8, "O": 0}, "full": 840, "reuse": 720, "attn_only": 0, "ffn_only": 0}
{"phase": "confirm", "prompt": 12, "seed": 3000, "method": "CB_L6+GI8", "latent_mse_to_full": 0.09106022864580154, "seconds": 21.26897590601584, "kinds": {"F": 22, "C": 0, "G": 8, "O": 0}, "full": 780, "reuse": 780, "attn_only": 0, "ffn_only": 0}
{"phase": "confirm", "prompt": 12, "seed": 3000, "method": "CB_OSx0+L4", "latent_mse_to_full": 0.24123850464820862, "seconds": 18.24399505800102, "kinds": {"F": 17, "C": 0, "G": 0, "O": 13}, "full": 720, "reuse": 300, "attn_only": 0, "ffn_only": 0}
{"phase": "confirm", "prompt": 12, "seed": 3000, "method": "CB_OSx0+L4+GI", "latent_mse_to_full": 0.21933865547180176, "seconds": 16.939353152003605, "kinds": {"F": 13, "C": 0, "G": 4, "O": 13}, "full": 660, "reuse": 240, "attn_only": 0, "ffn_only": 0}
{"phase": "confirm", "prompt": 12, "seed": 4000, "method": "full", "latent_mse_to_full": 0.0, "seconds": 43.97862329299096, "kinds": {"F": 30, "C": 0, "G": 0, "O": 0}, "full": 1800, "reuse": 0, "attn_only": 0, "ffn_only": 0}
{"phase": "confirm", "prompt": 12, "seed": 4000, "method": "full_perturb1e-2", "latent_mse_to_full": 0.030149398371577263, "seconds": 43.95070837798994, "kinds": {"F": 30, "C": 0, "G": 0, "O": 0}, "full": 1800, "reuse": 0, "attn_only": 0, "ffn_only": 0}
{"phase": "confirm", "prompt": 12, "seed": 4000, "method": "steps16", "latent_mse_to_full": 0.9099364876747131, "seconds": 23.449577265011612, "kinds": {"F": 16, "C": 0, "G": 0, "O": 0}, "full": 960, "reuse": 0, "attn_only": 0, "ffn_only": 0}
{"phase": "confirm", "prompt": 12, "seed": 4000, "method": "steps12", "latent_mse_to_full": 1.0622516870498657, "seconds": 17.551323941966984, "kinds": {"F": 12, "C": 0, "G": 0, "O": 0}, "full": 720, "reuse": 0, "attn_only": 0, "ffn_only": 0}
{"phase": "confirm", "prompt": 12, "seed": 4000, "method": "BR_L4", "latent_mse_to_full": 0.05096494033932686, "seconds": 24.03757309995126, "kinds": {"F": 30, "C": 0, "G": 0, "O": 0}, "full": 900, "reuse": 900, "attn_only": 0, "ffn_only": 0}
{"phase": "confirm", "prompt": 12, "seed": 4000, "method": "BR_L6_w10", "latent_mse_to_full": 0.0657864511013031, "seconds": 22.734516234952025, "kinds": {"F": 30, "C": 0, "G": 0, "O": 0}, "full": 840, "reuse": 960, "attn_only": 0, "ffn_only": 0}
{"phase": "confirm", "prompt": 12, "seed": 4000, "method": "OP_attn_L4", "latent_mse_to_full": 0.04844704270362854, "seconds": 29.571104490023572, "kinds": {"F": 30, "C": 0, "G": 0, "O": 0}, "full": 900, "reuse": 0, "attn_only": 900, "ffn_only": 0}
{"phase": "confirm", "prompt": 12, "seed": 4000, "method": "CB_L4+GI8", "latent_mse_to_full": 0.057183507829904556, "seconds": 22.675766306987498, "kinds": {"F": 22, "C": 0, "G": 8, "O": 0}, "full": 840, "reuse": 720, "attn_only": 0, "ffn_only": 0}
{"phase": "confirm", "prompt": 12, "seed": 4000, "method": "CB_L6+GI8", "latent_mse_to_full": 0.07457631081342697, "seconds": 21.343746342987288, "kinds": {"F": 22, "C": 0, "G": 8, "O": 0}, "full": 780, "reuse": 780, "attn_only": 0, "ffn_only": 0}
{"phase": "confirm", "prompt": 12, "seed": 4000, "method": "CB_OSx0+L4", "latent_mse_to_full": 0.19666917622089386, "seconds": 18.2405436100089, "kinds": {"F": 17, "C": 0, "G": 0, "O": 13}, "full": 720, "reuse": 300, "attn_only": 0, "ffn_only": 0}
{"phase": "confirm", "prompt": 12, "seed": 4000, "method": "CB_OSx0+L4+GI", "latent_mse_to_full": 0.18663813173770905, "seconds": 16.917954963981174, "kinds": {"F": 13, "C": 0, "G": 4, "O": 13}, "full": 660, "reuse": 240, "attn_only": 0, "ffn_only": 0}
{"phase": "confirm", "prompt": 13, "seed": 3000, "method": "full", "latent_mse_to_full": 0.0, "seconds": 43.980892357009, "kinds": {"F": 30, "C": 0, "G": 0, "O": 0}, "full": 1800, "reuse": 0, "attn_only": 0, "ffn_only": 0}
{"phase": "confirm", "prompt": 13, "seed": 3000, "method": "full_perturb1e-2", "latent_mse_to_full": 0.004523706156760454, "seconds": 43.97487698902842, "kinds": {"F": 30, "C": 0, "G": 0, "O": 0}, "full": 1800, "reuse": 0, "attn_only": 0, "ffn_only": 0}
{"phase": "confirm", "prompt": 13, "seed": 3000, "method": "steps16", "latent_mse_to_full": 0.11401312053203583, "seconds": 23.435405211988837, "kinds": {"F": 16, "C": 0, "G": 0, "O": 0}, "full": 960, "reuse": 0, "attn_only": 0, "ffn_only": 0}
{"phase": "confirm", "prompt": 13, "seed": 3000, "method": "steps12", "latent_mse_to_full": 0.11685605347156525, "seconds": 17.567429755988996, "kinds": {"F": 12, "C": 0, "G": 0, "O": 0}, "full": 720, "reuse": 0, "attn_only": 0, "ffn_only": 0}
{"phase": "confirm", "prompt": 13, "seed": 3000, "method": "BR_L4", "latent_mse_to_full": 0.009923462755978107, "seconds": 24.12572398397606, "kinds": {"F": 30, "C": 0, "G": 0, "O": 0}, "full": 900, "reuse": 900, "attn_only": 0, "ffn_only": 0}
{"phase": "confirm", "prompt": 13, "seed": 3000, "method": "BR_L6_w10", "latent_mse_to_full": 0.012292795814573765, "seconds": 22.786344794963952, "kinds": {"F": 30, "C": 0, "G": 0, "O": 0}, "full": 840, "reuse": 960, "attn_only": 0, "ffn_only": 0}
{"phase": "confirm", "prompt": 13, "seed": 3000, "method": "OP_attn_L4", "latent_mse_to_full": 0.008413952775299549, "seconds": 29.584067768999375, "kinds": {"F": 30, "C": 0, "G": 0, "O": 0}, "full": 900, "reuse": 0, "attn_only": 900, "ffn_only": 0}
{"phase": "confirm", "prompt": 13, "seed": 3000, "method": "CB_L4+GI8", "latent_mse_to_full": 0.010269164107739925, "seconds": 22.701901192951482, "kinds": {"F": 22, "C": 0, "G": 8, "O": 0}, "full": 840, "reuse": 720, "attn_only": 0, "ffn_only": 0}
{"phase": "confirm", "prompt": 13, "seed": 3000, "method": "CB_L6+GI8", "latent_mse_to_full": 0.013589904643595219, "seconds": 21.344510234950576, "kinds": {"F": 22, "C": 0, "G": 8, "O": 0}, "full": 780, "reuse": 780, "attn_only": 0, "ffn_only": 0}
{"phase": "confirm", "prompt": 13, "seed": 3000, "method": "CB_OSx0+L4", "latent_mse_to_full": 0.009817495942115784, "seconds": 18.279263255011756, "kinds": {"F": 17, "C": 0, "G": 0, "O": 13}, "full": 720, "reuse": 300, "attn_only": 0, "ffn_only": 0}
{"phase": "confirm", "prompt": 13, "seed": 3000, "method": "CB_OSx0+L4+GI", "latent_mse_to_full": 0.010018391534686089, "seconds": 16.941810761985835, "kinds": {"F": 13, "C": 0, "G": 4, "O": 13}, "full": 660, "reuse": 240, "attn_only": 0, "ffn_only": 0}
{"phase": "confirm", "prompt": 13, "seed": 4000, "method": "full", "latent_mse_to_full": 0.0, "seconds": 43.960091744957026, "kinds": {"F": 30, "C": 0, "G": 0, "O": 0}, "full": 1800, "reuse": 0, "attn_only": 0, "ffn_only": 0}
{"phase": "confirm", "prompt": 13, "seed": 4000, "method": "full_perturb1e-2", "latent_mse_to_full": 0.002221394097432494, "seconds": 44.005097576999106, "kinds": {"F": 30, "C": 0, "G": 0, "O": 0}, "full": 1800, "reuse": 0, "attn_only": 0, "ffn_only": 0}
{"phase": "confirm", "prompt": 13, "seed": 4000, "method": "steps16", "latent_mse_to_full": 0.041960459202528, "seconds": 23.41166449902812, "kinds": {"F": 16, "C": 0, "G": 0, "O": 0}, "full": 960, "reuse": 0, "attn_only": 0, "ffn_only": 0}
{"phase": "confirm", "prompt": 13, "seed": 4000, "method": "steps12", "latent_mse_to_full": 0.04579218104481697, "seconds": 17.612186633981764, "kinds": {"F": 12, "C": 0, "G": 0, "O": 0}, "full": 720, "reuse": 0, "attn_only": 0, "ffn_only": 0}
{"phase": "confirm", "prompt": 13, "seed": 4000, "method": "BR_L4", "latent_mse_to_full": 0.0069355727173388, "seconds": 24.068923711020034, "kinds": {"F": 30, "C": 0, "G": 0, "O": 0}, "full": 900, "reuse": 900, "attn_only": 0, "ffn_only": 0}
{"phase": "confirm", "prompt": 13, "seed": 4000, "method": "BR_L6_w10", "latent_mse_to_full": 0.008994758129119873, "seconds": 22.705773503985256, "kinds": {"F": 30, "C": 0, "G": 0, "O": 0}, "full": 840, "reuse": 960, "attn_only": 0, "ffn_only": 0}
{"phase": "confirm", "prompt": 13, "seed": 4000, "method": "OP_attn_L4", "latent_mse_to_full": 0.005784545559436083, "seconds": 29.619197178981267, "kinds": {"F": 30, "C": 0, "G": 0, "O": 0}, "full": 900, "reuse": 0, "attn_only": 900, "ffn_only": 0}
{"phase": "confirm", "prompt": 13, "seed": 4000, "method": "CB_L4+GI8", "latent_mse_to_full": 0.007963544689118862, "seconds": 22.71356804302195, "kinds": {"F": 22, "C": 0, "G": 8, "O": 0}, "full": 840, "reuse": 720, "attn_only": 0, "ffn_only": 0}
{"phase": "confirm", "prompt": 13, "seed": 4000, "method": "CB_L6+GI8", "latent_mse_to_full": 0.010745679028332233, "seconds": 21.38279256800888, "kinds": {"F": 22, "C": 0, "G": 8, "O": 0}, "full": 780, "reuse": 780, "attn_only": 0, "ffn_only": 0}
{"phase": "confirm", "prompt": 13, "seed": 4000, "method": "CB_OSx0+L4", "latent_mse_to_full": 0.012734981253743172, "seconds": 18.285962813999504, "kinds": {"F": 17, "C": 0, "G": 0, "O": 13}, "full": 720, "reuse": 300, "attn_only": 0, "ffn_only": 0}
{"phase": "confirm", "prompt": 13, "seed": 4000, "method": "CB_OSx0+L4+GI", "latent_mse_to_full": 0.01204373873770237, "seconds": 16.931562621030025, "kinds": {"F": 13, "C": 0, "G": 4, "O": 13}, "full": 660, "reuse": 240, "attn_only": 0, "ffn_only": 0}
{"phase": "confirm", "prompt": 14, "seed": 3000, "method": "full", "latent_mse_to_full": 0.0, "seconds": 44.00270625099074, "kinds": {"F": 30, "C": 0, "G": 0, "O": 0}, "full": 1800, "reuse": 0, "attn_only": 0, "ffn_only": 0}
{"phase": "confirm", "prompt": 14, "seed": 3000, "method": "full_perturb1e-2", "latent_mse_to_full": 0.012998087331652641, "seconds": 43.95967234898126, "kinds": {"F": 30, "C": 0, "G": 0, "O": 0}, "full": 1800, "reuse": 0, "attn_only": 0, "ffn_only": 0}
{"phase": "confirm", "prompt": 14, "seed": 3000, "method": "steps16", "latent_mse_to_full": 0.633185625076294, "seconds": 23.447667533997446, "kinds": {"F": 16, "C": 0, "G": 0, "O": 0}, "full": 960, "reuse": 0, "attn_only": 0, "ffn_only": 0}
{"phase": "confirm", "prompt": 14, "seed": 3000, "method": "steps12", "latent_mse_to_full": 0.6576797366142273, "seconds": 17.58320840104716, "kinds": {"F": 12, "C": 0, "G": 0, "O": 0}, "full": 720, "reuse": 0, "attn_only": 0, "ffn_only": 0}
{"phase": "confirm", "prompt": 14, "seed": 3000, "method": "BR_L4", "latent_mse_to_full": 0.017802134156227112, "seconds": 24.11172829498537, "kinds": {"F": 30, "C": 0, "G": 0, "O": 0}, "full": 900, "reuse": 900, "attn_only": 0, "ffn_only": 0}
{"phase": "confirm", "prompt": 14, "seed": 3000, "method": "BR_L6_w10", "latent_mse_to_full": 0.030681384727358818, "seconds": 22.741999669990037, "kinds": {"F": 30, "C": 0, "G": 0, "O": 0}, "full": 840, "reuse": 960, "attn_only": 0, "ffn_only": 0}
{"phase": "confirm", "prompt": 14, "seed": 3000, "method": "OP_attn_L4", "latent_mse_to_full": 0.014229165390133858, "seconds": 29.608395604009274, "kinds": {"F": 30, "C": 0, "G": 0, "O": 0}, "full": 900, "reuse": 0, "attn_only": 900, "ffn_only": 0}
