{"phase": "confirm2", "prompt": 8, "seed": 3000, "method": "full", "latent_mse_to_full": 0.0, "seconds": 187.32600463891868, "kinds": {"F": 30, "C": 0, "G": 0, "O": 0}, "full": 1800, "reuse": 0, "attn_only": 0, "ffn_only": 0}
{"phase": "confirm2", "prompt": 8, "seed": 3000, "method": "full_perturb1e-2", "latent_mse_to_full": 0.09233007580041885, "seconds": 186.8303263380658, "kinds": {"F": 30, "C": 0, "G": 0, "O": 0}, "full": 1800, "reuse": 0, "attn_only": 0, "ffn_only": 0}
{"phase": "confirm2", "prompt": 8, "seed": 3000, "method": "steps14", "latent_mse_to_full": 0.4466787278652191, "seconds": 87.1732718590647, "kinds": {"F": 14, "C": 0, "G": 0, "O": 0}, "full": 840, "reuse": 0, "attn_only": 0, "ffn_only": 0}
{"phase": "confirm2", "prompt": 8, "seed": 3000, "method": "steps11", "latent_mse_to_full": 0.4818413257598877, "seconds": 68.4918120970251, "kinds": {"F": 11, "C": 0, "G": 0, "O": 0}, "full": 660, "reuse": 0, "attn_only": 0, "ffn_only": 0}
{"phase": "confirm2", "prompt": 8, "seed": 3000, "method": "BR_L4", "latent_mse_to_full": 0.014875771477818489, "seconds": 93.97764092998113, "kinds": {"F": 30, "C": 0, "G": 0, "O": 0}, "full": 900, "reuse": 900, "attn_only": 0, "ffn_only": 0}
{"phase": "confirm2", "prompt": 8, "seed": 3000, "method": "S5_Ow10_L4", "latent_mse_to_full": 0.012135098688304424, "seconds": 93.64202461903915, "kinds": {"F": 20, "C": 0, "G": 0, "O": 10}, "full": 900, "reuse": 300, "attn_only": 0, "ffn_only": 0}
{"phase": "confirm2", "prompt": 8, "seed": 3000, "method": "S5_Ow12_L4", "latent_mse_to_full": 0.005714536644518375, "seconds": 106.03480869997293, "kinds": {"F": 21, "C": 0, "G": 0, "O": 9}, "full": 1020, "reuse": 240, "attn_only": 0, "ffn_only": 0}
{"phase": "confirm2", "prompt": 8, "seed": 3000, "method": "S5_Ow8_L4", "latent_mse_to_full": 0.020630748942494392, "seconds": 87.43922186107375, "kinds": {"F": 19, "C": 0, "G": 0, "O": 11}, "full": 840, "reuse": 300, "attn_only": 0, "ffn_only": 0}
{"phase": "confirm2", "prompt": 8, "seed": 3000, "method": "S5_Ow10_L4_GI22", "latent_mse_to_full": 0.01263511087745428, "seconds": 87.33181267499458, "kinds": {"F": 16, "C": 0, "G": 4, "O": 10}, "full": 840, "reuse": 240, "attn_only": 0, "ffn_only": 0}
{"phase": "confirm2", "prompt": 8, "seed": 3000, "method": "S5_O3w10_B2", "latent_mse_to_full": 0.01701427437365055, "seconds": 87.33950226102024, "kinds": {"F": 17, "C": 0, "G": 0, "O": 13}, "full": 840, "reuse": 180, "attn_only": 0, "ffn_only": 0}
{"phase": "confirm2", "prompt": 8, "seed": 3000, "method": "S5_Ow10_L6", "latent_mse_to_full": 0.020959872752428055, "seconds": 87.48678060201928, "kinds": {"F": 20, "C": 0, "G": 0, "O": 10}, "full": 840, "reuse": 360, "attn_only": 0, "ffn_only": 0}
{"phase": "confirm2", "prompt": 8, "seed": 3000, "method": "S2_L6+OS", "latent_mse_to_full": 0.03598818928003311, "seconds": 68.79927693400532, "kinds": {"F": 17, "C": 0, "G": 0, "O": 13}, "full": 660, "reuse": 360, "attn_only": 0, "ffn_only": 0}
{"phase": "confirm2", "prompt": 9, "seed": 3000, "method": "full", "latent_mse_to_full": 0.0, "seconds": 186.96205694309901, "kinds": {"F": 30, "C": 0, "G": 0, "O": 0}, "full": 1800, "reuse": 0, "attn_only": 0, "ffn_only": 0}
{"phase": "confirm2", "prompt": 9, "seed": 3000, "method": "full_perturb1e-2", "latent_mse_to_full": 0.0013088325504213572, "seconds": 186.9700367549667, "kinds": {"F": 30, "C": 0, "G": 0, "O": 0}, "full": 1800, "reuse": 0, "attn_only": 0, "ffn_only": 0}
{"phase": "confirm2", "prompt": 9, "seed": 3000, "method": "steps14", "latent_mse_to_full": 0.24444405734539032, "seconds": 87.19400499796029, "kinds": {"F": 14, "C": 0, "G": 0, "O": 0}, "full": 840, "reuse": 0, "attn_only": 0, "ffn_only": 0}
{"phase": "confirm2", "prompt": 9, "seed": 3000, "method": "steps11", "latent_mse_to_full": 0.26540297269821167, "seconds": 68.53738738899119, "kinds": {"F": 11, "C": 0, "G": 0, "O": 0}, "full": 660, "reuse": 0, "attn_only": 0, "ffn_only": 0}
{"phase": "confirm2", "prompt": 9, "seed": 3000, "method": "BR_L4", "latent_mse_to_full": 0.011640207841992378, "seconds": 94.06642510509118, "kinds": {"F": 30, "C": 0, "G": 0, "O": 0}, "full": 900, "reuse": 900, "attn_only": 0, "ffn_only": 0}
{"phase": "confirm2", "prompt": 9, "seed": 3000, "method": "S5_Ow10_L4", "latent_mse_to_full": 0.009843071922659874, "seconds": 93.72498815704603, "kinds": {"F": 20, "C": 0, "G": 0, "O": 10}, "full": 900, "reuse": 300, "attn_only": 0, "ffn_only": 0}
{"phase": "confirm2", "prompt": 9, "seed": 3000, "method": "S5_Ow12_L4", "latent_mse_to_full": 0.0029981269035488367, "seconds": 106.14230728894472, "kinds": {"F": 21, "C": 0, "G": 0, "O": 9}, "full": 1020, "reuse": 240, "attn_only": 0, "ffn_only": 0}
{"phase": "confirm2", "prompt": 9, "seed": 3000, "method": "S5_Ow8_L4", "latent_mse_to_full": 0.006912391632795334, "seconds": 87.4701099320082, "kinds": {"F": 19, "C": 0, "G": 0, "O": 11}, "full": 840, "reuse": 300, "attn_only": 0, "ffn_only": 0}
{"phase": "confirm2", "prompt": 9, "seed": 3000, "method": "S5_Ow10_L4_GI22", "latent_mse_to_full": 0.011057088151574135, "seconds": 87.38917831506114, "kinds": {"F": 16, "C": 0, "G": 4, "O": 10}, "full": 840, "reuse": 240, "attn_only": 0, "ffn_only": 0}
{"phase": "confirm2", "prompt": 9, "seed": 3000, "method": "S5_O3w10_B2", "latent_mse_to_full": 0.012639475055038929, "seconds": 87.40183115797117, "kinds": {"F": 17, "C": 0, "G": 0, "O": 13}, "full": 840, "reuse": 180, "attn_only": 0, "ffn_only": 0}
{"phase": "confirm2", "prompt": 9, "seed": 3000, "method": "S5_Ow10_L6", "latent_mse_to_full": 0.016348211094737053, "seconds": 87.54263252799865, "kinds": {"F": 20, "C": 0, "G": 0, "O": 10}, "full": 840, "reuse": 360, "attn_only": 0, "ffn_only": 0}
{"phase": "confirm2", "prompt": 9, "seed": 3000, "method": "S2_L6+OS", "latent_mse_to_full": 0.017494194209575653, "seconds": 68.81058788893279, "kinds": {"F": 17, "C": 0, "G": 0, "O": 13}, "full": 660, "reuse": 360, "attn_only": 0, "ffn_only": 0}
{"phase": "confirm2", "prompt": 10, "seed": 3000, "method": "full", "latent_mse_to_full": 0.0, "seconds": 187.23325891699642, "kinds": {"F": 30, "C": 0, "G": 0, "O": 0}, "full": 1800, "reuse": 0, "attn_only": 0, "ffn_only": 0}
{"phase": "confirm2", "prompt": 10, "seed": 3000, "method": "full_perturb1e-2", "latent_mse_to_full": 0.1007520779967308, "seconds": 187.25959239306394, "kinds": {"F": 30, "C": 0, "G": 0, "O": 0}, "full": 1800, "reuse": 0, "attn_only": 0, "ffn_only": 0}
{"phase": "confirm2", "prompt": 10, "seed": 3000, "method": "steps14", "latent_mse_to_full": 0.45524862408638, "seconds": 87.39317760791164, "kinds": {"F": 14, "C": 0, "G": 0, "O": 0}, "full": 840, "reuse": 0, "attn_only": 0, "ffn_only": 0}
{"phase": "confirm2", "prompt": 10, "seed": 3000, "method": "steps11", "latent_mse_to_full": 0.49282601475715637, "seconds": 68.65368373098318, "kinds": {"F": 11, "C": 0, "G": 0, "O": 0}, "full": 660, "reuse": 0, "attn_only": 0, "ffn_only": 0}
{"phase": "confirm2", "prompt": 10, "seed": 3000, "method": "BR_L4", "latent_mse_to_full": 0.02615527994930744, "seconds": 94.22358899004757, "kinds": {"F": 30, "C": 0, "G": 0, "O": 0}, "full": 900, "reuse": 900, "attn_only": 0, "ffn_only": 0}
{"phase": "confirm2", "prompt": 10, "seed": 3000, "method": "S5_Ow10_L4", "latent_mse_to_full": 0.025701524689793587, "seconds": 93.8680953340372, "kinds": {"F": 20, "C": 0, "G": 0, "O": 10}, "full": 900, "reuse": 300, "attn_only": 0, "ffn_only": 0}
{"phase": "confirm2", "prompt": 10, "seed": 3000, "method": "S5_Ow12_L4", "latent_mse_to_full": 0.012289511039853096, "seconds": 106.3738026280189, "kinds": {"F": 21, "C": 0, "G": 0, "O": 9}, "full": 1020, "reuse": 240, "attn_only": 0, "ffn_only": 0}
{"phase": "confirm2", "prompt": 10, "seed": 3000, "method": "S5_Ow8_L4", "latent_mse_to_full": 0.04636525735259056, "seconds": 87.65526565001346, "kinds": {"F": 19, "C": 0, "G": 0, "O": 11}, "full": 840, "reuse": 300, "attn_only": 0, "ffn_only": 0}
{"phase": "confirm2", "prompt": 10, "seed": 3000, "method": "S5_Ow10_L4_GI22", "latent_mse_to_full": 0.025703581050038338, "seconds": 87.51733622595202, "kinds": {"F": 16, "C": 0, "G": 4, "O": 10}, "full": 840, "reuse": 240, "attn_only": 0, "ffn_only": 0}
{"phase": "confirm2", "prompt": 10, "seed": 3000, "method": "S5_O3w10_B2", "latent_mse_to_full": 0.03414617106318474, "seconds": 87.57166314008646, "kinds": {"F": 17, "C": 0, "G": 0, "O": 13}, "full": 840, "reuse": 180, "attn_only": 0, "ffn_only": 0}
{"phase": "confirm2", "prompt": 10, "seed": 3000, "method": "S5_Ow10_L6", "latent_mse_to_full": 0.03415251895785332, "seconds": 87.66525329300202, "kinds": {"F": 20, "C": 0, "G": 0, "O": 10}, "full": 840, "reuse": 360, "attn_only": 0, "ffn_only": 0}
{"phase": "confirm2", "prompt": 10, "seed": 3000, "method": "S2_L6+OS", "latent_mse_to_full": 0.17126944661140442, "seconds": 68.90357512398623, "kinds": {"F": 17, "C": 0, "G": 0, "O": 13}, "full": 660, "reuse": 360, "attn_only": 0, "ffn_only": 0}
{"phase": "confirm2", "prompt": 11, "seed": 3000, "method": "full", "latent_mse_to_full": 0.0, "seconds": 187.35219334706198, "kinds": {"F": 30, "C": 0, "G": 0, "O": 0}, "full": 1800, "reuse": 0, "attn_only": 0, "ffn_only": 0}
{"phase": "confirm2", "prompt": 11, "seed": 3000, "method": "full_perturb1e-2", "latent_mse_to_full": 0.001170603558421135, "seconds": 187.35165100498125, "kinds": {"F": 30, "C": 0, "G": 0, "O": 0}, "full": 1800, "reuse": 0, "attn_only": 0, "ffn_only": 0}
{"phase": "confirm2", "prompt": 11, "seed": 3000, "method": "steps14", "latent_mse_to_full": 0.18778914213180542, "seconds": 87.44179570500273, "kinds": {"F": 14, "C": 0, "G": 0, "O": 0}, "full": 840, "reuse": 0, "attn_only": 0, "ffn_only": 0}
{"phase": "confirm2", "prompt": 11, "seed": 3000, "method": "steps11", "latent_mse_to_full": 0.2474951297044754, "seconds": 68.678884672001, "kinds": {"F": 11, "C": 0, "G": 0, "O": 0}, "full": 660, "reuse": 0, "attn_only": 0, "ffn_only": 0}
{"phase": "confirm2", "prompt": 11, "seed": 3000, "method": "BR_L4", "latent_mse_to_full": 0.01498732715845108, "seconds": 94.26566859101877, "kinds": {"F": 30, "C": 0, "G": 0, "O": 0}, "full": 900, "reuse": 900, "attn_only": 0, "ffn_only": 0}
{"phase": "confirm2", "prompt": 11, "seed": 3000, "method": "S5_Ow10_L4", "latent_mse_to_full": 0.012084299698472023, "seconds": 93.8838534509996, "kinds": {"F": 20, "C": 0, "G": 0, "O": 10}, "full": 900, "reuse": 300, "attn_only": 0, "ffn_only": 0}
{"phase": "confirm2", "prompt": 11, "seed": 3000, "method": "S5_Ow12_L4", "latent_mse_to_full": 0.006264564581215382, "seconds": 106.31740802002605, "kinds": {"F": 21, "C": 0, "G": 0, "O": 9}, "full": 1020, "reuse": 240, "attn_only": 0, "ffn_only": 0}
{"phase": "confirm2", "prompt": 11, "seed": 3000, "method": "S5_Ow8_L4", "latent_mse_to_full": 0.028782367706298828, "seconds": 87.6331117420923, "kinds": {"F": 19, "C": 0, "G": 0, "O": 11}, "full": 840, "reuse": 300, "attn_only": 0, "ffn_only": 0}
{"phase": "confirm2", "prompt": 11, "seed": 3000, "method": "S5_Ow10_L4_GI22", "latent_mse_to_full": 0.01485949195921421, "seconds": 87.56449528806843, "kinds": {"F": 16, "C": 0, "G": 4, "O": 10}, "full": 840, "reuse": 240, "attn_only": 0, "ffn_only": 0}
{"phase": "confirm2", "prompt": 11, "seed": 3000, "method": "S5_O3w10_B2", "latent_mse_to_full": 0.019830601289868355, "seconds": 87.59581882704515, "kinds": {"F": 17, "C": 0, "G": 0, "O": 13}, "full": 840, "reuse": 180, "attn_only": 0, "ffn_only": 0}
{"phase": "confirm2", "prompt": 11, "seed": 3000, "method": "S5_Ow10_L6", "latent_mse_to_full": 0.025001144036650658, "seconds": 87.7182617019862, "kinds": {"F": 20, "C": 0, "G": 0, "O": 10}, "full": 840, "reuse": 360, "attn_only": 0, "ffn_only": 0}
{"phase": "confirm2", "prompt": 11, "seed": 3000, "method": "S2_L6+OS", "latent_mse_to_full": 0.056470636278390884, "seconds": 69.00103771092836, "kinds": {"F": 17, "C": 0, "G": 0, "O": 13}, "full": 660, "reuse": 360, "attn_only": 0, "ffn_only": 0}
The config attributes {'invert_scale_latents': False} were passed to AutoencoderKLCogVideoX, but are not expected and will be ignored. Please verify your config.json configuration file.
{"phase": "confirm2", "prompt": 8, "seed": 3000, "method": "full", "clip_score": 28.71875, "frame_consistency": 0.99560546875, "motion": 0.012698578648269176, "sharpness": 0.0007331244414672256, "psnr_to_full": null, "temporal_delta_error": 0.0}
{"phase": "confirm2", "prompt": 8, "seed": 3000, "method": "BR_L4", "clip_score": 29.296875, "frame_consistency": 0.9951171875, "motion": 0.013059670105576515, "sharpness": 0.0008395967888645828, "psnr_to_full": 32.47347555823169, "temporal_delta_error": 0.0004521927912719548}
{"phase": "confirm2", "prompt": 8, "seed": 3000, "method": "S2_L6+OS", "clip_score": 28.46875, "frame_consistency": 0.99365234375, "motion": 0.012595719657838345, "sharpness": 0.000620073638856411, "psnr_to_full": 28.7133606022595, "temporal_delta_error": 0.0009401834104210138}
{"phase": "confirm2", "prompt": 8, "seed": 3000, "method": "S5_O3w10_B2", "clip_score": 29.125, "frame_consistency": 0.9951171875, "motion": 0.013021400198340416, "sharpness": 0.0007959796348586679, "psnr_to_full": 32.34007910279094, "temporal_delta_error": 0.0005615729605779052}
{"phase": "confirm2", "prompt": 8, "seed": 3000, "method": "S5_Ow10_L4", "clip_score": 29.34375, "frame_consistency": 0.99560546875, "motion": 0.013096419163048267, "sharpness": 0.0008394508622586727, "psnr_to_full": 32.90083431756392, "temporal_delta_error": 0.00041925485129468143}
{"phase": "confirm2", "prompt": 8, "seed": 3000, "method": "S5_Ow10_L4_GI22", "clip_score": 29.296875, "frame_consistency": 0.99560546875, "motion": 0.012920846231281757, "sharpness": 0.0008418000652454793, "psnr_to_full": 32.63554551718559, "temporal_delta_error": 0.0004529611032921821}
{"phase": "confirm2", "prompt": 8, "seed": 3000, "method": "S5_Ow10_L6", "clip_score": 29.046875, "frame_consistency": 0.9951171875, "motion": 0.012960371561348438, "sharpness": 0.0007498135673813522, "psnr_to_full": 32.3991042856161, "temporal_delta_error": 0.0005471666227094829}
{"phase": "confirm2", "prompt": 8, "seed": 3000, "method": "S5_Ow12_L4", "clip_score": 29.125, "frame_consistency": 0.99560546875, "motion": 0.012546420097351074, "sharpness": 0.0007354915142059326, "psnr_to_full": 38.52614641361862, "temporal_delta_error": 0.00017370257410220802}
{"phase": "confirm2", "prompt": 8, "seed": 3000, "method": "S5_Ow8_L4", "clip_score": 28.984375, "frame_consistency": 0.99462890625, "motion": 0.012158766388893127, "sharpness": 0.0006721856188960373, "psnr_to_full": 31.535303600133055, "temporal_delta_error": 0.0006483529577963054}
{"phase": "confirm2", "prompt": 8, "seed": 3000, "method": "full_perturb1e-2", "clip_score": 28.65625, "frame_consistency": 0.994140625, "motion": 0.014734300784766674, "sharpness": 0.0006381727871485054, "psnr_to_full": 21.168117306861127, "temporal_delta_error": 0.0025755991227924824}
{"phase": "confirm2", "prompt": 8, "seed": 3000, "method": "steps11", "clip_score": 27.59375, "frame_consistency": 0.974609375, "motion": 0.0064795915968716145, "sharpness": 4.321359665482305e-05, "psnr_to_full": 9.850202242905054, "temporal_delta_error": 0.0019991686567664146}
{"phase": "confirm2", "prompt": 8, "seed": 3000, "method": "steps14", "clip_score": 27.953125, "frame_consistency": 0.98193359375, "motion": 0.009538142941892147, "sharpness": 9.022196172736585e-05, "psnr_to_full": 10.657786925788573, "temporal_delta_error": 0.0026852863375097513}
{"phase": "confirm2", "prompt": 9, "seed": 3000, "method": "full", "clip_score": 26.515625, "frame_consistency": 0.9990234375, "motion": 0.0058684577234089375, "sharpness": 0.01003260724246502, "psnr_to_full": null, "temporal_delta_error": 0.0}
{"phase": "confirm2", "prompt": 9, "seed": 3000, "method": "BR_L4", "clip_score": 26.3125, "frame_consistency": 0.99853515625, "motion": 0.006396404467523098, "sharpness": 0.011075301095843315, "psnr_to_full": 33.559390904580766, "temporal_delta_error": 4.7618224925827235e-05}
{"phase": "confirm2", "prompt": 9, "seed": 3000, "method": "S2_L6+OS", "clip_score": 26.25, "frame_consistency": 0.99853515625, "motion": 0.006284416187554598, "sharpness": 0.010517053306102753, "psnr_to_full": 33.35290320849547, "temporal_delta_error": 4.9949267122428864e-05}
{"phase": "confirm2", "prompt": 9, "seed": 3000, "method": "S5_O3w10_B2", "clip_score": 26.203125, "frame_consistency": 0.9990234375, "motion": 0.006083133164793253, "sharpness": 0.010050388053059578, "psnr_to_full": 35.16329166331912, "temporal_delta_error": 3.383112925803289e-05}
{"phase": "confirm2", "prompt": 9, "seed": 3000, "method": "S5_Ow10_L4", "clip_score": 26.390625, "frame_consistency": 0.9990234375, "motion": 0.006268688477575779, "sharpness": 0.011087393388152122, "psnr_to_full": 34.854424467614564, "temporal_delta_error": 3.497914440231398e-05}
{"phase": "confirm2", "prompt": 9, "seed": 3000, "method": "S5_Ow10_L4_GI22", "clip_score": 26.046875, "frame_consistency": 0.9990234375, "motion": 0.006097439210861921, "sharpness": 0.011192454025149345, "psnr_to_full": 33.83932594526973, "temporal_delta_error": 3.712050965987146e-05}
{"phase": "confirm2", "prompt": 9, "seed": 3000, "method": "S5_Ow10_L6", "clip_score": 26.25, "frame_consistency": 0.99853515625, "motion": 0.00618899567052722, "sharpness": 0.009898973628878593, "psnr_to_full": 33.51252184386531, "temporal_delta_error": 4.5183147449279204e-05}
{"phase": "confirm2", "prompt": 9, "seed": 3000, "method": "S5_Ow12_L4", "clip_score": 26.515625, "frame_consistency": 0.9990234375, "motion": 0.005961873102933168, "sharpness": 0.010009045712649822, "psnr_to_full": 40.17023381505619, "temporal_delta_error": 9.160862646240275e-06}
{"phase": "confirm2", "prompt": 9, "seed": 3000, "method": "S5_Ow8_L4", "clip_score": 26.265625, "frame_consistency": 0.9990234375, "motion": 0.0057382588274776936, "sharpness": 0.00990082137286663, "psnr_to_full": 38.363601197779985, "temporal_delta_error": 1.6698710169293918e-05}
{"phase": "confirm2", "prompt": 9, "seed": 3000, "method": "full_perturb1e-2", "clip_score": 26.265625, "frame_consistency": 0.9990234375, "motion": 0.005768870934844017, "sharpness": 0.009609663859009743, "psnr_to_full": 42.79117863490387, "temporal_delta_error": 1.8530110992287518e-06}
{"phase": "confirm2", "prompt": 9, "seed": 3000, "method": "steps11", "clip_score": 20.96875, "frame_consistency": 0.99853515625, "motion": 0.0017248039366677403, "sharpness": 0.001017521834000945, "psnr_to_full": 14.672713392887344, "temporal_delta_error": 0.00012355441867839545}
{"phase": "confirm2", "prompt": 9, "seed": 3000, "method": "steps14", "clip_score": 23.796875, "frame_consistency": 0.99951171875, "motion": 0.0011056377552449703, "sharpness": 0.001351674902252853, "psnr_to_full": 14.546056149949829, "temporal_delta_error": 0.0001170808682218194}
{"phase": "confirm2", "prompt": 10, "seed": 3000, "method": "full", "clip_score": 27.078125, "frame_consistency": 0.95947265625, "motion": 0.045898400247097015, "sharpness": 0.0001950761943589896, "psnr_to_full": null, "temporal_delta_error": 0.0}
{"phase": "confirm2", "prompt": 10, "seed": 3000, "method": "BR_L4", "clip_score": 27.296875, "frame_consistency": 0.953125, "motion": 0.04983025789260864, "sharpness": 0.00019621029787231237, "psnr_to_full": 29.41960592125504, "temporal_delta_error": 0.0018240424105897546}
{"phase": "confirm2", "prompt": 10, "seed": 3000, "method": "S2_L6+OS", "clip_score": 27.078125, "frame_consistency": 0.96484375, "motion": 0.04984360933303833, "sharpness": 0.0001963049144251272, "psnr_to_full": 19.29597866567516, "temporal_delta_error": 0.01442401297390461}
{"phase": "confirm2", "prompt": 10, "seed": 3000, "method": "S5_O3w10_B2", "clip_score": 26.703125, "frame_consistency": 0.9541015625, "motion": 0.047888658940792084, "sharpness": 0.0001748818322084844, "psnr_to_full": 27.899356194830553, "temporal_delta_error": 0.0026531831827014685}
{"phase": "confirm2", "prompt": 10, "seed": 3000, "method": "S5_Ow10_L4", "clip_score": 27.125, "frame_consistency": 0.95703125, "motion": 0.050125837326049805, "sharpness": 0.00020121640409342945, "psnr_to_full": 29.179121391360212, "temporal_delta_error": 0.0019510873826220632}
{"phase": "confirm2", "prompt": 10, "seed": 3000, "method": "S5_Ow10_L4_GI22", "clip_score": 27.078125, "frame_consistency": 0.95556640625, "motion": 0.04998896270990372, "sharpness": 0.0001959159562829882, "psnr_to_full": 29.138198219717196, "temporal_delta_error": 0.001955955056473613}
{"phase": "confirm2", "prompt": 10, "seed": 3000, "method": "S5_Ow10_L6", "clip_score": 26.859375, "frame_consistency": 0.94970703125, "motion": 0.04654468595981598, "sharpness": 0.00016952602891251445, "psnr_to_full": 28.377938199545603, "temporal_delta_error": 0.0023451789747923613}
{"phase": "confirm2", "prompt": 10, "seed": 3000, "method": "S5_Ow12_L4", "clip_score": 26.90625, "frame_consistency": 0.95556640625, "motion": 0.046578582376241684, "sharpness": 0.00016765536565799266, "psnr_to_full": 32.92986338234367, "temporal_delta_error": 0.000854139681905508}
{"phase": "confirm2", "prompt": 10, "seed": 3000, "method": "S5_Ow8_L4", "clip_score": 27.4375, "frame_consistency": 0.9541015625, "motion": 0.04531138017773628, "sharpness": 0.00015909200010355562, "psnr_to_full": 26.307229353273797, "temporal_delta_error": 0.003882580902427435}
{"phase": "confirm2", "prompt": 10, "seed": 3000, "method": "full_perturb1e-2", "clip_score": 27.421875, "frame_consistency": 0.955078125, "motion": 0.04643717780709267, "sharpness": 0.0001801883045118302, "psnr_to_full": 22.24825802056739, "temporal_delta_error": 0.0075490279123187065}
{"phase": "confirm2", "prompt": 10, "seed": 3000, "method": "steps11", "clip_score": 25.953125, "frame_consistency": 0.97998046875, "motion": 0.019305812194943428, "sharpness": 1.5014049495221116e-05, "psnr_to_full": 13.084427280539472, "temporal_delta_error": 0.01509355939924717}
{"phase": "confirm2", "prompt": 10, "seed": 3000, "method": "steps14", "clip_score": 28.296875, "frame_consistency": 0.9873046875, "motion": 0.03209884092211723, "sharpness": 1.9869905372615904e-05, "psnr_to_full": 13.76934999473159, "temporal_delta_error": 0.018746785819530487}
{"phase": "confirm2", "prompt": 11, "seed": 3000, "method": "full", "clip_score": 25.78125, "frame_consistency": 0.99658203125, "motion": 0.014264650642871857, "sharpness": 0.003120860317721963, "psnr_to_full": null, "temporal_delta_error": 0.0}
{"phase": "confirm2", "prompt": 11, "seed": 3000, "method": "BR_L4", "clip_score": 26.296875, "frame_consistency": 0.99560546875, "motion": 0.014782511629164219, "sharpness": 0.0033804564736783504, "psnr_to_full": 34.7061295510923, "temporal_delta_error": 0.00016315442917402834}
{"phase": "confirm2", "prompt": 11, "seed": 3000, "method": "S2_L6+OS", "clip_score": 27.046875, "frame_consistency": 0.99560546875, "motion": 0.014190342277288437, "sharpness": 0.002785233547911048, "psnr_to_full": 29.672310195352715, "temporal_delta_error": 0.00048133835662156343}
{"phase": "confirm2", "prompt": 11, "seed": 3000, "method": "S5_O3w10_B2", "clip_score": 26.140625, "frame_consistency": 0.99609375, "motion": 0.014329849742352962, "sharpness": 0.003108910983428359, "psnr_to_full": 34.552853035892774, "temporal_delta_error": 0.00016749698261264712}
{"phase": "confirm2", "prompt": 11, "seed": 3000, "method": "S5_Ow10_L4", "clip_score": 26.53125, "frame_consistency": 0.99609375, "motion": 0.014772284775972366, "sharpness": 0.0034442036412656307, "psnr_to_full": 35.44701832686357, "temporal_delta_error": 0.00012740252714138478}
{"phase": "confirm2", "prompt": 11, "seed": 3000, "method": "S5_Ow10_L4_GI22", "clip_score": 25.8125, "frame_consistency": 0.99609375, "motion": 0.014689668081700802, "sharpness": 0.003450884483754635, "psnr_to_full": 34.67996002383248, "temporal_delta_error": 0.00014515500515699387}
{"phase": "confirm2", "prompt": 11, "seed": 3000, "method": "S5_Ow10_L6", "clip_score": 25.859375, "frame_consistency": 0.9951171875, "motion": 0.014392826706171036, "sharpness": 0.0029209128115326166, "psnr_to_full": 33.90217916190909, "temporal_delta_error": 0.00020886366837657988}
{"phase": "confirm2", "prompt": 11, "seed": 3000, "method": "S5_Ow12_L4", "clip_score": 25.828125, "frame_consistency": 0.99658203125, "motion": 0.014287048950791359, "sharpness": 0.00307803088799119, "psnr_to_full": 39.30778722576268, "temporal_delta_error": 6.145502993604168e-05}
{"phase": "confirm2", "prompt": 11, "seed": 3000, "method": "S5_Ow8_L4", "clip_score": 25.09375, "frame_consistency": 0.99609375, "motion": 0.013785306364297867, "sharpness": 0.002973229857161641, "psnr_to_full": 32.66530646490101, "temporal_delta_error": 0.00022673106286674738}
{"phase": "confirm2", "prompt": 11, "seed": 3000, "method": "full_perturb1e-2", "clip_score": 25.6875, "frame_consistency": 0.99658203125, "motion": 0.014328133314847946, "sharpness": 0.003130214288830757, "psnr_to_full": 45.36326038759579, "temporal_delta_error": 1.5537849321844988e-05}
{"phase": "confirm2", "prompt": 11, "seed": 3000, "method": "steps11", "clip_score": 16.9375, "frame_consistency": 0.9921875, "motion": 0.014727557078003883, "sharpness": 0.006223559379577637, "psnr_to_full": 17.005709343389864, "temporal_delta_error": 0.0009508118964731693}
{"phase": "confirm2", "prompt": 11, "seed": 3000, "method": "steps14", "clip_score": 27.15625, "frame_consistency": 0.99658203125, "motion": 0.015194586478173733, "sharpness": 0.005296787247061729, "psnr_to_full": 19.213426501985772, "temporal_delta_error": 0.0009174053557217121}
# CogVideoX-2b combo screen (confirm2), 17f 480x720, DDIM-30, CFG6, V100. speed = paired wall-time vs full (DiT only)

| method | n | speed | latent MSE | PSNR | dCLIP | sharp ratio | motion ratio | tdelta err |
|---|---|---|---|---|---|---|---|---|
| steps11 | 4 | 2.73 | 0.3719 | 13.65 | -4.16 | 0.558 | 0.564 | 0.00454 |
| S2_L6+OS | 4 | 2.72 | 0.0703 | 27.76 | +0.19 | 0.948 | 1.036 | 0.00397 |
| steps14 | 4 | 2.14 | 0.3335 | 14.55 | -0.22 | 0.514 | 0.676 | 0.00562 |
| S5_Ow10_L4_GI22 | 4 | 2.14 | 0.0161 | 32.57 | +0.04 | 1.093 | 1.044 | 0.00065 |
| S5_O3w10_B2 | 4 | 2.14 | 0.0209 | 32.49 | +0.02 | 0.995 | 1.027 | 0.00085 |
| S5_Ow8_L4 | 4 | 2.14 | 0.0257 | 32.22 | -0.08 | 0.918 | 0.972 | 0.00119 |
| S5_Ow10_L6 | 4 | 2.14 | 0.0241 | 32.05 | -0.02 | 0.954 | 1.025 | 0.00079 |
| S5_Ow10_L4 | 4 | 2.00 | 0.0149 | 33.10 | +0.32 | 1.096 | 1.057 | 0.00063 |
| BR_L4 | 4 | 1.99 | 0.0169 | 32.54 | +0.28 | 1.085 | 1.060 | 0.00062 |
| S5_Ow12_L4 | 4 | 1.76 | 0.0068 | 37.73 | +0.07 | 0.962 | 1.005 | 0.00027 |
| full_perturb1e-2 | 4 | 1.00 | 0.0489 | 32.89 | -0.02 | 0.939 | 1.040 | 0.00254 |
| full | 4 | 1.00 | 0.0000 | nan | +0.00 | 1.000 | 1.000 | 0.00000 |
