The config attributes {'invert_scale_latents': False} were passed to AutoencoderKLCogVideoX, but are not expected and will be ignored. Please verify your config.json configuration file.
{"stage": "collect", "teacher": true, "seed": 1000, "prompt": 0, "seconds": 25.23027452081442, "full_calls": 768, "reused_calls": 0}
{"stage": "collect", "teacher": true, "seed": 1000, "prompt": 1, "seconds": 24.803051002323627, "full_calls": 768, "reused_calls": 0}
{"stage": "collect", "teacher": true, "seed": 1000, "prompt": 2, "seconds": 24.84849176555872, "full_calls": 768, "reused_calls": 0}
{"stage": "collect", "teacher": true, "seed": 1000, "prompt": 3, "seconds": 24.678210236132145, "full_calls": 768, "reused_calls": 0}
{"stage": "collect", "teacher": true, "seed": 1000, "prompt": 4, "seconds": 24.636768527328968, "full_calls": 768, "reused_calls": 0}
{"stage": "collect", "teacher": true, "seed": 1000, "prompt": 5, "seconds": 24.618679597973824, "full_calls": 768, "reused_calls": 0}
{"stage": "collect", "teacher": true, "seed": 1000, "prompt": 6, "seconds": 24.60543493181467, "full_calls": 768, "reused_calls": 0}
{"stage": "collect", "teacher": true, "seed": 1000, "prompt": 7, "seconds": 24.444666899740696, "full_calls": 768, "reused_calls": 0}
{"stage": "collect", "teacher": true, "seed": 2000, "prompt": 0, "seconds": 24.373433463275433, "full_calls": 768, "reused_calls": 0}
{"stage": "collect", "teacher": true, "seed": 2000, "prompt": 1, "seconds": 24.546964272856712, "full_calls": 768, "reused_calls": 0}
{"stage": "collect", "teacher": true, "seed": 2000, "prompt": 2, "seconds": 24.510743983089924, "full_calls": 768, "reused_calls": 0}
{"stage": "collect", "teacher": true, "seed": 2000, "prompt": 3, "seconds": 24.479000866413116, "full_calls": 768, "reused_calls": 0}
{"stage": "collect", "teacher": true, "seed": 2000, "prompt": 4, "seconds": 24.553888745605946, "full_calls": 768, "reused_calls": 0}
{"stage": "collect", "teacher": true, "seed": 2000, "prompt": 5, "seconds": 24.495224080979824, "full_calls": 768, "reused_calls": 0}
{"stage": "collect", "teacher": true, "seed": 2000, "prompt": 6, "seconds": 24.453411884605885, "full_calls": 768, "reused_calls": 0}
{"stage": "collect", "teacher": true, "seed": 2000, "prompt": 7, "seconds": 24.582614079117775, "full_calls": 768, "reused_calls": 0}
{"stage": "select", "arm": "ridge_off", "alpha": 0.001, "val_latent_mse": 0.03815488005056977}
{"stage": "select", "arm": "ridge_off", "alpha": 0.01, "val_latent_mse": 0.03783480345737189}
{"stage": "select", "arm": "ridge_off", "alpha": 0.1, "val_latent_mse": 0.03723627550061792}
{"stage": "select", "arm": "ridge_off2x", "alpha": 0.001, "val_latent_mse": 0.036446288926526904}
{"stage": "select", "arm": "ridge_off2x", "alpha": 0.01, "val_latent_mse": 0.03661933378316462}
{"stage": "select", "arm": "ridge_off2x", "alpha": 0.1, "val_latent_mse": 0.03674770600628108}
{"stage": "collect", "teacher": false, "seed": 2000, "prompt": 0, "seconds": 25.4853440746665, "full_calls": 768, "reused_calls": 132}
{"stage": "collect", "teacher": false, "seed": 2000, "prompt": 1, "seconds": 25.40889471024275, "full_calls": 768, "reused_calls": 132}
{"stage": "collect", "teacher": false, "seed": 2000, "prompt": 2, "seconds": 25.336407408118248, "full_calls": 768, "reused_calls": 132}
{"stage": "collect", "teacher": false, "seed": 2000, "prompt": 3, "seconds": 25.280091419816017, "full_calls": 768, "reused_calls": 132}
{"stage": "collect", "teacher": false, "seed": 2000, "prompt": 4, "seconds": 25.244290493428707, "full_calls": 768, "reused_calls": 132}
{"stage": "collect", "teacher": false, "seed": 2000, "prompt": 5, "seconds": 25.545282758772373, "full_calls": 768, "reused_calls": 132}
{"stage": "collect", "teacher": false, "seed": 2000, "prompt": 6, "seconds": 25.409985214471817, "full_calls": 768, "reused_calls": 132}
{"stage": "collect", "teacher": false, "seed": 2000, "prompt": 7, "seconds": 25.3485971018672, "full_calls": 768, "reused_calls": 132}
{"stage": "select", "arm": "ridge_dagger", "alpha": 0.001, "val_latent_mse": 0.03656338865403086}
{"stage": "select", "arm": "ridge_dagger", "alpha": 0.01, "val_latent_mse": 0.03660211339592934}
{"stage": "select", "arm": "ridge_dagger", "alpha": 0.1, "val_latent_mse": 0.036002657492645085}
{"stage": "collect", "teacher": false, "seed": 1000, "prompt": 0, "seconds": 26.437717363238335, "full_calls": 768, "reused_calls": 132}
