start 2026-09-23 21:00:07
fit B1 rc=0
fit B2 rc=0
fit B3 rc=0
eval base rc=0
eval ridge done 2026-09-23 22:55:21
PIPELINE_DONE 2026-09-23 22:55:31
resume 2026-09-23 22:56:30
eval ridge resumed done 2026-09-24 00:00:39
PIPELINE_RESUME_DONE 2026-09-24 00:33:52
round2 start 2026-09-24 00:34:22
round2 eval done 2026-09-24 00:58:46
ROUND2_DONE 2026-09-24 01:05:20
round3 start 2026-09-24 01:13:40
round3 eval done 2026-09-24 01:29:36
ROUND3_DONE 2026-09-24 01:34:14
round4 start 2026-09-24 01:35:14
round4 eval done 2026-09-24 01:51:45
ROUND4_DONE 2026-09-24 01:56:24
round5 start 2026-09-24 01:56:29
round5 eval done 2026-09-24 02:17:50
ROUND5_DONE 2026-09-24 02:25:18
round6 start 2026-09-24 02:26:13
round6 profile done 2026-09-24 03:08:52
round6 eval done 2026-09-24 03:26:33
ROUND6_DONE 2026-09-24 03:32:09
round7 start 2026-09-24 03:32:39
round7 eval done 2026-09-24 03:52:27
ROUND7_DONE 2026-09-24 03:58:02
round8 start 2026-09-24 03:59:01
